[2023-03-30T08:43:04.723+0000][45078][gc] Using G1
[2023-03-30T08:43:08.957+0000][45078][gc,init] Version: 17.0.2+8 (release)
[2023-03-30T08:43:08.957+0000][45078][gc,init] CPUs: 1 total, 1 available
[2023-03-30T08:43:08.957+0000][45078][gc,init] Memory: 3924M
[2023-03-30T08:43:08.957+0000][45078][gc,init] Large Page Support: Disabled
[2023-03-30T08:43:08.957+0000][45078][gc,init] NUMA Support: Disabled
[2023-03-30T08:43:08.957+0000][45078][gc,init] Compressed Oops: Enabled (32-bit)
[2023-03-30T08:43:08.957+0000][45078][gc,init] Heap Region Size: 4M
[2023-03-30T08:43:08.957+0000][45078][gc,init] Heap Min Capacity: 1964M
[2023-03-30T08:43:08.957+0000][45078][gc,init] Heap Initial Capacity: 1964M
[2023-03-30T08:43:08.957+0000][45078][gc,init] Heap Max Capacity: 1964M
[2023-03-30T08:43:08.957+0000][45078][gc,init] Pre-touch: Enabled
[2023-03-30T08:43:08.957+0000][45078][gc,init] Parallel Workers: 1
[2023-03-30T08:43:08.957+0000][45078][gc,init] Concurrent Workers: 1
[2023-03-30T08:43:08.957+0000][45078][gc,init] Concurrent Refinement Workers: 1
[2023-03-30T08:43:08.957+0000][45078][gc,init] Periodic GC: Disabled
[2023-03-30T08:43:08.958+0000][45078][gc,metaspace] CDS archive(s) mapped at: [0x0000000800000000-0x0000000800bd2000-0x0000000800bd2000), size 12394496, SharedBaseAddress: 0x0000000800000000, ArchiveRelocationMode: 0.
[2023-03-30T08:43:08.958+0000][45078][gc,metaspace] Compressed class space mapped at: 0x0000000800c00000-0x0000000840c00000, reserved size: 1073741824
[2023-03-30T08:43:08.958+0000][45078][gc,metaspace] Narrow klass base: 0x0000000800000000, Narrow klass shift: 0, Narrow klass range: 0x100000000
[2023-03-30T08:43:10.651+0000][45078][safepoint   ] Safepoint "Cleanup", Time since last: 1657615541 ns, Reaching safepoint: 187741 ns, At safepoint: 8157 ns, Total: 195898 ns
[2023-03-30T08:43:12.511+0000][45078][safepoint   ] Safepoint "Cleanup", Time since last: 1859880505 ns, Reaching safepoint: 108850 ns, At safepoint: 6638 ns, Total: 115488 ns
[2023-03-30T08:43:13.566+0000][45078][safepoint   ] Safepoint "Cleanup", Time since last: 1054772171 ns, Reaching safepoint: 62517 ns, At safepoint: 6824 ns, Total: 69341 ns
[2023-03-30T08:43:14.954+0000][45078][safepoint   ] Safepoint "Cleanup", Time since last: 1387793190 ns, Reaching safepoint: 111390 ns, At safepoint: 9098 ns, Total: 120488 ns
[2023-03-30T08:43:16.117+0000][45078][safepoint   ] Safepoint "Cleanup", Time since last: 1163682137 ns, Reaching safepoint: 85120 ns, At safepoint: 5430 ns, Total: 90550 ns
[2023-03-30T08:43:16.908+0000][45078][gc,start    ] GC(0) Pause Young (Normal) (G1 Evacuation Pause)
[2023-03-30T08:43:16.908+0000][45078][gc,task     ] GC(0) Using 1 workers of 1 for evacuation
[2023-03-30T08:43:16.908+0000][45078][gc,age      ] GC(0) Desired survivor size 6291456 bytes, new threshold 15 (max threshold 15)
[2023-03-30T08:43:16.929+0000][45078][gc,age      ] GC(0) Age table with threshold 15 (max threshold 15)
[2023-03-30T08:43:16.929+0000][45078][gc,age      ] GC(0) - age   1:    7868624 bytes,    7868624 total
[2023-03-30T08:43:16.929+0000][45078][gc,phases   ] GC(0)   Pre Evacuate Collection Set: 0.1ms
[2023-03-30T08:43:16.929+0000][45078][gc,phases   ] GC(0)   Merge Heap Roots: 0.1ms
[2023-03-30T08:43:16.929+0000][45078][gc,phases   ] GC(0)   Evacuate Collection Set: 19.7ms
[2023-03-30T08:43:16.929+0000][45078][gc,phases   ] GC(0)   Post Evacuate Collection Set: 0.7ms
[2023-03-30T08:43:16.929+0000][45078][gc,phases   ] GC(0)   Other: 0.2ms
[2023-03-30T08:43:16.929+0000][45078][gc,heap     ] GC(0) Eden regions: 24->0(22)
[2023-03-30T08:43:16.929+0000][45078][gc,heap     ] GC(0) Survivor regions: 0->2(3)
[2023-03-30T08:43:16.929+0000][45078][gc,heap     ] GC(0) Old regions: 0->0
[2023-03-30T08:43:16.929+0000][45078][gc,heap     ] GC(0) Archive regions: 2->2
[2023-03-30T08:43:16.929+0000][45078][gc,heap     ] GC(0) Humongous regions: 0->0
[2023-03-30T08:43:16.929+0000][45078][gc,metaspace] GC(0) Metaspace: 15398K(15616K)->15398K(15616K) NonClass: 13596K(13696K)->13596K(13696K) Class: 1801K(1920K)->1801K(1920K)
[2023-03-30T08:43:16.929+0000][45078][gc          ] GC(0) Pause Young (Normal) (G1 Evacuation Pause) 99M->11M(1964M) 21.065ms
[2023-03-30T08:43:16.929+0000][45078][gc,cpu      ] GC(0) User=0.02s Sys=0.00s Real=0.03s
[2023-03-30T08:43:16.929+0000][45078][safepoint   ] Safepoint "G1CollectForAllocation", Time since last: 790590888 ns, Reaching safepoint: 65627 ns, At safepoint: 21251496 ns, Total: 21317123 ns
[2023-03-30T08:43:17.693+0000][45078][safepoint   ] Safepoint "ICBufferFull", Time since last: 763768388 ns, Reaching safepoint: 71912 ns, At safepoint: 5006 ns, Total: 76918 ns
[2023-03-30T08:43:17.697+0000][45078][safepoint   ] Safepoint "ICBufferFull", Time since last: 3393012 ns, Reaching safepoint: 115588 ns, At safepoint: 6417 ns, Total: 122005 ns
[2023-03-30T08:43:17.700+0000][45078][safepoint   ] Safepoint "ICBufferFull", Time since last: 2954555 ns, Reaching safepoint: 34872 ns, At safepoint: 4579 ns, Total: 39451 ns
[2023-03-30T08:43:17.701+0000][45078][safepoint   ] Safepoint "ICBufferFull", Time since last: 1682364 ns, Reaching safepoint: 24942 ns, At safepoint: 4306 ns, Total: 29248 ns
[2023-03-30T08:43:17.702+0000][45078][safepoint   ] Safepoint "ICBufferFull", Time since last: 803842 ns, Reaching safepoint: 24950 ns, At safepoint: 4328 ns, Total: 29278 ns
[2023-03-30T08:43:17.853+0000][45078][gc,start    ] GC(1) Pause Young (Normal) (G1 Evacuation Pause)
[2023-03-30T08:43:17.853+0000][45078][gc,task     ] GC(1) Using 1 workers of 1 for evacuation
[2023-03-30T08:43:17.853+0000][45078][gc,age      ] GC(1) Desired survivor size 6291456 bytes, new threshold 1 (max threshold 15)
[2023-03-30T08:43:17.870+0000][45078][gc,age      ] GC(1) Age table with threshold 1 (max threshold 15)
[2023-03-30T08:43:17.870+0000][45078][gc,age      ] GC(1) - age   1:    2192648 bytes,    2192648 total
[2023-03-30T08:43:17.870+0000][45078][gc,phases   ] GC(1)   Pre Evacuate Collection Set: 0.1ms
[2023-03-30T08:43:17.870+0000][45078][gc,phases   ] GC(1)   Merge Heap Roots: 0.0ms
[2023-03-30T08:43:17.870+0000][45078][gc,phases   ] GC(1)   Evacuate Collection Set: 16.3ms
[2023-03-30T08:43:17.870+0000][45078][gc,phases   ] GC(1)   Post Evacuate Collection Set: 0.6ms
[2023-03-30T08:43:17.870+0000][45078][gc,phases   ] GC(1)   Other: 0.2ms
[2023-03-30T08:43:17.871+0000][45078][gc,heap     ] GC(1) Eden regions: 22->0(23)
[2023-03-30T08:43:17.871+0000][45078][gc,heap     ] GC(1) Survivor regions: 2->1(3)
[2023-03-30T08:43:17.871+0000][45078][gc,heap     ] GC(1) Old regions: 0->2
[2023-03-30T08:43:17.871+0000][45078][gc,heap     ] GC(1) Archive regions: 2->2
[2023-03-30T08:43:17.871+0000][45078][gc,heap     ] GC(1) Humongous regions: 0->0
[2023-03-30T08:43:17.871+0000][45078][gc,metaspace] GC(1) Metaspace: 17486K(17792K)->17486K(17792K) NonClass: 15424K(15552K)->15424K(15552K) Class: 2062K(2240K)->2062K(2240K)
[2023-03-30T08:43:17.871+0000][45078][gc          ] GC(1) Pause Young (Normal) (G1 Evacuation Pause) 99M->13M(1964M) 17.403ms
[2023-03-30T08:43:17.871+0000][45078][gc,cpu      ] GC(1) User=0.02s Sys=0.00s Real=0.02s
[2023-03-30T08:43:17.871+0000][45078][safepoint   ] Safepoint "G1CollectForAllocation", Time since last: 151037193 ns, Reaching safepoint: 51985 ns, At safepoint: 17485292 ns, Total: 17537277 ns
[2023-03-30T08:43:18.501+0000][45078][gc,start    ] GC(2) Pause Young (Normal) (G1 Evacuation Pause)
[2023-03-30T08:43:18.501+0000][45078][gc,task     ] GC(2) Using 1 workers of 1 for evacuation
[2023-03-30T08:43:18.501+0000][45078][gc,age      ] GC(2) Desired survivor size 6291456 bytes, new threshold 15 (max threshold 15)
[2023-03-30T08:43:18.509+0000][45078][gc,age      ] GC(2) Age table with threshold 15 (max threshold 15)
[2023-03-30T08:43:18.509+0000][45078][gc,age      ] GC(2) - age   1:    2505504 bytes,    2505504 total
[2023-03-30T08:43:18.509+0000][45078][gc,age      ] GC(2) - age   2:    1717056 bytes,    4222560 total
[2023-03-30T08:43:18.509+0000][45078][gc,phases   ] GC(2)   Pre Evacuate Collection Set: 0.1ms
[2023-03-30T08:43:18.509+0000][45078][gc,phases   ] GC(2)   Merge Heap Roots: 0.0ms
[2023-03-30T08:43:18.509+0000][45078][gc,phases   ] GC(2)   Evacuate Collection Set: 6.7ms
[2023-03-30T08:43:18.509+0000][45078][gc,phases   ] GC(2)   Post Evacuate Collection Set: 1.2ms
[2023-03-30T08:43:18.509+0000][45078][gc,phases   ] GC(2)   Other: 0.2ms
[2023-03-30T08:43:18.509+0000][45078][gc,heap     ] GC(2) Eden regions: 23->0(22)
[2023-03-30T08:43:18.509+0000][45078][gc,heap     ] GC(2) Survivor regions: 1->2(3)
[2023-03-30T08:43:18.509+0000][45078][gc,heap     ] GC(2) Old regions: 2->2
[2023-03-30T08:43:18.509+0000][45078][gc,heap     ] GC(2) Archive regions: 2->2
[2023-03-30T08:43:18.509+0000][45078][gc,heap     ] GC(2) Humongous regions: 0->0
[2023-03-30T08:43:18.509+0000][45078][gc,metaspace] GC(2) Metaspace: 18156K(18496K)->18156K(18496K) NonClass: 15976K(16128K)->15976K(16128K) Class: 2180K(2368K)->2180K(2368K)
[2023-03-30T08:43:18.510+0000][45078][gc          ] GC(2) Pause Young (Normal) (G1 Evacuation Pause) 105M->16M(1964M) 8.454ms
[2023-03-30T08:43:18.510+0000][45078][gc,cpu      ] GC(2) User=0.01s Sys=0.00s Real=0.01s
[2023-03-30T08:43:18.510+0000][45078][safepoint   ] Safepoint "G1CollectForAllocation", Time since last: 630297506 ns, Reaching safepoint: 63628 ns, At safepoint: 8548360 ns, Total: 8611988 ns
[2023-03-30T08:43:18.956+0000][45078][gc,start    ] GC(3) Pause Young (Normal) (G1 Evacuation Pause)
[2023-03-30T08:43:18.956+0000][45078][gc,task     ] GC(3) Using 1 workers of 1 for evacuation
[2023-03-30T08:43:18.956+0000][45078][gc,age      ] GC(3) Desired survivor size 6291456 bytes, new threshold 15 (max threshold 15)
[2023-03-30T08:43:18.966+0000][45078][gc,age      ] GC(3) Age table with threshold 15 (max threshold 15)
[2023-03-30T08:43:18.966+0000][45078][gc,age      ] GC(3) - age   1:    1812728 bytes,    1812728 total
[2023-03-30T08:43:18.966+0000][45078][gc,age      ] GC(3) - age   2:    1915536 bytes,    3728264 total
[2023-03-30T08:43:18.966+0000][45078][gc,age      ] GC(3) - age   3:    1715128 bytes,    5443392 total
[2023-03-30T08:43:18.966+0000][45078][gc,phases   ] GC(3)   Pre Evacuate Collection Set: 0.1ms
[2023-03-30T08:43:18.966+0000][45078][gc,phases   ] GC(3)   Merge Heap Roots: 0.0ms
[2023-03-30T08:43:18.966+0000][45078][gc,phases   ] GC(3)   Evacuate Collection Set: 9.3ms
[2023-03-30T08:43:18.966+0000][45078][gc,phases   ] GC(3)   Post Evacuate Collection Set: 0.4ms
[2023-03-30T08:43:18.966+0000][45078][gc,phases   ] GC(3)   Other: 0.2ms
[2023-03-30T08:43:18.966+0000][45078][gc,heap     ] GC(3) Eden regions: 22->0(22)
[2023-03-30T08:43:18.966+0000][45078][gc,heap     ] GC(3) Survivor regions: 2->2(3)
[2023-03-30T08:43:18.966+0000][45078][gc,heap     ] GC(3) Old regions: 2->2
[2023-03-30T08:43:18.966+0000][45078][gc,heap     ] GC(3) Archive regions: 2->2
[2023-03-30T08:43:18.966+0000][45078][gc,heap     ] GC(3) Humongous regions: 0->0
[2023-03-30T08:43:18.966+0000][45078][gc,metaspace] GC(3) Metaspace: 18561K(18944K)->18561K(18944K) NonClass: 16299K(16512K)->16299K(16512K) Class: 2261K(2432K)->2261K(2432K)
[2023-03-30T08:43:18.966+0000][45078][gc          ] GC(3) Pause Young (Normal) (G1 Evacuation Pause) 104M->16M(1964M) 10.226ms
[2023-03-30T08:43:18.966+0000][45078][gc,cpu      ] GC(3) User=0.01s Sys=0.00s Real=0.01s
[2023-03-30T08:43:18.966+0000][45078][safepoint   ] Safepoint "G1CollectForAllocation", Time since last: 445934240 ns, Reaching safepoint: 41586 ns, At safepoint: 10310927 ns, Total: 10352513 ns
[2023-03-30T08:43:19.513+0000][45078][gc,start    ] GC(4) Pause Young (Normal) (G1 Evacuation Pause)
[2023-03-30T08:43:19.513+0000][45078][gc,task     ] GC(4) Using 1 workers of 1 for evacuation
[2023-03-30T08:43:19.513+0000][45078][gc,age      ] GC(4) Desired survivor size 6291456 bytes, new threshold 15 (max threshold 15)
[2023-03-30T08:43:19.524+0000][45078][gc,age      ] GC(4) Age table with threshold 15 (max threshold 15)
[2023-03-30T08:43:19.524+0000][45078][gc,age      ] GC(4) - age   1:    3174856 bytes,    3174856 total
[2023-03-30T08:43:19.524+0000][45078][gc,age      ] GC(4) - age   2:     696392 bytes,    3871248 total
[2023-03-30T08:43:19.524+0000][45078][gc,age      ] GC(4) - age   3:    1915536 bytes,    5786784 total
[2023-03-30T08:43:19.524+0000][45078][gc,age      ] GC(4) - age   4:    1714088 bytes,    7500872 total
[2023-03-30T08:43:19.524+0000][45078][gc,phases   ] GC(4)   Pre Evacuate Collection Set: 0.1ms
[2023-03-30T08:43:19.524+0000][45078][gc,phases   ] GC(4)   Merge Heap Roots: 0.0ms
[2023-03-30T08:43:19.524+0000][45078][gc,phases   ] GC(4)   Evacuate Collection Set: 9.9ms
[2023-03-30T08:43:19.524+0000][45078][gc,phases   ] GC(4)   Post Evacuate Collection Set: 0.5ms
[2023-03-30T08:43:19.524+0000][45078][gc,phases   ] GC(4)   Other: 0.3ms
[2023-03-30T08:43:19.524+0000][45078][gc,heap     ] GC(4) Eden regions: 22->0(22)
[2023-03-30T08:43:19.524+0000][45078][gc,heap     ] GC(4) Survivor regions: 2->2(3)
[2023-03-30T08:43:19.524+0000][45078][gc,heap     ] GC(4) Old regions: 2->2
[2023-03-30T08:43:19.524+0000][45078][gc,heap     ] GC(4) Archive regions: 2->2
[2023-03-30T08:43:19.524+0000][45078][gc,heap     ] GC(4) Humongous regions: 0->0
[2023-03-30T08:43:19.524+0000][45078][gc,metaspace] GC(4) Metaspace: 18942K(19392K)->18942K(19392K) NonClass: 16641K(16896K)->16641K(16896K) Class: 2301K(2496K)->2301K(2496K)
[2023-03-30T08:43:19.524+0000][45078][gc          ] GC(4) Pause Young (Normal) (G1 Evacuation Pause) 104M->19M(1964M) 10.945ms
[2023-03-30T08:43:19.524+0000][45078][gc,cpu      ] GC(4) User=0.01s Sys=0.00s Real=0.01s
[2023-03-30T08:43:19.524+0000][45078][safepoint   ] Safepoint "G1CollectForAllocation", Time since last: 547098040 ns, Reaching safepoint: 40995 ns, At safepoint: 11034337 ns, Total: 11075332 ns
[2023-03-30T08:43:19.879+0000][45078][gc,start    ] GC(5) Pause Young (Normal) (G1 Evacuation Pause)
[2023-03-30T08:43:19.879+0000][45078][gc,task     ] GC(5) Using 1 workers of 1 for evacuation
[2023-03-30T08:43:19.879+0000][45078][gc,age      ] GC(5) Desired survivor size 6291456 bytes, new threshold 4 (max threshold 15)
[2023-03-30T08:43:19.892+0000][45078][gc,age      ] GC(5) Age table with threshold 4 (max threshold 15)
[2023-03-30T08:43:19.892+0000][45078][gc,age      ] GC(5) - age   1:    2352832 bytes,    2352832 total
[2023-03-30T08:43:19.892+0000][45078][gc,age      ] GC(5) - age   2:    2473400 bytes,    4826232 total
[2023-03-30T08:43:19.892+0000][45078][gc,age      ] GC(5) - age   3:     696288 bytes,    5522520 total
[2023-03-30T08:43:19.892+0000][45078][gc,age      ] GC(5) - age   4:    1915536 bytes,    7438056 total
[2023-03-30T08:43:19.892+0000][45078][gc,phases   ] GC(5)   Pre Evacuate Collection Set: 0.1ms
[2023-03-30T08:43:19.892+0000][45078][gc,phases   ] GC(5)   Merge Heap Roots: 0.1ms
[2023-03-30T08:43:19.892+0000][45078][gc,phases   ] GC(5)   Evacuate Collection Set: 12.1ms
[2023-03-30T08:43:19.892+0000][45078][gc,phases   ] GC(5)   Post Evacuate Collection Set: 1.1ms
[2023-03-30T08:43:19.892+0000][45078][gc,phases   ] GC(5)   Other: 0.2ms
[2023-03-30T08:43:19.892+0000][45078][gc,heap     ] GC(5) Eden regions: 22->0(22)
[2023-03-30T08:43:19.892+0000][45078][gc,heap     ] GC(5) Survivor regions: 2->2(3)
[2023-03-30T08:43:19.892+0000][45078][gc,heap     ] GC(5) Old regions: 2->3
[2023-03-30T08:43:19.892+0000][45078][gc,heap     ] GC(5) Archive regions: 2->2
[2023-03-30T08:43:19.892+0000][45078][gc,heap     ] GC(5) Humongous regions: 0->0
[2023-03-30T08:43:19.892+0000][45078][gc,metaspace] GC(5) Metaspace: 19076K(19520K)->19076K(19520K) NonClass: 16764K(17024K)->16764K(17024K) Class: 2312K(2496K)->2312K(2496K)
[2023-03-30T08:43:19.892+0000][45078][gc          ] GC(5) Pause Young (Normal) (G1 Evacuation Pause) 107M->20M(1964M) 13.690ms
[2023-03-30T08:43:19.892+0000][45078][gc,cpu      ] GC(5) User=0.02s Sys=0.00s Real=0.01s
[2023-03-30T08:43:19.893+0000][45078][safepoint   ] Safepoint "G1CollectForAllocation", Time since last: 354672598 ns, Reaching safepoint: 34431 ns, At safepoint: 13773590 ns, Total: 13808021 ns
[2023-03-30T08:43:20.330+0000][45078][gc,start    ] GC(6) Pause Young (Normal) (G1 Evacuation Pause)
[2023-03-30T08:43:20.330+0000][45078][gc,task     ] GC(6) Using 1 workers of 1 for evacuation
[2023-03-30T08:43:20.330+0000][45078][gc,age      ] GC(6) Desired survivor size 6291456 bytes, new threshold 4 (max threshold 15)
[2023-03-30T08:43:20.341+0000][45078][gc,age      ] GC(6) Age table with threshold 4 (max threshold 15)
[2023-03-30T08:43:20.341+0000][45078][gc,age      ] GC(6) - age   1:     937976 bytes,     937976 total
[2023-03-30T08:43:20.341+0000][45078][gc,age      ] GC(6) - age   2:     692056 bytes,    1630032 total
[2023-03-30T08:43:20.341+0000][45078][gc,age      ] GC(6) - age   3:    2472944 bytes,    4102976 total
[2023-03-30T08:43:20.341+0000][45078][gc,age      ] GC(6) - age   4:     696288 bytes,    4799264 total
[2023-03-30T08:43:20.341+0000][45078][gc,phases   ] GC(6)   Pre Evacuate Collection Set: 0.1ms
[2023-03-30T08:43:20.341+0000][45078][gc,phases   ] GC(6)   Merge Heap Roots: 0.0ms
[2023-03-30T08:43:20.341+0000][45078][gc,phases   ] GC(6)   Evacuate Collection Set: 10.0ms
[2023-03-30T08:43:20.341+0000][45078][gc,phases   ] GC(6)   Post Evacuate Collection Set: 1.2ms
[2023-03-30T08:43:20.341+0000][45078][gc,phases   ] GC(6)   Other: 0.3ms
[2023-03-30T08:43:20.341+0000][45078][gc,heap     ] GC(6) Eden regions: 22->0(32)
[2023-03-30T08:43:20.341+0000][45078][gc,heap     ] GC(6) Survivor regions: 2->2(3)
[2023-03-30T08:43:20.341+0000][45078][gc,heap     ] GC(6) Old regions: 3->3
[2023-03-30T08:43:20.341+0000][45078][gc,heap     ] GC(6) Archive regions: 2->2
[2023-03-30T08:43:20.341+0000][45078][gc,heap     ] GC(6) Humongous regions: 0->0
[2023-03-30T08:43:20.341+0000][45078][gc,metaspace] GC(6) Metaspace: 19553K(19968K)->19553K(19968K) NonClass: 17181K(17408K)->17181K(17408K) Class: 2372K(2560K)->2372K(2560K)
[2023-03-30T08:43:20.341+0000][45078][gc          ] GC(6) Pause Young (Normal) (G1 Evacuation Pause) 108M->20M(1964M) 11.697ms
[2023-03-30T08:43:20.342+0000][45078][gc,cpu      ] GC(6) User=0.01s Sys=0.00s Real=0.01s
[2023-03-30T08:43:20.342+0000][45078][safepoint   ] Safepoint "G1CollectForAllocation", Time since last: 437222903 ns, Reaching safepoint: 39655 ns, At safepoint: 11786311 ns, Total: 11825966 ns
[2023-03-30T08:43:20.890+0000][45078][gc,start    ] GC(7) Pause Young (Normal) (G1 Evacuation Pause)
[2023-03-30T08:43:20.890+0000][45078][gc,task     ] GC(7) Using 1 workers of 1 for evacuation
[2023-03-30T08:43:20.890+0000][45078][gc,age      ] GC(7) Desired survivor size 10485760 bytes, new threshold 15 (max threshold 15)
[2023-03-30T08:43:20.894+0000][45078][gc,age      ] GC(7) Age table with threshold 15 (max threshold 15)
[2023-03-30T08:43:20.894+0000][45078][gc,age      ] GC(7) - age   1:     678872 bytes,     678872 total
[2023-03-30T08:43:20.894+0000][45078][gc,age      ] GC(7) - age   2:     334920 bytes,    1013792 total
[2023-03-30T08:43:20.894+0000][45078][gc,age      ] GC(7) - age   3:     692056 bytes,    1705848 total
[2023-03-30T08:43:20.894+0000][45078][gc,age      ] GC(7) - age   4:    2472944 bytes,    4178792 total
[2023-03-30T08:43:20.894+0000][45078][gc,age      ] GC(7) - age   5:     695408 bytes,    4874200 total
[2023-03-30T08:43:20.894+0000][45078][gc,phases   ] GC(7)   Pre Evacuate Collection Set: 0.1ms
[2023-03-30T08:43:20.894+0000][45078][gc,phases   ] GC(7)   Merge Heap Roots: 0.0ms
[2023-03-30T08:43:20.894+0000][45078][gc,phases   ] GC(7)   Evacuate Collection Set: 3.7ms
[2023-03-30T08:43:20.894+0000][45078][gc,phases   ] GC(7)   Post Evacuate Collection Set: 0.6ms
[2023-03-30T08:43:20.894+0000][45078][gc,phases   ] GC(7)   Other: 0.2ms
[2023-03-30T08:43:20.894+0000][45078][gc,heap     ] GC(7) Eden regions: 32->0(292)
[2023-03-30T08:43:20.894+0000][45078][gc,heap     ] GC(7) Survivor regions: 2->2(5)
[2023-03-30T08:43:20.894+0000][45078][gc,heap     ] GC(7) Old regions: 3->3
[2023-03-30T08:43:20.894+0000][45078][gc,heap     ] GC(7) Archive regions: 2->2
[2023-03-30T08:43:20.894+0000][45078][gc,heap     ] GC(7) Humongous regions: 0->0
[2023-03-30T08:43:20.894+0000][45078][gc,metaspace] GC(7) Metaspace: 19984K(20480K)->19984K(20480K) NonClass: 17540K(17856K)->17540K(17856K) Class: 2444K(2624K)->2444K(2624K)
[2023-03-30T08:43:20.894+0000][45078][gc          ] GC(7) Pause Young (Normal) (G1 Evacuation Pause) 148M->20M(1964M) 4.828ms
[2023-03-30T08:43:20.894+0000][45078][gc,cpu      ] GC(7) User=0.00s Sys=0.00s Real=0.00s
[2023-03-30T08:43:20.895+0000][45078][safepoint   ] Safepoint "G1CollectForAllocation", Time since last: 547989983 ns, Reaching safepoint: 46782 ns, At safepoint: 4931445 ns, Total: 4978227 ns
[2023-03-30T08:43:22.067+0000][45078][gc,start    ] GC(8) Pause Young (Concurrent Start) (Metadata GC Threshold)
[2023-03-30T08:43:22.067+0000][45078][gc,task     ] GC(8) Using 1 workers of 1 for evacuation
[2023-03-30T08:43:22.067+0000][45078][gc,age      ] GC(8) Desired survivor size 77594624 bytes, new threshold 15 (max threshold 15)
[2023-03-30T08:43:22.077+0000][45078][gc,age      ] GC(8) Age table with threshold 15 (max threshold 15)
[2023-03-30T08:43:22.077+0000][45078][gc,age      ] GC(8) - age   1:    2210912 bytes,    2210912 total
[2023-03-30T08:43:22.077+0000][45078][gc,age      ] GC(8) - age   2:     326056 bytes,    2536968 total
[2023-03-30T08:43:22.077+0000][45078][gc,age      ] GC(8) - age   3:     334768 bytes,    2871736 total
[2023-03-30T08:43:22.077+0000][45078][gc,age      ] GC(8) - age   4:     691992 bytes,    3563728 total
[2023-03-30T08:43:22.077+0000][45078][gc,age      ] GC(8) - age   5:    2471872 bytes,    6035600 total
[2023-03-30T08:43:22.077+0000][45078][gc,age      ] GC(8) - age   6:     692736 bytes,    6728336 total
[2023-03-30T08:43:22.077+0000][45078][gc,phases   ] GC(8)   Pre Evacuate Collection Set: 0.1ms
[2023-03-30T08:43:22.077+0000][45078][gc,phases   ] GC(8)   Merge Heap Roots: 0.0ms
[2023-03-30T08:43:22.077+0000][45078][gc,phases   ] GC(8)   Evacuate Collection Set: 5.4ms
[2023-03-30T08:43:22.078+0000][45078][gc,phases   ] GC(8)   Post Evacuate Collection Set: 4.7ms
[2023-03-30T08:43:22.078+0000][45078][gc,phases   ] GC(8)   Other: 0.3ms
[2023-03-30T08:43:22.078+0000][45078][gc,heap     ] GC(8) Eden regions: 60->0(292)
[2023-03-30T08:43:22.078+0000][45078][gc,heap     ] GC(8) Survivor regions: 2->2(37)
[2023-03-30T08:43:22.078+0000][45078][gc,heap     ] GC(8) Old regions: 3->3
[2023-03-30T08:43:22.078+0000][45078][gc,heap     ] GC(8) Archive regions: 2->2
[2023-03-30T08:43:22.078+0000][45078][gc,heap     ] GC(8) Humongous regions: 0->0
[2023-03-30T08:43:22.078+0000][45078][gc,metaspace] GC(8) Metaspace: 21042K(21504K)->21042K(21504K) NonClass: 18460K(18752K)->18460K(18752K) Class: 2582K(2752K)->2582K(2752K)
[2023-03-30T08:43:22.078+0000][45078][gc          ] GC(8) Pause Young (Concurrent Start) (Metadata GC Threshold) 260M->21M(1964M) 10.816ms
[2023-03-30T08:43:22.078+0000][45078][gc,cpu      ] GC(8) User=0.01s Sys=0.00s Real=0.02s
[2023-03-30T08:43:22.078+0000][45078][safepoint   ] Safepoint "CollectForMetadataAllocation", Time since last: 1172149968 ns, Reaching safepoint: 111771 ns, At safepoint: 11000081 ns, Total: 11111852 ns
[2023-03-30T08:43:22.078+0000][45078][gc          ] GC(9) Concurrent Mark Cycle
[2023-03-30T08:43:22.078+0000][45078][gc,marking  ] GC(9) Concurrent Clear Claimed Marks
[2023-03-30T08:43:22.078+0000][45078][gc,marking  ] GC(9) Concurrent Clear Claimed Marks 0.028ms
[2023-03-30T08:43:22.078+0000][45078][gc,marking  ] GC(9) Concurrent Scan Root Regions
[2023-03-30T08:43:22.081+0000][45078][gc,marking  ] GC(9) Concurrent Scan Root Regions 2.332ms
[2023-03-30T08:43:22.081+0000][45078][gc,marking  ] GC(9) Concurrent Mark
[2023-03-30T08:43:22.081+0000][45078][gc,marking  ] GC(9) Concurrent Mark From Roots
[2023-03-30T08:43:22.081+0000][45078][gc,task     ] GC(9) Using 1 workers of 1 for marking
[2023-03-30T08:43:22.143+0000][45078][gc,marking  ] GC(9) Concurrent Mark From Roots 62.173ms
[2023-03-30T08:43:22.143+0000][45078][gc,marking  ] GC(9) Concurrent Preclean
[2023-03-30T08:43:22.143+0000][45078][gc,marking  ] GC(9) Concurrent Preclean 0.097ms
[2023-03-30T08:43:22.143+0000][45078][gc,start    ] GC(9) Pause Remark
[2023-03-30T08:43:22.153+0000][45078][gc          ] GC(9) Pause Remark 31M->31M(1964M) 10.159ms
[2023-03-30T08:43:22.153+0000][45078][gc,cpu      ] GC(9) User=0.01s Sys=0.00s Real=0.01s
[2023-03-30T08:43:22.153+0000][45078][safepoint   ] Safepoint "G1Concurrent", Time since last: 65230552 ns, Reaching safepoint: 105884 ns, At safepoint: 10243294 ns, Total: 10349178 ns
[2023-03-30T08:43:22.156+0000][45078][gc,marking  ] GC(9) Concurrent Mark 74.988ms
[2023-03-30T08:43:22.156+0000][45078][gc,marking  ] GC(9) Concurrent Rebuild Remembered Sets
[2023-03-30T08:43:22.168+0000][45078][gc,marking  ] GC(9) Concurrent Rebuild Remembered Sets 12.263ms
[2023-03-30T08:43:22.169+0000][45078][gc,start    ] GC(9) Pause Cleanup
[2023-03-30T08:43:22.169+0000][45078][gc          ] GC(9) Pause Cleanup 37M->37M(1964M) 0.110ms
[2023-03-30T08:43:22.169+0000][45078][gc,cpu      ] GC(9) User=0.00s Sys=0.00s Real=0.00s
[2023-03-30T08:43:22.169+0000][45078][safepoint   ] Safepoint "G1Concurrent", Time since last: 14602475 ns, Reaching safepoint: 711078 ns, At safepoint: 165678 ns, Total: 876756 ns
[2023-03-30T08:43:22.169+0000][45078][gc,marking  ] GC(9) Concurrent Cleanup for Next Mark
[2023-03-30T08:43:22.189+0000][45078][gc,marking  ] GC(9) Concurrent Cleanup for Next Mark 20.129ms
[2023-03-30T08:43:22.189+0000][45078][gc          ] GC(9) Concurrent Mark Cycle 110.870ms
[2023-03-30T08:43:23.169+0000][45078][safepoint   ] Safepoint "Cleanup", Time since last: 1000105807 ns, Reaching safepoint: 66938 ns, At safepoint: 5088 ns, Total: 72026 ns
[2023-03-30T08:43:23.916+0000][45078][safepoint   ] Safepoint "ICBufferFull", Time since last: 746633290 ns, Reaching safepoint: 108239 ns, At safepoint: 5481 ns, Total: 113720 ns
[2023-03-30T08:43:23.951+0000][45078][safepoint   ] Safepoint "ICBufferFull", Time since last: 35438099 ns, Reaching safepoint: 37917 ns, At safepoint: 5360 ns, Total: 43277 ns
[2023-03-30T08:43:23.952+0000][45078][safepoint   ] Safepoint "ICBufferFull", Time since last: 864435 ns, Reaching safepoint: 25376 ns, At safepoint: 4450 ns, Total: 29826 ns
[2023-03-30T08:43:23.957+0000][45078][safepoint   ] Safepoint "ICBufferFull", Time since last: 4802411 ns, Reaching safepoint: 32251 ns, At safepoint: 6203 ns, Total: 38454 ns
[2023-03-30T08:43:24.009+0000][45078][safepoint   ] Safepoint "ICBufferFull", Time since last: 51913380 ns, Reaching safepoint: 79864 ns, At safepoint: 7650 ns, Total: 87514 ns
[2023-03-30T08:43:24.013+0000][45078][safepoint   ] Safepoint "ICBufferFull", Time since last: 4167581 ns, Reaching safepoint: 29082 ns, At safepoint: 4636 ns, Total: 33718 ns
[2023-03-30T08:43:24.115+0000][45078][safepoint   ] Safepoint "ICBufferFull", Time since last: 101653727 ns, Reaching safepoint: 35970 ns, At safepoint: 5275 ns, Total: 41245 ns
[2023-03-30T08:43:24.129+0000][45078][safepoint   ] Safepoint "ICBufferFull", Time since last: 14073941 ns, Reaching safepoint: 37845 ns, At safepoint: 5273 ns, Total: 43118 ns
[2023-03-30T08:43:24.156+0000][45078][safepoint   ] Safepoint "ICBufferFull", Time since last: 26652600 ns, Reaching safepoint: 34012 ns, At safepoint: 5220 ns, Total: 39232 ns
[2023-03-30T08:43:24.341+0000][45078][safepoint   ] Safepoint "ICBufferFull", Time since last: 185261837 ns, Reaching safepoint: 152509 ns, At safepoint: 5819 ns, Total: 158328 ns
[2023-03-30T08:43:24.342+0000][45078][safepoint   ] Safepoint "ICBufferFull", Time since last: 822948 ns, Reaching safepoint: 25369 ns, At safepoint: 4423 ns, Total: 29792 ns
[2023-03-30T08:43:24.344+0000][45078][safepoint   ] Safepoint "ICBufferFull", Time since last: 1825426 ns, Reaching safepoint: 25172 ns, At safepoint: 4380 ns, Total: 29552 ns
[2023-03-30T08:43:24.385+0000][45078][safepoint   ] Safepoint "ICBufferFull", Time since last: 40842832 ns, Reaching safepoint: 33799 ns, At safepoint: 5276 ns, Total: 39075 ns
[2023-03-30T08:43:24.386+0000][45078][safepoint   ] Safepoint "ICBufferFull", Time since last: 886424 ns, Reaching safepoint: 25815 ns, At safepoint: 4368 ns, Total: 30183 ns
[2023-03-30T08:43:24.631+0000][45078][safepoint   ] Safepoint "ICBufferFull", Time since last: 245131346 ns, Reaching safepoint: 133190 ns, At safepoint: 6985 ns, Total: 140175 ns
[2023-03-30T08:43:24.632+0000][45078][safepoint   ] Safepoint "ICBufferFull", Time since last: 1167945 ns, Reaching safepoint: 113816 ns, At safepoint: 6457 ns, Total: 120273 ns
[2023-03-30T08:43:24.637+0000][45078][safepoint   ] Safepoint "ICBufferFull", Time since last: 4775328 ns, Reaching safepoint: 28894 ns, At safepoint: 4459 ns, Total: 33353 ns
[2023-03-30T08:43:24.639+0000][45078][safepoint   ] Safepoint "ICBufferFull", Time since last: 2085615 ns, Reaching safepoint: 25674 ns, At safepoint: 4362 ns, Total: 30036 ns
[2023-03-30T08:43:24.646+0000][45078][safepoint   ] Safepoint "ICBufferFull", Time since last: 6568559 ns, Reaching safepoint: 26501 ns, At safepoint: 4396 ns, Total: 30897 ns
[2023-03-30T08:43:24.647+0000][45078][safepoint   ] Safepoint "ICBufferFull", Time since last: 1025338 ns, Reaching safepoint: 25918 ns, At safepoint: 4417 ns, Total: 30335 ns
[2023-03-30T08:43:24.650+0000][45078][safepoint   ] Safepoint "ICBufferFull", Time since last: 3164941 ns, Reaching safepoint: 26025 ns, At safepoint: 4427 ns, Total: 30452 ns
[2023-03-30T08:43:24.654+0000][45078][safepoint   ] Safepoint "ICBufferFull", Time since last: 3667025 ns, Reaching safepoint: 26107 ns, At safepoint: 4381 ns, Total: 30488 ns
[2023-03-30T08:43:24.656+0000][45078][safepoint   ] Safepoint "ICBufferFull", Time since last: 2725618 ns, Reaching safepoint: 25869 ns, At safepoint: 4353 ns, Total: 30222 ns
[2023-03-30T08:43:24.658+0000][45078][safepoint   ] Safepoint "ICBufferFull", Time since last: 1449071 ns, Reaching safepoint: 25661 ns, At safepoint: 4369 ns, Total: 30030 ns
[2023-03-30T08:43:24.660+0000][45078][safepoint   ] Safepoint "ICBufferFull", Time since last: 1673061 ns, Reaching safepoint: 26254 ns, At safepoint: 4481 ns, Total: 30735 ns
[2023-03-30T08:43:24.670+0000][45078][safepoint   ] Safepoint "ICBufferFull", Time since last: 10292735 ns, Reaching safepoint: 27290 ns, At safepoint: 4541 ns, Total: 31831 ns
[2023-03-30T08:43:24.673+0000][45078][safepoint   ] Safepoint "ICBufferFull", Time since last: 3280430 ns, Reaching safepoint: 25355 ns, At safepoint: 4349 ns, Total: 29704 ns
[2023-03-30T08:43:24.674+0000][45078][safepoint   ] Safepoint "ICBufferFull", Time since last: 1046643 ns, Reaching safepoint: 25590 ns, At safepoint: 4420 ns, Total: 30010 ns
[2023-03-30T08:43:24.675+0000][45078][safepoint   ] Safepoint "ICBufferFull", Time since last: 940254 ns, Reaching safepoint: 25342 ns, At safepoint: 4383 ns, Total: 29725 ns
[2023-03-30T08:43:24.681+0000][45078][safepoint   ] Safepoint "ICBufferFull", Time since last: 5992142 ns, Reaching safepoint: 26102 ns, At safepoint: 4484 ns, Total: 30586 ns
[2023-03-30T08:43:24.682+0000][45078][safepoint   ] Safepoint "ICBufferFull", Time since last: 978834 ns, Reaching safepoint: 25386 ns, At safepoint: 4379 ns, Total: 29765 ns
[2023-03-30T08:43:24.684+0000][45078][safepoint   ] Safepoint "ICBufferFull", Time since last: 1290464 ns, Reaching safepoint: 26145 ns, At safepoint: 4393 ns, Total: 30538 ns
[2023-03-30T08:43:24.685+0000][45078][safepoint   ] Safepoint "ICBufferFull", Time since last: 860340 ns, Reaching safepoint: 25635 ns, At safepoint: 4378 ns, Total: 30013 ns
[2023-03-30T08:43:24.689+0000][45078][safepoint   ] Safepoint "ICBufferFull", Time since last: 4445541 ns, Reaching safepoint: 28208 ns, At safepoint: 4558 ns, Total: 32766 ns
[2023-03-30T08:43:24.692+0000][45078][safepoint   ] Safepoint "ICBufferFull", Time since last: 2871334 ns, Reaching safepoint: 25208 ns, At safepoint: 4426 ns, Total: 29634 ns
[2023-03-30T08:43:24.693+0000][45078][safepoint   ] Safepoint "ICBufferFull", Time since last: 887544 ns, Reaching safepoint: 25391 ns, At safepoint: 4388 ns, Total: 29779 ns
[2023-03-30T08:43:24.697+0000][45078][safepoint   ] Safepoint "ICBufferFull", Time since last: 4338447 ns, Reaching safepoint: 25369 ns, At safepoint: 4455 ns, Total: 29824 ns
[2023-03-30T08:43:24.698+0000][45078][safepoint   ] Safepoint "ICBufferFull", Time since last: 899143 ns, Reaching safepoint: 25144 ns, At safepoint: 4412 ns, Total: 29556 ns
[2023-03-30T08:43:24.705+0000][45078][safepoint   ] Safepoint "ICBufferFull", Time since last: 7236757 ns, Reaching safepoint: 25146 ns, At safepoint: 4455 ns, Total: 29601 ns
[2023-03-30T08:43:24.706+0000][45078][safepoint   ] Safepoint "ICBufferFull", Time since last: 894124 ns, Reaching safepoint: 24958 ns, At safepoint: 4422 ns, Total: 29380 ns
[2023-03-30T08:43:24.707+0000][45078][safepoint   ] Safepoint "ICBufferFull", Time since last: 849410 ns, Reaching safepoint: 25056 ns, At safepoint: 4427 ns, Total: 29483 ns
[2023-03-30T08:43:24.708+0000][45078][safepoint   ] Safepoint "ICBufferFull", Time since last: 960065 ns, Reaching safepoint: 25144 ns, At safepoint: 4403 ns, Total: 29547 ns
[2023-03-30T08:43:24.713+0000][45078][safepoint   ] Safepoint "ICBufferFull", Time since last: 4915551 ns, Reaching safepoint: 26420 ns, At safepoint: 4522 ns, Total: 30942 ns
[2023-03-30T08:43:24.714+0000][45078][safepoint   ] Safepoint "ICBufferFull", Time since last: 1002931 ns, Reaching safepoint: 25922 ns, At safepoint: 4357 ns, Total: 30279 ns
[2023-03-30T08:43:24.715+0000][45078][safepoint   ] Safepoint "ICBufferFull", Time since last: 920279 ns, Reaching safepoint: 25551 ns, At safepoint: 4339 ns, Total: 29890 ns
[2023-03-30T08:43:24.716+0000][45078][safepoint   ] Safepoint "ICBufferFull", Time since last: 879038 ns, Reaching safepoint: 25544 ns, At safepoint: 4447 ns, Total: 29991 ns
[2023-03-30T08:43:24.717+0000][45078][safepoint   ] Safepoint "ICBufferFull", Time since last: 874955 ns, Reaching safepoint: 25318 ns, At safepoint: 4407 ns, Total: 29725 ns
[2023-03-30T08:43:24.721+0000][45078][safepoint   ] Safepoint "ICBufferFull", Time since last: 4041137 ns, Reaching safepoint: 26613 ns, At safepoint: 4436 ns, Total: 31049 ns
[2023-03-30T08:43:24.722+0000][45078][safepoint   ] Safepoint "ICBufferFull", Time since last: 1042994 ns, Reaching safepoint: 25356 ns, At safepoint: 4404 ns, Total: 29760 ns
[2023-03-30T08:43:24.723+0000][45078][safepoint   ] Safepoint "ICBufferFull", Time since last: 809855 ns, Reaching safepoint: 25347 ns, At safepoint: 4429 ns, Total: 29776 ns
[2023-03-30T08:43:24.726+0000][45078][safepoint   ] Safepoint "ICBufferFull", Time since last: 3158710 ns, Reaching safepoint: 25256 ns, At safepoint: 4399 ns, Total: 29655 ns
[2023-03-30T08:43:24.727+0000][45078][safepoint   ] Safepoint "ICBufferFull", Time since last: 1227651 ns, Reaching safepoint: 25076 ns, At safepoint: 4320 ns, Total: 29396 ns
[2023-03-30T08:43:24.733+0000][45078][safepoint   ] Safepoint "ICBufferFull", Time since last: 5615396 ns, Reaching safepoint: 26682 ns, At safepoint: 4477 ns, Total: 31159 ns
[2023-03-30T08:43:25.802+0000][45078][safepoint   ] Safepoint "Cleanup", Time since last: 1068978272 ns, Reaching safepoint: 159914 ns, At safepoint: 8008 ns, Total: 167922 ns
[2023-03-30T08:43:26.803+0000][45078][safepoint   ] Safepoint "Cleanup", Time since last: 1000120938 ns, Reaching safepoint: 760799 ns, At safepoint: 8033 ns, Total: 768832 ns
[2023-03-30T08:43:27.821+0000][45078][safepoint   ] Safepoint "Cleanup", Time since last: 1018259210 ns, Reaching safepoint: 162294 ns, At safepoint: 7421 ns, Total: 169715 ns
[2023-03-30T08:43:28.860+0000][45078][safepoint   ] Safepoint "Cleanup", Time since last: 1038405019 ns, Reaching safepoint: 87891 ns, At safepoint: 5374 ns, Total: 93265 ns
[2023-03-30T08:43:29.860+0000][45078][safepoint   ] Safepoint "Cleanup", Time since last: 1000122018 ns, Reaching safepoint: 49802 ns, At safepoint: 5579 ns, Total: 55381 ns
[2023-03-30T08:43:30.484+0000][45078][gc,start    ] GC(10) Pause Young (Concurrent Start) (Metadata GC Threshold)
[2023-03-30T08:43:30.484+0000][45078][gc,task     ] GC(10) Using 1 workers of 1 for evacuation
[2023-03-30T08:43:30.484+0000][45078][gc,age      ] GC(10) Desired survivor size 77594624 bytes, new threshold 15 (max threshold 15)
[2023-03-30T08:43:30.561+0000][45078][gc,age      ] GC(10) Age table with threshold 15 (max threshold 15)
[2023-03-30T08:43:30.561+0000][45078][gc,age      ] GC(10) - age   1:   28178064 bytes,   28178064 total
[2023-03-30T08:43:30.561+0000][45078][gc,age      ] GC(10) - age   2:    2130232 bytes,   30308296 total
[2023-03-30T08:43:30.561+0000][45078][gc,age      ] GC(10) - age   3:     324120 bytes,   30632416 total
[2023-03-30T08:43:30.561+0000][45078][gc,age      ] GC(10) - age   4:     333808 bytes,   30966224 total
[2023-03-30T08:43:30.561+0000][45078][gc,age      ] GC(10) - age   5:     691880 bytes,   31658104 total
[2023-03-30T08:43:30.561+0000][45078][gc,age      ] GC(10) - age   6:    2467120 bytes,   34125224 total
[2023-03-30T08:43:30.561+0000][45078][gc,age      ] GC(10) - age   7:     688456 bytes,   34813680 total
[2023-03-30T08:43:30.561+0000][45078][gc,phases   ] GC(10)   Pre Evacuate Collection Set: 0.1ms
[2023-03-30T08:43:30.561+0000][45078][gc,phases   ] GC(10)   Merge Heap Roots: 0.1ms
[2023-03-30T08:43:30.561+0000][45078][gc,phases   ] GC(10)   Evacuate Collection Set: 75.1ms
[2023-03-30T08:43:30.561+0000][45078][gc,phases   ] GC(10)   Post Evacuate Collection Set: 1.3ms
[2023-03-30T08:43:30.561+0000][45078][gc,phases   ] GC(10)   Other: 0.4ms
[2023-03-30T08:43:30.561+0000][45078][gc,heap     ] GC(10) Eden regions: 147->0(61)
[2023-03-30T08:43:30.561+0000][45078][gc,heap     ] GC(10) Survivor regions: 2->9(37)
[2023-03-30T08:43:30.561+0000][45078][gc,heap     ] GC(10) Old regions: 3->3
[2023-03-30T08:43:30.561+0000][45078][gc,heap     ] GC(10) Archive regions: 2->2
[2023-03-30T08:43:30.561+0000][45078][gc,heap     ] GC(10) Humongous regions: 0->0
[2023-03-30T08:43:30.561+0000][45078][gc,metaspace] GC(10) Metaspace: 35112K(36096K)->35112K(36096K) NonClass: 30468K(31040K)->30468K(31040K) Class: 4644K(5056K)->4644K(5056K)
[2023-03-30T08:43:30.561+0000][45078][gc          ] GC(10) Pause Young (Concurrent Start) (Metadata GC Threshold) 609M->49M(1964M) 77.168ms
[2023-03-30T08:43:30.561+0000][45078][gc,cpu      ] GC(10) User=0.08s Sys=0.00s Real=0.08s
[2023-03-30T08:43:30.562+0000][45078][safepoint   ] Safepoint "CollectForMetadataAllocation", Time since last: 623928578 ns, Reaching safepoint: 57257 ns, At safepoint: 77394299 ns, Total: 77451556 ns
[2023-03-30T08:43:30.563+0000][45078][gc          ] GC(11) Concurrent Mark Cycle
[2023-03-30T08:43:30.563+0000][45078][gc,marking  ] GC(11) Concurrent Clear Claimed Marks
[2023-03-30T08:43:30.563+0000][45078][gc,marking  ] GC(11) Concurrent Clear Claimed Marks 0.051ms
[2023-03-30T08:43:30.563+0000][45078][gc,marking  ] GC(11) Concurrent Scan Root Regions
[2023-03-30T08:43:30.614+0000][45078][gc,marking  ] GC(11) Concurrent Scan Root Regions 50.980ms
[2023-03-30T08:43:30.614+0000][45078][gc,marking  ] GC(11) Concurrent Mark
[2023-03-30T08:43:30.614+0000][45078][gc,marking  ] GC(11) Concurrent Mark From Roots
[2023-03-30T08:43:30.614+0000][45078][gc,task     ] GC(11) Using 1 workers of 1 for marking
[2023-03-30T08:43:30.618+0000][45078][safepoint   ] Safepoint "CollectForMetadataAllocation", Time since last: 55978357 ns, Reaching safepoint: 63791 ns, At safepoint: 122298 ns, Total: 186089 ns
[2023-03-30T08:43:30.655+0000][45078][gc,marking  ] GC(11) Concurrent Mark From Roots 41.587ms
[2023-03-30T08:43:30.655+0000][45078][gc,marking  ] GC(11) Concurrent Preclean
[2023-03-30T08:43:30.655+0000][45078][gc,marking  ] GC(11) Concurrent Preclean 0.099ms
[2023-03-30T08:43:30.656+0000][45078][gc,start    ] GC(11) Pause Remark
[2023-03-30T08:43:30.662+0000][45078][gc          ] GC(11) Pause Remark 53M->53M(1964M) 5.943ms
[2023-03-30T08:43:30.662+0000][45078][gc,cpu      ] GC(11) User=0.01s Sys=0.00s Real=0.01s
[2023-03-30T08:43:30.662+0000][45078][safepoint   ] Safepoint "G1Concurrent", Time since last: 37841446 ns, Reaching safepoint: 120857 ns, At safepoint: 6018461 ns, Total: 6139318 ns
[2023-03-30T08:43:30.665+0000][45078][gc,marking  ] GC(11) Concurrent Mark 51.214ms
[2023-03-30T08:43:30.665+0000][45078][gc,marking  ] GC(11) Concurrent Rebuild Remembered Sets
[2023-03-30T08:43:30.692+0000][45078][gc,marking  ] GC(11) Concurrent Rebuild Remembered Sets 26.776ms
[2023-03-30T08:43:30.692+0000][45078][gc,start    ] GC(11) Pause Cleanup
[2023-03-30T08:43:30.692+0000][45078][gc          ] GC(11) Pause Cleanup 53M->53M(1964M) 0.087ms
[2023-03-30T08:43:30.692+0000][45078][gc,cpu      ] GC(11) User=0.00s Sys=0.00s Real=0.00s
[2023-03-30T08:43:30.692+0000][45078][safepoint   ] Safepoint "G1Concurrent", Time since last: 30158527 ns, Reaching safepoint: 105864 ns, At safepoint: 144276 ns, Total: 250140 ns
[2023-03-30T08:43:30.693+0000][45078][gc,marking  ] GC(11) Concurrent Cleanup for Next Mark
[2023-03-30T08:43:30.700+0000][45078][gc,marking  ] GC(11) Concurrent Cleanup for Next Mark 6.873ms
[2023-03-30T08:43:30.700+0000][45078][gc          ] GC(11) Concurrent Mark Cycle 137.267ms
[2023-03-30T08:43:31.692+0000][45078][safepoint   ] Safepoint "Cleanup", Time since last: 1000130604 ns, Reaching safepoint: 125528 ns, At safepoint: 6011 ns, Total: 131539 ns
[2023-03-30T08:43:32.915+0000][45078][safepoint   ] Safepoint "Cleanup", Time since last: 1222146288 ns, Reaching safepoint: 137910 ns, At safepoint: 7639 ns, Total: 145549 ns
[2023-03-30T08:43:34.433+0000][45078][safepoint   ] Safepoint "Cleanup", Time since last: 1514977938 ns, Reaching safepoint: 3251500 ns, At safepoint: 8347 ns, Total: 3259847 ns
[2023-03-30T08:43:35.141+0000][45078][gc,start    ] GC(12) Pause Young (Concurrent Start) (G1 Evacuation Pause)
[2023-03-30T08:43:35.141+0000][45078][gc,task     ] GC(12) Using 1 workers of 1 for evacuation
[2023-03-30T08:43:35.141+0000][45078][gc,age      ] GC(12) Desired survivor size 20971520 bytes, new threshold 1 (max threshold 15)
[2023-03-30T08:43:35.292+0000][45078][gc,age      ] GC(12) Age table with threshold 1 (max threshold 15)
[2023-03-30T08:43:35.292+0000][45078][gc,age      ] GC(12) - age   1:    6142920 bytes,    6142920 total
[2023-03-30T08:43:35.292+0000][45078][gc,phases   ] GC(12)   Pre Evacuate Collection Set: 0.1ms
[2023-03-30T08:43:35.292+0000][45078][gc,phases   ] GC(12)   Merge Heap Roots: 0.1ms
[2023-03-30T08:43:35.292+0000][45078][gc,phases   ] GC(12)   Evacuate Collection Set: 149.6ms
[2023-03-30T08:43:35.292+0000][45078][gc,phases   ] GC(12)   Post Evacuate Collection Set: 1.4ms
[2023-03-30T08:43:35.292+0000][45078][gc,phases   ] GC(12)   Other: 0.2ms
[2023-03-30T08:43:35.292+0000][45078][gc,heap     ] GC(12) Eden regions: 64->0(81)
[2023-03-30T08:43:35.293+0000][45078][gc,heap     ] GC(12) Survivor regions: 9->2(10)
[2023-03-30T08:43:35.293+0000][45078][gc,heap     ] GC(12) Old regions: 3->12
[2023-03-30T08:43:35.293+0000][45078][gc,heap     ] GC(12) Archive regions: 2->2
[2023-03-30T08:43:35.293+0000][45078][gc,heap     ] GC(12) Humongous regions: 0->0
[2023-03-30T08:43:35.293+0000][45078][gc,metaspace] GC(12) Metaspace: 52497K(53632K)->52497K(53632K) NonClass: 45398K(46080K)->45398K(46080K) Class: 7099K(7552K)->7099K(7552K)
[2023-03-30T08:43:35.293+0000][45078][gc          ] GC(12) Pause Young (Concurrent Start) (G1 Evacuation Pause) 305M->54M(1964M) 151.555ms
[2023-03-30T08:43:35.293+0000][45078][gc,cpu      ] GC(12) User=0.16s Sys=0.00s Real=0.15s
[2023-03-30T08:43:35.293+0000][45078][safepoint   ] Safepoint "G1CollectForAllocation", Time since last: 708103173 ns, Reaching safepoint: 52973 ns, At safepoint: 151650674 ns, Total: 151703647 ns
[2023-03-30T08:43:35.293+0000][45078][gc          ] GC(13) Concurrent Mark Cycle
[2023-03-30T08:43:35.293+0000][45078][gc,marking  ] GC(13) Concurrent Clear Claimed Marks
[2023-03-30T08:43:35.293+0000][45078][gc,marking  ] GC(13) Concurrent Clear Claimed Marks 0.055ms
[2023-03-30T08:43:35.293+0000][45078][gc,marking  ] GC(13) Concurrent Scan Root Regions
[2023-03-30T08:43:35.369+0000][45078][gc,marking  ] GC(13) Concurrent Scan Root Regions 76.538ms
[2023-03-30T08:43:35.369+0000][45078][gc,marking  ] GC(13) Concurrent Mark
[2023-03-30T08:43:35.369+0000][45078][gc,marking  ] GC(13) Concurrent Mark From Roots
[2023-03-30T08:43:35.369+0000][45078][gc,task     ] GC(13) Using 1 workers of 1 for marking
[2023-03-30T08:43:35.437+0000][45078][gc,marking  ] GC(13) Concurrent Mark From Roots 67.614ms
[2023-03-30T08:43:35.437+0000][45078][gc,marking  ] GC(13) Concurrent Preclean
[2023-03-30T08:43:35.437+0000][45078][gc,marking  ] GC(13) Concurrent Preclean 0.097ms
[2023-03-30T08:43:35.440+0000][45078][gc,start    ] GC(13) Pause Remark
[2023-03-30T08:43:35.452+0000][45078][gc          ] GC(13) Pause Remark 66M->66M(1964M) 11.302ms
[2023-03-30T08:43:35.452+0000][45078][gc,cpu      ] GC(13) User=0.01s Sys=0.00s Real=0.01s
[2023-03-30T08:43:35.452+0000][45078][safepoint   ] Safepoint "G1Concurrent", Time since last: 144545487 ns, Reaching safepoint: 3192868 ns, At safepoint: 11410850 ns, Total: 14603718 ns
[2023-03-30T08:43:35.457+0000][45078][gc,marking  ] GC(13) Concurrent Mark 87.563ms
[2023-03-30T08:43:35.457+0000][45078][gc,marking  ] GC(13) Concurrent Rebuild Remembered Sets
[2023-03-30T08:43:35.554+0000][45078][gc,marking  ] GC(13) Concurrent Rebuild Remembered Sets 97.230ms
[2023-03-30T08:43:35.555+0000][45078][gc,start    ] GC(13) Pause Cleanup
[2023-03-30T08:43:35.555+0000][45078][gc          ] GC(13) Pause Cleanup 74M->74M(1964M) 0.087ms
[2023-03-30T08:43:35.555+0000][45078][gc,cpu      ] GC(13) User=0.00s Sys=0.00s Real=0.00s
[2023-03-30T08:43:35.555+0000][45078][safepoint   ] Safepoint "G1Concurrent", Time since last: 102452093 ns, Reaching safepoint: 580625 ns, At safepoint: 146113 ns, Total: 726738 ns
[2023-03-30T08:43:35.555+0000][45078][gc,marking  ] GC(13) Concurrent Cleanup for Next Mark
[2023-03-30T08:43:35.571+0000][45078][gc,marking  ] GC(13) Concurrent Cleanup for Next Mark 15.619ms
[2023-03-30T08:43:35.571+0000][45078][gc          ] GC(13) Concurrent Mark Cycle 278.014ms
[2023-03-30T08:43:36.556+0000][45078][safepoint   ] Safepoint "Cleanup", Time since last: 1000102253 ns, Reaching safepoint: 883702 ns, At safepoint: 7409 ns, Total: 891111 ns
[2023-03-30T08:43:37.782+0000][45078][safepoint   ] Safepoint "Cleanup", Time since last: 1225516434 ns, Reaching safepoint: 296187 ns, At safepoint: 7439 ns, Total: 303626 ns
[2023-03-30T08:43:39.239+0000][45078][safepoint   ] Safepoint "ICBufferFull", Time since last: 1457307815 ns, Reaching safepoint: 140301 ns, At safepoint: 4913 ns, Total: 145214 ns
[2023-03-30T08:43:40.454+0000][45078][safepoint   ] Safepoint "Cleanup", Time since last: 1214433746 ns, Reaching safepoint: 277704 ns, At safepoint: 7569 ns, Total: 285273 ns
[2023-03-30T08:43:41.454+0000][45078][safepoint   ] Safepoint "Cleanup", Time since last: 1000118041 ns, Reaching safepoint: 251803 ns, At safepoint: 7568 ns, Total: 259371 ns
[2023-03-30T08:43:42.457+0000][45078][safepoint   ] Safepoint "ICBufferFull", Time since last: 1001968977 ns, Reaching safepoint: 237568 ns, At safepoint: 5899 ns, Total: 243467 ns
[2023-03-30T08:43:43.871+0000][45078][safepoint   ] Safepoint "Cleanup", Time since last: 1414348065 ns, Reaching safepoint: 321932 ns, At safepoint: 10559 ns, Total: 332491 ns
[2023-03-30T08:43:44.346+0000][45078][gc,start    ] GC(14) Pause Young (Normal) (G1 Evacuation Pause)
[2023-03-30T08:43:44.346+0000][45078][gc,task     ] GC(14) Using 1 workers of 1 for evacuation
[2023-03-30T08:43:44.346+0000][45078][gc,age      ] GC(14) Desired survivor size 27262976 bytes, new threshold 15 (max threshold 15)
[2023-03-30T08:43:44.413+0000][45078][gc,age      ] GC(14) Age table with threshold 15 (max threshold 15)
[2023-03-30T08:43:44.413+0000][45078][gc,age      ] GC(14) - age   1:   15574184 bytes,   15574184 total
[2023-03-30T08:43:44.413+0000][45078][gc,age      ] GC(14) - age   2:    5932624 bytes,   21506808 total
[2023-03-30T08:43:44.413+0000][45078][gc,phases   ] GC(14)   Pre Evacuate Collection Set: 0.1ms
[2023-03-30T08:43:44.413+0000][45078][gc,phases   ] GC(14)   Merge Heap Roots: 0.2ms
[2023-03-30T08:43:44.413+0000][45078][gc,phases   ] GC(14)   Evacuate Collection Set: 65.1ms
[2023-03-30T08:43:44.413+0000][45078][gc,phases   ] GC(14)   Post Evacuate Collection Set: 1.8ms
[2023-03-30T08:43:44.413+0000][45078][gc,phases   ] GC(14)   Other: 0.2ms
[2023-03-30T08:43:44.413+0000][45078][gc,heap     ] GC(14) Eden regions: 98->0(34)
[2023-03-30T08:43:44.413+0000][45078][gc,heap     ] GC(14) Survivor regions: 2->6(13)
[2023-03-30T08:43:44.413+0000][45078][gc,heap     ] GC(14) Old regions: 12->12
[2023-03-30T08:43:44.413+0000][45078][gc,heap     ] GC(14) Archive regions: 2->2
[2023-03-30T08:43:44.413+0000][45078][gc,heap     ] GC(14) Humongous regions: 0->0
[2023-03-30T08:43:44.413+0000][45078][gc,metaspace] GC(14) Metaspace: 85294K(86720K)->85294K(86720K) NonClass: 73445K(74304K)->73445K(74304K) Class: 11848K(12416K)->11848K(12416K)
[2023-03-30T08:43:44.413+0000][45078][gc          ] GC(14) Pause Young (Normal) (G1 Evacuation Pause) 446M->70M(1964M) 67.591ms
[2023-03-30T08:43:44.413+0000][45078][gc,cpu      ] GC(14) User=0.07s Sys=0.00s Real=0.07s
[2023-03-30T08:43:44.413+0000][45078][safepoint   ] Safepoint "G1CollectForAllocation", Time since last: 474155875 ns, Reaching safepoint: 169958 ns, At safepoint: 67682096 ns, Total: 67852054 ns
[2023-03-30T08:43:44.911+0000][45078][gc,start    ] GC(15) Pause Young (Concurrent Start) (Metadata GC Threshold)
[2023-03-30T08:43:44.911+0000][45078][gc,task     ] GC(15) Using 1 workers of 1 for evacuation
[2023-03-30T08:43:44.911+0000][45078][gc,age      ] GC(15) Desired survivor size 10485760 bytes, new threshold 1 (max threshold 15)
[2023-03-30T08:43:44.966+0000][45078][gc,age      ] GC(15) Age table with threshold 1 (max threshold 15)
[2023-03-30T08:43:44.966+0000][45078][gc,age      ] GC(15) - age   1:     677128 bytes,     677128 total
[2023-03-30T08:43:44.966+0000][45078][gc,phases   ] GC(15)   Pre Evacuate Collection Set: 0.1ms
[2023-03-30T08:43:44.966+0000][45078][gc,phases   ] GC(15)   Merge Heap Roots: 0.1ms
[2023-03-30T08:43:44.966+0000][45078][gc,phases   ] GC(15)   Evacuate Collection Set: 53.2ms
[2023-03-30T08:43:44.966+0000][45078][gc,phases   ] GC(15)   Post Evacuate Collection Set: 1.2ms
[2023-03-30T08:43:44.966+0000][45078][gc,phases   ] GC(15)   Other: 0.2ms
[2023-03-30T08:43:44.966+0000][45078][gc,heap     ] GC(15) Eden regions: 4->0(162)
[2023-03-30T08:43:44.966+0000][45078][gc,heap     ] GC(15) Survivor regions: 6->1(5)
[2023-03-30T08:43:44.966+0000][45078][gc,heap     ] GC(15) Old regions: 12->17
[2023-03-30T08:43:44.966+0000][45078][gc,heap     ] GC(15) Archive regions: 2->2
[2023-03-30T08:43:44.966+0000][45078][gc,heap     ] GC(15) Humongous regions: 0->0
[2023-03-30T08:43:44.966+0000][45078][gc,metaspace] GC(15) Metaspace: 87965K(89408K)->87965K(89408K) NonClass: 75778K(76608K)->75778K(76608K) Class: 12186K(12800K)->12186K(12800K)
[2023-03-30T08:43:44.966+0000][45078][gc          ] GC(15) Pause Young (Concurrent Start) (Metadata GC Threshold) 82M->70M(1964M) 55.105ms
[2023-03-30T08:43:44.966+0000][45078][gc,cpu      ] GC(15) User=0.05s Sys=0.00s Real=0.05s
[2023-03-30T08:43:44.966+0000][45078][safepoint   ] Safepoint "CollectForMetadataAllocation", Time since last: 497494445 ns, Reaching safepoint: 87244 ns, At safepoint: 55300233 ns, Total: 55387477 ns
[2023-03-30T08:43:44.966+0000][45078][gc          ] GC(16) Concurrent Mark Cycle
[2023-03-30T08:43:44.966+0000][45078][gc,marking  ] GC(16) Concurrent Clear Claimed Marks
[2023-03-30T08:43:44.966+0000][45078][gc,marking  ] GC(16) Concurrent Clear Claimed Marks 0.064ms
[2023-03-30T08:43:44.966+0000][45078][gc,marking  ] GC(16) Concurrent Scan Root Regions
[2023-03-30T08:43:45.019+0000][45078][gc,marking  ] GC(16) Concurrent Scan Root Regions 52.745ms
[2023-03-30T08:43:45.019+0000][45078][gc,marking  ] GC(16) Concurrent Mark
[2023-03-30T08:43:45.019+0000][45078][gc,marking  ] GC(16) Concurrent Mark From Roots
[2023-03-30T08:43:45.019+0000][45078][gc,task     ] GC(16) Using 1 workers of 1 for marking
[2023-03-30T08:43:45.060+0000][45078][safepoint   ] Safepoint "CollectForMetadataAllocation", Time since last: 93246118 ns, Reaching safepoint: 84727 ns, At safepoint: 114197 ns, Total: 198924 ns
[2023-03-30T08:43:45.160+0000][45078][safepoint   ] Safepoint "CollectForMetadataAllocation", Time since last: 97444536 ns, Reaching safepoint: 2529106 ns, At safepoint: 116593 ns, Total: 2645699 ns
[2023-03-30T08:43:45.253+0000][45078][safepoint   ] Safepoint "CollectForMetadataAllocation", Time since last: 89920296 ns, Reaching safepoint: 3413947 ns, At safepoint: 121904 ns, Total: 3535851 ns
[2023-03-30T08:43:45.311+0000][45078][gc,marking  ] GC(16) Concurrent Mark From Roots 292.150ms
[2023-03-30T08:43:45.311+0000][45078][gc,marking  ] GC(16) Concurrent Preclean
[2023-03-30T08:43:45.311+0000][45078][gc,marking  ] GC(16) Concurrent Preclean 0.166ms
[2023-03-30T08:43:45.312+0000][45078][gc,start    ] GC(16) Pause Remark
[2023-03-30T08:43:45.329+0000][45078][gc          ] GC(16) Pause Remark 81M->81M(1964M) 17.646ms
[2023-03-30T08:43:45.329+0000][45078][gc,cpu      ] GC(16) User=0.02s Sys=0.00s Real=0.02s
[2023-03-30T08:43:45.329+0000][45078][safepoint   ] Safepoint "G1Concurrent", Time since last: 58350544 ns, Reaching safepoint: 121638 ns, At safepoint: 17747639 ns, Total: 17869277 ns
[2023-03-30T08:43:45.333+0000][45078][gc,marking  ] GC(16) Concurrent Mark 313.948ms
[2023-03-30T08:43:45.333+0000][45078][gc,marking  ] GC(16) Concurrent Rebuild Remembered Sets
[2023-03-30T08:43:45.547+0000][45078][gc,marking  ] GC(16) Concurrent Rebuild Remembered Sets 214.017ms
[2023-03-30T08:43:45.547+0000][45078][gc,start    ] GC(16) Pause Cleanup
[2023-03-30T08:43:45.547+0000][45078][gc          ] GC(16) Pause Cleanup 85M->85M(1964M) 0.092ms
[2023-03-30T08:43:45.547+0000][45078][gc,cpu      ] GC(16) User=0.00s Sys=0.00s Real=0.00s
[2023-03-30T08:43:45.547+0000][45078][safepoint   ] Safepoint "G1Concurrent", Time since last: 217773049 ns, Reaching safepoint: 192242 ns, At safepoint: 150541 ns, Total: 342783 ns
[2023-03-30T08:43:45.548+0000][45078][gc,marking  ] GC(16) Concurrent Cleanup for Next Mark
[2023-03-30T08:43:45.556+0000][45078][gc,marking  ] GC(16) Concurrent Cleanup for Next Mark 8.660ms
[2023-03-30T08:43:45.557+0000][45078][gc          ] GC(16) Concurrent Mark Cycle 590.377ms
[2023-03-30T08:43:46.876+0000][45078][safepoint   ] Safepoint "Cleanup", Time since last: 1328644844 ns, Reaching safepoint: 105409 ns, At safepoint: 6450 ns, Total: 111859 ns
[2023-03-30T08:43:48.006+0000][45078][safepoint   ] Safepoint "Cleanup", Time since last: 1128160817 ns, Reaching safepoint: 1122496 ns, At safepoint: 10820 ns, Total: 1133316 ns
[2023-03-30T08:43:49.009+0000][45078][safepoint   ] Safepoint "Cleanup", Time since last: 1003130740 ns, Reaching safepoint: 424845 ns, At safepoint: 10329 ns, Total: 435174 ns
[2023-03-30T08:43:50.341+0000][45078][safepoint   ] Safepoint "Cleanup", Time since last: 1332102726 ns, Reaching safepoint: 88954 ns, At safepoint: 7775 ns, Total: 96729 ns
[2023-03-30T08:43:51.607+0000][45078][safepoint   ] Safepoint "Cleanup", Time since last: 1264823550 ns, Reaching safepoint: 785828 ns, At safepoint: 12039 ns, Total: 797867 ns
[2023-03-30T08:43:53.409+0000][45078][safepoint   ] Safepoint "Cleanup", Time since last: 1789516995 ns, Reaching safepoint: 12678137 ns, At safepoint: 29983 ns, Total: 12708120 ns
[2023-03-30T08:43:54.409+0000][45078][safepoint   ] Safepoint "Cleanup", Time since last: 1000134865 ns, Reaching safepoint: 167374 ns, At safepoint: 9522 ns, Total: 176896 ns
[2023-03-30T08:43:55.717+0000][45078][safepoint   ] Safepoint "ICBufferFull", Time since last: 1306956964 ns, Reaching safepoint: 114054 ns, At safepoint: 7057 ns, Total: 121111 ns
[2023-03-30T08:43:56.317+0000][45078][safepoint   ] Safepoint "ICBufferFull", Time since last: 599878431 ns, Reaching safepoint: 145176 ns, At safepoint: 8751 ns, Total: 153927 ns
[2023-03-30T08:43:56.317+0000][45078][safepoint   ] Safepoint "ICBufferFull", Time since last: 69711 ns, Reaching safepoint: 22677 ns, At safepoint: 5558 ns, Total: 28235 ns
[2023-03-30T08:43:58.049+0000][45078][safepoint   ] Safepoint "Cleanup", Time since last: 1732291287 ns, Reaching safepoint: 222693 ns, At safepoint: 10152 ns, Total: 232845 ns
[2023-03-30T08:43:59.251+0000][45078][safepoint   ] Safepoint "ICBufferFull", Time since last: 1201825025 ns, Reaching safepoint: 137135 ns, At safepoint: 7318 ns, Total: 144453 ns
[2023-03-30T08:44:00.251+0000][45078][safepoint   ] Safepoint "Cleanup", Time since last: 1000119960 ns, Reaching safepoint: 154504 ns, At safepoint: 9551 ns, Total: 164055 ns
[2023-03-30T08:44:01.252+0000][45078][safepoint   ] Safepoint "Cleanup", Time since last: 1000122565 ns, Reaching safepoint: 68525 ns, At safepoint: 7367 ns, Total: 75892 ns
[2023-03-30T08:44:02.097+0000][45078][gc,start    ] GC(17) Pause Young (Concurrent Start) (G1 Evacuation Pause)
[2023-03-30T08:44:02.097+0000][45078][gc,task     ] GC(17) Using 1 workers of 1 for evacuation
[2023-03-30T08:44:02.098+0000][45078][gc,age      ] GC(17) Desired survivor size 48234496 bytes, new threshold 15 (max threshold 15)
[2023-03-30T08:44:02.134+0000][45078][gc,age      ] GC(17) Age table with threshold 15 (max threshold 15)
[2023-03-30T08:44:02.134+0000][45078][gc,age      ] GC(17) - age   1:   14296552 bytes,   14296552 total
[2023-03-30T08:44:02.134+0000][45078][gc,age      ] GC(17) - age   2:     492592 bytes,   14789144 total
[2023-03-30T08:44:02.134+0000][45078][gc,phases   ] GC(17)   Pre Evacuate Collection Set: 1.1ms
[2023-03-30T08:44:02.134+0000][45078][gc,phases   ] GC(17)   Merge Heap Roots: 0.2ms
[2023-03-30T08:44:02.134+0000][45078][gc,phases   ] GC(17)   Evacuate Collection Set: 33.0ms
[2023-03-30T08:44:02.134+0000][45078][gc,phases   ] GC(17)   Post Evacuate Collection Set: 2.0ms
[2023-03-30T08:44:02.134+0000][45078][gc,phases   ] GC(17)   Other: 0.5ms
[2023-03-30T08:44:02.134+0000][45078][gc,heap     ] GC(17) Eden regions: 178->0(133)
[2023-03-30T08:44:02.134+0000][45078][gc,heap     ] GC(17) Survivor regions: 1->4(23)
[2023-03-30T08:44:02.134+0000][45078][gc,heap     ] GC(17) Old regions: 17->17
[2023-03-30T08:44:02.134+0000][45078][gc,heap     ] GC(17) Archive regions: 2->2
[2023-03-30T08:44:02.134+0000][45078][gc,heap     ] GC(17) Humongous regions: 2->2
[2023-03-30T08:44:02.134+0000][45078][gc,metaspace] GC(17) Metaspace: 105742K(107200K)->105742K(107200K) NonClass: 90920K(91776K)->90920K(91776K) Class: 14821K(15424K)->14821K(15424K)
[2023-03-30T08:44:02.134+0000][45078][gc          ] GC(17) Pause Young (Concurrent Start) (G1 Evacuation Pause) 789M->91M(1964M) 36.991ms
[2023-03-30T08:44:02.134+0000][45078][gc,cpu      ] GC(17) User=0.04s Sys=0.00s Real=0.03s
[2023-03-30T08:44:02.135+0000][45078][safepoint   ] Safepoint "G1CollectForAllocation", Time since last: 845528546 ns, Reaching safepoint: 237894 ns, At safepoint: 37137290 ns, Total: 37375184 ns
[2023-03-30T08:44:02.135+0000][45078][gc          ] GC(18) Concurrent Mark Cycle
[2023-03-30T08:44:02.135+0000][45078][gc,marking  ] GC(18) Concurrent Clear Claimed Marks
[2023-03-30T08:44:02.135+0000][45078][gc,marking  ] GC(18) Concurrent Clear Claimed Marks 0.075ms
[2023-03-30T08:44:02.135+0000][45078][gc,marking  ] GC(18) Concurrent Scan Root Regions
[2023-03-30T08:44:02.183+0000][45078][gc,marking  ] GC(18) Concurrent Scan Root Regions 48.595ms
[2023-03-30T08:44:02.183+0000][45078][gc,marking  ] GC(18) Concurrent Mark
[2023-03-30T08:44:02.183+0000][45078][gc,marking  ] GC(18) Concurrent Mark From Roots
[2023-03-30T08:44:02.183+0000][45078][gc,task     ] GC(18) Using 1 workers of 1 for marking
[2023-03-30T08:44:03.052+0000][45078][gc,marking  ] GC(18) Concurrent Mark From Roots 868.851ms
[2023-03-30T08:44:03.052+0000][45078][gc,marking  ] GC(18) Concurrent Preclean
[2023-03-30T08:44:03.052+0000][45078][gc,marking  ] GC(18) Concurrent Preclean 0.185ms
[2023-03-30T08:44:03.053+0000][45078][gc,start    ] GC(18) Pause Remark
[2023-03-30T08:44:03.127+0000][45078][gc          ] GC(18) Pause Remark 164M->164M(1964M) 74.118ms
[2023-03-30T08:44:03.127+0000][45078][gc,cpu      ] GC(18) User=0.02s Sys=0.00s Real=0.07s
[2023-03-30T08:44:03.127+0000][45078][safepoint   ] Safepoint "G1Concurrent", Time since last: 917940514 ns, Reaching safepoint: 239063 ns, At safepoint: 74224832 ns, Total: 74463895 ns
[2023-03-30T08:44:03.151+0000][45078][gc,marking  ] GC(18) Concurrent Mark 967.414ms
[2023-03-30T08:44:03.151+0000][45078][gc,marking  ] GC(18) Concurrent Rebuild Remembered Sets
[2023-03-30T08:44:03.658+0000][45078][gc,marking  ] GC(18) Concurrent Rebuild Remembered Sets 507.309ms
[2023-03-30T08:44:03.658+0000][45078][gc,start    ] GC(18) Pause Cleanup
[2023-03-30T08:44:03.658+0000][45078][gc          ] GC(18) Pause Cleanup 168M->168M(1964M) 0.105ms
[2023-03-30T08:44:03.658+0000][45078][gc,cpu      ] GC(18) User=0.00s Sys=0.00s Real=0.00s
[2023-03-30T08:44:03.658+0000][45078][safepoint   ] Safepoint "G1Concurrent", Time since last: 531231248 ns, Reaching safepoint: 68333 ns, At safepoint: 171350 ns, Total: 239683 ns
[2023-03-30T08:44:03.658+0000][45078][gc,marking  ] GC(18) Concurrent Cleanup for Next Mark
[2023-03-30T08:44:03.678+0000][45078][gc,marking  ] GC(18) Concurrent Cleanup for Next Mark 19.521ms
[2023-03-30T08:44:03.678+0000][45078][gc          ] GC(18) Concurrent Mark Cycle 1543.449ms
[2023-03-30T08:44:04.661+0000][45078][safepoint   ] Safepoint "Cleanup", Time since last: 1002428643 ns, Reaching safepoint: 124495 ns, At safepoint: 9980 ns, Total: 134475 ns
[2023-03-30T08:44:05.665+0000][45078][safepoint   ] Safepoint "Cleanup", Time since last: 1003989701 ns, Reaching safepoint: 58307 ns, At safepoint: 7848 ns, Total: 66155 ns
[2023-03-30T08:44:06.665+0000][45078][safepoint   ] Safepoint "Cleanup", Time since last: 1000179806 ns, Reaching safepoint: 73330 ns, At safepoint: 7677 ns, Total: 81007 ns
[2023-03-30T08:44:08.666+0000][45078][safepoint   ] Safepoint "Cleanup", Time since last: 2000204351 ns, Reaching safepoint: 46427 ns, At safepoint: 7624 ns, Total: 54051 ns
[2023-03-30T08:44:09.666+0000][45078][safepoint   ] Safepoint "Cleanup", Time since last: 1000155282 ns, Reaching safepoint: 65049 ns, At safepoint: 9337 ns, Total: 74386 ns
[2023-03-30T08:44:10.684+0000][45078][safepoint   ] Safepoint "Cleanup", Time since last: 1018072066 ns, Reaching safepoint: 78596 ns, At safepoint: 7640 ns, Total: 86236 ns
[2023-03-30T08:44:11.684+0000][45078][safepoint   ] Safepoint "Cleanup", Time since last: 1000124488 ns, Reaching safepoint: 48952 ns, At safepoint: 7432 ns, Total: 56384 ns
[2023-03-30T08:44:12.684+0000][45078][safepoint   ] Safepoint "Cleanup", Time since last: 1000131245 ns, Reaching safepoint: 48102 ns, At safepoint: 7733 ns, Total: 55835 ns
[2023-03-30T08:44:14.685+0000][45078][safepoint   ] Safepoint "Cleanup", Time since last: 2000230196 ns, Reaching safepoint: 53622 ns, At safepoint: 7359 ns, Total: 60981 ns
[2023-03-30T08:44:15.685+0000][45078][safepoint   ] Safepoint "Cleanup", Time since last: 1000181948 ns, Reaching safepoint: 49726 ns, At safepoint: 7061 ns, Total: 56787 ns
[2023-03-30T08:44:16.685+0000][45078][safepoint   ] Safepoint "Cleanup", Time since last: 1000143524 ns, Reaching safepoint: 55666 ns, At safepoint: 7355 ns, Total: 63021 ns
[2023-03-30T08:44:17.685+0000][45078][safepoint   ] Safepoint "Cleanup", Time since last: 1000159383 ns, Reaching safepoint: 66793 ns, At safepoint: 11656 ns, Total: 78449 ns
[2023-03-30T08:44:18.685+0000][45078][safepoint   ] Safepoint "Cleanup", Time since last: 1000177106 ns, Reaching safepoint: 47930 ns, At safepoint: 7294 ns, Total: 55224 ns
[2023-03-30T08:44:19.686+0000][45078][safepoint   ] Safepoint "Cleanup", Time since last: 1000130021 ns, Reaching safepoint: 48131 ns, At safepoint: 6901 ns, Total: 55032 ns
[2023-03-30T08:44:20.686+0000][45078][safepoint   ] Safepoint "Cleanup", Time since last: 1000167190 ns, Reaching safepoint: 62894 ns, At safepoint: 7222 ns, Total: 70116 ns
[2023-03-30T08:44:21.686+0000][45078][safepoint   ] Safepoint "Cleanup", Time since last: 1000154786 ns, Reaching safepoint: 46264 ns, At safepoint: 7170 ns, Total: 53434 ns
[2023-03-30T08:44:22.686+0000][45078][safepoint   ] Safepoint "Cleanup", Time since last: 1000130420 ns, Reaching safepoint: 46615 ns, At safepoint: 7312 ns, Total: 53927 ns
[2023-03-30T08:44:25.687+0000][45078][safepoint   ] Safepoint "Cleanup", Time since last: 3000335773 ns, Reaching safepoint: 46061 ns, At safepoint: 7715 ns, Total: 53776 ns
[2023-03-30T08:44:29.696+0000][45078][safepoint   ] Safepoint "Cleanup", Time since last: 4008734527 ns, Reaching safepoint: 70616 ns, At safepoint: 7352 ns, Total: 77968 ns
[2023-03-30T08:44:30.696+0000][45078][safepoint   ] Safepoint "Cleanup", Time since last: 1000118104 ns, Reaching safepoint: 67398 ns, At safepoint: 7936 ns, Total: 75334 ns
[2023-03-30T08:44:31.696+0000][45078][safepoint   ] Safepoint "Cleanup", Time since last: 1000119000 ns, Reaching safepoint: 66587 ns, At safepoint: 7816 ns, Total: 74403 ns
[2023-03-30T08:44:34.698+0000][45078][safepoint   ] Safepoint "Cleanup", Time since last: 3002155868 ns, Reaching safepoint: 75392 ns, At safepoint: 7804 ns, Total: 83196 ns
[2023-03-30T08:44:35.720+0000][45078][safepoint   ] Safepoint "Cleanup", Time since last: 1022145069 ns, Reaching safepoint: 50126 ns, At safepoint: 7543 ns, Total: 57669 ns
[2023-03-30T08:44:36.721+0000][45078][safepoint   ] Safepoint "Cleanup", Time since last: 1000117418 ns, Reaching safepoint: 48731 ns, At safepoint: 7417 ns, Total: 56148 ns
[2023-03-30T08:44:39.721+0000][45078][safepoint   ] Safepoint "Cleanup", Time since last: 3000472446 ns, Reaching safepoint: 74393 ns, At safepoint: 7205 ns, Total: 81598 ns
[2023-03-30T08:44:46.725+0000][45078][safepoint   ] Safepoint "Cleanup", Time since last: 7003953472 ns, Reaching safepoint: 45425 ns, At safepoint: 7524 ns, Total: 52949 ns
[2023-03-30T08:44:49.726+0000][45078][safepoint   ] Safepoint "Cleanup", Time since last: 3000339039 ns, Reaching safepoint: 213329 ns, At safepoint: 7613 ns, Total: 220942 ns
[2023-03-30T08:44:50.783+0000][45078][safepoint   ] Safepoint "Cleanup", Time since last: 1056876442 ns, Reaching safepoint: 44805 ns, At safepoint: 7489 ns, Total: 52294 ns
[2023-03-30T08:44:52.783+0000][45078][safepoint   ] Safepoint "Cleanup", Time since last: 2000207920 ns, Reaching safepoint: 49638 ns, At safepoint: 7553 ns, Total: 57191 ns
[2023-03-30T08:44:53.783+0000][45078][safepoint   ] Safepoint "Cleanup", Time since last: 1000136620 ns, Reaching safepoint: 50215 ns, At safepoint: 7290 ns, Total: 57505 ns
[2023-03-30T08:44:54.785+0000][45078][safepoint   ] Safepoint "Cleanup", Time since last: 1001944600 ns, Reaching safepoint: 45093 ns, At safepoint: 7443 ns, Total: 52536 ns
[2023-03-30T08:44:56.785+0000][45078][safepoint   ] Safepoint "Cleanup", Time since last: 2000217753 ns, Reaching safepoint: 48780 ns, At safepoint: 7788 ns, Total: 56568 ns
[2023-03-30T08:44:57.786+0000][45078][safepoint   ] Safepoint "Cleanup", Time since last: 1000198369 ns, Reaching safepoint: 46864 ns, At safepoint: 7171 ns, Total: 54035 ns
[2023-03-30T08:45:06.787+0000][45078][safepoint   ] Safepoint "Cleanup", Time since last: 9001370639 ns, Reaching safepoint: 68386 ns, At safepoint: 8161 ns, Total: 76547 ns
[2023-03-30T08:45:08.787+0000][45078][safepoint   ] Safepoint "Cleanup", Time since last: 2000209864 ns, Reaching safepoint: 48874 ns, At safepoint: 7391 ns, Total: 56265 ns
[2023-03-30T08:45:16.792+0000][45078][safepoint   ] Safepoint "Cleanup", Time since last: 8004723957 ns, Reaching safepoint: 45692 ns, At safepoint: 7301 ns, Total: 52993 ns
[2023-03-30T08:45:18.792+0000][45078][safepoint   ] Safepoint "Cleanup", Time since last: 2000204716 ns, Reaching safepoint: 46617 ns, At safepoint: 7085 ns, Total: 53702 ns
[2023-03-30T08:45:20.797+0000][45078][safepoint   ] Safepoint "Cleanup", Time since last: 2000204144 ns, Reaching safepoint: 4442665 ns, At safepoint: 10518 ns, Total: 4453183 ns
[2023-03-30T08:45:21.797+0000][45078][safepoint   ] Safepoint "Cleanup", Time since last: 1000207407 ns, Reaching safepoint: 50505 ns, At safepoint: 7126 ns, Total: 57631 ns
[2023-03-30T08:45:26.798+0000][45078][safepoint   ] Safepoint "Cleanup", Time since last: 5000607460 ns, Reaching safepoint: 67246 ns, At safepoint: 8756 ns, Total: 76002 ns
[2023-03-30T08:45:27.798+0000][45078][safepoint   ] Safepoint "Cleanup", Time since last: 1000154157 ns, Reaching safepoint: 45716 ns, At safepoint: 7271 ns, Total: 52987 ns
[2023-03-30T08:45:36.799+0000][45078][safepoint   ] Safepoint "Cleanup", Time since last: 9000888926 ns, Reaching safepoint: 59012 ns, At safepoint: 9963 ns, Total: 68975 ns
[2023-03-30T08:45:46.800+0000][45078][safepoint   ] Safepoint "Cleanup", Time since last: 10001342625 ns, Reaching safepoint: 46866 ns, At safepoint: 7052 ns, Total: 53918 ns
[2023-03-30T08:45:47.801+0000][45078][safepoint   ] Safepoint "Cleanup", Time since last: 1000139251 ns, Reaching safepoint: 45871 ns, At safepoint: 7667 ns, Total: 53538 ns
[2023-03-30T08:45:50.802+0000][45078][safepoint   ] Safepoint "Cleanup", Time since last: 3001162748 ns, Reaching safepoint: 70407 ns, At safepoint: 12977 ns, Total: 83384 ns
[2023-03-30T08:45:52.804+0000][45078][safepoint   ] Safepoint "Cleanup", Time since last: 2002471540 ns, Reaching safepoint: 57796 ns, At safepoint: 7764 ns, Total: 65560 ns
[2023-03-30T08:45:56.805+0000][45078][safepoint   ] Safepoint "Cleanup", Time since last: 4000525445 ns, Reaching safepoint: 51872 ns, At safepoint: 7555 ns, Total: 59427 ns
[2023-03-30T08:46:03.806+0000][45078][safepoint   ] Safepoint "Cleanup", Time since last: 7000781373 ns, Reaching safepoint: 66003 ns, At safepoint: 7670 ns, Total: 73673 ns
[2023-03-30T08:46:04.806+0000][45078][safepoint   ] Safepoint "Cleanup", Time since last: 1000159809 ns, Reaching safepoint: 45242 ns, At safepoint: 7427 ns, Total: 52669 ns
[2023-03-30T08:46:05.806+0000][45078][safepoint   ] Safepoint "Cleanup", Time since last: 1000128102 ns, Reaching safepoint: 48246 ns, At safepoint: 7222 ns, Total: 55468 ns
[2023-03-30T08:46:07.807+0000][45078][safepoint   ] Safepoint "Cleanup", Time since last: 2000207645 ns, Reaching safepoint: 46968 ns, At safepoint: 7369 ns, Total: 54337 ns
[2023-03-30T08:46:08.807+0000][45078][safepoint   ] Safepoint "Cleanup", Time since last: 1000128099 ns, Reaching safepoint: 51120 ns, At safepoint: 7279 ns, Total: 58399 ns
[2023-03-30T08:46:16.808+0000][45078][safepoint   ] Safepoint "Cleanup", Time since last: 8001072305 ns, Reaching safepoint: 45300 ns, At safepoint: 7204 ns, Total: 52504 ns
[2023-03-30T08:46:17.808+0000][45078][safepoint   ] Safepoint "Cleanup", Time since last: 1000215486 ns, Reaching safepoint: 46025 ns, At safepoint: 7327 ns, Total: 53352 ns
[2023-03-30T08:46:18.808+0000][45078][safepoint   ] Safepoint "Cleanup", Time since last: 1000124729 ns, Reaching safepoint: 40156 ns, At safepoint: 6660 ns, Total: 46816 ns
[2023-03-30T08:46:19.808+0000][45078][safepoint   ] Safepoint "Cleanup", Time since last: 1000118928 ns, Reaching safepoint: 45320 ns, At safepoint: 7208 ns, Total: 52528 ns
[2023-03-30T08:46:21.809+0000][45078][safepoint   ] Safepoint "Cleanup", Time since last: 2000199008 ns, Reaching safepoint: 72191 ns, At safepoint: 12870 ns, Total: 85061 ns
[2023-03-30T08:46:24.809+0000][45078][safepoint   ] Safepoint "Cleanup", Time since last: 3000411736 ns, Reaching safepoint: 75569 ns, At safepoint: 12852 ns, Total: 88421 ns
[2023-03-30T08:46:25.810+0000][45078][safepoint   ] Safepoint "Cleanup", Time since last: 1000201579 ns, Reaching safepoint: 50569 ns, At safepoint: 7037 ns, Total: 57606 ns
[2023-03-30T08:46:33.810+0000][45078][safepoint   ] Safepoint "Cleanup", Time since last: 8000893298 ns, Reaching safepoint: 72716 ns, At safepoint: 8794 ns, Total: 81510 ns
[2023-03-30T08:46:39.811+0000][45078][safepoint   ] Safepoint "Cleanup", Time since last: 6000457378 ns, Reaching safepoint: 44239 ns, At safepoint: 7090 ns, Total: 51329 ns
[2023-03-30T08:46:40.811+0000][45078][safepoint   ] Safepoint "Cleanup", Time since last: 1000174523 ns, Reaching safepoint: 51416 ns, At safepoint: 8756 ns, Total: 60172 ns
[2023-03-30T08:46:44.812+0000][45078][safepoint   ] Safepoint "Cleanup", Time since last: 4000550109 ns, Reaching safepoint: 50107 ns, At safepoint: 7305 ns, Total: 57412 ns
[2023-03-30T08:46:51.814+0000][45078][safepoint   ] Safepoint "Cleanup", Time since last: 7002215817 ns, Reaching safepoint: 131690 ns, At safepoint: 14344 ns, Total: 146034 ns
[2023-03-30T08:46:53.814+0000][45078][safepoint   ] Safepoint "Cleanup", Time since last: 2000203016 ns, Reaching safepoint: 65500 ns, At safepoint: 7495 ns, Total: 72995 ns
[2023-03-30T08:46:55.815+0000][45078][safepoint   ] Safepoint "Cleanup", Time since last: 2000194721 ns, Reaching safepoint: 47498 ns, At safepoint: 7516 ns, Total: 55014 ns
[2023-03-30T08:47:08.816+0000][45078][safepoint   ] Safepoint "Cleanup", Time since last: 13001570177 ns, Reaching safepoint: 47611 ns, At safepoint: 7602 ns, Total: 55213 ns
[2023-03-30T08:47:11.818+0000][45078][safepoint   ] Safepoint "Cleanup", Time since last: 3001358073 ns, Reaching safepoint: 60412 ns, At safepoint: 7813 ns, Total: 68225 ns
[2023-03-30T08:47:12.818+0000][45078][safepoint   ] Safepoint "Cleanup", Time since last: 1000191615 ns, Reaching safepoint: 51287 ns, At safepoint: 9269 ns, Total: 60556 ns
[2023-03-30T08:47:14.818+0000][45078][safepoint   ] Safepoint "Cleanup", Time since last: 2000340729 ns, Reaching safepoint: 69396 ns, At safepoint: 10739 ns, Total: 80135 ns
[2023-03-30T08:47:18.819+0000][45078][safepoint   ] Safepoint "Cleanup", Time since last: 4000578416 ns, Reaching safepoint: 40074 ns, At safepoint: 8272 ns, Total: 48346 ns
[2023-03-30T08:47:20.819+0000][45078][safepoint   ] Safepoint "Cleanup", Time since last: 2000216070 ns, Reaching safepoint: 47109 ns, At safepoint: 7593 ns, Total: 54702 ns
[2023-03-30T08:47:23.820+0000][45078][safepoint   ] Safepoint "Cleanup", Time since last: 3000304365 ns, Reaching safepoint: 69818 ns, At safepoint: 7778 ns, Total: 77596 ns
[2023-03-30T08:47:27.820+0000][45078][safepoint   ] Safepoint "Cleanup", Time since last: 4000428889 ns, Reaching safepoint: 51438 ns, At safepoint: 7075 ns, Total: 58513 ns
[2023-03-30T08:47:40.822+0000][45078][safepoint   ] Safepoint "Cleanup", Time since last: 13001565580 ns, Reaching safepoint: 54750 ns, At safepoint: 7656 ns, Total: 62406 ns
[2023-03-30T08:47:43.822+0000][45078][safepoint   ] Safepoint "Cleanup", Time since last: 3000314685 ns, Reaching safepoint: 47101 ns, At safepoint: 9274 ns, Total: 56375 ns
[2023-03-30T08:47:46.823+0000][45078][safepoint   ] Safepoint "Cleanup", Time since last: 3000365384 ns, Reaching safepoint: 46222 ns, At safepoint: 7056 ns, Total: 53278 ns
[2023-03-30T08:47:49.823+0000][45078][safepoint   ] Safepoint "Cleanup", Time since last: 3000365848 ns, Reaching safepoint: 46543 ns, At safepoint: 6874 ns, Total: 53417 ns
[2023-03-30T08:47:51.824+0000][45078][safepoint   ] Safepoint "Cleanup", Time since last: 2001129611 ns, Reaching safepoint: 40182 ns, At safepoint: 6925 ns, Total: 47107 ns
[2023-03-30T08:47:58.826+0000][45078][safepoint   ] Safepoint "Cleanup", Time since last: 7001476592 ns, Reaching safepoint: 79512 ns, At safepoint: 8307 ns, Total: 87819 ns
[2023-03-30T08:48:11.827+0000][45078][safepoint   ] Safepoint "Cleanup", Time since last: 13001607497 ns, Reaching safepoint: 47341 ns, At safepoint: 7257 ns, Total: 54598 ns
[2023-03-30T08:48:14.828+0000][45078][safepoint   ] Safepoint "Cleanup", Time since last: 3000350870 ns, Reaching safepoint: 61047 ns, At safepoint: 9572 ns, Total: 70619 ns
[2023-03-30T08:48:16.828+0000][45078][safepoint   ] Safepoint "Cleanup", Time since last: 2000279199 ns, Reaching safepoint: 51203 ns, At safepoint: 10013 ns, Total: 61216 ns
[2023-03-30T08:48:18.829+0000][45078][safepoint   ] Safepoint "Cleanup", Time since last: 2000305245 ns, Reaching safepoint: 42661 ns, At safepoint: 8479 ns, Total: 51140 ns
[2023-03-30T08:48:23.829+0000][45078][safepoint   ] Safepoint "Cleanup", Time since last: 5000711610 ns, Reaching safepoint: 48043 ns, At safepoint: 6835 ns, Total: 54878 ns
[2023-03-30T08:48:30.830+0000][45078][safepoint   ] Safepoint "Cleanup", Time since last: 7000614379 ns, Reaching safepoint: 77347 ns, At safepoint: 7667 ns, Total: 85014 ns
[2023-03-30T08:48:39.831+0000][45078][safepoint   ] Safepoint "Cleanup", Time since last: 9001255643 ns, Reaching safepoint: 56750 ns, At safepoint: 6866 ns, Total: 63616 ns
[2023-03-30T08:48:47.832+0000][45078][safepoint   ] Safepoint "Cleanup", Time since last: 8000769739 ns, Reaching safepoint: 54558 ns, At safepoint: 6969 ns, Total: 61527 ns
[2023-03-30T08:48:51.833+0000][45078][safepoint   ] Safepoint "Cleanup", Time since last: 4000496628 ns, Reaching safepoint: 52551 ns, At safepoint: 6376 ns, Total: 58927 ns
[2023-03-30T08:48:53.833+0000][45078][safepoint   ] Safepoint "Cleanup", Time since last: 2000304477 ns, Reaching safepoint: 46837 ns, At safepoint: 8683 ns, Total: 55520 ns
[2023-03-30T08:48:56.834+0000][45078][safepoint   ] Safepoint "Cleanup", Time since last: 3000463960 ns, Reaching safepoint: 89509 ns, At safepoint: 7369 ns, Total: 96878 ns
[2023-03-30T08:48:57.834+0000][45078][safepoint   ] Safepoint "Cleanup", Time since last: 1000123571 ns, Reaching safepoint: 50306 ns, At safepoint: 7309 ns, Total: 57615 ns
[2023-03-30T08:49:02.835+0000][45078][safepoint   ] Safepoint "Cleanup", Time since last: 5000784275 ns, Reaching safepoint: 64723 ns, At safepoint: 7299 ns, Total: 72022 ns
[2023-03-30T08:49:06.835+0000][45078][safepoint   ] Safepoint "Cleanup", Time since last: 4000600604 ns, Reaching safepoint: 49854 ns, At safepoint: 7252 ns, Total: 57106 ns
[2023-03-30T08:49:16.837+0000][45078][safepoint   ] Safepoint "Cleanup", Time since last: 10001107776 ns, Reaching safepoint: 49975 ns, At safepoint: 7164 ns, Total: 57139 ns
[2023-03-30T08:49:17.837+0000][45078][safepoint   ] Safepoint "Cleanup", Time since last: 1000131695 ns, Reaching safepoint: 45669 ns, At safepoint: 7131 ns, Total: 52800 ns
[2023-03-30T08:49:18.837+0000][45078][safepoint   ] Safepoint "Cleanup", Time since last: 1000151116 ns, Reaching safepoint: 76926 ns, At safepoint: 7068 ns, Total: 83994 ns
[2023-03-30T08:49:20.837+0000][45078][safepoint   ] Safepoint "Cleanup", Time since last: 2000231838 ns, Reaching safepoint: 47864 ns, At safepoint: 6955 ns, Total: 54819 ns
[2023-03-30T08:49:26.838+0000][45078][safepoint   ] Safepoint "Cleanup", Time since last: 6000785497 ns, Reaching safepoint: 75160 ns, At safepoint: 13954 ns, Total: 89114 ns
[2023-03-30T08:49:34.839+0000][45078][safepoint   ] Safepoint "Cleanup", Time since last: 8000834995 ns, Reaching safepoint: 48511 ns, At safepoint: 6807 ns, Total: 55318 ns
[2023-03-30T08:49:36.839+0000][45078][safepoint   ] Safepoint "Cleanup", Time since last: 2000280660 ns, Reaching safepoint: 44441 ns, At safepoint: 7039 ns, Total: 51480 ns
[2023-03-30T08:49:48.841+0000][45078][safepoint   ] Safepoint "Cleanup", Time since last: 12001216249 ns, Reaching safepoint: 46188 ns, At safepoint: 7162 ns, Total: 53350 ns
[2023-03-30T08:49:50.841+0000][45078][safepoint   ] Safepoint "Cleanup", Time since last: 2000384110 ns, Reaching safepoint: 42521 ns, At safepoint: 6948 ns, Total: 49469 ns
[2023-03-30T08:49:52.841+0000][45078][safepoint   ] Safepoint "Cleanup", Time since last: 2000290801 ns, Reaching safepoint: 53603 ns, At safepoint: 8957 ns, Total: 62560 ns
[2023-03-30T08:50:06.843+0000][45078][safepoint   ] Safepoint "Cleanup", Time since last: 14001626889 ns, Reaching safepoint: 100954 ns, At safepoint: 7232 ns, Total: 108186 ns
[2023-03-30T08:50:13.844+0000][45078][safepoint   ] Safepoint "Cleanup", Time since last: 7001044514 ns, Reaching safepoint: 43886 ns, At safepoint: 9361 ns, Total: 53247 ns
[2023-03-30T08:50:14.844+0000][45078][safepoint   ] Safepoint "Cleanup", Time since last: 1000205005 ns, Reaching safepoint: 60338 ns, At safepoint: 8313 ns, Total: 68651 ns
[2023-03-30T08:50:22.845+0000][45078][safepoint   ] Safepoint "Cleanup", Time since last: 8000829017 ns, Reaching safepoint: 93694 ns, At safepoint: 10729 ns, Total: 104423 ns
[2023-03-30T08:50:38.847+0000][45078][safepoint   ] Safepoint "Cleanup", Time since last: 16001780720 ns, Reaching safepoint: 84620 ns, At safepoint: 7496 ns, Total: 92116 ns
[2023-03-30T08:50:48.849+0000][45078][safepoint   ] Safepoint "Cleanup", Time since last: 10001261978 ns, Reaching safepoint: 54786 ns, At safepoint: 10856 ns, Total: 65642 ns
[2023-03-30T08:50:49.849+0000][45078][safepoint   ] Safepoint "Cleanup", Time since last: 1000129130 ns, Reaching safepoint: 44336 ns, At safepoint: 7246 ns, Total: 51582 ns
[2023-03-30T08:50:51.849+0000][45078][safepoint   ] Safepoint "Cleanup", Time since last: 2000215268 ns, Reaching safepoint: 43967 ns, At safepoint: 7142 ns, Total: 51109 ns
[2023-03-30T08:51:10.851+0000][45078][safepoint   ] Safepoint "Cleanup", Time since last: 19002023074 ns, Reaching safepoint: 77990 ns, At safepoint: 7435 ns, Total: 85425 ns
[2023-03-30T08:51:16.852+0000][45078][safepoint   ] Safepoint "Cleanup", Time since last: 6000904582 ns, Reaching safepoint: 48277 ns, At safepoint: 6948 ns, Total: 55225 ns
[2023-03-30T08:51:20.853+0000][45078][safepoint   ] Safepoint "Cleanup", Time since last: 4000438617 ns, Reaching safepoint: 45688 ns, At safepoint: 7186 ns, Total: 52874 ns
[2023-03-30T08:51:26.853+0000][45078][safepoint   ] Safepoint "Cleanup", Time since last: 6000502511 ns, Reaching safepoint: 60382 ns, At safepoint: 12860 ns, Total: 73242 ns
[2023-03-30T08:51:36.859+0000][45078][safepoint   ] Safepoint "Cleanup", Time since last: 10005965382 ns, Reaching safepoint: 71257 ns, At safepoint: 7084 ns, Total: 78341 ns
[2023-03-30T08:51:37.859+0000][45078][safepoint   ] Safepoint "Cleanup", Time since last: 1000116011 ns, Reaching safepoint: 46013 ns, At safepoint: 7589 ns, Total: 53602 ns
[2023-03-30T08:51:41.860+0000][45078][safepoint   ] Safepoint "Cleanup", Time since last: 4000358283 ns, Reaching safepoint: 46916 ns, At safepoint: 7187 ns, Total: 54103 ns
[2023-03-30T08:51:44.860+0000][45078][safepoint   ] Safepoint "Cleanup", Time since last: 3000436198 ns, Reaching safepoint: 44145 ns, At safepoint: 6942 ns, Total: 51087 ns
[2023-03-30T08:51:46.861+0000][45078][safepoint   ] Safepoint "Cleanup", Time since last: 2000357879 ns, Reaching safepoint: 45995 ns, At safepoint: 7097 ns, Total: 53092 ns
[2023-03-30T08:51:47.861+0000][45078][safepoint   ] Safepoint "Cleanup", Time since last: 1000229288 ns, Reaching safepoint: 66188 ns, At safepoint: 11996 ns, Total: 78184 ns
[2023-03-30T08:51:48.861+0000][45078][safepoint   ] Safepoint "Cleanup", Time since last: 1000209668 ns, Reaching safepoint: 65514 ns, At safepoint: 7261 ns, Total: 72775 ns
[2023-03-30T08:51:57.862+0000][45078][safepoint   ] Safepoint "Cleanup", Time since last: 9000907883 ns, Reaching safepoint: 48333 ns, At safepoint: 7412 ns, Total: 55745 ns
[2023-03-30T08:51:58.863+0000][45078][safepoint   ] Safepoint "Cleanup", Time since last: 1000215475 ns, Reaching safepoint: 45916 ns, At safepoint: 6871 ns, Total: 52787 ns
[2023-03-30T08:52:14.865+0000][45078][safepoint   ] Safepoint "Cleanup", Time since last: 16002390351 ns, Reaching safepoint: 79871 ns, At safepoint: 6915 ns, Total: 86786 ns
[2023-03-30T08:52:16.865+0000][45078][safepoint   ] Safepoint "Cleanup", Time since last: 2000231041 ns, Reaching safepoint: 71316 ns, At safepoint: 6958 ns, Total: 78274 ns
[2023-03-30T08:52:23.866+0000][45078][safepoint   ] Safepoint "Cleanup", Time since last: 7000936816 ns, Reaching safepoint: 46042 ns, At safepoint: 7209 ns, Total: 53251 ns
[2023-03-30T08:52:45.869+0000][45078][safepoint   ] Safepoint "Cleanup", Time since last: 22002131414 ns, Reaching safepoint: 49157 ns, At safepoint: 10005 ns, Total: 59162 ns
[2023-03-30T08:52:48.869+0000][45078][safepoint   ] Safepoint "Cleanup", Time since last: 3000431061 ns, Reaching safepoint: 46144 ns, At safepoint: 6588 ns, Total: 52732 ns
[2023-03-30T08:52:50.869+0000][45078][safepoint   ] Safepoint "Cleanup", Time since last: 2000345923 ns, Reaching safepoint: 76047 ns, At safepoint: 12160 ns, Total: 88207 ns
[2023-03-30T08:53:01.871+0000][45078][safepoint   ] Safepoint "Cleanup", Time since last: 11001250357 ns, Reaching safepoint: 78794 ns, At safepoint: 7196 ns, Total: 85990 ns
[2023-03-30T08:53:06.872+0000][45078][safepoint   ] Safepoint "Cleanup", Time since last: 5000746915 ns, Reaching safepoint: 61856 ns, At safepoint: 7654 ns, Total: 69510 ns
[2023-03-30T08:53:09.874+0000][45078][safepoint   ] Safepoint "Cleanup", Time since last: 3002200146 ns, Reaching safepoint: 66181 ns, At safepoint: 7109 ns, Total: 73290 ns
[2023-03-30T08:53:17.875+0000][45078][safepoint   ] Safepoint "Cleanup", Time since last: 8000755049 ns, Reaching safepoint: 58213 ns, At safepoint: 10272 ns, Total: 68485 ns
[2023-03-30T08:53:20.875+0000][45078][safepoint   ] Safepoint "Cleanup", Time since last: 3000487382 ns, Reaching safepoint: 64141 ns, At safepoint: 6939 ns, Total: 71080 ns
[2023-03-30T08:53:21.875+0000][45078][safepoint   ] Safepoint "Cleanup", Time since last: 1000132150 ns, Reaching safepoint: 48172 ns, At safepoint: 8374 ns, Total: 56546 ns
[2023-03-30T08:53:32.877+0000][45078][safepoint   ] Safepoint "Cleanup", Time since last: 11001197400 ns, Reaching safepoint: 72835 ns, At safepoint: 6912 ns, Total: 79747 ns
[2023-03-30T08:53:47.878+0000][45078][safepoint   ] Safepoint "Cleanup", Time since last: 15001448849 ns, Reaching safepoint: 63642 ns, At safepoint: 10321 ns, Total: 73963 ns
[2023-03-30T08:53:48.878+0000][45078][safepoint   ] Safepoint "Cleanup", Time since last: 1000135918 ns, Reaching safepoint: 45048 ns, At safepoint: 6731 ns, Total: 51779 ns
[2023-03-30T08:54:01.880+0000][45078][safepoint   ] Safepoint "Cleanup", Time since last: 13001408069 ns, Reaching safepoint: 45813 ns, At safepoint: 6965 ns, Total: 52778 ns
[2023-03-30T08:54:04.880+0000][45078][safepoint   ] Safepoint "Cleanup", Time since last: 3000333086 ns, Reaching safepoint: 102560 ns, At safepoint: 7238 ns, Total: 109798 ns
[2023-03-30T08:54:16.882+0000][45078][safepoint   ] Safepoint "Cleanup", Time since last: 12001663906 ns, Reaching safepoint: 50084 ns, At safepoint: 8476 ns, Total: 58560 ns
[2023-03-30T08:54:19.882+0000][45078][safepoint   ] Safepoint "Cleanup", Time since last: 3000276687 ns, Reaching safepoint: 42405 ns, At safepoint: 6976 ns, Total: 49381 ns
[2023-03-30T08:54:35.884+0000][45078][safepoint   ] Safepoint "Cleanup", Time since last: 16001710905 ns, Reaching safepoint: 75403 ns, At safepoint: 7286 ns, Total: 82689 ns
[2023-03-30T08:54:50.886+0000][45078][safepoint   ] Safepoint "Cleanup", Time since last: 15001546260 ns, Reaching safepoint: 43918 ns, At safepoint: 7085 ns, Total: 51003 ns
[2023-03-30T08:54:51.886+0000][45078][safepoint   ] Safepoint "Cleanup", Time since last: 1000211305 ns, Reaching safepoint: 70739 ns, At safepoint: 13077 ns, Total: 83816 ns
[2023-03-30T08:55:07.888+0000][45078][safepoint   ] Safepoint "Cleanup", Time since last: 16001824250 ns, Reaching safepoint: 91628 ns, At safepoint: 13118 ns, Total: 104746 ns
[2023-03-30T08:55:16.889+0000][45078][safepoint   ] Safepoint "Cleanup", Time since last: 9001046546 ns, Reaching safepoint: 59773 ns, At safepoint: 10434 ns, Total: 70207 ns
[2023-03-30T08:55:22.891+0000][45078][safepoint   ] Safepoint "Cleanup", Time since last: 6002043400 ns, Reaching safepoint: 38520 ns, At safepoint: 6405 ns, Total: 44925 ns
[2023-03-30T08:55:26.892+0000][45078][safepoint   ] Safepoint "Cleanup", Time since last: 4000491219 ns, Reaching safepoint: 45410 ns, At safepoint: 7380 ns, Total: 52790 ns
[2023-03-30T08:55:34.893+0000][45078][safepoint   ] Safepoint "Cleanup", Time since last: 8000897609 ns, Reaching safepoint: 66828 ns, At safepoint: 7493 ns, Total: 74321 ns
[2023-03-30T08:55:38.893+0000][45078][safepoint   ] Safepoint "Cleanup", Time since last: 4000285073 ns, Reaching safepoint: 49031 ns, At safepoint: 6908 ns, Total: 55939 ns
[2023-03-30T08:55:46.894+0000][45078][safepoint   ] Safepoint "Cleanup", Time since last: 8000808661 ns, Reaching safepoint: 48748 ns, At safepoint: 7481 ns, Total: 56229 ns
[2023-03-30T08:55:50.895+0000][45078][safepoint   ] Safepoint "Cleanup", Time since last: 4000973397 ns, Reaching safepoint: 44423 ns, At safepoint: 7184 ns, Total: 51607 ns
[2023-03-30T08:56:01.896+0000][45078][safepoint   ] Safepoint "Cleanup", Time since last: 11001274712 ns, Reaching safepoint: 104141 ns, At safepoint: 10352 ns, Total: 114493 ns
[2023-03-30T08:56:16.898+0000][45078][safepoint   ] Safepoint "Cleanup", Time since last: 15001614130 ns, Reaching safepoint: 84430 ns, At safepoint: 7428 ns, Total: 91858 ns
[2023-03-30T08:56:18.898+0000][45078][safepoint   ] Safepoint "Cleanup", Time since last: 2000212941 ns, Reaching safepoint: 54194 ns, At safepoint: 7517 ns, Total: 61711 ns
[2023-03-30T08:56:21.899+0000][45078][safepoint   ] Safepoint "Cleanup", Time since last: 3000293976 ns, Reaching safepoint: 48319 ns, At safepoint: 7508 ns, Total: 55827 ns
[2023-03-30T08:56:25.899+0000][45078][safepoint   ] Safepoint "Cleanup", Time since last: 4000356342 ns, Reaching safepoint: 46005 ns, At safepoint: 7069 ns, Total: 53074 ns
[2023-03-30T08:56:41.901+0000][45078][safepoint   ] Safepoint "Cleanup", Time since last: 16001914162 ns, Reaching safepoint: 69044 ns, At safepoint: 7588 ns, Total: 76632 ns
[2023-03-30T08:57:04.904+0000][45078][safepoint   ] Safepoint "Cleanup", Time since last: 23002618094 ns, Reaching safepoint: 57340 ns, At safepoint: 7072 ns, Total: 64412 ns
[2023-03-30T08:57:16.905+0000][45078][safepoint   ] Safepoint "Cleanup", Time since last: 12001279979 ns, Reaching safepoint: 71932 ns, At safepoint: 6945 ns, Total: 78877 ns
[2023-03-30T08:57:23.906+0000][45078][safepoint   ] Safepoint "Cleanup", Time since last: 7000902306 ns, Reaching safepoint: 50698 ns, At safepoint: 8827 ns, Total: 59525 ns
[2023-03-30T08:57:29.907+0000][45078][safepoint   ] Safepoint "Cleanup", Time since last: 6000570011 ns, Reaching safepoint: 68990 ns, At safepoint: 7291 ns, Total: 76281 ns
[2023-03-30T08:57:45.914+0000][45078][safepoint   ] Safepoint "Cleanup", Time since last: 16006845305 ns, Reaching safepoint: 100094 ns, At safepoint: 11346 ns, Total: 111440 ns
[2023-03-30T08:57:48.914+0000][45078][safepoint   ] Safepoint "Cleanup", Time since last: 3000444962 ns, Reaching safepoint: 49764 ns, At safepoint: 7137 ns, Total: 56901 ns
[2023-03-30T08:58:01.916+0000][45078][safepoint   ] Safepoint "Cleanup", Time since last: 13001474042 ns, Reaching safepoint: 74251 ns, At safepoint: 12175 ns, Total: 86426 ns
[2023-03-30T08:58:23.918+0000][45078][safepoint   ] Safepoint "Cleanup", Time since last: 22002469538 ns, Reaching safepoint: 75227 ns, At safepoint: 6970 ns, Total: 82197 ns
[2023-03-30T08:58:32.919+0000][45078][safepoint   ] Safepoint "Cleanup", Time since last: 9000838898 ns, Reaching safepoint: 75790 ns, At safepoint: 14088 ns, Total: 89878 ns
[2023-03-30T08:58:46.921+0000][45078][safepoint   ] Safepoint "Cleanup", Time since last: 14001466764 ns, Reaching safepoint: 47352 ns, At safepoint: 7297 ns, Total: 54649 ns
[2023-03-30T08:58:48.921+0000][45078][safepoint   ] Safepoint "Cleanup", Time since last: 2000318399 ns, Reaching safepoint: 56475 ns, At safepoint: 7104 ns, Total: 63579 ns
[2023-03-30T08:58:53.922+0000][45078][safepoint   ] Safepoint "Cleanup", Time since last: 5000580669 ns, Reaching safepoint: 49094 ns, At safepoint: 7250 ns, Total: 56344 ns
[2023-03-30T08:58:55.922+0000][45078][safepoint   ] Safepoint "Cleanup", Time since last: 2000274456 ns, Reaching safepoint: 46451 ns, At safepoint: 7326 ns, Total: 53777 ns
[2023-03-30T08:59:04.923+0000][45078][safepoint   ] Safepoint "Cleanup", Time since last: 9000915813 ns, Reaching safepoint: 61167 ns, At safepoint: 7365 ns, Total: 68532 ns
[2023-03-30T08:59:20.925+0000][45078][safepoint   ] Safepoint "Cleanup", Time since last: 16001801000 ns, Reaching safepoint: 95858 ns, At safepoint: 34002 ns, Total: 129860 ns
[2023-03-30T09:00:16.931+0000][45078][safepoint   ] Safepoint "Cleanup", Time since last: 56005974077 ns, Reaching safepoint: 87786 ns, At safepoint: 8428 ns, Total: 96214 ns
[2023-03-30T09:00:22.932+0000][45078][safepoint   ] Safepoint "Cleanup", Time since last: 6000568964 ns, Reaching safepoint: 124514 ns, At safepoint: 14277 ns, Total: 138791 ns
[2023-03-30T09:00:38.934+0000][45078][safepoint   ] Safepoint "Cleanup", Time since last: 16001846781 ns, Reaching safepoint: 44603 ns, At safepoint: 7661 ns, Total: 52264 ns
[2023-03-30T09:01:10.937+0000][45078][safepoint   ] Safepoint "Cleanup", Time since last: 32003452294 ns, Reaching safepoint: 92392 ns, At safepoint: 7445 ns, Total: 99837 ns
[2023-03-30T09:01:18.938+0000][45078][safepoint   ] Safepoint "Cleanup", Time since last: 8000951913 ns, Reaching safepoint: 106156 ns, At safepoint: 13292 ns, Total: 119448 ns
[2023-03-30T09:01:20.939+0000][45078][safepoint   ] Safepoint "Cleanup", Time since last: 2000263598 ns, Reaching safepoint: 44145 ns, At safepoint: 6984 ns, Total: 51129 ns
[2023-03-30T09:01:44.941+0000][45078][safepoint   ] Safepoint "Cleanup", Time since last: 24002605174 ns, Reaching safepoint: 76686 ns, At safepoint: 12571 ns, Total: 89257 ns
[2023-03-30T09:01:46.942+0000][45078][safepoint   ] Safepoint "Cleanup", Time since last: 2000280218 ns, Reaching safepoint: 51749 ns, At safepoint: 7014 ns, Total: 58763 ns
[2023-03-30T09:01:48.942+0000][45078][safepoint   ] Safepoint "Cleanup", Time since last: 2000256084 ns, Reaching safepoint: 46635 ns, At safepoint: 7478 ns, Total: 54113 ns
[2023-03-30T09:01:50.942+0000][45078][safepoint   ] Safepoint "Cleanup", Time since last: 2000330592 ns, Reaching safepoint: 74249 ns, At safepoint: 13120 ns, Total: 87369 ns
[2023-03-30T09:02:06.944+0000][45078][safepoint   ] Safepoint "Cleanup", Time since last: 16002008614 ns, Reaching safepoint: 67527 ns, At safepoint: 11590 ns, Total: 79117 ns
[2023-03-30T09:02:13.945+0000][45078][safepoint   ] Safepoint "Cleanup", Time since last: 7000677443 ns, Reaching safepoint: 71581 ns, At safepoint: 13010 ns, Total: 84591 ns
[2023-03-30T09:02:20.946+0000][45078][safepoint   ] Safepoint "Cleanup", Time since last: 7001113654 ns, Reaching safepoint: 63768 ns, At safepoint: 10010 ns, Total: 73778 ns
[2023-03-30T09:02:45.949+0000][45078][safepoint   ] Safepoint "Cleanup", Time since last: 25002763010 ns, Reaching safepoint: 81153 ns, At safepoint: 7055 ns, Total: 88208 ns
[2023-03-30T09:02:46.950+0000][45078][safepoint   ] Safepoint "Cleanup", Time since last: 1000179411 ns, Reaching safepoint: 82785 ns, At safepoint: 8699 ns, Total: 91484 ns
[2023-03-30T09:02:48.950+0000][45078][safepoint   ] Safepoint "Cleanup", Time since last: 2000320904 ns, Reaching safepoint: 47178 ns, At safepoint: 7229 ns, Total: 54407 ns
[2023-03-30T09:03:00.951+0000][45078][safepoint   ] Safepoint "Cleanup", Time since last: 12001333724 ns, Reaching safepoint: 44570 ns, At safepoint: 7252 ns, Total: 51822 ns
[2023-03-30T09:03:16.953+0000][45078][safepoint   ] Safepoint "Cleanup", Time since last: 16001826863 ns, Reaching safepoint: 106542 ns, At safepoint: 12148 ns, Total: 118690 ns
[2023-03-30T09:03:32.955+0000][45078][safepoint   ] Safepoint "Cleanup", Time since last: 16001758442 ns, Reaching safepoint: 43362 ns, At safepoint: 6587 ns, Total: 49949 ns
[2023-03-30T09:03:44.956+0000][45078][safepoint   ] Safepoint "Cleanup", Time since last: 12001271660 ns, Reaching safepoint: 41424 ns, At safepoint: 6880 ns, Total: 48304 ns
[2023-03-30T09:03:47.957+0000][45078][safepoint   ] Safepoint "Cleanup", Time since last: 3000274341 ns, Reaching safepoint: 69684 ns, At safepoint: 7500 ns, Total: 77184 ns
[2023-03-30T09:03:48.957+0000][45078][safepoint   ] Safepoint "Cleanup", Time since last: 1000128524 ns, Reaching safepoint: 46858 ns, At safepoint: 7457 ns, Total: 54315 ns
[2023-03-30T09:03:50.957+0000][45078][safepoint   ] Safepoint "Cleanup", Time since last: 2000214261 ns, Reaching safepoint: 45756 ns, At safepoint: 7580 ns, Total: 53336 ns
[2023-03-30T09:03:51.957+0000][45078][safepoint   ] Safepoint "Cleanup", Time since last: 1000187233 ns, Reaching safepoint: 55914 ns, At safepoint: 9121 ns, Total: 65035 ns
[2023-03-30T09:04:03.960+0000][45078][safepoint   ] Safepoint "Cleanup", Time since last: 12002731059 ns, Reaching safepoint: 58908 ns, At safepoint: 7642 ns, Total: 66550 ns
[2023-03-30T09:04:04.960+0000][45078][safepoint   ] Safepoint "Cleanup", Time since last: 1000132442 ns, Reaching safepoint: 41194 ns, At safepoint: 7016 ns, Total: 48210 ns
[2023-03-30T09:04:19.962+0000][45078][safepoint   ] Safepoint "Cleanup", Time since last: 15001636876 ns, Reaching safepoint: 61735 ns, At safepoint: 6912 ns, Total: 68647 ns
[2023-03-30T09:04:33.964+0000][45078][safepoint   ] Safepoint "Cleanup", Time since last: 14001561462 ns, Reaching safepoint: 47777 ns, At safepoint: 7002 ns, Total: 54779 ns
[2023-03-30T09:04:34.964+0000][45078][safepoint   ] Safepoint "Cleanup", Time since last: 1000131914 ns, Reaching safepoint: 44209 ns, At safepoint: 6969 ns, Total: 51178 ns
[2023-03-30T09:04:35.964+0000][45078][safepoint   ] Safepoint "Cleanup", Time since last: 1000200115 ns, Reaching safepoint: 53835 ns, At safepoint: 7139 ns, Total: 60974 ns
[2023-03-30T09:04:36.964+0000][45078][safepoint   ] Safepoint "Cleanup", Time since last: 1000135156 ns, Reaching safepoint: 46593 ns, At safepoint: 6676 ns, Total: 53269 ns
[2023-03-30T09:05:16.969+0000][45078][safepoint   ] Safepoint "Cleanup", Time since last: 40004594722 ns, Reaching safepoint: 78911 ns, At safepoint: 7281 ns, Total: 86192 ns
[2023-03-30T09:05:20.969+0000][45078][safepoint   ] Safepoint "Cleanup", Time since last: 4000343505 ns, Reaching safepoint: 75043 ns, At safepoint: 7443 ns, Total: 82486 ns
[2023-03-30T09:05:22.970+0000][45078][safepoint   ] Safepoint "Cleanup", Time since last: 2000204381 ns, Reaching safepoint: 47648 ns, At safepoint: 10298 ns, Total: 57946 ns
[2023-03-30T09:05:38.972+0000][45078][safepoint   ] Safepoint "Cleanup", Time since last: 16001921866 ns, Reaching safepoint: 55513 ns, At safepoint: 6965 ns, Total: 62478 ns
[2023-03-30T09:05:50.973+0000][45078][safepoint   ] Safepoint "Cleanup", Time since last: 12001684347 ns, Reaching safepoint: 71421 ns, At safepoint: 7725 ns, Total: 79146 ns
[2023-03-30T09:05:52.974+0000][45078][safepoint   ] Safepoint "Cleanup", Time since last: 2000194407 ns, Reaching safepoint: 50541 ns, At safepoint: 7249 ns, Total: 57790 ns
[2023-03-30T09:05:54.974+0000][45078][safepoint   ] Safepoint "Cleanup", Time since last: 2000307303 ns, Reaching safepoint: 48288 ns, At safepoint: 6997 ns, Total: 55285 ns
[2023-03-30T09:06:16.977+0000][45078][safepoint   ] Safepoint "Cleanup", Time since last: 22002417971 ns, Reaching safepoint: 65305 ns, At safepoint: 7440 ns, Total: 72745 ns
[2023-03-30T09:06:26.978+0000][45078][safepoint   ] Safepoint "Cleanup", Time since last: 10001049399 ns, Reaching safepoint: 82365 ns, At safepoint: 9667 ns, Total: 92032 ns
[2023-03-30T09:06:40.979+0000][45078][safepoint   ] Safepoint "Cleanup", Time since last: 14001488508 ns, Reaching safepoint: 44176 ns, At safepoint: 6963 ns, Total: 51139 ns
[2023-03-30T09:06:42.980+0000][45078][safepoint   ] Safepoint "Cleanup", Time since last: 2000259942 ns, Reaching safepoint: 47264 ns, At safepoint: 6924 ns, Total: 54188 ns
[2023-03-30T09:06:46.980+0000][45078][safepoint   ] Safepoint "Cleanup", Time since last: 4000517607 ns, Reaching safepoint: 48994 ns, At safepoint: 6946 ns, Total: 55940 ns
[2023-03-30T09:06:57.982+0000][45078][safepoint   ] Safepoint "Cleanup", Time since last: 11001342831 ns, Reaching safepoint: 76749 ns, At safepoint: 6800 ns, Total: 83549 ns
[2023-03-30T09:07:13.985+0000][45078][safepoint   ] Safepoint "Cleanup", Time since last: 16003078108 ns, Reaching safepoint: 48807 ns, At safepoint: 7166 ns, Total: 55973 ns
[2023-03-30T09:07:14.985+0000][45078][safepoint   ] Safepoint "Cleanup", Time since last: 1000151585 ns, Reaching safepoint: 80807 ns, At safepoint: 8003 ns, Total: 88810 ns
[2023-03-30T09:07:29.986+0000][45078][safepoint   ] Safepoint "Cleanup", Time since last: 15001410440 ns, Reaching safepoint: 65997 ns, At safepoint: 7394 ns, Total: 73391 ns
[2023-03-30T09:08:16.992+0000][45078][safepoint   ] Safepoint "Cleanup", Time since last: 47005161799 ns, Reaching safepoint: 86154 ns, At safepoint: 7861 ns, Total: 94015 ns
[2023-03-30T09:08:49.999+0000][45078][safepoint   ] Safepoint "Cleanup", Time since last: 33007503076 ns, Reaching safepoint: 73937 ns, At safepoint: 34650 ns, Total: 108587 ns
[2023-03-30T09:09:37.006+0000][45078][safepoint   ] Safepoint "Cleanup", Time since last: 47006287807 ns, Reaching safepoint: 68964 ns, At safepoint: 7608 ns, Total: 76572 ns
[2023-03-30T09:10:17.010+0000][45078][safepoint   ] Safepoint "Cleanup", Time since last: 40004027390 ns, Reaching safepoint: 128147 ns, At safepoint: 7875 ns, Total: 136022 ns
[2023-03-30T09:10:21.010+0000][45078][safepoint   ] Safepoint "Cleanup", Time since last: 4000387820 ns, Reaching safepoint: 48052 ns, At safepoint: 10304 ns, Total: 58356 ns
[2023-03-30T09:10:24.011+0000][45078][safepoint   ] Safepoint "Cleanup", Time since last: 3000287035 ns, Reaching safepoint: 72489 ns, At safepoint: 7458 ns, Total: 79947 ns
[2023-03-30T09:10:25.011+0000][45078][safepoint   ] Safepoint "Cleanup", Time since last: 1000160523 ns, Reaching safepoint: 68574 ns, At safepoint: 7187 ns, Total: 75761 ns
[2023-03-30T09:10:37.012+0000][45078][safepoint   ] Safepoint "Cleanup", Time since last: 12001446321 ns, Reaching safepoint: 47243 ns, At safepoint: 7723 ns, Total: 54966 ns
[2023-03-30T09:10:41.013+0000][45078][safepoint   ] Safepoint "Cleanup", Time since last: 4000427170 ns, Reaching safepoint: 59945 ns, At safepoint: 9500 ns, Total: 69445 ns
[2023-03-30T09:10:47.014+0000][45078][safepoint   ] Safepoint "Cleanup", Time since last: 6000819784 ns, Reaching safepoint: 52333 ns, At safepoint: 7027 ns, Total: 59360 ns
[2023-03-30T09:10:54.015+0000][45078][safepoint   ] Safepoint "Cleanup", Time since last: 7000732877 ns, Reaching safepoint: 45464 ns, At safepoint: 6904 ns, Total: 52368 ns
[2023-03-30T09:11:09.016+0000][45078][safepoint   ] Safepoint "Cleanup", Time since last: 15001606182 ns, Reaching safepoint: 102013 ns, At safepoint: 8264 ns, Total: 110277 ns
[2023-03-30T09:11:12.018+0000][45078][safepoint   ] Safepoint "Cleanup", Time since last: 3000315932 ns, Reaching safepoint: 1124706 ns, At safepoint: 19535 ns, Total: 1144241 ns
[2023-03-30T09:11:13.018+0000][45078][safepoint   ] Safepoint "Cleanup", Time since last: 1000120064 ns, Reaching safepoint: 47285 ns, At safepoint: 7153 ns, Total: 54438 ns
[2023-03-30T09:11:17.018+0000][45078][safepoint   ] Safepoint "Cleanup", Time since last: 4000534663 ns, Reaching safepoint: 47811 ns, At safepoint: 6832 ns, Total: 54643 ns
[2023-03-30T09:11:28.020+0000][45078][safepoint   ] Safepoint "Cleanup", Time since last: 11001122229 ns, Reaching safepoint: 77888 ns, At safepoint: 7199 ns, Total: 85087 ns
[2023-03-30T09:11:47.588+0000][45078][safepoint   ] Safepoint "Cleanup", Time since last: 19568690871 ns, Reaching safepoint: 105509 ns, At safepoint: 7733 ns, Total: 113242 ns
[2023-03-30T09:11:55.590+0000][45078][safepoint   ] Safepoint "Cleanup", Time since last: 8001121368 ns, Reaching safepoint: 49449 ns, At safepoint: 7505 ns, Total: 56954 ns
[2023-03-30T09:12:00.590+0000][45078][safepoint   ] Safepoint "Cleanup", Time since last: 5000490938 ns, Reaching safepoint: 80967 ns, At safepoint: 7706 ns, Total: 88673 ns
[2023-03-30T09:12:16.592+0000][45078][safepoint   ] Safepoint "Cleanup", Time since last: 16002148015 ns, Reaching safepoint: 49986 ns, At safepoint: 6630 ns, Total: 56616 ns
[2023-03-30T09:12:31.594+0000][45078][safepoint   ] Safepoint "Cleanup", Time since last: 15001728748 ns, Reaching safepoint: 79129 ns, At safepoint: 10328 ns, Total: 89457 ns
[2023-03-30T09:12:47.596+0000][45078][safepoint   ] Safepoint "Cleanup", Time since last: 16001877174 ns, Reaching safepoint: 51765 ns, At safepoint: 7415 ns, Total: 59180 ns
[2023-03-30T09:13:00.598+0000][45078][safepoint   ] Safepoint "Cleanup", Time since last: 13001315136 ns, Reaching safepoint: 47150 ns, At safepoint: 7169 ns, Total: 54319 ns
[2023-03-30T09:13:01.598+0000][45078][safepoint   ] Safepoint "Cleanup", Time since last: 1000134694 ns, Reaching safepoint: 75253 ns, At safepoint: 13982 ns, Total: 89235 ns
[2023-03-30T09:13:21.600+0000][45078][safepoint   ] Safepoint "Cleanup", Time since last: 20002326705 ns, Reaching safepoint: 120567 ns, At safepoint: 12418 ns, Total: 132985 ns
[2023-03-30T09:13:35.602+0000][45078][safepoint   ] Safepoint "Cleanup", Time since last: 14001647633 ns, Reaching safepoint: 73097 ns, At safepoint: 7165 ns, Total: 80262 ns
[2023-03-30T09:13:36.602+0000][45078][safepoint   ] Safepoint "Cleanup", Time since last: 1000172857 ns, Reaching safepoint: 76206 ns, At safepoint: 12607 ns, Total: 88813 ns
[2023-03-30T09:13:39.603+0000][45078][safepoint   ] Safepoint "Cleanup", Time since last: 3000433038 ns, Reaching safepoint: 50397 ns, At safepoint: 7105 ns, Total: 57502 ns
[2023-03-30T09:13:46.604+0000][45078][safepoint   ] Safepoint "Cleanup", Time since last: 7000831832 ns, Reaching safepoint: 46397 ns, At safepoint: 7371 ns, Total: 53768 ns
[2023-03-30T09:13:47.604+0000][45078][safepoint   ] Safepoint "Cleanup", Time since last: 1000129095 ns, Reaching safepoint: 50943 ns, At safepoint: 7516 ns, Total: 58459 ns
[2023-03-30T09:13:50.604+0000][45078][safepoint   ] Safepoint "Cleanup", Time since last: 3000299060 ns, Reaching safepoint: 46420 ns, At safepoint: 6584 ns, Total: 53004 ns
[2023-03-30T09:14:01.605+0000][45078][safepoint   ] Safepoint "Cleanup", Time since last: 11001276560 ns, Reaching safepoint: 43645 ns, At safepoint: 7275 ns, Total: 50920 ns
[2023-03-30T09:14:22.608+0000][45078][safepoint   ] Safepoint "Cleanup", Time since last: 21002332535 ns, Reaching safepoint: 71277 ns, At safepoint: 12875 ns, Total: 84152 ns
[2023-03-30T09:14:38.610+0000][45078][safepoint   ] Safepoint "Cleanup", Time since last: 16001736554 ns, Reaching safepoint: 84672 ns, At safepoint: 8492 ns, Total: 93164 ns
[2023-03-30T09:14:44.611+0000][45078][safepoint   ] Safepoint "Cleanup", Time since last: 6000748757 ns, Reaching safepoint: 52896 ns, At safepoint: 7582 ns, Total: 60478 ns
[2023-03-30T09:14:46.611+0000][45078][safepoint   ] Safepoint "Cleanup", Time since last: 2000267126 ns, Reaching safepoint: 41011 ns, At safepoint: 7131 ns, Total: 48142 ns
[2023-03-30T09:14:53.612+0000][45078][safepoint   ] Safepoint "Cleanup", Time since last: 7000714634 ns, Reaching safepoint: 60875 ns, At safepoint: 9164 ns, Total: 70039 ns
[2023-03-30T09:15:11.616+0000][45078][safepoint   ] Safepoint "Cleanup", Time since last: 18003746674 ns, Reaching safepoint: 117112 ns, At safepoint: 12965 ns, Total: 130077 ns
[2023-03-30T09:15:56.621+0000][45078][safepoint   ] Safepoint "Cleanup", Time since last: 45005063705 ns, Reaching safepoint: 71638 ns, At safepoint: 7455 ns, Total: 79093 ns
[2023-03-30T09:16:16.623+0000][45078][safepoint   ] Safepoint "Cleanup", Time since last: 20002127939 ns, Reaching safepoint: 85817 ns, At safepoint: 7144 ns, Total: 92961 ns
[2023-03-30T09:16:33.625+0000][45078][safepoint   ] Safepoint "Cleanup", Time since last: 17002377201 ns, Reaching safepoint: 70315 ns, At safepoint: 7447 ns, Total: 77762 ns
[2023-03-30T09:16:51.627+0000][45078][safepoint   ] Safepoint "Cleanup", Time since last: 18001830909 ns, Reaching safepoint: 77235 ns, At safepoint: 7029 ns, Total: 84264 ns
[2023-03-30T09:17:06.629+0000][45078][safepoint   ] Safepoint "Cleanup", Time since last: 15001653193 ns, Reaching safepoint: 80569 ns, At safepoint: 7592 ns, Total: 88161 ns
[2023-03-30T09:17:07.629+0000][45078][safepoint   ] Safepoint "Cleanup", Time since last: 1000173602 ns, Reaching safepoint: 49957 ns, At safepoint: 7334 ns, Total: 57291 ns
[2023-03-30T09:17:16.631+0000][45078][safepoint   ] Safepoint "Cleanup", Time since last: 9001325465 ns, Reaching safepoint: 83327 ns, At safepoint: 18487 ns, Total: 101814 ns
[2023-03-30T09:17:22.631+0000][45078][safepoint   ] Safepoint "Cleanup", Time since last: 6000506048 ns, Reaching safepoint: 56534 ns, At safepoint: 8370 ns, Total: 64904 ns
[2023-03-30T09:17:38.633+0000][45078][safepoint   ] Safepoint "Cleanup", Time since last: 16001665076 ns, Reaching safepoint: 99897 ns, At safepoint: 8123 ns, Total: 108020 ns
[2023-03-30T09:17:54.635+0000][45078][safepoint   ] Safepoint "Cleanup", Time since last: 16001891752 ns, Reaching safepoint: 224441 ns, At safepoint: 8324 ns, Total: 232765 ns
[2023-03-30T09:18:10.637+0000][45078][safepoint   ] Safepoint "Cleanup", Time since last: 16001835097 ns, Reaching safepoint: 67646 ns, At safepoint: 7287 ns, Total: 74933 ns
[2023-03-30T09:18:16.638+0000][45078][safepoint   ] Safepoint "Cleanup", Time since last: 6000864448 ns, Reaching safepoint: 50629 ns, At safepoint: 6840 ns, Total: 57469 ns
[2023-03-30T09:18:50.642+0000][45078][safepoint   ] Safepoint "Cleanup", Time since last: 34003723772 ns, Reaching safepoint: 65137 ns, At safepoint: 7118 ns, Total: 72255 ns
[2023-03-30T09:19:18.645+0000][45078][safepoint   ] Safepoint "Cleanup", Time since last: 28002911824 ns, Reaching safepoint: 82545 ns, At safepoint: 10225 ns, Total: 92770 ns
[2023-03-30T09:19:46.647+0000][45078][safepoint   ] Safepoint "Cleanup", Time since last: 28002658212 ns, Reaching safepoint: 53479 ns, At safepoint: 8521 ns, Total: 62000 ns
[2023-03-30T09:20:16.651+0000][45078][safepoint   ] Safepoint "Cleanup", Time since last: 30003241145 ns, Reaching safepoint: 85228 ns, At safepoint: 7096 ns, Total: 92324 ns
[2023-03-30T09:20:31.653+0000][45078][safepoint   ] Safepoint "Cleanup", Time since last: 15001701054 ns, Reaching safepoint: 72803 ns, At safepoint: 7093 ns, Total: 79896 ns
[2023-03-30T09:20:47.655+0000][45078][safepoint   ] Safepoint "Cleanup", Time since last: 16001826451 ns, Reaching safepoint: 73822 ns, At safepoint: 12389 ns, Total: 86211 ns
[2023-03-30T09:21:19.664+0000][45078][safepoint   ] Safepoint "Cleanup", Time since last: 32008984790 ns, Reaching safepoint: 157739 ns, At safepoint: 8554 ns, Total: 166293 ns
[2023-03-30T09:21:46.667+0000][45078][safepoint   ] Safepoint "Cleanup", Time since last: 27002958425 ns, Reaching safepoint: 72850 ns, At safepoint: 7945 ns, Total: 80795 ns
[2023-03-30T09:23:34.679+0000][45078][safepoint   ] Safepoint "Cleanup", Time since last: 108012053451 ns, Reaching safepoint: 125287 ns, At safepoint: 20528 ns, Total: 145815 ns
[2023-03-30T09:23:40.680+0000][45078][safepoint   ] Safepoint "Cleanup", Time since last: 6000606912 ns, Reaching safepoint: 108872 ns, At safepoint: 7906 ns, Total: 116778 ns
[2023-03-30T09:23:46.680+0000][45078][safepoint   ] Safepoint "Cleanup", Time since last: 6000818960 ns, Reaching safepoint: 55510 ns, At safepoint: 8558 ns, Total: 64068 ns
[2023-03-30T09:23:47.681+0000][45078][safepoint   ] Safepoint "Cleanup", Time since last: 1000162171 ns, Reaching safepoint: 60079 ns, At safepoint: 8336 ns, Total: 68415 ns
[2023-03-30T09:23:56.682+0000][45078][safepoint   ] Safepoint "Cleanup", Time since last: 9000908364 ns, Reaching safepoint: 78970 ns, At safepoint: 13040 ns, Total: 92010 ns
[2023-03-30T09:24:43.687+0000][45078][safepoint   ] Safepoint "Cleanup", Time since last: 47005094718 ns, Reaching safepoint: 86147 ns, At safepoint: 10065 ns, Total: 96212 ns
[2023-03-30T09:24:46.687+0000][45078][safepoint   ] Safepoint "Cleanup", Time since last: 3000409765 ns, Reaching safepoint: 62804 ns, At safepoint: 6285 ns, Total: 69089 ns
[2023-03-30T09:24:59.689+0000][45078][safepoint   ] Safepoint "Cleanup", Time since last: 13001436632 ns, Reaching safepoint: 67996 ns, At safepoint: 7112 ns, Total: 75108 ns
[2023-03-30T09:25:00.689+0000][45078][safepoint   ] Safepoint "Cleanup", Time since last: 1000134817 ns, Reaching safepoint: 114241 ns, At safepoint: 8958 ns, Total: 123199 ns
[2023-03-30T09:25:16.691+0000][45078][safepoint   ] Safepoint "Cleanup", Time since last: 16001781937 ns, Reaching safepoint: 40073 ns, At safepoint: 8060 ns, Total: 48133 ns
[2023-03-30T09:25:21.692+0000][45078][safepoint   ] Safepoint "Cleanup", Time since last: 5000680294 ns, Reaching safepoint: 47897 ns, At safepoint: 8359 ns, Total: 56256 ns
[2023-03-30T09:25:48.454+0000][45078][safepoint   ] Safepoint "Cleanup", Time since last: 26762490984 ns, Reaching safepoint: 131609 ns, At safepoint: 11404 ns, Total: 143013 ns
[2023-03-30T09:26:34.460+0000][45078][safepoint   ] Safepoint "Cleanup", Time since last: 46005248999 ns, Reaching safepoint: 93333 ns, At safepoint: 7974 ns, Total: 101307 ns
[2023-03-30T09:26:47.461+0000][45078][safepoint   ] Safepoint "Cleanup", Time since last: 13001565518 ns, Reaching safepoint: 43116 ns, At safepoint: 7190 ns, Total: 50306 ns
[2023-03-30T09:26:51.462+0000][45078][safepoint   ] Safepoint "Cleanup", Time since last: 4000446425 ns, Reaching safepoint: 47304 ns, At safepoint: 6698 ns, Total: 54002 ns
[2023-03-30T09:27:05.995+0000][45078][gc,start    ] GC(19) Pause Young (Normal) (G1 Evacuation Pause)
[2023-03-30T09:27:05.995+0000][45078][gc,task     ] GC(19) Using 1 workers of 1 for evacuation
[2023-03-30T09:27:05.995+0000][45078][gc,age      ] GC(19) Desired survivor size 33554432 bytes, new threshold 15 (max threshold 15)
[2023-03-30T09:27:06.034+0000][45078][gc,age      ] GC(19) Age table with threshold 15 (max threshold 15)
[2023-03-30T09:27:06.034+0000][45078][gc,age      ] GC(19) - age   1:     600936 bytes,     600936 total
[2023-03-30T09:27:06.034+0000][45078][gc,age      ] GC(19) - age   2:   11388448 bytes,   11989384 total
[2023-03-30T09:27:06.034+0000][45078][gc,age      ] GC(19) - age   3:     484312 bytes,   12473696 total
[2023-03-30T09:27:06.034+0000][45078][gc,phases   ] GC(19)   Pre Evacuate Collection Set: 0.2ms
[2023-03-30T09:27:06.035+0000][45078][gc,phases   ] GC(19)   Merge Heap Roots: 1.6ms
[2023-03-30T09:27:06.035+0000][45078][gc,phases   ] GC(19)   Evacuate Collection Set: 35.5ms
[2023-03-30T09:27:06.035+0000][45078][gc,phases   ] GC(19)   Post Evacuate Collection Set: 2.2ms
[2023-03-30T09:27:06.035+0000][45078][gc,phases   ] GC(19)   Other: 0.3ms
[2023-03-30T09:27:06.035+0000][45078][gc,heap     ] GC(19) Eden regions: 123->0(225)
[2023-03-30T09:27:06.035+0000][45078][gc,heap     ] GC(19) Survivor regions: 4->3(16)
[2023-03-30T09:27:06.035+0000][45078][gc,heap     ] GC(19) Old regions: 17->17
[2023-03-30T09:27:06.035+0000][45078][gc,heap     ] GC(19) Archive regions: 2->2
[2023-03-30T09:27:06.035+0000][45078][gc,heap     ] GC(19) Humongous regions: 2->2
[2023-03-30T09:27:06.035+0000][45078][gc,metaspace] GC(19) Metaspace: 107414K(108928K)->107414K(108928K) NonClass: 92528K(93440K)->92528K(93440K) Class: 14886K(15488K)->14886K(15488K)
[2023-03-30T09:27:06.035+0000][45078][gc          ] GC(19) Pause Young (Normal) (G1 Evacuation Pause) 583M->88M(1964M) 39.987ms
[2023-03-30T09:27:06.035+0000][45078][gc,cpu      ] GC(19) User=0.03s Sys=0.00s Real=0.04s
[2023-03-30T09:27:06.035+0000][45078][safepoint   ] Safepoint "G1CollectForAllocation", Time since last: 14528000871 ns, Reaching safepoint: 42283 ns, At safepoint: 44896398 ns, Total: 44938681 ns
[2023-03-30T09:27:37.038+0000][45078][safepoint   ] Safepoint "Cleanup", Time since last: 31003456760 ns, Reaching safepoint: 80209 ns, At safepoint: 7075 ns, Total: 87284 ns
[2023-03-30T09:27:47.040+0000][45078][safepoint   ] Safepoint "Cleanup", Time since last: 10001227169 ns, Reaching safepoint: 44495 ns, At safepoint: 6979 ns, Total: 51474 ns
[2023-03-30T09:27:53.040+0000][45078][safepoint   ] Safepoint "Cleanup", Time since last: 6000533706 ns, Reaching safepoint: 55532 ns, At safepoint: 8519 ns, Total: 64051 ns
[2023-03-30T09:28:08.042+0000][45078][safepoint   ] Safepoint "Cleanup", Time since last: 15001697067 ns, Reaching safepoint: 119419 ns, At safepoint: 11810 ns, Total: 131229 ns
[2023-03-30T09:28:17.043+0000][45078][safepoint   ] Safepoint "Cleanup", Time since last: 9001336069 ns, Reaching safepoint: 48881 ns, At safepoint: 8633 ns, Total: 57514 ns
[2023-03-30T09:28:24.044+0000][45078][safepoint   ] Safepoint "Cleanup", Time since last: 7000739811 ns, Reaching safepoint: 45114 ns, At safepoint: 6745 ns, Total: 51859 ns
[2023-03-30T09:28:32.045+0000][45078][safepoint   ] Safepoint "Cleanup", Time since last: 8001082436 ns, Reaching safepoint: 68895 ns, At safepoint: 7283 ns, Total: 76178 ns
[2023-03-30T09:28:39.237+0000][45078][safepoint   ] Safepoint "Cleanup", Time since last: 7187802062 ns, Reaching safepoint: 3805366 ns, At safepoint: 9024 ns, Total: 3814390 ns
[2023-03-30T09:28:40.238+0000][45078][safepoint   ] Safepoint "Cleanup", Time since last: 1001025859 ns, Reaching safepoint: 58061 ns, At safepoint: 8400 ns, Total: 66461 ns
[2023-03-30T09:28:46.239+0000][45078][safepoint   ] Safepoint "Cleanup", Time since last: 6000808856 ns, Reaching safepoint: 41339 ns, At safepoint: 8445 ns, Total: 49784 ns
[2023-03-30T09:28:47.239+0000][45078][safepoint   ] Safepoint "Cleanup", Time since last: 1000208023 ns, Reaching safepoint: 71914 ns, At safepoint: 11988 ns, Total: 83902 ns
[2023-03-30T09:29:11.242+0000][45078][safepoint   ] Safepoint "Cleanup", Time since last: 24002660674 ns, Reaching safepoint: 73178 ns, At safepoint: 6950 ns, Total: 80128 ns
[2023-03-30T09:29:26.244+0000][45078][safepoint   ] Safepoint "Cleanup", Time since last: 15001878310 ns, Reaching safepoint: 77847 ns, At safepoint: 12154 ns, Total: 90001 ns
[2023-03-30T09:30:12.249+0000][45078][safepoint   ] Safepoint "Cleanup", Time since last: 46005326401 ns, Reaching safepoint: 85405 ns, At safepoint: 7396 ns, Total: 92801 ns
[2023-03-30T09:30:14.250+0000][45078][safepoint   ] Safepoint "Cleanup", Time since last: 2000215141 ns, Reaching safepoint: 44774 ns, At safepoint: 7292 ns, Total: 52066 ns
[2023-03-30T09:30:30.251+0000][45078][safepoint   ] Safepoint "Cleanup", Time since last: 16001752129 ns, Reaching safepoint: 73725 ns, At safepoint: 6856 ns, Total: 80581 ns
[2023-03-30T09:30:45.253+0000][45078][safepoint   ] Safepoint "Cleanup", Time since last: 15001732362 ns, Reaching safepoint: 73197 ns, At safepoint: 7620 ns, Total: 80817 ns
[2023-03-30T09:31:17.257+0000][45078][safepoint   ] Safepoint "Cleanup", Time since last: 32003706630 ns, Reaching safepoint: 95458 ns, At safepoint: 12291 ns, Total: 107749 ns
[2023-03-30T09:31:47.261+0000][45078][safepoint   ] Safepoint "Cleanup", Time since last: 30003615143 ns, Reaching safepoint: 61529 ns, At safepoint: 6958 ns, Total: 68487 ns
[2023-03-30T09:31:49.261+0000][45078][safepoint   ] Safepoint "Cleanup", Time since last: 2000347354 ns, Reaching safepoint: 42175 ns, At safepoint: 6996 ns, Total: 49171 ns
[2023-03-30T09:31:52.262+0000][45078][safepoint   ] Safepoint "Cleanup", Time since last: 3000454391 ns, Reaching safepoint: 41940 ns, At safepoint: 6996 ns, Total: 48936 ns
[2023-03-30T09:32:04.263+0000][45078][safepoint   ] Safepoint "Cleanup", Time since last: 12001331263 ns, Reaching safepoint: 57478 ns, At safepoint: 7578 ns, Total: 65056 ns
[2023-03-30T09:32:17.265+0000][45078][safepoint   ] Safepoint "Cleanup", Time since last: 13001541449 ns, Reaching safepoint: 57839 ns, At safepoint: 7183 ns, Total: 65022 ns
[2023-03-30T09:32:52.269+0000][45078][safepoint   ] Safepoint "Cleanup", Time since last: 35003956792 ns, Reaching safepoint: 74494 ns, At safepoint: 7134 ns, Total: 81628 ns
[2023-03-30T09:33:17.272+0000][45078][safepoint   ] Safepoint "Cleanup", Time since last: 25003259516 ns, Reaching safepoint: 151149 ns, At safepoint: 10013 ns, Total: 161162 ns
[2023-03-30T09:33:24.273+0000][45078][safepoint   ] Safepoint "Cleanup", Time since last: 7000653900 ns, Reaching safepoint: 49223 ns, At safepoint: 7068 ns, Total: 56291 ns
[2023-03-30T09:33:39.274+0000][45078][safepoint   ] Safepoint "Cleanup", Time since last: 15001573148 ns, Reaching safepoint: 68901 ns, At safepoint: 7514 ns, Total: 76415 ns
[2023-03-30T09:33:40.275+0000][45078][safepoint   ] Safepoint "Cleanup", Time since last: 1000170519 ns, Reaching safepoint: 50838 ns, At safepoint: 7224 ns, Total: 58062 ns
[2023-03-30T09:33:48.276+0000][45078][safepoint   ] Safepoint "Cleanup", Time since last: 8001063764 ns, Reaching safepoint: 99895 ns, At safepoint: 12468 ns, Total: 112363 ns
[2023-03-30T09:34:34.281+0000][45078][safepoint   ] Safepoint "Cleanup", Time since last: 46005298554 ns, Reaching safepoint: 93414 ns, At safepoint: 7480 ns, Total: 100894 ns
[2023-03-30T09:34:42.282+0000][45078][safepoint   ] Safepoint "Cleanup", Time since last: 8000830074 ns, Reaching safepoint: 72333 ns, At safepoint: 7352 ns, Total: 79685 ns
[2023-03-30T09:34:58.284+0000][45078][safepoint   ] Safepoint "Cleanup", Time since last: 16001767231 ns, Reaching safepoint: 55450 ns, At safepoint: 7066 ns, Total: 62516 ns
[2023-03-30T09:35:51.290+0000][45078][safepoint   ] Safepoint "Cleanup", Time since last: 53006019645 ns, Reaching safepoint: 105135 ns, At safepoint: 9300 ns, Total: 114435 ns
[2023-03-30T09:36:16.293+0000][45078][safepoint   ] Safepoint "Cleanup", Time since last: 25002649358 ns, Reaching safepoint: 117919 ns, At safepoint: 18487 ns, Total: 136406 ns
[2023-03-30T09:36:17.293+0000][45078][safepoint   ] Safepoint "Cleanup", Time since last: 1000140997 ns, Reaching safepoint: 49066 ns, At safepoint: 7456 ns, Total: 56522 ns
[2023-03-30T09:36:22.294+0000][45078][safepoint   ] Safepoint "Cleanup", Time since last: 5000758681 ns, Reaching safepoint: 73889 ns, At safepoint: 12164 ns, Total: 86053 ns
[2023-03-30T09:36:23.294+0000][45078][safepoint   ] Safepoint "Cleanup", Time since last: 1000201693 ns, Reaching safepoint: 48543 ns, At safepoint: 7201 ns, Total: 55744 ns
[2023-03-30T09:36:33.029+0000][45078][safepoint   ] Safepoint "Cleanup", Time since last: 9735124102 ns, Reaching safepoint: 48111 ns, At safepoint: 8720 ns, Total: 56831 ns
[2023-03-30T09:36:47.031+0000][45078][safepoint   ] Safepoint "Cleanup", Time since last: 14001635111 ns, Reaching safepoint: 80697 ns, At safepoint: 13416 ns, Total: 94113 ns
[2023-03-30T09:36:48.031+0000][45078][safepoint   ] Safepoint "Cleanup", Time since last: 1000186479 ns, Reaching safepoint: 47341 ns, At safepoint: 6908 ns, Total: 54249 ns
[2023-03-30T09:36:52.032+0000][45078][safepoint   ] Safepoint "Cleanup", Time since last: 4000588422 ns, Reaching safepoint: 48350 ns, At safepoint: 8924 ns, Total: 57274 ns
[2023-03-30T09:37:17.035+0000][45078][safepoint   ] Safepoint "Cleanup", Time since last: 25002807238 ns, Reaching safepoint: 76730 ns, At safepoint: 7943 ns, Total: 84673 ns
[2023-03-30T09:37:32.037+0000][45078][safepoint   ] Safepoint "Cleanup", Time since last: 15001723222 ns, Reaching safepoint: 44693 ns, At safepoint: 6973 ns, Total: 51666 ns
[2023-03-30T09:37:47.038+0000][45078][safepoint   ] Safepoint "Cleanup", Time since last: 15001691208 ns, Reaching safepoint: 64185 ns, At safepoint: 7307 ns, Total: 71492 ns
[2023-03-30T09:38:23.042+0000][45078][safepoint   ] Safepoint "Cleanup", Time since last: 36003695185 ns, Reaching safepoint: 90371 ns, At safepoint: 7535 ns, Total: 97906 ns
[2023-03-30T09:38:47.045+0000][45078][safepoint   ] Safepoint "Cleanup", Time since last: 24003117898 ns, Reaching safepoint: 81813 ns, At safepoint: 7059 ns, Total: 88872 ns
[2023-03-30T09:38:53.046+0000][45078][safepoint   ] Safepoint "Cleanup", Time since last: 6000561260 ns, Reaching safepoint: 45845 ns, At safepoint: 7152 ns, Total: 52997 ns
[2023-03-30T09:38:55.047+0000][45078][safepoint   ] Safepoint "Cleanup", Time since last: 2000279485 ns, Reaching safepoint: 91767 ns, At safepoint: 48574 ns, Total: 140341 ns
[2023-03-30T09:39:10.048+0000][45078][safepoint   ] Safepoint "Cleanup", Time since last: 15001555294 ns, Reaching safepoint: 53575 ns, At safepoint: 7165 ns, Total: 60740 ns
[2023-03-30T09:40:45.058+0000][45078][safepoint   ] Safepoint "Cleanup", Time since last: 95010228773 ns, Reaching safepoint: 68901 ns, At safepoint: 7158 ns, Total: 76059 ns
[2023-03-30T09:41:01.060+0000][45078][safepoint   ] Safepoint "Cleanup", Time since last: 16001868328 ns, Reaching safepoint: 73291 ns, At safepoint: 13147 ns, Total: 86438 ns
[2023-03-30T09:41:23.063+0000][45078][safepoint   ] Safepoint "Cleanup", Time since last: 22002584940 ns, Reaching safepoint: 109542 ns, At safepoint: 9710 ns, Total: 119252 ns
[2023-03-30T09:41:49.066+0000][45078][safepoint   ] Safepoint "Cleanup", Time since last: 26003014641 ns, Reaching safepoint: 100606 ns, At safepoint: 12090 ns, Total: 112696 ns
[2023-03-30T09:42:49.073+0000][45078][safepoint   ] Safepoint "Cleanup", Time since last: 60006978797 ns, Reaching safepoint: 93813 ns, At safepoint: 7823 ns, Total: 101636 ns
[2023-03-30T09:43:17.077+0000][45078][safepoint   ] Safepoint "Cleanup", Time since last: 28003551722 ns, Reaching safepoint: 85366 ns, At safepoint: 15896 ns, Total: 101262 ns
[2023-03-30T09:43:23.078+0000][45078][safepoint   ] Safepoint "Cleanup", Time since last: 6000581130 ns, Reaching safepoint: 78081 ns, At safepoint: 12797 ns, Total: 90878 ns
[2023-03-30T09:43:45.080+0000][45078][safepoint   ] Safepoint "Cleanup", Time since last: 22002617897 ns, Reaching safepoint: 48917 ns, At safepoint: 7315 ns, Total: 56232 ns
[2023-03-30T09:43:48.081+0000][45078][safepoint   ] Safepoint "Cleanup", Time since last: 3000465304 ns, Reaching safepoint: 73630 ns, At safepoint: 11978 ns, Total: 85608 ns
[2023-03-30T09:44:22.085+0000][45078][safepoint   ] Safepoint "Cleanup", Time since last: 34003881704 ns, Reaching safepoint: 71552 ns, At safepoint: 6776 ns, Total: 78328 ns
[2023-03-30T09:44:47.088+0000][45078][safepoint   ] Safepoint "Cleanup", Time since last: 25002881148 ns, Reaching safepoint: 69795 ns, At safepoint: 7408 ns, Total: 77203 ns
[2023-03-30T09:45:15.091+0000][45078][safepoint   ] Safepoint "Cleanup", Time since last: 28003123369 ns, Reaching safepoint: 79759 ns, At safepoint: 7421 ns, Total: 87180 ns
[2023-03-30T09:45:22.092+0000][45078][safepoint   ] Safepoint "Cleanup", Time since last: 7000858710 ns, Reaching safepoint: 60200 ns, At safepoint: 10612 ns, Total: 70812 ns
[2023-03-30T09:45:28.093+0000][45078][safepoint   ] Safepoint "Cleanup", Time since last: 6000604452 ns, Reaching safepoint: 98276 ns, At safepoint: 21751 ns, Total: 120027 ns
[2023-03-30T09:45:44.094+0000][45078][safepoint   ] Safepoint "Cleanup", Time since last: 16001772286 ns, Reaching safepoint: 62513 ns, At safepoint: 7321 ns, Total: 69834 ns
[2023-03-30T09:46:00.096+0000][45078][safepoint   ] Safepoint "Cleanup", Time since last: 16001826911 ns, Reaching safepoint: 69774 ns, At safepoint: 6824 ns, Total: 76598 ns
[2023-03-30T09:46:15.098+0000][45078][safepoint   ] Safepoint "Cleanup", Time since last: 15001811559 ns, Reaching safepoint: 55419 ns, At safepoint: 7292 ns, Total: 62711 ns
[2023-03-30T09:46:47.102+0000][45078][safepoint   ] Safepoint "Cleanup", Time since last: 32003280621 ns, Reaching safepoint: 76373 ns, At safepoint: 7094 ns, Total: 83467 ns
[2023-03-30T09:47:34.107+0000][45078][safepoint   ] Safepoint "Cleanup", Time since last: 47004936346 ns, Reaching safepoint: 71049 ns, At safepoint: 7213 ns, Total: 78262 ns
[2023-03-30T09:47:47.108+0000][45078][safepoint   ] Safepoint "Cleanup", Time since last: 13001355265 ns, Reaching safepoint: 44774 ns, At safepoint: 6898 ns, Total: 51672 ns
[2023-03-30T09:48:17.111+0000][45078][safepoint   ] Safepoint "Cleanup", Time since last: 30003341496 ns, Reaching safepoint: 73474 ns, At safepoint: 7641 ns, Total: 81115 ns
[2023-03-30T09:48:22.112+0000][45078][safepoint   ] Safepoint "Cleanup", Time since last: 5000498761 ns, Reaching safepoint: 81973 ns, At safepoint: 10265 ns, Total: 92238 ns
[2023-03-30T09:48:53.115+0000][45078][safepoint   ] Safepoint "Cleanup", Time since last: 31003301987 ns, Reaching safepoint: 73718 ns, At safepoint: 7131 ns, Total: 80849 ns
[2023-03-30T09:49:07.117+0000][45078][safepoint   ] Safepoint "Cleanup", Time since last: 14001595246 ns, Reaching safepoint: 69260 ns, At safepoint: 7488 ns, Total: 76748 ns
[2023-03-30T09:49:56.123+0000][45078][safepoint   ] Safepoint "Cleanup", Time since last: 49005641832 ns, Reaching safepoint: 108128 ns, At safepoint: 7592 ns, Total: 115720 ns
[2023-03-30T09:50:12.125+0000][45078][safepoint   ] Safepoint "Cleanup", Time since last: 16001937471 ns, Reaching safepoint: 99149 ns, At safepoint: 34770 ns, Total: 133919 ns
[2023-03-30T09:50:43.128+0000][45078][safepoint   ] Safepoint "Cleanup", Time since last: 31003471137 ns, Reaching safepoint: 63140 ns, At safepoint: 6767 ns, Total: 69907 ns
[2023-03-30T09:51:15.133+0000][45078][safepoint   ] Safepoint "Cleanup", Time since last: 32004042098 ns, Reaching safepoint: 87380 ns, At safepoint: 7599 ns, Total: 94979 ns
[2023-03-30T09:51:30.134+0000][45078][safepoint   ] Safepoint "Cleanup", Time since last: 15001773775 ns, Reaching safepoint: 54569 ns, At safepoint: 7325 ns, Total: 61894 ns
[2023-03-30T09:51:46.136+0000][45078][safepoint   ] Safepoint "Cleanup", Time since last: 16001644346 ns, Reaching safepoint: 74167 ns, At safepoint: 7793 ns, Total: 81960 ns
[2023-03-30T09:52:02.138+0000][45078][safepoint   ] Safepoint "Cleanup", Time since last: 16001614126 ns, Reaching safepoint: 51103 ns, At safepoint: 7011 ns, Total: 58114 ns
[2023-03-30T09:52:17.140+0000][45078][safepoint   ] Safepoint "Cleanup", Time since last: 15001972177 ns, Reaching safepoint: 79829 ns, At safepoint: 7619 ns, Total: 87448 ns
[2023-03-30T09:52:47.143+0000][45078][safepoint   ] Safepoint "Cleanup", Time since last: 30003228287 ns, Reaching safepoint: 65585 ns, At safepoint: 13142 ns, Total: 78727 ns
[2023-03-30T09:53:36.149+0000][45078][safepoint   ] Safepoint "Cleanup", Time since last: 49005305579 ns, Reaching safepoint: 125625 ns, At safepoint: 12892 ns, Total: 138517 ns
[2023-03-30T09:58:36.181+0000][45078][safepoint   ] Safepoint "Cleanup", Time since last: 300032360709 ns, Reaching safepoint: 86282 ns, At safepoint: 7569 ns, Total: 93851 ns
[2023-03-30T10:00:01.190+0000][45078][safepoint   ] Safepoint "Cleanup", Time since last: 85009115784 ns, Reaching safepoint: 111380 ns, At safepoint: 11317 ns, Total: 122697 ns
[2023-03-30T10:00:21.192+0000][45078][safepoint   ] Safepoint "Cleanup", Time since last: 20001889045 ns, Reaching safepoint: 96974 ns, At safepoint: 8904 ns, Total: 105878 ns
[2023-03-30T10:00:33.198+0000][45078][safepoint   ] Safepoint "Cleanup", Time since last: 12005847054 ns, Reaching safepoint: 79532 ns, At safepoint: 7777 ns, Total: 87309 ns
[2023-03-30T10:00:34.199+0000][45078][safepoint   ] Safepoint "Cleanup", Time since last: 1000128913 ns, Reaching safepoint: 215816 ns, At safepoint: 9898 ns, Total: 225714 ns
[2023-03-30T10:00:35.199+0000][45078][safepoint   ] Safepoint "Cleanup", Time since last: 1000129294 ns, Reaching safepoint: 125847 ns, At safepoint: 8256 ns, Total: 134103 ns
[2023-03-30T10:00:36.199+0000][45078][safepoint   ] Safepoint "Cleanup", Time since last: 1000178616 ns, Reaching safepoint: 77479 ns, At safepoint: 8087 ns, Total: 85566 ns
[2023-03-30T10:00:37.199+0000][45078][safepoint   ] Safepoint "Cleanup", Time since last: 1000134356 ns, Reaching safepoint: 71242 ns, At safepoint: 13686 ns, Total: 84928 ns
[2023-03-30T10:00:38.200+0000][45078][safepoint   ] Safepoint "Cleanup", Time since last: 1000121748 ns, Reaching safepoint: 45939 ns, At safepoint: 7989 ns, Total: 53928 ns
[2023-03-30T10:00:40.203+0000][45078][safepoint   ] Safepoint "Cleanup", Time since last: 2003120412 ns, Reaching safepoint: 80118 ns, At safepoint: 8832 ns, Total: 88950 ns
[2023-03-30T10:00:41.203+0000][45078][safepoint   ] Safepoint "Cleanup", Time since last: 1000121830 ns, Reaching safepoint: 44509 ns, At safepoint: 7349 ns, Total: 51858 ns
[2023-03-30T10:00:42.203+0000][45078][safepoint   ] Safepoint "Cleanup", Time since last: 1000182149 ns, Reaching safepoint: 50312 ns, At safepoint: 11679 ns, Total: 61991 ns
[2023-03-30T10:00:44.203+0000][45078][safepoint   ] Safepoint "Cleanup", Time since last: 2000214190 ns, Reaching safepoint: 65358 ns, At safepoint: 7430 ns, Total: 72788 ns
[2023-03-30T10:00:46.204+0000][45078][safepoint   ] Safepoint "Cleanup", Time since last: 2000319317 ns, Reaching safepoint: 50222 ns, At safepoint: 7395 ns, Total: 57617 ns
[2023-03-30T10:00:47.204+0000][45078][safepoint   ] Safepoint "Cleanup", Time since last: 1000210335 ns, Reaching safepoint: 53985 ns, At safepoint: 7067 ns, Total: 61052 ns
[2023-03-30T10:00:48.204+0000][45078][safepoint   ] Safepoint "Cleanup", Time since last: 1000179566 ns, Reaching safepoint: 80639 ns, At safepoint: 7275 ns, Total: 87914 ns
[2023-03-30T10:00:49.205+0000][45078][safepoint   ] Safepoint "Cleanup", Time since last: 1000177804 ns, Reaching safepoint: 86260 ns, At safepoint: 7291 ns, Total: 93551 ns
[2023-03-30T10:00:50.205+0000][45078][safepoint   ] Safepoint "Cleanup", Time since last: 1000228773 ns, Reaching safepoint: 72377 ns, At safepoint: 7557 ns, Total: 79934 ns
[2023-03-30T10:00:51.205+0000][45078][safepoint   ] Safepoint "Cleanup", Time since last: 1000161897 ns, Reaching safepoint: 99367 ns, At safepoint: 17455 ns, Total: 116822 ns
[2023-03-30T10:00:52.205+0000][45078][safepoint   ] Safepoint "Cleanup", Time since last: 1000169409 ns, Reaching safepoint: 57352 ns, At safepoint: 7551 ns, Total: 64903 ns
[2023-03-30T10:00:53.206+0000][45078][safepoint   ] Safepoint "Cleanup", Time since last: 1000193548 ns, Reaching safepoint: 69932 ns, At safepoint: 7551 ns, Total: 77483 ns
[2023-03-30T10:00:54.206+0000][45078][safepoint   ] Safepoint "Cleanup", Time since last: 1000192353 ns, Reaching safepoint: 63058 ns, At safepoint: 7424 ns, Total: 70482 ns
[2023-03-30T10:00:57.207+0000][45078][safepoint   ] Safepoint "Cleanup", Time since last: 3000442255 ns, Reaching safepoint: 52417 ns, At safepoint: 8667 ns, Total: 61084 ns
[2023-03-30T10:00:58.207+0000][45078][safepoint   ] Safepoint "Cleanup", Time since last: 1000155285 ns, Reaching safepoint: 46654 ns, At safepoint: 7324 ns, Total: 53978 ns
[2023-03-30T10:01:04.208+0000][45078][safepoint   ] Safepoint "Cleanup", Time since last: 6000790829 ns, Reaching safepoint: 85670 ns, At safepoint: 7573 ns, Total: 93243 ns
[2023-03-30T10:01:05.208+0000][45078][safepoint   ] Safepoint "Cleanup", Time since last: 1000142950 ns, Reaching safepoint: 46333 ns, At safepoint: 7124 ns, Total: 53457 ns
[2023-03-30T10:01:10.209+0000][45078][safepoint   ] Safepoint "Cleanup", Time since last: 5000637447 ns, Reaching safepoint: 153555 ns, At safepoint: 8396 ns, Total: 161951 ns
[2023-03-30T10:01:14.209+0000][45078][safepoint   ] Safepoint "Cleanup", Time since last: 4000618355 ns, Reaching safepoint: 51311 ns, At safepoint: 8584 ns, Total: 59895 ns
[2023-03-30T10:01:15.210+0000][45078][safepoint   ] Safepoint "Cleanup", Time since last: 1000204249 ns, Reaching safepoint: 78539 ns, At safepoint: 12507 ns, Total: 91046 ns
[2023-03-30T10:01:16.210+0000][45078][safepoint   ] Safepoint "Cleanup", Time since last: 1000207265 ns, Reaching safepoint: 56417 ns, At safepoint: 7386 ns, Total: 63803 ns
[2023-03-30T10:01:21.211+0000][45078][safepoint   ] Safepoint "Cleanup", Time since last: 5000596053 ns, Reaching safepoint: 51969 ns, At safepoint: 7326 ns, Total: 59295 ns
[2023-03-30T10:01:24.211+0000][45078][safepoint   ] Safepoint "Cleanup", Time since last: 3000443245 ns, Reaching safepoint: 64914 ns, At safepoint: 7699 ns, Total: 72613 ns
[2023-03-30T10:01:27.212+0000][45078][safepoint   ] Safepoint "Cleanup", Time since last: 3000441477 ns, Reaching safepoint: 49171 ns, At safepoint: 7204 ns, Total: 56375 ns
[2023-03-30T10:01:34.213+0000][45078][safepoint   ] Safepoint "Cleanup", Time since last: 7000927076 ns, Reaching safepoint: 66608 ns, At safepoint: 7717 ns, Total: 74325 ns
[2023-03-30T10:01:38.213+0000][45078][safepoint   ] Safepoint "Cleanup", Time since last: 4000551787 ns, Reaching safepoint: 49542 ns, At safepoint: 7212 ns, Total: 56754 ns
[2023-03-30T10:01:40.213+0000][45078][safepoint   ] Safepoint "Cleanup", Time since last: 2000253298 ns, Reaching safepoint: 76141 ns, At safepoint: 7501 ns, Total: 83642 ns
[2023-03-30T10:01:41.214+0000][45078][safepoint   ] Safepoint "Cleanup", Time since last: 1000208630 ns, Reaching safepoint: 48084 ns, At safepoint: 7369 ns, Total: 55453 ns
[2023-03-30T10:01:44.214+0000][45078][safepoint   ] Safepoint "Cleanup", Time since last: 3000492646 ns, Reaching safepoint: 53728 ns, At safepoint: 7231 ns, Total: 60959 ns
[2023-03-30T10:01:51.215+0000][45078][safepoint   ] Safepoint "Cleanup", Time since last: 7001011992 ns, Reaching safepoint: 49575 ns, At safepoint: 7483 ns, Total: 57058 ns
[2023-03-30T10:01:54.216+0000][45078][safepoint   ] Safepoint "Cleanup", Time since last: 3000404395 ns, Reaching safepoint: 54469 ns, At safepoint: 9037 ns, Total: 63506 ns
[2023-03-30T10:02:04.217+0000][45078][safepoint   ] Safepoint "Cleanup", Time since last: 10001281908 ns, Reaching safepoint: 57066 ns, At safepoint: 7777 ns, Total: 64843 ns
[2023-03-30T10:02:09.218+0000][45078][safepoint   ] Safepoint "Cleanup", Time since last: 5000622349 ns, Reaching safepoint: 77060 ns, At safepoint: 13063 ns, Total: 90123 ns
[2023-03-30T10:02:10.218+0000][45078][safepoint   ] Safepoint "Cleanup", Time since last: 1000130484 ns, Reaching safepoint: 72453 ns, At safepoint: 8288 ns, Total: 80741 ns
[2023-03-30T10:02:11.218+0000][45078][safepoint   ] Safepoint "Cleanup", Time since last: 1000214269 ns, Reaching safepoint: 59087 ns, At safepoint: 7155 ns, Total: 66242 ns
[2023-03-30T10:02:14.219+0000][45078][safepoint   ] Safepoint "Cleanup", Time since last: 3000433066 ns, Reaching safepoint: 54570 ns, At safepoint: 7459 ns, Total: 62029 ns
[2023-03-30T10:02:16.219+0000][45078][safepoint   ] Safepoint "Cleanup", Time since last: 2000286336 ns, Reaching safepoint: 60125 ns, At safepoint: 7492 ns, Total: 67617 ns
[2023-03-30T10:02:20.220+0000][45078][safepoint   ] Safepoint "Cleanup", Time since last: 4000541011 ns, Reaching safepoint: 46163 ns, At safepoint: 7094 ns, Total: 53257 ns
[2023-03-30T10:02:21.220+0000][45078][safepoint   ] Safepoint "Cleanup", Time since last: 1000189023 ns, Reaching safepoint: 48981 ns, At safepoint: 8582 ns, Total: 57563 ns
[2023-03-30T10:02:22.220+0000][45078][safepoint   ] Safepoint "Cleanup", Time since last: 1000187855 ns, Reaching safepoint: 49092 ns, At safepoint: 8875 ns, Total: 57967 ns
[2023-03-30T10:02:27.221+0000][45078][safepoint   ] Safepoint "Cleanup", Time since last: 5000669649 ns, Reaching safepoint: 45578 ns, At safepoint: 7232 ns, Total: 52810 ns
[2023-03-30T10:02:33.223+0000][45078][safepoint   ] Safepoint "Cleanup", Time since last: 6001938990 ns, Reaching safepoint: 46744 ns, At safepoint: 7213 ns, Total: 53957 ns
[2023-03-30T10:02:34.223+0000][45078][safepoint   ] Safepoint "Cleanup", Time since last: 1000143985 ns, Reaching safepoint: 61158 ns, At safepoint: 7600 ns, Total: 68758 ns
[2023-03-30T10:02:35.223+0000][45078][safepoint   ] Safepoint "Cleanup", Time since last: 1000193621 ns, Reaching safepoint: 49313 ns, At safepoint: 7188 ns, Total: 56501 ns
[2023-03-30T10:02:40.224+0000][45078][safepoint   ] Safepoint "Cleanup", Time since last: 5000652950 ns, Reaching safepoint: 75021 ns, At safepoint: 15847 ns, Total: 90868 ns
[2023-03-30T10:02:47.230+0000][45078][safepoint   ] Safepoint "Cleanup", Time since last: 7005700501 ns, Reaching safepoint: 49724 ns, At safepoint: 8904 ns, Total: 58628 ns
[2023-03-30T10:02:48.230+0000][45078][safepoint   ] Safepoint "Cleanup", Time since last: 1000178385 ns, Reaching safepoint: 45255 ns, At safepoint: 7123 ns, Total: 52378 ns
[2023-03-30T10:02:50.231+0000][45078][safepoint   ] Safepoint "Cleanup", Time since last: 2000252993 ns, Reaching safepoint: 52563 ns, At safepoint: 7661 ns, Total: 60224 ns
[2023-03-30T10:02:54.231+0000][45078][safepoint   ] Safepoint "Cleanup", Time since last: 4000599914 ns, Reaching safepoint: 70736 ns, At safepoint: 7464 ns, Total: 78200 ns
[2023-03-30T10:02:58.232+0000][45078][safepoint   ] Safepoint "Cleanup", Time since last: 4000507173 ns, Reaching safepoint: 71469 ns, At safepoint: 7152 ns, Total: 78621 ns
[2023-03-30T10:02:59.232+0000][45078][safepoint   ] Safepoint "Cleanup", Time since last: 1000183928 ns, Reaching safepoint: 54035 ns, At safepoint: 7693 ns, Total: 61728 ns
[2023-03-30T10:03:04.234+0000][45078][safepoint   ] Safepoint "Cleanup", Time since last: 5001557510 ns, Reaching safepoint: 68566 ns, At safepoint: 7582 ns, Total: 76148 ns
[2023-03-30T10:03:05.234+0000][45078][safepoint   ] Safepoint "Cleanup", Time since last: 1000142415 ns, Reaching safepoint: 54401 ns, At safepoint: 8635 ns, Total: 63036 ns
[2023-03-30T10:03:10.235+0000][45078][safepoint   ] Safepoint "Cleanup", Time since last: 5000645739 ns, Reaching safepoint: 86836 ns, At safepoint: 7746 ns, Total: 94582 ns
[2023-03-30T10:03:15.235+0000][45078][safepoint   ] Safepoint "Cleanup", Time since last: 5000713124 ns, Reaching safepoint: 91854 ns, At safepoint: 9647 ns, Total: 101501 ns
[2023-03-30T10:03:23.237+0000][45078][safepoint   ] Safepoint "Cleanup", Time since last: 8001174694 ns, Reaching safepoint: 47806 ns, At safepoint: 7454 ns, Total: 55260 ns
[2023-03-30T10:03:24.237+0000][45078][safepoint   ] Safepoint "Cleanup", Time since last: 1000191674 ns, Reaching safepoint: 76025 ns, At safepoint: 9766 ns, Total: 85791 ns
[2023-03-30T10:03:25.237+0000][45078][safepoint   ] Safepoint "Cleanup", Time since last: 1000166513 ns, Reaching safepoint: 50784 ns, At safepoint: 7309 ns, Total: 58093 ns
[2023-03-30T10:03:28.238+0000][45078][safepoint   ] Safepoint "Cleanup", Time since last: 3000392485 ns, Reaching safepoint: 46635 ns, At safepoint: 7256 ns, Total: 53891 ns
[2023-03-30T10:03:34.239+0000][45078][safepoint   ] Safepoint "Cleanup", Time since last: 6000905338 ns, Reaching safepoint: 73239 ns, At safepoint: 7613 ns, Total: 80852 ns
[2023-03-30T10:03:40.240+0000][45078][safepoint   ] Safepoint "Cleanup", Time since last: 6000882212 ns, Reaching safepoint: 70461 ns, At safepoint: 8569 ns, Total: 79030 ns
[2023-03-30T10:03:44.240+0000][45078][safepoint   ] Safepoint "Cleanup", Time since last: 4000500761 ns, Reaching safepoint: 83842 ns, At safepoint: 7699 ns, Total: 91541 ns
[2023-03-30T10:03:46.241+0000][45078][safepoint   ] Safepoint "Cleanup", Time since last: 2000286473 ns, Reaching safepoint: 75599 ns, At safepoint: 12702 ns, Total: 88301 ns
[2023-03-30T10:03:47.241+0000][45078][safepoint   ] Safepoint "Cleanup", Time since last: 1000244808 ns, Reaching safepoint: 74784 ns, At safepoint: 13192 ns, Total: 87976 ns
[2023-03-30T10:03:48.241+0000][45078][safepoint   ] Safepoint "Cleanup", Time since last: 1000226558 ns, Reaching safepoint: 64915 ns, At safepoint: 7771 ns, Total: 72686 ns
[2023-03-30T10:03:49.241+0000][45078][safepoint   ] Safepoint "Cleanup", Time since last: 1000175495 ns, Reaching safepoint: 47512 ns, At safepoint: 7169 ns, Total: 54681 ns
[2023-03-30T10:03:54.242+0000][45078][safepoint   ] Safepoint "Cleanup", Time since last: 5000691174 ns, Reaching safepoint: 55192 ns, At safepoint: 7063 ns, Total: 62255 ns
[2023-03-30T10:04:04.244+0000][45078][safepoint   ] Safepoint "Cleanup", Time since last: 10001464796 ns, Reaching safepoint: 62642 ns, At safepoint: 7363 ns, Total: 70005 ns
[2023-03-30T10:04:10.245+0000][45078][safepoint   ] Safepoint "Cleanup", Time since last: 6000832331 ns, Reaching safepoint: 65856 ns, At safepoint: 7618 ns, Total: 73474 ns
[2023-03-30T10:04:11.245+0000][45078][safepoint   ] Safepoint "Cleanup", Time since last: 1000241495 ns, Reaching safepoint: 54370 ns, At safepoint: 7019 ns, Total: 61389 ns
[2023-03-30T10:04:14.246+0000][45078][safepoint   ] Safepoint "Cleanup", Time since last: 3000321905 ns, Reaching safepoint: 372348 ns, At safepoint: 10241 ns, Total: 382589 ns
[2023-03-30T10:04:22.247+0000][45078][safepoint   ] Safepoint "Cleanup", Time since last: 8001112201 ns, Reaching safepoint: 81466 ns, At safepoint: 7573 ns, Total: 89039 ns
[2023-03-30T10:04:23.247+0000][45078][safepoint   ] Safepoint "Cleanup", Time since last: 1000142569 ns, Reaching safepoint: 48708 ns, At safepoint: 7236 ns, Total: 55944 ns
[2023-03-30T10:04:24.247+0000][45078][safepoint   ] Safepoint "Cleanup", Time since last: 1000160906 ns, Reaching safepoint: 66285 ns, At safepoint: 8882 ns, Total: 75167 ns
[2023-03-30T10:04:26.248+0000][45078][safepoint   ] Safepoint "Cleanup", Time since last: 2000414924 ns, Reaching safepoint: 57907 ns, At safepoint: 7709 ns, Total: 65616 ns
[2023-03-30T10:04:27.248+0000][45078][safepoint   ] Safepoint "Cleanup", Time since last: 1000196419 ns, Reaching safepoint: 50305 ns, At safepoint: 6893 ns, Total: 57198 ns
[2023-03-30T10:04:28.248+0000][45078][safepoint   ] Safepoint "Cleanup", Time since last: 1000194481 ns, Reaching safepoint: 54776 ns, At safepoint: 7384 ns, Total: 62160 ns
[2023-03-30T10:04:34.249+0000][45078][safepoint   ] Safepoint "Cleanup", Time since last: 6000685590 ns, Reaching safepoint: 86123 ns, At safepoint: 7400 ns, Total: 93523 ns
[2023-03-30T10:04:35.249+0000][45078][safepoint   ] Safepoint "Cleanup", Time since last: 1000173846 ns, Reaching safepoint: 50763 ns, At safepoint: 7471 ns, Total: 58234 ns
[2023-03-30T10:04:47.251+0000][45078][safepoint   ] Safepoint "Cleanup", Time since last: 12001525937 ns, Reaching safepoint: 93449 ns, At safepoint: 9093 ns, Total: 102542 ns
[2023-03-30T10:04:53.252+0000][45078][safepoint   ] Safepoint "Cleanup", Time since last: 6000764439 ns, Reaching safepoint: 49439 ns, At safepoint: 8683 ns, Total: 58122 ns
[2023-03-30T10:04:54.252+0000][45078][safepoint   ] Safepoint "Cleanup", Time since last: 1000173426 ns, Reaching safepoint: 59417 ns, At safepoint: 8988 ns, Total: 68405 ns
[2023-03-30T10:05:04.253+0000][45078][safepoint   ] Safepoint "Cleanup", Time since last: 10001296317 ns, Reaching safepoint: 77028 ns, At safepoint: 8818 ns, Total: 85846 ns
[2023-03-30T10:05:05.254+0000][45078][safepoint   ] Safepoint "Cleanup", Time since last: 1000234037 ns, Reaching safepoint: 47255 ns, At safepoint: 7094 ns, Total: 54349 ns
[2023-03-30T10:05:08.254+0000][45078][safepoint   ] Safepoint "Cleanup", Time since last: 3000376355 ns, Reaching safepoint: 47349 ns, At safepoint: 7045 ns, Total: 54394 ns
[2023-03-30T10:05:10.254+0000][45078][safepoint   ] Safepoint "Cleanup", Time since last: 2000346556 ns, Reaching safepoint: 81000 ns, At safepoint: 7594 ns, Total: 88594 ns
[2023-03-30T10:05:14.255+0000][45078][safepoint   ] Safepoint "Cleanup", Time since last: 4000564163 ns, Reaching safepoint: 91587 ns, At safepoint: 6897 ns, Total: 98484 ns
[2023-03-30T10:05:16.255+0000][45078][safepoint   ] Safepoint "Cleanup", Time since last: 2000275926 ns, Reaching safepoint: 55128 ns, At safepoint: 8111 ns, Total: 63239 ns
[2023-03-30T10:05:17.256+0000][45078][safepoint   ] Safepoint "Cleanup", Time since last: 1000221947 ns, Reaching safepoint: 51686 ns, At safepoint: 7209 ns, Total: 58895 ns
[2023-03-30T10:05:23.257+0000][45078][safepoint   ] Safepoint "Cleanup", Time since last: 6000832284 ns, Reaching safepoint: 52381 ns, At safepoint: 6878 ns, Total: 59259 ns
[2023-03-30T10:05:24.257+0000][45078][safepoint   ] Safepoint "Cleanup", Time since last: 1000225372 ns, Reaching safepoint: 109708 ns, At safepoint: 13577 ns, Total: 123285 ns
[2023-03-30T10:05:25.257+0000][45078][safepoint   ] Safepoint "Cleanup", Time since last: 1000179585 ns, Reaching safepoint: 70116 ns, At safepoint: 10159 ns, Total: 80275 ns
[2023-03-30T10:05:28.258+0000][45078][safepoint   ] Safepoint "Cleanup", Time since last: 3000371266 ns, Reaching safepoint: 50640 ns, At safepoint: 8427 ns, Total: 59067 ns
[2023-03-30T10:05:29.258+0000][45078][safepoint   ] Safepoint "Cleanup", Time since last: 1000163100 ns, Reaching safepoint: 48672 ns, At safepoint: 7209 ns, Total: 55881 ns
[2023-03-30T10:05:34.259+0000][45078][safepoint   ] Safepoint "Cleanup", Time since last: 5000655172 ns, Reaching safepoint: 62374 ns, At safepoint: 7585 ns, Total: 69959 ns
[2023-03-30T10:05:38.259+0000][45078][safepoint   ] Safepoint "Cleanup", Time since last: 4000536895 ns, Reaching safepoint: 80031 ns, At safepoint: 7830 ns, Total: 87861 ns
[2023-03-30T10:05:41.260+0000][45078][safepoint   ] Safepoint "Cleanup", Time since last: 3000489827 ns, Reaching safepoint: 58659 ns, At safepoint: 6876 ns, Total: 65535 ns
[2023-03-30T10:05:42.260+0000][45078][safepoint   ] Safepoint "Cleanup", Time since last: 1000172831 ns, Reaching safepoint: 50197 ns, At safepoint: 7220 ns, Total: 57417 ns
[2023-03-30T10:05:44.260+0000][45078][safepoint   ] Safepoint "Cleanup", Time since last: 2000287377 ns, Reaching safepoint: 96785 ns, At safepoint: 12987 ns, Total: 109772 ns
[2023-03-30T10:05:45.261+0000][45078][safepoint   ] Safepoint "Cleanup", Time since last: 1000135066 ns, Reaching safepoint: 52231 ns, At safepoint: 8798 ns, Total: 61029 ns
[2023-03-30T10:05:47.261+0000][45078][safepoint   ] Safepoint "Cleanup", Time since last: 2000333201 ns, Reaching safepoint: 54114 ns, At safepoint: 10285 ns, Total: 64399 ns
[2023-03-30T10:05:51.262+0000][45078][safepoint   ] Safepoint "Cleanup", Time since last: 4000511570 ns, Reaching safepoint: 47928 ns, At safepoint: 6947 ns, Total: 54875 ns
[2023-03-30T10:05:54.263+0000][45078][safepoint   ] Safepoint "Cleanup", Time since last: 3001502843 ns, Reaching safepoint: 55195 ns, At safepoint: 6756 ns, Total: 61951 ns
[2023-03-30T10:05:57.264+0000][45078][safepoint   ] Safepoint "Cleanup", Time since last: 3000420367 ns, Reaching safepoint: 47089 ns, At safepoint: 6853 ns, Total: 53942 ns
[2023-03-30T10:06:03.264+0000][45078][safepoint   ] Safepoint "Cleanup", Time since last: 6000769669 ns, Reaching safepoint: 57762 ns, At safepoint: 9405 ns, Total: 67167 ns
[2023-03-30T10:06:04.265+0000][45078][safepoint   ] Safepoint "Cleanup", Time since last: 1000165624 ns, Reaching safepoint: 59152 ns, At safepoint: 6865 ns, Total: 66017 ns
[2023-03-30T10:06:05.265+0000][45078][safepoint   ] Safepoint "Cleanup", Time since last: 1000190187 ns, Reaching safepoint: 69611 ns, At safepoint: 8633 ns, Total: 78244 ns
[2023-03-30T10:06:10.266+0000][45078][safepoint   ] Safepoint "Cleanup", Time since last: 5000720849 ns, Reaching safepoint: 89073 ns, At safepoint: 7341 ns, Total: 96414 ns
[2023-03-30T10:06:14.266+0000][45078][safepoint   ] Safepoint "Cleanup", Time since last: 4000565542 ns, Reaching safepoint: 56626 ns, At safepoint: 6866 ns, Total: 63492 ns
[2023-03-30T10:06:16.267+0000][45078][safepoint   ] Safepoint "Cleanup", Time since last: 2000340896 ns, Reaching safepoint: 128396 ns, At safepoint: 13380 ns, Total: 141776 ns
[2023-03-30T10:06:17.267+0000][45078][safepoint   ] Safepoint "Cleanup", Time since last: 1000149499 ns, Reaching safepoint: 48636 ns, At safepoint: 6961 ns, Total: 55597 ns
[2023-03-30T10:06:21.268+0000][45078][safepoint   ] Safepoint "Cleanup", Time since last: 4000556035 ns, Reaching safepoint: 58170 ns, At safepoint: 7779 ns, Total: 65949 ns
[2023-03-30T10:06:29.269+0000][45078][safepoint   ] Safepoint "Cleanup", Time since last: 8001130556 ns, Reaching safepoint: 60348 ns, At safepoint: 30846 ns, Total: 91194 ns
[2023-03-30T10:06:34.270+0000][45078][safepoint   ] Safepoint "Cleanup", Time since last: 5000688969 ns, Reaching safepoint: 72140 ns, At safepoint: 7109 ns, Total: 79249 ns
[2023-03-30T10:06:47.272+0000][45078][safepoint   ] Safepoint "Cleanup", Time since last: 13001748487 ns, Reaching safepoint: 80158 ns, At safepoint: 14223 ns, Total: 94381 ns
[2023-03-30T10:06:50.272+0000][45078][safepoint   ] Safepoint "Cleanup", Time since last: 3000392600 ns, Reaching safepoint: 47416 ns, At safepoint: 6958 ns, Total: 54374 ns
[2023-03-30T10:07:01.274+0000][45078][safepoint   ] Safepoint "Cleanup", Time since last: 11001565143 ns, Reaching safepoint: 49131 ns, At safepoint: 8547 ns, Total: 57678 ns
[2023-03-30T10:07:03.992+0000][45078][safepoint   ] Safepoint "Cleanup", Time since last: 2718388175 ns, Reaching safepoint: 128603 ns, At safepoint: 7559 ns, Total: 136162 ns
[2023-03-30T10:07:30.996+0000][45078][safepoint   ] Safepoint "Cleanup", Time since last: 27004040397 ns, Reaching safepoint: 86480 ns, At safepoint: 7334 ns, Total: 93814 ns
[2023-03-30T10:07:32.997+0000][45078][safepoint   ] Safepoint "Cleanup", Time since last: 2000311111 ns, Reaching safepoint: 56513 ns, At safepoint: 7907 ns, Total: 64420 ns
[2023-03-30T10:07:33.997+0000][45078][safepoint   ] Safepoint "Cleanup", Time since last: 1000278661 ns, Reaching safepoint: 57022 ns, At safepoint: 7052 ns, Total: 64074 ns
[2023-03-30T10:07:43.998+0000][45078][safepoint   ] Safepoint "Cleanup", Time since last: 10001397852 ns, Reaching safepoint: 56079 ns, At safepoint: 7590 ns, Total: 63669 ns
[2023-03-30T10:08:04.002+0000][45078][safepoint   ] Safepoint "Cleanup", Time since last: 20003832380 ns, Reaching safepoint: 76514 ns, At safepoint: 6827 ns, Total: 83341 ns
[2023-03-30T10:08:34.008+0000][45078][safepoint   ] Safepoint "Cleanup", Time since last: 30005955867 ns, Reaching safepoint: 73627 ns, At safepoint: 7315 ns, Total: 80942 ns
[2023-03-30T10:08:38.009+0000][45078][safepoint   ] Safepoint "Cleanup", Time since last: 4000566139 ns, Reaching safepoint: 50907 ns, At safepoint: 7004 ns, Total: 57911 ns
[2023-03-30T10:08:39.009+0000][45078][safepoint   ] Safepoint "Cleanup", Time since last: 1000167295 ns, Reaching safepoint: 47504 ns, At safepoint: 7098 ns, Total: 54602 ns
[2023-03-30T10:08:44.010+0000][45078][safepoint   ] Safepoint "Cleanup", Time since last: 5000484655 ns, Reaching safepoint: 43488 ns, At safepoint: 6624 ns, Total: 50112 ns
[2023-03-30T10:08:46.010+0000][45078][safepoint   ] Safepoint "Cleanup", Time since last: 2000288290 ns, Reaching safepoint: 70180 ns, At safepoint: 12474 ns, Total: 82654 ns
[2023-03-30T10:08:51.011+0000][45078][safepoint   ] Safepoint "Cleanup", Time since last: 5000721416 ns, Reaching safepoint: 87645 ns, At safepoint: 7009 ns, Total: 94654 ns
[2023-03-30T10:09:04.013+0000][45078][safepoint   ] Safepoint "Cleanup", Time since last: 13001612531 ns, Reaching safepoint: 126327 ns, At safepoint: 10076 ns, Total: 136403 ns
[2023-03-30T10:09:05.013+0000][45078][safepoint   ] Safepoint "Cleanup", Time since last: 1000162819 ns, Reaching safepoint: 62607 ns, At safepoint: 7050 ns, Total: 69657 ns
[2023-03-30T10:09:08.013+0000][45078][safepoint   ] Safepoint "Cleanup", Time since last: 3000420470 ns, Reaching safepoint: 46600 ns, At safepoint: 8612 ns, Total: 55212 ns
[2023-03-30T10:09:09.014+0000][45078][safepoint   ] Safepoint "Cleanup", Time since last: 1000165358 ns, Reaching safepoint: 90268 ns, At safepoint: 12010 ns, Total: 102278 ns
[2023-03-30T10:09:16.015+0000][45078][safepoint   ] Safepoint "Cleanup", Time since last: 7000953012 ns, Reaching safepoint: 54590 ns, At safepoint: 7037 ns, Total: 61627 ns
[2023-03-30T10:09:17.015+0000][45078][safepoint   ] Safepoint "Cleanup", Time since last: 1000124748 ns, Reaching safepoint: 42388 ns, At safepoint: 6904 ns, Total: 49292 ns
[2023-03-30T10:09:19.015+0000][45078][safepoint   ] Safepoint "Cleanup", Time since last: 2000303956 ns, Reaching safepoint: 47733 ns, At safepoint: 7193 ns, Total: 54926 ns
[2023-03-30T10:09:24.016+0000][45078][safepoint   ] Safepoint "Cleanup", Time since last: 5000614343 ns, Reaching safepoint: 68010 ns, At safepoint: 7283 ns, Total: 75293 ns
[2023-03-30T10:09:34.017+0000][45078][safepoint   ] Safepoint "Cleanup", Time since last: 10001218528 ns, Reaching safepoint: 57165 ns, At safepoint: 10857 ns, Total: 68022 ns
[2023-03-30T10:09:45.019+0000][45078][safepoint   ] Safepoint "Cleanup", Time since last: 11001307139 ns, Reaching safepoint: 43743 ns, At safepoint: 7082 ns, Total: 50825 ns
[2023-03-30T10:09:56.020+0000][45078][safepoint   ] Safepoint "Cleanup", Time since last: 11001236317 ns, Reaching safepoint: 100155 ns, At safepoint: 12552 ns, Total: 112707 ns
[2023-03-30T10:10:04.021+0000][45078][safepoint   ] Safepoint "Cleanup", Time since last: 8000835046 ns, Reaching safepoint: 41853 ns, At safepoint: 8562 ns, Total: 50415 ns
[2023-03-30T10:10:14.022+0000][45078][safepoint   ] Safepoint "Cleanup", Time since last: 10001146724 ns, Reaching safepoint: 62452 ns, At safepoint: 7331 ns, Total: 69783 ns
[2023-03-30T10:10:24.023+0000][45078][safepoint   ] Safepoint "Cleanup", Time since last: 10001372937 ns, Reaching safepoint: 77884 ns, At safepoint: 7758 ns, Total: 85642 ns
[2023-03-30T10:10:32.025+0000][45078][safepoint   ] Safepoint "Cleanup", Time since last: 8001105725 ns, Reaching safepoint: 47126 ns, At safepoint: 7210 ns, Total: 54336 ns
[2023-03-30T10:10:34.025+0000][45078][safepoint   ] Safepoint "Cleanup", Time since last: 2000300212 ns, Reaching safepoint: 58350 ns, At safepoint: 6766 ns, Total: 65116 ns
[2023-03-30T10:10:42.026+0000][45078][safepoint   ] Safepoint "Cleanup", Time since last: 8001010236 ns, Reaching safepoint: 65687 ns, At safepoint: 13222 ns, Total: 78909 ns
[2023-03-30T10:10:54.028+0000][45078][safepoint   ] Safepoint "Cleanup", Time since last: 12001650619 ns, Reaching safepoint: 65661 ns, At safepoint: 7123 ns, Total: 72784 ns
[2023-03-30T10:11:04.029+0000][45078][safepoint   ] Safepoint "Cleanup", Time since last: 10001125674 ns, Reaching safepoint: 52850 ns, At safepoint: 8310 ns, Total: 61160 ns
[2023-03-30T10:11:05.029+0000][45078][safepoint   ] Safepoint "Cleanup", Time since last: 1000214861 ns, Reaching safepoint: 63124 ns, At safepoint: 6854 ns, Total: 69978 ns
[2023-03-30T10:11:07.030+0000][45078][safepoint   ] Safepoint "Cleanup", Time since last: 2000280234 ns, Reaching safepoint: 43060 ns, At safepoint: 6929 ns, Total: 49989 ns
[2023-03-30T10:11:12.030+0000][45078][safepoint   ] Safepoint "Cleanup", Time since last: 5000658518 ns, Reaching safepoint: 58286 ns, At safepoint: 10661 ns, Total: 68947 ns
[2023-03-30T10:11:14.031+0000][45078][safepoint   ] Safepoint "Cleanup", Time since last: 2000550886 ns, Reaching safepoint: 49524 ns, At safepoint: 8653 ns, Total: 58177 ns
[2023-03-30T10:11:21.032+0000][45078][safepoint   ] Safepoint "Cleanup", Time since last: 7000831736 ns, Reaching safepoint: 70870 ns, At safepoint: 10742 ns, Total: 81612 ns
[2023-03-30T10:11:24.032+0000][45078][safepoint   ] Safepoint "Cleanup", Time since last: 3000417587 ns, Reaching safepoint: 73521 ns, At safepoint: 7170 ns, Total: 80691 ns
[2023-03-30T10:11:29.033+0000][45078][safepoint   ] Safepoint "Cleanup", Time since last: 5000587524 ns, Reaching safepoint: 46236 ns, At safepoint: 6995 ns, Total: 53231 ns
[2023-03-30T10:11:34.034+0000][45078][safepoint   ] Safepoint "Cleanup", Time since last: 5000592717 ns, Reaching safepoint: 52662 ns, At safepoint: 11570 ns, Total: 64232 ns
[2023-03-30T10:11:36.034+0000][45078][safepoint   ] Safepoint "Cleanup", Time since last: 2000284177 ns, Reaching safepoint: 51931 ns, At safepoint: 7322 ns, Total: 59253 ns
[2023-03-30T10:11:40.035+0000][45078][safepoint   ] Safepoint "Cleanup", Time since last: 4000460692 ns, Reaching safepoint: 55068 ns, At safepoint: 7731 ns, Total: 62799 ns
[2023-03-30T10:11:43.035+0000][45078][safepoint   ] Safepoint "Cleanup", Time since last: 3000364347 ns, Reaching safepoint: 46100 ns, At safepoint: 7095 ns, Total: 53195 ns
[2023-03-30T10:11:45.035+0000][45078][safepoint   ] Safepoint "Cleanup", Time since last: 2000286539 ns, Reaching safepoint: 52906 ns, At safepoint: 10324 ns, Total: 63230 ns
[2023-03-30T10:12:00.037+0000][45078][safepoint   ] Safepoint "Cleanup", Time since last: 15001530058 ns, Reaching safepoint: 104625 ns, At safepoint: 7617 ns, Total: 112242 ns
[2023-03-30T10:12:04.037+0000][45078][safepoint   ] Safepoint "Cleanup", Time since last: 4000460849 ns, Reaching safepoint: 51289 ns, At safepoint: 7031 ns, Total: 58320 ns
[2023-03-30T10:12:11.039+0000][45078][safepoint   ] Safepoint "Cleanup", Time since last: 7000932393 ns, Reaching safepoint: 127360 ns, At safepoint: 8378 ns, Total: 135738 ns
[2023-03-30T10:12:17.039+0000][45078][safepoint   ] Safepoint "Cleanup", Time since last: 6000838472 ns, Reaching safepoint: 65133 ns, At safepoint: 8739 ns, Total: 73872 ns
[2023-03-30T10:12:34.042+0000][45078][safepoint   ] Safepoint "Cleanup", Time since last: 17002301843 ns, Reaching safepoint: 79444 ns, At safepoint: 7148 ns, Total: 86592 ns
[2023-03-30T10:12:44.043+0000][45078][safepoint   ] Safepoint "Cleanup", Time since last: 10001320681 ns, Reaching safepoint: 48705 ns, At safepoint: 8325 ns, Total: 57030 ns
[2023-03-30T10:13:04.046+0000][45078][safepoint   ] Safepoint "Cleanup", Time since last: 20002608348 ns, Reaching safepoint: 48687 ns, At safepoint: 6792 ns, Total: 55479 ns
[2023-03-30T10:13:14.047+0000][45078][safepoint   ] Safepoint "Cleanup", Time since last: 10001254190 ns, Reaching safepoint: 55739 ns, At safepoint: 7317 ns, Total: 63056 ns
[2023-03-30T10:13:17.048+0000][45078][safepoint   ] Safepoint "Cleanup", Time since last: 3000392940 ns, Reaching safepoint: 51479 ns, At safepoint: 6924 ns, Total: 58403 ns
[2023-03-30T10:13:19.048+0000][45078][safepoint   ] Safepoint "Cleanup", Time since last: 2000371189 ns, Reaching safepoint: 70132 ns, At safepoint: 7147 ns, Total: 77279 ns
[2023-03-30T10:13:34.050+0000][45078][safepoint   ] Safepoint "Cleanup", Time since last: 15001914947 ns, Reaching safepoint: 77556 ns, At safepoint: 7259 ns, Total: 84815 ns
[2023-03-30T10:13:44.051+0000][45078][safepoint   ] Safepoint "Cleanup", Time since last: 10001240251 ns, Reaching safepoint: 60279 ns, At safepoint: 8732 ns, Total: 69011 ns
[2023-03-30T10:13:47.052+0000][45078][safepoint   ] Safepoint "Cleanup", Time since last: 3000436889 ns, Reaching safepoint: 52527 ns, At safepoint: 7504 ns, Total: 60031 ns
[2023-03-30T10:13:48.052+0000][45078][safepoint   ] Safepoint "Cleanup", Time since last: 1000180845 ns, Reaching safepoint: 53531 ns, At safepoint: 7172 ns, Total: 60703 ns
[2023-03-30T10:13:49.052+0000][45078][safepoint   ] Safepoint "Cleanup", Time since last: 1000187033 ns, Reaching safepoint: 70662 ns, At safepoint: 8810 ns, Total: 79472 ns
[2023-03-30T10:13:52.053+0000][45078][safepoint   ] Safepoint "Cleanup", Time since last: 3000465206 ns, Reaching safepoint: 146146 ns, At safepoint: 8414 ns, Total: 154560 ns
[2023-03-30T10:13:54.053+0000][45078][safepoint   ] Safepoint "Cleanup", Time since last: 2000285848 ns, Reaching safepoint: 66871 ns, At safepoint: 11078 ns, Total: 77949 ns
[2023-03-30T10:13:58.054+0000][45078][safepoint   ] Safepoint "Cleanup", Time since last: 4000527864 ns, Reaching safepoint: 71646 ns, At safepoint: 12798 ns, Total: 84444 ns
[2023-03-30T10:14:03.055+0000][45078][safepoint   ] Safepoint "Cleanup", Time since last: 5000730958 ns, Reaching safepoint: 54027 ns, At safepoint: 8529 ns, Total: 62556 ns
[2023-03-30T10:14:04.055+0000][45078][safepoint   ] Safepoint "Cleanup", Time since last: 1000134179 ns, Reaching safepoint: 57100 ns, At safepoint: 7250 ns, Total: 64350 ns
[2023-03-30T10:14:30.059+0000][45078][safepoint   ] Safepoint "Cleanup", Time since last: 26003687049 ns, Reaching safepoint: 87307 ns, At safepoint: 13056 ns, Total: 100363 ns
[2023-03-30T10:14:32.059+0000][45078][safepoint   ] Safepoint "Cleanup", Time since last: 2000331184 ns, Reaching safepoint: 47336 ns, At safepoint: 6949 ns, Total: 54285 ns
[2023-03-30T10:14:44.061+0000][45078][safepoint   ] Safepoint "Cleanup", Time since last: 12001648333 ns, Reaching safepoint: 49803 ns, At safepoint: 6780 ns, Total: 56583 ns
[2023-03-30T10:14:54.062+0000][45078][safepoint   ] Safepoint "Cleanup", Time since last: 10001121671 ns, Reaching safepoint: 49350 ns, At safepoint: 8408 ns, Total: 57758 ns
[2023-03-30T10:14:56.062+0000][45078][safepoint   ] Safepoint "Cleanup", Time since last: 2000367395 ns, Reaching safepoint: 53411 ns, At safepoint: 6896 ns, Total: 60307 ns
[2023-03-30T10:15:04.064+0000][45078][safepoint   ] Safepoint "Cleanup", Time since last: 8000927607 ns, Reaching safepoint: 84578 ns, At safepoint: 6912 ns, Total: 91490 ns
[2023-03-30T10:15:26.066+0000][45078][safepoint   ] Safepoint "Cleanup", Time since last: 22002884498 ns, Reaching safepoint: 58265 ns, At safepoint: 10565 ns, Total: 68830 ns
[2023-03-30T10:15:34.068+0000][45078][safepoint   ] Safepoint "Cleanup", Time since last: 8001023779 ns, Reaching safepoint: 82726 ns, At safepoint: 7201 ns, Total: 89927 ns
[2023-03-30T10:15:44.069+0000][45078][safepoint   ] Safepoint "Cleanup", Time since last: 10001367762 ns, Reaching safepoint: 54035 ns, At safepoint: 6829 ns, Total: 60864 ns
[2023-03-30T10:15:47.070+0000][45078][safepoint   ] Safepoint "Cleanup", Time since last: 3000462691 ns, Reaching safepoint: 96554 ns, At safepoint: 16360 ns, Total: 112914 ns
[2023-03-30T10:15:49.070+0000][45078][safepoint   ] Safepoint "Cleanup", Time since last: 2000389674 ns, Reaching safepoint: 48004 ns, At safepoint: 6532 ns, Total: 54536 ns
[2023-03-30T10:15:54.071+0000][45078][safepoint   ] Safepoint "Cleanup", Time since last: 5000723082 ns, Reaching safepoint: 49404 ns, At safepoint: 8321 ns, Total: 57725 ns
[2023-03-30T10:16:04.072+0000][45078][safepoint   ] Safepoint "Cleanup", Time since last: 10001199637 ns, Reaching safepoint: 117418 ns, At safepoint: 12627 ns, Total: 130045 ns
[2023-03-30T10:16:05.072+0000][45078][safepoint   ] Safepoint "Cleanup", Time since last: 1000212834 ns, Reaching safepoint: 62145 ns, At safepoint: 12194 ns, Total: 74339 ns
[2023-03-30T10:16:09.073+0000][45078][safepoint   ] Safepoint "Cleanup", Time since last: 4000605249 ns, Reaching safepoint: 71798 ns, At safepoint: 12133 ns, Total: 83931 ns
[2023-03-30T10:16:19.075+0000][45078][safepoint   ] Safepoint "Cleanup", Time since last: 10001321725 ns, Reaching safepoint: 82597 ns, At safepoint: 12074 ns, Total: 94671 ns
[2023-03-30T10:16:34.077+0000][45078][safepoint   ] Safepoint "Cleanup", Time since last: 15001924852 ns, Reaching safepoint: 91828 ns, At safepoint: 8758 ns, Total: 100586 ns
[2023-03-30T10:16:41.078+0000][45078][safepoint   ] Safepoint "Cleanup", Time since last: 7000912132 ns, Reaching safepoint: 52767 ns, At safepoint: 11104 ns, Total: 63871 ns
[2023-03-30T10:16:44.078+0000][45078][safepoint   ] Safepoint "Cleanup", Time since last: 3000356785 ns, Reaching safepoint: 49843 ns, At safepoint: 7376 ns, Total: 57219 ns
[2023-03-30T10:16:51.079+0000][45078][safepoint   ] Safepoint "Cleanup", Time since last: 7001086689 ns, Reaching safepoint: 72990 ns, At safepoint: 12142 ns, Total: 85132 ns
[2023-03-30T10:16:52.079+0000][45078][safepoint   ] Safepoint "Cleanup", Time since last: 1000167414 ns, Reaching safepoint: 46822 ns, At safepoint: 6820 ns, Total: 53642 ns
[2023-03-30T10:17:04.081+0000][45078][safepoint   ] Safepoint "Cleanup", Time since last: 12001482241 ns, Reaching safepoint: 77715 ns, At safepoint: 9675 ns, Total: 87390 ns
[2023-03-30T10:17:21.083+0000][45078][safepoint   ] Safepoint "Cleanup", Time since last: 17002050560 ns, Reaching safepoint: 83967 ns, At safepoint: 43318 ns, Total: 127285 ns
[2023-03-30T10:17:24.084+0000][45078][safepoint   ] Safepoint "Cleanup", Time since last: 3000597631 ns, Reaching safepoint: 46741 ns, At safepoint: 6848 ns, Total: 53589 ns
[2023-03-30T10:17:34.085+0000][45078][safepoint   ] Safepoint "Cleanup", Time since last: 10001308383 ns, Reaching safepoint: 80538 ns, At safepoint: 7686 ns, Total: 88224 ns
[2023-03-30T10:17:47.087+0000][45078][safepoint   ] Safepoint "Cleanup", Time since last: 13001473585 ns, Reaching safepoint: 45387 ns, At safepoint: 7062 ns, Total: 52449 ns
[2023-03-30T10:17:49.087+0000][45078][safepoint   ] Safepoint "Cleanup", Time since last: 2000352852 ns, Reaching safepoint: 49436 ns, At safepoint: 7395 ns, Total: 56831 ns
[2023-03-30T10:17:53.088+0000][45078][safepoint   ] Safepoint "Cleanup", Time since last: 4000527322 ns, Reaching safepoint: 45637 ns, At safepoint: 7166 ns, Total: 52803 ns
[2023-03-30T10:17:54.088+0000][45078][safepoint   ] Safepoint "Cleanup", Time since last: 1000147249 ns, Reaching safepoint: 46970 ns, At safepoint: 7111 ns, Total: 54081 ns
[2023-03-30T10:18:04.089+0000][45078][safepoint   ] Safepoint "Cleanup", Time since last: 10001175797 ns, Reaching safepoint: 145681 ns, At safepoint: 15267 ns, Total: 160948 ns
[2023-03-30T10:18:14.091+0000][45078][safepoint   ] Safepoint "Cleanup", Time since last: 10001282987 ns, Reaching safepoint: 57801 ns, At safepoint: 13484 ns, Total: 71285 ns
[2023-03-30T10:18:24.092+0000][45078][safepoint   ] Safepoint "Cleanup", Time since last: 10001279226 ns, Reaching safepoint: 89719 ns, At safepoint: 14072 ns, Total: 103791 ns
[2023-03-30T10:18:34.093+0000][45078][safepoint   ] Safepoint "Cleanup", Time since last: 10001211277 ns, Reaching safepoint: 127852 ns, At safepoint: 19292 ns, Total: 147144 ns
[2023-03-30T10:18:35.094+0000][45078][safepoint   ] Safepoint "Cleanup", Time since last: 1000216499 ns, Reaching safepoint: 57339 ns, At safepoint: 8632 ns, Total: 65971 ns
[2023-03-30T10:18:37.094+0000][45078][safepoint   ] Safepoint "Cleanup", Time since last: 2000296904 ns, Reaching safepoint: 48275 ns, At safepoint: 6973 ns, Total: 55248 ns
[2023-03-30T10:18:44.095+0000][45078][safepoint   ] Safepoint "Cleanup", Time since last: 7000922500 ns, Reaching safepoint: 46731 ns, At safepoint: 7193 ns, Total: 53924 ns
[2023-03-30T10:18:47.095+0000][45078][safepoint   ] Safepoint "Cleanup", Time since last: 3000421941 ns, Reaching safepoint: 50828 ns, At safepoint: 6798 ns, Total: 57626 ns
[2023-03-30T10:18:49.096+0000][45078][safepoint   ] Safepoint "Cleanup", Time since last: 2000350019 ns, Reaching safepoint: 50326 ns, At safepoint: 7454 ns, Total: 57780 ns
[2023-03-30T10:18:50.096+0000][45078][safepoint   ] Safepoint "Cleanup", Time since last: 1000220165 ns, Reaching safepoint: 59751 ns, At safepoint: 10548 ns, Total: 70299 ns
[2023-03-30T10:18:59.097+0000][45078][safepoint   ] Safepoint "Cleanup", Time since last: 9001136052 ns, Reaching safepoint: 54872 ns, At safepoint: 8693 ns, Total: 63565 ns
[2023-03-30T10:19:04.098+0000][45078][safepoint   ] Safepoint "Cleanup", Time since last: 5000707812 ns, Reaching safepoint: 71730 ns, At safepoint: 7225 ns, Total: 78955 ns
[2023-03-30T10:19:24.101+0000][45078][safepoint   ] Safepoint "Cleanup", Time since last: 20002490461 ns, Reaching safepoint: 58663 ns, At safepoint: 10686 ns, Total: 69349 ns
[2023-03-30T10:19:34.102+0000][45078][safepoint   ] Safepoint "Cleanup", Time since last: 10001357240 ns, Reaching safepoint: 72104 ns, At safepoint: 7238 ns, Total: 79342 ns
[2023-03-30T10:19:49.104+0000][45078][safepoint   ] Safepoint "Cleanup", Time since last: 15001888540 ns, Reaching safepoint: 47011 ns, At safepoint: 6872 ns, Total: 53883 ns
[2023-03-30T10:20:04.106+0000][45078][safepoint   ] Safepoint "Cleanup", Time since last: 15001870253 ns, Reaching safepoint: 59539 ns, At safepoint: 7136 ns, Total: 66675 ns
[2023-03-30T10:20:05.106+0000][45078][safepoint   ] Safepoint "Cleanup", Time since last: 1000190911 ns, Reaching safepoint: 69472 ns, At safepoint: 12555 ns, Total: 82027 ns
[2023-03-30T10:20:17.108+0000][45078][safepoint   ] Safepoint "Cleanup", Time since last: 12001445693 ns, Reaching safepoint: 63525 ns, At safepoint: 7190 ns, Total: 70715 ns
[2023-03-30T10:20:24.109+0000][45078][safepoint   ] Safepoint "Cleanup", Time since last: 7000951427 ns, Reaching safepoint: 46077 ns, At safepoint: 7027 ns, Total: 53104 ns
[2023-03-30T10:20:34.110+0000][45078][safepoint   ] Safepoint "Cleanup", Time since last: 10001021328 ns, Reaching safepoint: 45829 ns, At safepoint: 7016 ns, Total: 52845 ns
[2023-03-30T10:20:49.112+0000][45078][safepoint   ] Safepoint "Cleanup", Time since last: 15002048851 ns, Reaching safepoint: 72850 ns, At safepoint: 7248 ns, Total: 80098 ns
[2023-03-30T10:20:54.113+0000][45078][safepoint   ] Safepoint "Cleanup", Time since last: 5000776773 ns, Reaching safepoint: 77175 ns, At safepoint: 7314 ns, Total: 84489 ns
[2023-03-30T10:21:04.114+0000][45078][safepoint   ] Safepoint "Cleanup", Time since last: 10001416789 ns, Reaching safepoint: 49002 ns, At safepoint: 6878 ns, Total: 55880 ns
[2023-03-30T10:21:09.115+0000][45078][safepoint   ] Safepoint "Cleanup", Time since last: 5000718773 ns, Reaching safepoint: 72966 ns, At safepoint: 7475 ns, Total: 80441 ns
[2023-03-30T10:21:17.116+0000][45078][safepoint   ] Safepoint "Cleanup", Time since last: 8001121570 ns, Reaching safepoint: 45591 ns, At safepoint: 7091 ns, Total: 52682 ns
[2023-03-30T10:21:24.117+0000][45078][safepoint   ] Safepoint "Cleanup", Time since last: 7000948478 ns, Reaching safepoint: 46403 ns, At safepoint: 7079 ns, Total: 53482 ns
[2023-03-30T10:21:34.119+0000][45078][safepoint   ] Safepoint "Cleanup", Time since last: 10001331629 ns, Reaching safepoint: 49530 ns, At safepoint: 7040 ns, Total: 56570 ns
[2023-03-30T10:21:35.119+0000][45078][safepoint   ] Safepoint "Cleanup", Time since last: 1000152529 ns, Reaching safepoint: 50093 ns, At safepoint: 7239 ns, Total: 57332 ns
[2023-03-30T10:21:38.119+0000][45078][safepoint   ] Safepoint "Cleanup", Time since last: 3000513291 ns, Reaching safepoint: 92766 ns, At safepoint: 9008 ns, Total: 101774 ns
[2023-03-30T10:21:44.120+0000][45078][safepoint   ] Safepoint "Cleanup", Time since last: 6000835043 ns, Reaching safepoint: 74099 ns, At safepoint: 12847 ns, Total: 86946 ns
[2023-03-30T10:21:47.121+0000][45078][safepoint   ] Safepoint "Cleanup", Time since last: 3000414428 ns, Reaching safepoint: 47717 ns, At safepoint: 7309 ns, Total: 55026 ns
[2023-03-30T10:22:04.123+0000][45078][safepoint   ] Safepoint "Cleanup", Time since last: 17002184736 ns, Reaching safepoint: 65958 ns, At safepoint: 6904 ns, Total: 72862 ns
[2023-03-30T10:22:14.124+0000][45078][safepoint   ] Safepoint "Cleanup", Time since last: 10001276567 ns, Reaching safepoint: 85919 ns, At safepoint: 8005 ns, Total: 93924 ns
[2023-03-30T10:22:19.125+0000][45078][safepoint   ] Safepoint "Cleanup", Time since last: 5000670070 ns, Reaching safepoint: 67458 ns, At safepoint: 6987 ns, Total: 74445 ns
[2023-03-30T10:22:24.126+0000][45078][safepoint   ] Safepoint "Cleanup", Time since last: 5000670452 ns, Reaching safepoint: 49624 ns, At safepoint: 7268 ns, Total: 56892 ns
[2023-03-30T10:22:27.126+0000][45078][safepoint   ] Safepoint "Cleanup", Time since last: 3000438884 ns, Reaching safepoint: 57080 ns, At safepoint: 10739 ns, Total: 67819 ns
[2023-03-30T10:22:32.127+0000][45078][safepoint   ] Safepoint "Cleanup", Time since last: 5000744225 ns, Reaching safepoint: 48969 ns, At safepoint: 7791 ns, Total: 56760 ns
[2023-03-30T10:22:34.128+0000][45078][safepoint   ] Safepoint "Cleanup", Time since last: 2000284638 ns, Reaching safepoint: 47391 ns, At safepoint: 7178 ns, Total: 54569 ns
[2023-03-30T10:22:46.129+0000][45078][safepoint   ] Safepoint "Cleanup", Time since last: 12001514255 ns, Reaching safepoint: 69053 ns, At safepoint: 7525 ns, Total: 76578 ns
[2023-03-30T10:23:04.132+0000][45078][safepoint   ] Safepoint "Cleanup", Time since last: 18002413299 ns, Reaching safepoint: 50236 ns, At safepoint: 7255 ns, Total: 57491 ns
[2023-03-30T10:23:32.135+0000][45078][safepoint   ] Safepoint "Cleanup", Time since last: 28003433029 ns, Reaching safepoint: 75607 ns, At safepoint: 7618 ns, Total: 83225 ns
[2023-03-30T10:23:44.137+0000][45078][safepoint   ] Safepoint "Cleanup", Time since last: 12001490751 ns, Reaching safepoint: 79890 ns, At safepoint: 7459 ns, Total: 87349 ns
[2023-03-30T10:23:45.137+0000][45078][safepoint   ] Safepoint "Cleanup", Time since last: 1000195256 ns, Reaching safepoint: 70513 ns, At safepoint: 10311 ns, Total: 80824 ns
[2023-03-30T10:23:47.137+0000][45078][safepoint   ] Safepoint "Cleanup", Time since last: 2000326167 ns, Reaching safepoint: 47976 ns, At safepoint: 8618 ns, Total: 56594 ns
[2023-03-30T10:23:48.138+0000][45078][safepoint   ] Safepoint "Cleanup", Time since last: 1000161619 ns, Reaching safepoint: 67438 ns, At safepoint: 11046 ns, Total: 78484 ns
[2023-03-30T10:23:49.138+0000][45078][safepoint   ] Safepoint "Cleanup", Time since last: 1000172800 ns, Reaching safepoint: 49664 ns, At safepoint: 8531 ns, Total: 58195 ns
[2023-03-30T10:24:04.140+0000][45078][safepoint   ] Safepoint "Cleanup", Time since last: 15001673392 ns, Reaching safepoint: 48944 ns, At safepoint: 7209 ns, Total: 56153 ns
[2023-03-30T10:24:21.142+0000][45078][safepoint   ] Safepoint "Cleanup", Time since last: 17002131448 ns, Reaching safepoint: 90396 ns, At safepoint: 7451 ns, Total: 97847 ns
[2023-03-30T10:24:24.142+0000][45078][safepoint   ] Safepoint "Cleanup", Time since last: 3000414868 ns, Reaching safepoint: 51999 ns, At safepoint: 7180 ns, Total: 59179 ns
[2023-03-30T10:24:34.144+0000][45078][safepoint   ] Safepoint "Cleanup", Time since last: 10001449924 ns, Reaching safepoint: 106116 ns, At safepoint: 9146 ns, Total: 115262 ns
[2023-03-30T10:24:43.996+0000][45078][safepoint   ] Safepoint "Cleanup", Time since last: 9851498435 ns, Reaching safepoint: 116453 ns, At safepoint: 9370 ns, Total: 125823 ns
[2023-03-30T10:24:44.996+0000][45078][safepoint   ] Safepoint "Cleanup", Time since last: 1000139573 ns, Reaching safepoint: 119591 ns, At safepoint: 8368 ns, Total: 127959 ns
[2023-03-30T10:24:47.996+0000][45078][safepoint   ] Safepoint "Cleanup", Time since last: 3000406953 ns, Reaching safepoint: 49246 ns, At safepoint: 8693 ns, Total: 57939 ns
[2023-03-30T10:24:59.998+0000][45078][safepoint   ] Safepoint "Cleanup", Time since last: 12001694310 ns, Reaching safepoint: 49798 ns, At safepoint: 7106 ns, Total: 56904 ns
[2023-03-30T10:25:03.794+0000][45078][gc,start    ] GC(20) Pause Young (Normal) (G1 Evacuation Pause)
[2023-03-30T10:25:03.794+0000][45078][gc,task     ] GC(20) Using 1 workers of 1 for evacuation
[2023-03-30T10:25:03.797+0000][45078][gc,age      ] GC(20) Desired survivor size 60817408 bytes, new threshold 15 (max threshold 15)
[2023-03-30T10:25:03.840+0000][45078][gc,age      ] GC(20) Age table with threshold 15 (max threshold 15)
[2023-03-30T10:25:03.840+0000][45078][gc,age      ] GC(20) - age   1:     704920 bytes,     704920 total
[2023-03-30T10:25:03.840+0000][45078][gc,age      ] GC(20) - age   2:     533760 bytes,    1238680 total
[2023-03-30T10:25:03.840+0000][45078][gc,age      ] GC(20) - age   3:   10877792 bytes,   12116472 total
[2023-03-30T10:25:03.840+0000][45078][gc,age      ] GC(20) - age   4:     426872 bytes,   12543344 total
[2023-03-30T10:25:03.843+0000][45078][gc,phases   ] GC(20)   Pre Evacuate Collection Set: 2.9ms
[2023-03-30T10:25:03.843+0000][45078][gc,phases   ] GC(20)   Merge Heap Roots: 0.2ms
[2023-03-30T10:25:03.843+0000][45078][gc,phases   ] GC(20)   Evacuate Collection Set: 34.5ms
[2023-03-30T10:25:03.843+0000][45078][gc,phases   ] GC(20)   Post Evacuate Collection Set: 5.1ms
[2023-03-30T10:25:03.843+0000][45078][gc,phases   ] GC(20)   Other: 10.9ms
[2023-03-30T10:25:03.843+0000][45078][gc,heap     ] GC(20) Eden regions: 225->0(291)
[2023-03-30T10:25:03.843+0000][45078][gc,heap     ] GC(20) Survivor regions: 3->3(29)
[2023-03-30T10:25:03.843+0000][45078][gc,heap     ] GC(20) Old regions: 17->17
[2023-03-30T10:25:03.843+0000][45078][gc,heap     ] GC(20) Archive regions: 2->2
[2023-03-30T10:25:03.843+0000][45078][gc,heap     ] GC(20) Humongous regions: 2->2
[2023-03-30T10:25:03.844+0000][45078][gc,metaspace] GC(20) Metaspace: 109342K(110848K)->109342K(110848K) NonClass: 94366K(95232K)->94366K(95232K) Class: 14976K(15616K)->14976K(15616K)
[2023-03-30T10:25:03.844+0000][45078][gc          ] GC(20) Pause Young (Normal) (G1 Evacuation Pause) 988M->88M(1964M) 49.761ms
[2023-03-30T10:25:03.844+0000][45078][gc,cpu      ] GC(20) User=0.04s Sys=0.00s Real=0.05s
[2023-03-30T10:25:03.847+0000][45078][safepoint   ] Safepoint "G1CollectForAllocation", Time since last: 3786997078 ns, Reaching safepoint: 142303 ns, At safepoint: 62315623 ns, Total: 62457926 ns
[2023-03-30T10:25:04.848+0000][45078][safepoint   ] Safepoint "Cleanup", Time since last: 1000175750 ns, Reaching safepoint: 49587 ns, At safepoint: 8241 ns, Total: 57828 ns
[2023-03-30T10:25:33.853+0000][45078][safepoint   ] Safepoint "Cleanup", Time since last: 29005566548 ns, Reaching safepoint: 71661 ns, At safepoint: 9744 ns, Total: 81405 ns
[2023-03-30T10:25:34.854+0000][45078][safepoint   ] Safepoint "Cleanup", Time since last: 1000221414 ns, Reaching safepoint: 63716 ns, At safepoint: 9605 ns, Total: 73321 ns
[2023-03-30T10:25:43.859+0000][45078][safepoint   ] Safepoint "Cleanup", Time since last: 9005016574 ns, Reaching safepoint: 68018 ns, At safepoint: 8028 ns, Total: 76046 ns
[2023-03-30T10:25:46.859+0000][45078][safepoint   ] Safepoint "Cleanup", Time since last: 3000276241 ns, Reaching safepoint: 39129 ns, At safepoint: 7245 ns, Total: 46374 ns
[2023-03-30T10:26:03.861+0000][45078][safepoint   ] Safepoint "Cleanup", Time since last: 17002259824 ns, Reaching safepoint: 56225 ns, At safepoint: 8236 ns, Total: 64461 ns
[2023-03-30T10:26:23.864+0000][45078][safepoint   ] Safepoint "Cleanup", Time since last: 20002705298 ns, Reaching safepoint: 66498 ns, At safepoint: 8335 ns, Total: 74833 ns
[2023-03-30T10:26:45.867+0000][45078][safepoint   ] Safepoint "Cleanup", Time since last: 22002760009 ns, Reaching safepoint: 75425 ns, At safepoint: 14852 ns, Total: 90277 ns
[2023-03-30T10:26:54.806+0000][45078][safepoint   ] Safepoint "Cleanup", Time since last: 8939413109 ns, Reaching safepoint: 87274 ns, At safepoint: 12234 ns, Total: 99508 ns
[2023-03-30T10:27:03.809+0000][45078][safepoint   ] Safepoint "Cleanup", Time since last: 9002923862 ns, Reaching safepoint: 40327 ns, At safepoint: 6286 ns, Total: 46613 ns
[2023-03-30T10:27:23.814+0000][45078][safepoint   ] Safepoint "Cleanup", Time since last: 20004390187 ns, Reaching safepoint: 65820 ns, At safepoint: 6575 ns, Total: 72395 ns
[2023-03-30T10:27:25.814+0000][45078][safepoint   ] Safepoint "Cleanup", Time since last: 2000240062 ns, Reaching safepoint: 47475 ns, At safepoint: 8658 ns, Total: 56133 ns
[2023-03-30T10:27:33.816+0000][45078][safepoint   ] Safepoint "Cleanup", Time since last: 8001906765 ns, Reaching safepoint: 39998 ns, At safepoint: 6397 ns, Total: 46395 ns
[2023-03-30T10:27:39.817+0000][45078][safepoint   ] Safepoint "Cleanup", Time since last: 6000696198 ns, Reaching safepoint: 63398 ns, At safepoint: 9254 ns, Total: 72652 ns
[2023-03-30T10:27:43.817+0000][45078][safepoint   ] Safepoint "Cleanup", Time since last: 4000488503 ns, Reaching safepoint: 46109 ns, At safepoint: 6634 ns, Total: 52743 ns
[2023-03-30T10:27:54.819+0000][45078][safepoint   ] Safepoint "Cleanup", Time since last: 11001267500 ns, Reaching safepoint: 70627 ns, At safepoint: 10108 ns, Total: 80735 ns
[2023-03-30T10:27:55.819+0000][45078][safepoint   ] Safepoint "Cleanup", Time since last: 1000212135 ns, Reaching safepoint: 46272 ns, At safepoint: 6796 ns, Total: 53068 ns
[2023-03-30T10:28:03.822+0000][45078][safepoint   ] Safepoint "Cleanup", Time since last: 8002496360 ns, Reaching safepoint: 52089 ns, At safepoint: 8379 ns, Total: 60468 ns
[2023-03-30T10:28:13.823+0000][45078][safepoint   ] Safepoint "Cleanup", Time since last: 10001306971 ns, Reaching safepoint: 49640 ns, At safepoint: 6885 ns, Total: 56525 ns
[2023-03-30T10:28:23.824+0000][45078][safepoint   ] Safepoint "Cleanup", Time since last: 10001206280 ns, Reaching safepoint: 54091 ns, At safepoint: 7110 ns, Total: 61201 ns
[2023-03-30T10:28:33.825+0000][45078][safepoint   ] Safepoint "Cleanup", Time since last: 10001156703 ns, Reaching safepoint: 41423 ns, At safepoint: 7261 ns, Total: 48684 ns
[2023-03-30T10:28:37.826+0000][45078][safepoint   ] Safepoint "Cleanup", Time since last: 4000375420 ns, Reaching safepoint: 58605 ns, At safepoint: 9637 ns, Total: 68242 ns
[2023-03-30T10:28:43.827+0000][45078][safepoint   ] Safepoint "Cleanup", Time since last: 6000689903 ns, Reaching safepoint: 44376 ns, At safepoint: 6631 ns, Total: 51007 ns
[2023-03-30T10:29:03.831+0000][45078][safepoint   ] Safepoint "Cleanup", Time since last: 20003897141 ns, Reaching safepoint: 83570 ns, At safepoint: 8350 ns, Total: 91920 ns
[2023-03-30T10:29:33.838+0000][45078][safepoint   ] Safepoint "Cleanup", Time since last: 30007031630 ns, Reaching safepoint: 154178 ns, At safepoint: 9546 ns, Total: 163724 ns
[2023-03-30T10:29:34.838+0000][45078][safepoint   ] Safepoint "Cleanup", Time since last: 1000133842 ns, Reaching safepoint: 45336 ns, At safepoint: 7208 ns, Total: 52544 ns
[2023-03-30T10:29:43.839+0000][45078][safepoint   ] Safepoint "Cleanup", Time since last: 9001172376 ns, Reaching safepoint: 50013 ns, At safepoint: 8108 ns, Total: 58121 ns
[2023-03-30T10:29:53.840+0000][45078][safepoint   ] Safepoint "Cleanup", Time since last: 10001043551 ns, Reaching safepoint: 91100 ns, At safepoint: 7172 ns, Total: 98272 ns
[2023-03-30T10:29:55.841+0000][45078][safepoint   ] Safepoint "Cleanup", Time since last: 2000225377 ns, Reaching safepoint: 45582 ns, At safepoint: 6999 ns, Total: 52581 ns
[2023-03-30T10:29:56.841+0000][45078][safepoint   ] Safepoint "Cleanup", Time since last: 1000195392 ns, Reaching safepoint: 61386 ns, At safepoint: 8401 ns, Total: 69787 ns
[2023-03-30T10:30:00.842+0000][45078][safepoint   ] Safepoint "Cleanup", Time since last: 4000476390 ns, Reaching safepoint: 51348 ns, At safepoint: 7368 ns, Total: 58716 ns
[2023-03-30T10:30:03.842+0000][45078][safepoint   ] Safepoint "Cleanup", Time since last: 3000458889 ns, Reaching safepoint: 45961 ns, At safepoint: 8271 ns, Total: 54232 ns
[2023-03-30T10:30:04.842+0000][45078][safepoint   ] Safepoint "Cleanup", Time since last: 1000158151 ns, Reaching safepoint: 79395 ns, At safepoint: 8507 ns, Total: 87902 ns
[2023-03-30T10:30:11.843+0000][45078][safepoint   ] Safepoint "Cleanup", Time since last: 7000957794 ns, Reaching safepoint: 63307 ns, At safepoint: 7439 ns, Total: 70746 ns
[2023-03-30T10:30:34.846+0000][45078][safepoint   ] Safepoint "Cleanup", Time since last: 23003033096 ns, Reaching safepoint: 82860 ns, At safepoint: 7327 ns, Total: 90187 ns
[2023-03-30T10:30:44.848+0000][45078][safepoint   ] Safepoint "Cleanup", Time since last: 10001153688 ns, Reaching safepoint: 60027 ns, At safepoint: 8834 ns, Total: 68861 ns
[2023-03-30T10:30:47.848+0000][45078][safepoint   ] Safepoint "Cleanup", Time since last: 3000433303 ns, Reaching safepoint: 50807 ns, At safepoint: 10213 ns, Total: 61020 ns
[2023-03-30T10:30:53.849+0000][45078][safepoint   ] Safepoint "Cleanup", Time since last: 6000835654 ns, Reaching safepoint: 74272 ns, At safepoint: 7213 ns, Total: 81485 ns
[2023-03-30T10:31:03.850+0000][45078][safepoint   ] Safepoint "Cleanup", Time since last: 10001254168 ns, Reaching safepoint: 46173 ns, At safepoint: 8499 ns, Total: 54672 ns
[2023-03-30T10:31:14.852+0000][45078][safepoint   ] Safepoint "Cleanup", Time since last: 11001247644 ns, Reaching safepoint: 66950 ns, At safepoint: 10336 ns, Total: 77286 ns
[2023-03-30T10:31:23.853+0000][45078][safepoint   ] Safepoint "Cleanup", Time since last: 9000991391 ns, Reaching safepoint: 81731 ns, At safepoint: 10191 ns, Total: 91922 ns
[2023-03-30T10:31:28.853+0000][45078][safepoint   ] Safepoint "Cleanup", Time since last: 5000620791 ns, Reaching safepoint: 44798 ns, At safepoint: 6677 ns, Total: 51475 ns
[2023-03-30T10:31:44.856+0000][45078][safepoint   ] Safepoint "Cleanup", Time since last: 16002277823 ns, Reaching safepoint: 39505 ns, At safepoint: 6976 ns, Total: 46481 ns
[2023-03-30T10:31:47.856+0000][45078][safepoint   ] Safepoint "Cleanup", Time since last: 3000324070 ns, Reaching safepoint: 42709 ns, At safepoint: 6943 ns, Total: 49652 ns
[2023-03-30T10:32:04.861+0000][45078][safepoint   ] Safepoint "Cleanup", Time since last: 17004898647 ns, Reaching safepoint: 69347 ns, At safepoint: 7015 ns, Total: 76362 ns
[2023-03-30T10:32:09.862+0000][45078][safepoint   ] Safepoint "Cleanup", Time since last: 5000621034 ns, Reaching safepoint: 39734 ns, At safepoint: 6866 ns, Total: 46600 ns
[2023-03-30T10:32:33.865+0000][45078][safepoint   ] Safepoint "Cleanup", Time since last: 24002732603 ns, Reaching safepoint: 82837 ns, At safepoint: 11975 ns, Total: 94812 ns
[2023-03-30T10:32:52.867+0000][45078][safepoint   ] Safepoint "Cleanup", Time since last: 19002101955 ns, Reaching safepoint: 57858 ns, At safepoint: 12537 ns, Total: 70395 ns
[2023-03-30T10:33:03.868+0000][45078][safepoint   ] Safepoint "Cleanup", Time since last: 11001350564 ns, Reaching safepoint: 45778 ns, At safepoint: 6752 ns, Total: 52530 ns
[2023-03-30T10:33:33.872+0000][45078][safepoint   ] Safepoint "Cleanup", Time since last: 30003485130 ns, Reaching safepoint: 72703 ns, At safepoint: 7077 ns, Total: 79780 ns
[2023-03-30T10:33:47.873+0000][45078][safepoint   ] Safepoint "Cleanup", Time since last: 14001669166 ns, Reaching safepoint: 61261 ns, At safepoint: 7332 ns, Total: 68593 ns
[2023-03-30T10:33:53.874+0000][45078][safepoint   ] Safepoint "Cleanup", Time since last: 6000712008 ns, Reaching safepoint: 56374 ns, At safepoint: 6882 ns, Total: 63256 ns
[2023-03-30T10:34:43.880+0000][45078][safepoint   ] Safepoint "Cleanup", Time since last: 50005932161 ns, Reaching safepoint: 99534 ns, At safepoint: 10498 ns, Total: 110032 ns
[2023-03-30T10:35:03.884+0000][45078][safepoint   ] Safepoint "Cleanup", Time since last: 20003318001 ns, Reaching safepoint: 72376 ns, At safepoint: 7307 ns, Total: 79683 ns
[2023-03-30T10:35:12.885+0000][45078][safepoint   ] Safepoint "Cleanup", Time since last: 9001143112 ns, Reaching safepoint: 63633 ns, At safepoint: 7001 ns, Total: 70634 ns
[2023-03-30T10:35:13.885+0000][45078][safepoint   ] Safepoint "Cleanup", Time since last: 1000135641 ns, Reaching safepoint: 44474 ns, At safepoint: 6907 ns, Total: 51381 ns
[2023-03-30T10:35:33.890+0000][45078][safepoint   ] Safepoint "Cleanup", Time since last: 20004952642 ns, Reaching safepoint: 72258 ns, At safepoint: 8615 ns, Total: 80873 ns
[2023-03-30T10:35:52.893+0000][45078][safepoint   ] Safepoint "Cleanup", Time since last: 19002343337 ns, Reaching safepoint: 59636 ns, At safepoint: 7011 ns, Total: 66647 ns
[2023-03-30T10:36:04.894+0000][45078][safepoint   ] Safepoint "Cleanup", Time since last: 12001251470 ns, Reaching safepoint: 63049 ns, At safepoint: 7001 ns, Total: 70050 ns
[2023-03-30T10:36:23.896+0000][45078][safepoint   ] Safepoint "Cleanup", Time since last: 19002190045 ns, Reaching safepoint: 50786 ns, At safepoint: 7312 ns, Total: 58098 ns
[2023-03-30T10:36:33.897+0000][45078][safepoint   ] Safepoint "Cleanup", Time since last: 10001050008 ns, Reaching safepoint: 61863 ns, At safepoint: 6698 ns, Total: 68561 ns
[2023-03-30T10:36:34.897+0000][45078][safepoint   ] Safepoint "Cleanup", Time since last: 1000117059 ns, Reaching safepoint: 42416 ns, At safepoint: 6873 ns, Total: 49289 ns
[2023-03-30T10:37:03.901+0000][45078][safepoint   ] Safepoint "Cleanup", Time since last: 29003554004 ns, Reaching safepoint: 95502 ns, At safepoint: 11717 ns, Total: 107219 ns
[2023-03-30T10:37:31.904+0000][45078][safepoint   ] Safepoint "Cleanup", Time since last: 28003324702 ns, Reaching safepoint: 62491 ns, At safepoint: 6926 ns, Total: 69417 ns
[2023-03-30T10:37:33.905+0000][45078][safepoint   ] Safepoint "Cleanup", Time since last: 2000210778 ns, Reaching safepoint: 49345 ns, At safepoint: 6598 ns, Total: 55943 ns
[2023-03-30T10:37:42.906+0000][45078][safepoint   ] Safepoint "Cleanup", Time since last: 9000846395 ns, Reaching safepoint: 60688 ns, At safepoint: 9510 ns, Total: 70198 ns
[2023-03-30T10:37:51.907+0000][45078][safepoint   ] Safepoint "Cleanup", Time since last: 9001002096 ns, Reaching safepoint: 44620 ns, At safepoint: 7329 ns, Total: 51949 ns
[2023-03-30T10:38:03.908+0000][45078][safepoint   ] Safepoint "Cleanup", Time since last: 12001456141 ns, Reaching safepoint: 85074 ns, At safepoint: 9908 ns, Total: 94982 ns
[2023-03-30T10:38:24.911+0000][45078][safepoint   ] Safepoint "Cleanup", Time since last: 21002419552 ns, Reaching safepoint: 65918 ns, At safepoint: 7254 ns, Total: 73172 ns
[2023-03-30T10:38:33.912+0000][45078][safepoint   ] Safepoint "Cleanup", Time since last: 9001339499 ns, Reaching safepoint: 70205 ns, At safepoint: 6834 ns, Total: 77039 ns
[2023-03-30T10:38:47.914+0000][45078][safepoint   ] Safepoint "Cleanup", Time since last: 14001638370 ns, Reaching safepoint: 43544 ns, At safepoint: 6843 ns, Total: 50387 ns
[2023-03-30T10:38:51.914+0000][45078][safepoint   ] Safepoint "Cleanup", Time since last: 4000480703 ns, Reaching safepoint: 43900 ns, At safepoint: 7041 ns, Total: 50941 ns
[2023-03-30T10:39:03.916+0000][45078][safepoint   ] Safepoint "Cleanup", Time since last: 12001446859 ns, Reaching safepoint: 90418 ns, At safepoint: 13944 ns, Total: 104362 ns
[2023-03-30T10:39:10.917+0000][45078][safepoint   ] Safepoint "Cleanup", Time since last: 7000769650 ns, Reaching safepoint: 56339 ns, At safepoint: 9265 ns, Total: 65604 ns
[2023-03-30T10:39:33.920+0000][45078][safepoint   ] Safepoint "Cleanup", Time since last: 23002985126 ns, Reaching safepoint: 79441 ns, At safepoint: 7221 ns, Total: 86662 ns
[2023-03-30T10:39:34.920+0000][45078][safepoint   ] Safepoint "Cleanup", Time since last: 1000140870 ns, Reaching safepoint: 54244 ns, At safepoint: 7046 ns, Total: 61290 ns
[2023-03-30T10:40:23.929+0000][45078][safepoint   ] Safepoint "Cleanup", Time since last: 49008829426 ns, Reaching safepoint: 109959 ns, At safepoint: 8101 ns, Total: 118060 ns
[2023-03-30T10:40:43.931+0000][45078][safepoint   ] Safepoint "Cleanup", Time since last: 20002371928 ns, Reaching safepoint: 76640 ns, At safepoint: 7249 ns, Total: 83889 ns
[2023-03-30T10:40:45.932+0000][45078][safepoint   ] Safepoint "Cleanup", Time since last: 2000215471 ns, Reaching safepoint: 44076 ns, At safepoint: 6959 ns, Total: 51035 ns
[2023-03-30T10:40:47.932+0000][45078][safepoint   ] Safepoint "Cleanup", Time since last: 2000200698 ns, Reaching safepoint: 50269 ns, At safepoint: 6940 ns, Total: 57209 ns
[2023-03-30T10:41:03.934+0000][45078][safepoint   ] Safepoint "Cleanup", Time since last: 16001662538 ns, Reaching safepoint: 69692 ns, At safepoint: 7540 ns, Total: 77232 ns
[2023-03-30T10:41:33.937+0000][45078][safepoint   ] Safepoint "Cleanup", Time since last: 30003483842 ns, Reaching safepoint: 57241 ns, At safepoint: 12973 ns, Total: 70214 ns
[2023-03-30T10:41:47.939+0000][45078][safepoint   ] Safepoint "Cleanup", Time since last: 14001824999 ns, Reaching safepoint: 71364 ns, At safepoint: 7195 ns, Total: 78559 ns
[2023-03-30T10:43:43.953+0000][45078][safepoint   ] Safepoint "Cleanup", Time since last: 116013811234 ns, Reaching safepoint: 200699 ns, At safepoint: 9249 ns, Total: 209948 ns
[2023-03-30T10:43:47.954+0000][45078][safepoint   ] Safepoint "Cleanup", Time since last: 4000379736 ns, Reaching safepoint: 49429 ns, At safepoint: 7526 ns, Total: 56955 ns
[2023-03-30T10:44:44.961+0000][45078][safepoint   ] Safepoint "Cleanup", Time since last: 57007168703 ns, Reaching safepoint: 95694 ns, At safepoint: 7457 ns, Total: 103151 ns
[2023-03-30T10:45:03.963+0000][45078][safepoint   ] Safepoint "Cleanup", Time since last: 19002215354 ns, Reaching safepoint: 48946 ns, At safepoint: 7342 ns, Total: 56288 ns
[2023-03-30T10:45:43.969+0000][45078][safepoint   ] Safepoint "Cleanup", Time since last: 40005424416 ns, Reaching safepoint: 140144 ns, At safepoint: 13575 ns, Total: 153719 ns
[2023-03-30T10:45:53.970+0000][45078][safepoint   ] Safepoint "Cleanup", Time since last: 10001340620 ns, Reaching safepoint: 96106 ns, At safepoint: 17869 ns, Total: 113975 ns
[2023-03-30T10:46:03.972+0000][45078][safepoint   ] Safepoint "Cleanup", Time since last: 10001288784 ns, Reaching safepoint: 58144 ns, At safepoint: 8002 ns, Total: 66146 ns
[2023-03-30T10:47:33.982+0000][45078][safepoint   ] Safepoint "Cleanup", Time since last: 90010749183 ns, Reaching safepoint: 102669 ns, At safepoint: 7589 ns, Total: 110258 ns
[2023-03-30T10:48:03.986+0000][45078][safepoint   ] Safepoint "Cleanup", Time since last: 30003491984 ns, Reaching safepoint: 69924 ns, At safepoint: 6765 ns, Total: 76689 ns
[2023-03-30T10:48:33.990+0000][45078][safepoint   ] Safepoint "Cleanup", Time since last: 30003569242 ns, Reaching safepoint: 77807 ns, At safepoint: 7367 ns, Total: 85174 ns
[2023-03-30T10:49:33.997+0000][45078][safepoint   ] Safepoint "Cleanup", Time since last: 60007635658 ns, Reaching safepoint: 100888 ns, At safepoint: 11183 ns, Total: 112071 ns
[2023-03-30T10:50:14.003+0000][45078][safepoint   ] Safepoint "Cleanup", Time since last: 40005139201 ns, Reaching safepoint: 78941 ns, At safepoint: 7090 ns, Total: 86031 ns
[2023-03-30T10:50:24.004+0000][45078][safepoint   ] Safepoint "Cleanup", Time since last: 10001056025 ns, Reaching safepoint: 70540 ns, At safepoint: 12920 ns, Total: 83460 ns
[2023-03-30T10:51:04.009+0000][45078][safepoint   ] Safepoint "Cleanup", Time since last: 40004704899 ns, Reaching safepoint: 86911 ns, At safepoint: 8906 ns, Total: 95817 ns
[2023-03-30T10:52:04.016+0000][45078][safepoint   ] Safepoint "Cleanup", Time since last: 60007653417 ns, Reaching safepoint: 92752 ns, At safepoint: 7193 ns, Total: 99945 ns
[2023-03-30T10:52:48.021+0000][45078][safepoint   ] Safepoint "Cleanup", Time since last: 44005074419 ns, Reaching safepoint: 85478 ns, At safepoint: 15435 ns, Total: 100913 ns
[2023-03-30T10:53:48.029+0000][45078][safepoint   ] Safepoint "Cleanup", Time since last: 60007545675 ns, Reaching safepoint: 85195 ns, At safepoint: 7632 ns, Total: 92827 ns
[2023-03-30T10:54:04.031+0000][45078][safepoint   ] Safepoint "Cleanup", Time since last: 16002078835 ns, Reaching safepoint: 70623 ns, At safepoint: 6938 ns, Total: 77561 ns
[2023-03-30T10:54:29.034+0000][45078][safepoint   ] Safepoint "Cleanup", Time since last: 25003017089 ns, Reaching safepoint: 202017 ns, At safepoint: 9795 ns, Total: 211812 ns
[2023-03-30T10:54:34.035+0000][45078][safepoint   ] Safepoint "Cleanup", Time since last: 5000712311 ns, Reaching safepoint: 73473 ns, At safepoint: 9266 ns, Total: 82739 ns
[2023-03-30T10:55:51.046+0000][45078][safepoint   ] Safepoint "Cleanup", Time since last: 77010238889 ns, Reaching safepoint: 129879 ns, At safepoint: 10405 ns, Total: 140284 ns
[2023-03-30T10:56:04.047+0000][45078][safepoint   ] Safepoint "Cleanup", Time since last: 13001558943 ns, Reaching safepoint: 79726 ns, At safepoint: 7546 ns, Total: 87272 ns
[2023-03-30T10:56:34.051+0000][45078][safepoint   ] Safepoint "Cleanup", Time since last: 30003573693 ns, Reaching safepoint: 75298 ns, At safepoint: 6963 ns, Total: 82261 ns
[2023-03-30T10:56:44.053+0000][45078][safepoint   ] Safepoint "Cleanup", Time since last: 10001446895 ns, Reaching safepoint: 72617 ns, At safepoint: 12474 ns, Total: 85091 ns
[2023-03-30T10:57:09.056+0000][45078][safepoint   ] Safepoint "Cleanup", Time since last: 25003139112 ns, Reaching safepoint: 108664 ns, At safepoint: 9021 ns, Total: 117685 ns
[2023-03-30T10:57:17.057+0000][45078][safepoint   ] Safepoint "Cleanup", Time since last: 8001149280 ns, Reaching safepoint: 97878 ns, At safepoint: 10729 ns, Total: 108607 ns
[2023-03-30T10:57:34.059+0000][45078][safepoint   ] Safepoint "Cleanup", Time since last: 17002102578 ns, Reaching safepoint: 55646 ns, At safepoint: 6708 ns, Total: 62354 ns
[2023-03-30T10:58:04.063+0000][45078][safepoint   ] Safepoint "Cleanup", Time since last: 30003529242 ns, Reaching safepoint: 80282 ns, At safepoint: 7491 ns, Total: 87773 ns
[2023-03-30T10:58:14.064+0000][45078][safepoint   ] Safepoint "Cleanup", Time since last: 10000984698 ns, Reaching safepoint: 68455 ns, At safepoint: 10154 ns, Total: 78609 ns
[2023-03-30T10:58:18.064+0000][45078][safepoint   ] Safepoint "Cleanup", Time since last: 4000489184 ns, Reaching safepoint: 48628 ns, At safepoint: 6950 ns, Total: 55578 ns
[2023-03-30T10:58:34.066+0000][45078][safepoint   ] Safepoint "Cleanup", Time since last: 16001928016 ns, Reaching safepoint: 72581 ns, At safepoint: 7056 ns, Total: 79637 ns
[2023-03-30T10:59:34.074+0000][45078][safepoint   ] Safepoint "Cleanup", Time since last: 60007488579 ns, Reaching safepoint: 73282 ns, At safepoint: 7088 ns, Total: 80370 ns
[2023-03-30T11:00:04.078+0000][45078][safepoint   ] Safepoint "Cleanup", Time since last: 30003526175 ns, Reaching safepoint: 72304 ns, At safepoint: 19813 ns, Total: 92117 ns
[2023-03-30T11:00:33.866+0000][45078][safepoint   ] Safepoint "Cleanup", Time since last: 29788740869 ns, Reaching safepoint: 89804 ns, At safepoint: 7020 ns, Total: 96824 ns
[2023-03-30T11:01:53.878+0000][45078][safepoint   ] Safepoint "Cleanup", Time since last: 80011837266 ns, Reaching safepoint: 60210 ns, At safepoint: 7875 ns, Total: 68085 ns
[2023-03-30T11:02:03.880+0000][45078][safepoint   ] Safepoint "Cleanup", Time since last: 10001153924 ns, Reaching safepoint: 77043 ns, At safepoint: 16218 ns, Total: 93261 ns
[2023-03-30T11:02:13.881+0000][45078][safepoint   ] Safepoint "Cleanup", Time since last: 10001523937 ns, Reaching safepoint: 61780 ns, At safepoint: 7281 ns, Total: 69061 ns
[2023-03-30T11:03:17.889+0000][45078][safepoint   ] Safepoint "Cleanup", Time since last: 64007816734 ns, Reaching safepoint: 103861 ns, At safepoint: 16065 ns, Total: 119926 ns
[2023-03-30T11:03:33.891+0000][45078][safepoint   ] Safepoint "Cleanup", Time since last: 16001953467 ns, Reaching safepoint: 67500 ns, At safepoint: 10989 ns, Total: 78489 ns
[2023-03-30T11:03:47.893+0000][45078][safepoint   ] Safepoint "Cleanup", Time since last: 14001689779 ns, Reaching safepoint: 168789 ns, At safepoint: 17011 ns, Total: 185800 ns
[2023-03-30T11:04:03.895+0000][45078][safepoint   ] Safepoint "Cleanup", Time since last: 16002067498 ns, Reaching safepoint: 60575 ns, At safepoint: 8240 ns, Total: 68815 ns
[2023-03-30T11:04:33.899+0000][45078][safepoint   ] Safepoint "Cleanup", Time since last: 30003626514 ns, Reaching safepoint: 101588 ns, At safepoint: 8347 ns, Total: 109935 ns
[2023-03-30T11:05:03.903+0000][45078][safepoint   ] Safepoint "Cleanup", Time since last: 30003782436 ns, Reaching safepoint: 78791 ns, At safepoint: 6668 ns, Total: 85459 ns
[2023-03-30T11:06:04.911+0000][45078][safepoint   ] Safepoint "Cleanup", Time since last: 61007808504 ns, Reaching safepoint: 83387 ns, At safepoint: 7209 ns, Total: 90596 ns
[2023-03-30T11:06:33.914+0000][45078][safepoint   ] Safepoint "Cleanup", Time since last: 29003693036 ns, Reaching safepoint: 98412 ns, At safepoint: 7485 ns, Total: 105897 ns
[2023-03-30T11:06:53.917+0000][45078][safepoint   ] Safepoint "Cleanup", Time since last: 20002611166 ns, Reaching safepoint: 79060 ns, At safepoint: 9459 ns, Total: 88519 ns
[2023-03-30T11:08:33.930+0000][45078][safepoint   ] Safepoint "Cleanup", Time since last: 100013154190 ns, Reaching safepoint: 76230 ns, At safepoint: 8123 ns, Total: 84353 ns
[2023-03-30T11:08:43.932+0000][45078][safepoint   ] Safepoint "Cleanup", Time since last: 10001270826 ns, Reaching safepoint: 76658 ns, At safepoint: 12704 ns, Total: 89362 ns
[2023-03-30T11:09:03.935+0000][45078][safepoint   ] Safepoint "Cleanup", Time since last: 20003618418 ns, Reaching safepoint: 42198 ns, At safepoint: 6654 ns, Total: 48852 ns
[2023-03-30T11:10:20.945+0000][45078][safepoint   ] Safepoint "Cleanup", Time since last: 77009620420 ns, Reaching safepoint: 97842 ns, At safepoint: 7939 ns, Total: 105781 ns
[2023-03-30T11:10:21.945+0000][45078][safepoint   ] Safepoint "Cleanup", Time since last: 1000167259 ns, Reaching safepoint: 49649 ns, At safepoint: 8916 ns, Total: 58565 ns
[2023-03-30T11:10:22.946+0000][45078][safepoint   ] Safepoint "Cleanup", Time since last: 1000150767 ns, Reaching safepoint: 54340 ns, At safepoint: 10253 ns, Total: 64593 ns
[2023-03-30T11:11:33.955+0000][45078][safepoint   ] Safepoint "Cleanup", Time since last: 71009153722 ns, Reaching safepoint: 89780 ns, At safepoint: 7039 ns, Total: 96819 ns
[2023-03-30T11:12:33.962+0000][45078][safepoint   ] Safepoint "Cleanup", Time since last: 60007136384 ns, Reaching safepoint: 92171 ns, At safepoint: 15270 ns, Total: 107441 ns
[2023-03-30T11:12:47.964+0000][45078][safepoint   ] Safepoint "Cleanup", Time since last: 14001691324 ns, Reaching safepoint: 45784 ns, At safepoint: 7000 ns, Total: 52784 ns
[2023-03-30T11:13:03.966+0000][45078][safepoint   ] Safepoint "Cleanup", Time since last: 16002270752 ns, Reaching safepoint: 76510 ns, At safepoint: 10511 ns, Total: 87021 ns
[2023-03-30T11:14:10.769+0000][45078][gc,start    ] GC(21) Pause Young (Normal) (G1 Evacuation Pause)
[2023-03-30T11:14:10.769+0000][45078][gc,task     ] GC(21) Using 1 workers of 1 for evacuation
[2023-03-30T11:14:10.769+0000][45078][gc,age      ] GC(21) Desired survivor size 77594624 bytes, new threshold 15 (max threshold 15)
[2023-03-30T11:14:10.811+0000][45078][gc,age      ] GC(21) Age table with threshold 15 (max threshold 15)
[2023-03-30T11:14:10.811+0000][45078][gc,age      ] GC(21) - age   1:      85376 bytes,      85376 total
[2023-03-30T11:14:10.811+0000][45078][gc,age      ] GC(21) - age   2:     564272 bytes,     649648 total
[2023-03-30T11:14:10.811+0000][45078][gc,age      ] GC(21) - age   3:     533464 bytes,    1183112 total
[2023-03-30T11:14:10.811+0000][45078][gc,age      ] GC(21) - age   4:   10866448 bytes,   12049560 total
[2023-03-30T11:14:10.811+0000][45078][gc,age      ] GC(21) - age   5:     426872 bytes,   12476432 total
[2023-03-30T11:14:10.811+0000][45078][gc,phases   ] GC(21)   Pre Evacuate Collection Set: 0.2ms
[2023-03-30T11:14:10.811+0000][45078][gc,phases   ] GC(21)   Merge Heap Roots: 0.2ms
[2023-03-30T11:14:10.811+0000][45078][gc,phases   ] GC(21)   Evacuate Collection Set: 39.7ms
[2023-03-30T11:14:10.811+0000][45078][gc,phases   ] GC(21)   Post Evacuate Collection Set: 2.2ms
[2023-03-30T11:14:10.811+0000][45078][gc,phases   ] GC(21)   Other: 0.6ms
[2023-03-30T11:14:10.811+0000][45078][gc,heap     ] GC(21) Eden regions: 291->0(290)
[2023-03-30T11:14:10.811+0000][45078][gc,heap     ] GC(21) Survivor regions: 3->4(37)
[2023-03-30T11:14:10.811+0000][45078][gc,heap     ] GC(21) Old regions: 17->17
[2023-03-30T11:14:10.812+0000][45078][gc,heap     ] GC(21) Archive regions: 2->2
[2023-03-30T11:14:10.812+0000][45078][gc,heap     ] GC(21) Humongous regions: 2->2
[2023-03-30T11:14:10.812+0000][45078][gc,metaspace] GC(21) Metaspace: 109689K(111232K)->109689K(111232K) NonClass: 94707K(95616K)->94707K(95616K) Class: 14982K(15616K)->14982K(15616K)
[2023-03-30T11:14:10.812+0000][45078][gc          ] GC(21) Pause Young (Normal) (G1 Evacuation Pause) 1252M->90M(1964M) 43.023ms
[2023-03-30T11:14:10.812+0000][45078][gc,cpu      ] GC(21) User=0.04s Sys=0.00s Real=0.05s
[2023-03-30T11:14:10.812+0000][45078][safepoint   ] Safepoint "G1CollectForAllocation", Time since last: 66802226398 ns, Reaching safepoint: 63707 ns, At safepoint: 43130490 ns, Total: 43194197 ns
[2023-03-30T11:15:03.818+0000][45078][safepoint   ] Safepoint "Cleanup", Time since last: 53005953167 ns, Reaching safepoint: 94773 ns, At safepoint: 8262 ns, Total: 103035 ns
[2023-03-30T11:15:04.818+0000][45078][safepoint   ] Safepoint "Cleanup", Time since last: 1000125007 ns, Reaching safepoint: 43865 ns, At safepoint: 7104 ns, Total: 50969 ns
[2023-03-30T11:15:23.820+0000][45078][safepoint   ] Safepoint "Cleanup", Time since last: 19002265287 ns, Reaching safepoint: 93153 ns, At safepoint: 18719 ns, Total: 111872 ns
[2023-03-30T11:15:55.824+0000][45078][safepoint   ] Safepoint "Cleanup", Time since last: 32004112061 ns, Reaching safepoint: 75604 ns, At safepoint: 6924 ns, Total: 82528 ns
[2023-03-30T11:16:12.827+0000][45078][safepoint   ] Safepoint "Cleanup", Time since last: 17002229921 ns, Reaching safepoint: 46920 ns, At safepoint: 6995 ns, Total: 53915 ns
[2023-03-30T11:16:35.830+0000][45078][safepoint   ] Safepoint "Cleanup", Time since last: 23003045661 ns, Reaching safepoint: 104409 ns, At safepoint: 13958 ns, Total: 118367 ns
[2023-03-30T11:17:33.837+0000][45078][safepoint   ] Safepoint "Cleanup", Time since last: 58007143445 ns, Reaching safepoint: 156137 ns, At safepoint: 7288 ns, Total: 163425 ns
[2023-03-30T11:18:23.844+0000][45078][safepoint   ] Safepoint "Cleanup", Time since last: 50006505583 ns, Reaching safepoint: 106090 ns, At safepoint: 11903 ns, Total: 117993 ns
[2023-03-30T11:18:45.853+0000][45078][safepoint   ] Safepoint "Cleanup", Time since last: 22008845876 ns, Reaching safepoint: 70269 ns, At safepoint: 7306 ns, Total: 77575 ns
[2023-03-30T11:19:33.860+0000][45078][safepoint   ] Safepoint "Cleanup", Time since last: 48006674821 ns, Reaching safepoint: 102938 ns, At safepoint: 29409 ns, Total: 132347 ns
[2023-03-30T11:21:43.875+0000][45078][safepoint   ] Safepoint "Cleanup", Time since last: 130015765502 ns, Reaching safepoint: 71779 ns, At safepoint: 13553 ns, Total: 85332 ns
[2023-03-30T11:22:33.882+0000][45078][safepoint   ] Safepoint "Cleanup", Time since last: 50006137357 ns, Reaching safepoint: 139192 ns, At safepoint: 28231 ns, Total: 167423 ns
[2023-03-30T11:22:52.884+0000][45078][safepoint   ] Safepoint "Cleanup", Time since last: 19002581547 ns, Reaching safepoint: 75058 ns, At safepoint: 9477 ns, Total: 84535 ns
[2023-03-30T11:22:53.885+0000][45078][safepoint   ] Safepoint "Cleanup", Time since last: 1000229729 ns, Reaching safepoint: 50474 ns, At safepoint: 7547 ns, Total: 58021 ns
[2023-03-30T11:23:03.886+0000][45078][safepoint   ] Safepoint "Cleanup", Time since last: 10001097080 ns, Reaching safepoint: 79644 ns, At safepoint: 12975 ns, Total: 92619 ns
[2023-03-30T11:23:47.892+0000][45078][safepoint   ] Safepoint "Cleanup", Time since last: 44005557399 ns, Reaching safepoint: 109448 ns, At safepoint: 33234 ns, Total: 142682 ns
[2023-03-30T11:26:33.912+0000][45078][safepoint   ] Safepoint "Cleanup", Time since last: 166020098997 ns, Reaching safepoint: 96289 ns, At safepoint: 13578 ns, Total: 109867 ns
[2023-03-30T11:27:09.916+0000][45078][safepoint   ] Safepoint "Cleanup", Time since last: 36004381516 ns, Reaching safepoint: 73095 ns, At safepoint: 7229 ns, Total: 80324 ns
[2023-03-30T11:27:23.918+0000][45078][safepoint   ] Safepoint "Cleanup", Time since last: 14001730663 ns, Reaching safepoint: 96119 ns, At safepoint: 13902 ns, Total: 110021 ns
[2023-03-30T11:28:03.923+0000][45078][safepoint   ] Safepoint "Cleanup", Time since last: 40005046077 ns, Reaching safepoint: 235376 ns, At safepoint: 16412 ns, Total: 251788 ns
[2023-03-30T11:28:46.929+0000][45078][safepoint   ] Safepoint "Cleanup", Time since last: 43005336180 ns, Reaching safepoint: 74387 ns, At safepoint: 7398 ns, Total: 81785 ns
[2023-03-30T11:29:33.935+0000][45078][safepoint   ] Safepoint "Cleanup", Time since last: 47006139347 ns, Reaching safepoint: 94090 ns, At safepoint: 7422 ns, Total: 101512 ns
[2023-03-30T11:33:03.962+0000][45078][safepoint   ] Safepoint "Cleanup", Time since last: 210026979261 ns, Reaching safepoint: 185997 ns, At safepoint: 19387 ns, Total: 205384 ns
[2023-03-30T11:33:47.968+0000][45078][safepoint   ] Safepoint "Cleanup", Time since last: 44006111818 ns, Reaching safepoint: 94493 ns, At safepoint: 7461 ns, Total: 101954 ns
[2023-03-30T11:35:33.982+0000][45078][safepoint   ] Safepoint "Cleanup", Time since last: 106013694009 ns, Reaching safepoint: 77022 ns, At safepoint: 7535 ns, Total: 84557 ns
[2023-03-30T11:36:33.990+0000][45078][safepoint   ] Safepoint "Cleanup", Time since last: 60007827381 ns, Reaching safepoint: 94983 ns, At safepoint: 28217 ns, Total: 123200 ns
[2023-03-30T11:38:34.006+0000][45078][safepoint   ] Safepoint "Cleanup", Time since last: 120016254525 ns, Reaching safepoint: 75744 ns, At safepoint: 7707 ns, Total: 83451 ns
[2023-03-30T11:39:19.012+0000][45078][safepoint   ] Safepoint "Cleanup", Time since last: 45005331934 ns, Reaching safepoint: 83814 ns, At safepoint: 7664 ns, Total: 91478 ns
[2023-03-30T11:41:00.024+0000][45078][safepoint   ] Safepoint "Cleanup", Time since last: 101012498888 ns, Reaching safepoint: 71370 ns, At safepoint: 18119 ns, Total: 89489 ns
[2023-03-30T11:41:04.025+0000][45078][safepoint   ] Safepoint "Cleanup", Time since last: 4000503879 ns, Reaching safepoint: 56594 ns, At safepoint: 9737 ns, Total: 66331 ns
[2023-03-30T11:41:52.031+0000][45078][safepoint   ] Safepoint "Cleanup", Time since last: 48006280076 ns, Reaching safepoint: 91756 ns, At safepoint: 6990 ns, Total: 98746 ns
[2023-03-30T11:42:01.033+0000][45078][safepoint   ] Safepoint "Cleanup", Time since last: 9001020851 ns, Reaching safepoint: 64572 ns, At safepoint: 7189 ns, Total: 71761 ns
[2023-03-30T11:42:21.035+0000][45078][safepoint   ] Safepoint "Cleanup", Time since last: 20002435176 ns, Reaching safepoint: 90450 ns, At safepoint: 7680 ns, Total: 98130 ns
[2023-03-30T11:43:34.045+0000][45078][safepoint   ] Safepoint "Cleanup", Time since last: 73009806052 ns, Reaching safepoint: 100376 ns, At safepoint: 8211 ns, Total: 108587 ns
[2023-03-30T11:46:01.064+0000][45078][safepoint   ] Safepoint "Cleanup", Time since last: 147019044980 ns, Reaching safepoint: 78393 ns, At safepoint: 7653 ns, Total: 86046 ns
[2023-03-30T11:46:54.071+0000][45078][safepoint   ] Safepoint "Cleanup", Time since last: 53006480326 ns, Reaching safepoint: 75011 ns, At safepoint: 7295 ns, Total: 82306 ns
[2023-03-30T11:47:04.072+0000][45078][safepoint   ] Safepoint "Cleanup", Time since last: 10001378366 ns, Reaching safepoint: 57012 ns, At safepoint: 7988 ns, Total: 65000 ns
[2023-03-30T11:48:19.082+0000][45078][safepoint   ] Safepoint "Cleanup", Time since last: 75009956493 ns, Reaching safepoint: 120364 ns, At safepoint: 7620 ns, Total: 127984 ns
[2023-03-30T11:50:04.095+0000][45078][safepoint   ] Safepoint "Cleanup", Time since last: 105012739131 ns, Reaching safepoint: 90543 ns, At safepoint: 7678 ns, Total: 98221 ns
[2023-03-30T11:50:21.097+0000][45078][safepoint   ] Safepoint "Cleanup", Time since last: 17002387972 ns, Reaching safepoint: 53269 ns, At safepoint: 6775 ns, Total: 60044 ns
[2023-03-30T11:51:34.107+0000][45078][safepoint   ] Safepoint "Cleanup", Time since last: 73009368547 ns, Reaching safepoint: 93174 ns, At safepoint: 7076 ns, Total: 100250 ns
[2023-03-30T11:51:54.110+0000][45078][safepoint   ] Safepoint "Cleanup", Time since last: 20002687590 ns, Reaching safepoint: 72359 ns, At safepoint: 12668 ns, Total: 85027 ns
[2023-03-30T11:52:04.111+0000][45078][safepoint   ] Safepoint "Cleanup", Time since last: 10001437704 ns, Reaching safepoint: 48254 ns, At safepoint: 6778 ns, Total: 55032 ns
[2023-03-30T11:55:04.135+0000][45078][safepoint   ] Safepoint "Cleanup", Time since last: 180023636031 ns, Reaching safepoint: 93979 ns, At safepoint: 7768 ns, Total: 101747 ns
[2023-03-30T11:55:48.141+0000][45078][safepoint   ] Safepoint "Cleanup", Time since last: 44005661434 ns, Reaching safepoint: 115964 ns, At safepoint: 10886 ns, Total: 126850 ns
[2023-03-30T11:56:51.149+0000][45078][safepoint   ] Safepoint "Cleanup", Time since last: 63008038857 ns, Reaching safepoint: 75413 ns, At safepoint: 7430 ns, Total: 82843 ns
[2023-03-30T11:57:34.154+0000][45078][safepoint   ] Safepoint "Cleanup", Time since last: 43005358761 ns, Reaching safepoint: 78204 ns, At safepoint: 7177 ns, Total: 85381 ns
[2023-03-30T11:57:48.156+0000][45078][safepoint   ] Safepoint "Cleanup", Time since last: 14001759648 ns, Reaching safepoint: 51796 ns, At safepoint: 7436 ns, Total: 59232 ns
[2023-03-30T11:58:04.158+0000][45078][safepoint   ] Safepoint "Cleanup", Time since last: 16002096236 ns, Reaching safepoint: 88054 ns, At safepoint: 17869 ns, Total: 105923 ns
[2023-03-30T11:58:47.164+0000][45078][safepoint   ] Safepoint "Cleanup", Time since last: 43005941998 ns, Reaching safepoint: 79013 ns, At safepoint: 7590 ns, Total: 86603 ns
[2023-03-30T12:00:52.180+0000][45078][safepoint   ] Safepoint "Cleanup", Time since last: 125015893025 ns, Reaching safepoint: 123793 ns, At safepoint: 11696 ns, Total: 135489 ns
[2023-03-30T12:01:04.182+0000][45078][safepoint   ] Safepoint "Cleanup", Time since last: 12001463949 ns, Reaching safepoint: 47451 ns, At safepoint: 8400 ns, Total: 55851 ns
[2023-03-30T12:02:04.190+0000][45078][safepoint   ] Safepoint "Cleanup", Time since last: 60008033093 ns, Reaching safepoint: 71870 ns, At safepoint: 6735 ns, Total: 78605 ns
[2023-03-30T12:03:33.769+0000][45078][gc,start    ] GC(22) Pause Young (Normal) (G1 Evacuation Pause)
[2023-03-30T12:03:33.769+0000][45078][gc,task     ] GC(22) Using 1 workers of 1 for evacuation
[2023-03-30T12:03:33.769+0000][45078][gc,age      ] GC(22) Desired survivor size 77594624 bytes, new threshold 15 (max threshold 15)
[2023-03-30T12:03:33.810+0000][45078][gc,age      ] GC(22) Age table with threshold 15 (max threshold 15)
[2023-03-30T12:03:33.810+0000][45078][gc,age      ] GC(22) - age   1:     155264 bytes,     155264 total
[2023-03-30T12:03:33.810+0000][45078][gc,age      ] GC(22) - age   2:      29792 bytes,     185056 total
[2023-03-30T12:03:33.810+0000][45078][gc,age      ] GC(22) - age   3:     564240 bytes,     749296 total
[2023-03-30T12:03:33.810+0000][45078][gc,age      ] GC(22) - age   4:     533464 bytes,    1282760 total
[2023-03-30T12:03:33.810+0000][45078][gc,age      ] GC(22) - age   5:   10866448 bytes,   12149208 total
[2023-03-30T12:03:33.810+0000][45078][gc,age      ] GC(22) - age   6:     426872 bytes,   12576080 total
[2023-03-30T12:03:33.810+0000][45078][gc,phases   ] GC(22)   Pre Evacuate Collection Set: 0.2ms
[2023-03-30T12:03:33.810+0000][45078][gc,phases   ] GC(22)   Merge Heap Roots: 0.2ms
[2023-03-30T12:03:33.810+0000][45078][gc,phases   ] GC(22)   Evacuate Collection Set: 37.2ms
[2023-03-30T12:03:33.810+0000][45078][gc,phases   ] GC(22)   Post Evacuate Collection Set: 3.5ms
[2023-03-30T12:03:33.810+0000][45078][gc,phases   ] GC(22)   Other: 0.4ms
[2023-03-30T12:03:33.810+0000][45078][gc,heap     ] GC(22) Eden regions: 290->0(290)
[2023-03-30T12:03:33.810+0000][45078][gc,heap     ] GC(22) Survivor regions: 4->4(37)
[2023-03-30T12:03:33.810+0000][45078][gc,heap     ] GC(22) Old regions: 17->17
[2023-03-30T12:03:33.810+0000][45078][gc,heap     ] GC(22) Archive regions: 2->2
[2023-03-30T12:03:33.810+0000][45078][gc,heap     ] GC(22) Humongous regions: 2->2
[2023-03-30T12:03:33.810+0000][45078][gc,metaspace] GC(22) Metaspace: 109791K(111296K)->109791K(111296K) NonClass: 94809K(95680K)->94809K(95680K) Class: 14982K(15616K)->14982K(15616K)
[2023-03-30T12:03:33.810+0000][45078][gc          ] GC(22) Pause Young (Normal) (G1 Evacuation Pause) 1250M->90M(1964M) 41.614ms
[2023-03-30T12:03:33.810+0000][45078][gc,cpu      ] GC(22) User=0.04s Sys=0.00s Real=0.05s
[2023-03-30T12:03:33.810+0000][45078][safepoint   ] Safepoint "G1CollectForAllocation", Time since last: 89578545183 ns, Reaching safepoint: 196297 ns, At safepoint: 41745935 ns, Total: 41942232 ns
[2023-03-30T12:05:23.824+0000][45078][safepoint   ] Safepoint "Cleanup", Time since last: 110013610399 ns, Reaching safepoint: 120530 ns, At safepoint: 55128 ns, Total: 175658 ns
[2023-03-30T12:05:50.828+0000][45078][safepoint   ] Safepoint "Cleanup", Time since last: 27003273903 ns, Reaching safepoint: 75844 ns, At safepoint: 6941 ns, Total: 82785 ns
[2023-03-30T12:06:03.830+0000][45078][safepoint   ] Safepoint "Cleanup", Time since last: 13001791678 ns, Reaching safepoint: 68735 ns, At safepoint: 6919 ns, Total: 75654 ns
[2023-03-30T12:07:04.837+0000][45078][safepoint   ] Safepoint "Cleanup", Time since last: 61007171958 ns, Reaching safepoint: 136846 ns, At safepoint: 11315 ns, Total: 148161 ns
[2023-03-30T12:08:33.848+0000][45078][safepoint   ] Safepoint "Cleanup", Time since last: 89011305563 ns, Reaching safepoint: 127577 ns, At safepoint: 16912 ns, Total: 144489 ns
[2023-03-30T12:12:03.875+0000][45078][safepoint   ] Safepoint "Cleanup", Time since last: 210026536875 ns, Reaching safepoint: 108494 ns, At safepoint: 29412 ns, Total: 137906 ns
[2023-03-30T12:13:47.888+0000][45078][safepoint   ] Safepoint "Cleanup", Time since last: 104012811402 ns, Reaching safepoint: 93775 ns, At safepoint: 7897 ns, Total: 101672 ns
[2023-03-30T12:16:06.905+0000][45078][safepoint   ] Safepoint "Cleanup", Time since last: 139017174069 ns, Reaching safepoint: 114823 ns, At safepoint: 9542 ns, Total: 124365 ns
[2023-03-30T12:16:33.909+0000][45078][safepoint   ] Safepoint "Cleanup", Time since last: 27003419237 ns, Reaching safepoint: 104608 ns, At safepoint: 12442 ns, Total: 117050 ns
[2023-03-30T12:20:10.937+0000][45078][safepoint   ] Safepoint "Cleanup", Time since last: 217028503718 ns, Reaching safepoint: 124512 ns, At safepoint: 16197 ns, Total: 140709 ns
[2023-03-30T12:21:19.946+0000][45078][safepoint   ] Safepoint "Cleanup", Time since last: 69008742886 ns, Reaching safepoint: 110000 ns, At safepoint: 7494 ns, Total: 117494 ns
[2023-03-30T12:23:47.965+0000][45078][safepoint   ] Safepoint "Cleanup", Time since last: 148018663369 ns, Reaching safepoint: 100491 ns, At safepoint: 7355 ns, Total: 107846 ns
[2023-03-30T12:24:23.970+0000][45078][safepoint   ] Safepoint "Cleanup", Time since last: 36004798294 ns, Reaching safepoint: 80380 ns, At safepoint: 7060 ns, Total: 87440 ns
[2023-03-30T12:25:03.975+0000][45078][safepoint   ] Safepoint "Cleanup", Time since last: 40005060481 ns, Reaching safepoint: 72249 ns, At safepoint: 12675 ns, Total: 84924 ns
[2023-03-30T12:29:54.015+0000][45078][safepoint   ] Safepoint "Cleanup", Time since last: 290039688668 ns, Reaching safepoint: 116969 ns, At safepoint: 17056 ns, Total: 134025 ns
[2023-03-30T12:30:24.019+0000][45078][safepoint   ] Safepoint "Cleanup", Time since last: 30004047979 ns, Reaching safepoint: 109778 ns, At safepoint: 12658 ns, Total: 122436 ns
[2023-03-30T12:31:44.029+0000][45078][safepoint   ] Safepoint "Cleanup", Time since last: 80010137775 ns, Reaching safepoint: 85163 ns, At safepoint: 7475 ns, Total: 92638 ns
[2023-03-30T12:37:34.073+0000][45078][safepoint   ] Safepoint "Cleanup", Time since last: 350043319379 ns, Reaching safepoint: 298687 ns, At safepoint: 32092 ns, Total: 330779 ns
[2023-03-30T12:39:03.084+0000][45078][safepoint   ] Safepoint "Cleanup", Time since last: 89011253559 ns, Reaching safepoint: 170203 ns, At safepoint: 25034 ns, Total: 195237 ns
[2023-03-30T12:39:34.088+0000][45078][safepoint   ] Safepoint "Cleanup", Time since last: 31003623856 ns, Reaching safepoint: 81554 ns, At safepoint: 7993 ns, Total: 89547 ns
[2023-03-30T12:41:54.106+0000][45078][safepoint   ] Safepoint "Cleanup", Time since last: 140017368760 ns, Reaching safepoint: 111640 ns, At safepoint: 7727 ns, Total: 119367 ns
[2023-03-30T12:42:24.110+0000][45078][safepoint   ] Safepoint "Cleanup", Time since last: 30003937611 ns, Reaching safepoint: 117332 ns, At safepoint: 7724 ns, Total: 125056 ns
[2023-03-30T12:43:04.115+0000][45078][safepoint   ] Safepoint "Cleanup", Time since last: 40005140175 ns, Reaching safepoint: 100246 ns, At safepoint: 13625 ns, Total: 113871 ns
[2023-03-30T12:43:48.121+0000][45078][safepoint   ] Safepoint "Cleanup", Time since last: 44005597187 ns, Reaching safepoint: 81859 ns, At safepoint: 7615 ns, Total: 89474 ns
[2023-03-30T12:43:50.121+0000][45078][safepoint   ] Safepoint "Cleanup", Time since last: 2000412703 ns, Reaching safepoint: 48592 ns, At safepoint: 7222 ns, Total: 55814 ns
[2023-03-30T12:44:00.122+0000][45078][safepoint   ] Safepoint "Cleanup", Time since last: 10001347011 ns, Reaching safepoint: 63982 ns, At safepoint: 6838 ns, Total: 70820 ns
[2023-03-30T12:44:15.124+0000][45078][safepoint   ] Safepoint "Cleanup", Time since last: 15001799599 ns, Reaching safepoint: 81181 ns, At safepoint: 9847 ns, Total: 91028 ns
[2023-03-30T12:44:18.125+0000][45078][safepoint   ] Safepoint "Cleanup", Time since last: 3000440956 ns, Reaching safepoint: 50888 ns, At safepoint: 7195 ns, Total: 58083 ns
[2023-03-30T12:44:24.126+0000][45078][safepoint   ] Safepoint "Cleanup", Time since last: 6000889727 ns, Reaching safepoint: 70619 ns, At safepoint: 7360 ns, Total: 77979 ns
[2023-03-30T12:44:45.128+0000][45078][safepoint   ] Safepoint "Cleanup", Time since last: 21002602896 ns, Reaching safepoint: 73129 ns, At safepoint: 12888 ns, Total: 86017 ns
[2023-03-30T12:52:58.855+0000][45078][gc,start    ] GC(23) Pause Young (Normal) (G1 Evacuation Pause)
[2023-03-30T12:52:58.855+0000][45078][gc,task     ] GC(23) Using 1 workers of 1 for evacuation
[2023-03-30T12:52:58.855+0000][45078][gc,age      ] GC(23) Desired survivor size 77594624 bytes, new threshold 15 (max threshold 15)
[2023-03-30T12:52:58.893+0000][45078][gc,age      ] GC(23) Age table with threshold 15 (max threshold 15)
[2023-03-30T12:52:58.893+0000][45078][gc,age      ] GC(23) - age   1:      59656 bytes,      59656 total
[2023-03-30T12:52:58.893+0000][45078][gc,age      ] GC(23) - age   2:       6456 bytes,      66112 total
[2023-03-30T12:52:58.893+0000][45078][gc,age      ] GC(23) - age   3:      29792 bytes,      95904 total
[2023-03-30T12:52:58.893+0000][45078][gc,age      ] GC(23) - age   4:     563776 bytes,     659680 total
[2023-03-30T12:52:58.893+0000][45078][gc,age      ] GC(23) - age   5:     533008 bytes,    1192688 total
[2023-03-30T12:52:58.893+0000][45078][gc,age      ] GC(23) - age   6:   10861040 bytes,   12053728 total
[2023-03-30T12:52:58.893+0000][45078][gc,age      ] GC(23) - age   7:     426872 bytes,   12480600 total
[2023-03-30T12:52:58.893+0000][45078][gc,phases   ] GC(23)   Pre Evacuate Collection Set: 0.1ms
[2023-03-30T12:52:58.893+0000][45078][gc,phases   ] GC(23)   Merge Heap Roots: 0.3ms
[2023-03-30T12:52:58.893+0000][45078][gc,phases   ] GC(23)   Evacuate Collection Set: 34.1ms
[2023-03-30T12:52:58.893+0000][45078][gc,phases   ] GC(23)   Post Evacuate Collection Set: 3.3ms
[2023-03-30T12:52:58.893+0000][45078][gc,phases   ] GC(23)   Other: 0.5ms
[2023-03-30T12:52:58.893+0000][45078][gc,heap     ] GC(23) Eden regions: 290->0(291)
[2023-03-30T12:52:58.893+0000][45078][gc,heap     ] GC(23) Survivor regions: 4->3(37)
[2023-03-30T12:52:58.893+0000][45078][gc,heap     ] GC(23) Old regions: 17->17
[2023-03-30T12:52:58.893+0000][45078][gc,heap     ] GC(23) Archive regions: 2->2
[2023-03-30T12:52:58.893+0000][45078][gc,heap     ] GC(23) Humongous regions: 2->2
[2023-03-30T12:52:58.893+0000][45078][gc,metaspace] GC(23) Metaspace: 109924K(111488K)->109924K(111488K) NonClass: 94942K(95872K)->94942K(95872K) Class: 14982K(15616K)->14982K(15616K)
[2023-03-30T12:52:58.893+0000][45078][gc          ] GC(23) Pause Young (Normal) (G1 Evacuation Pause) 1250M->88M(1964M) 38.444ms
[2023-03-30T12:52:58.893+0000][45078][gc,cpu      ] GC(23) User=0.03s Sys=0.00s Real=0.04s
[2023-03-30T12:52:58.893+0000][45078][safepoint   ] Safepoint "G1CollectForAllocation", Time since last: 493726205775 ns, Reaching safepoint: 72505 ns, At safepoint: 38572953 ns, Total: 38645458 ns
[2023-03-30T12:53:47.900+0000][45078][safepoint   ] Safepoint "Cleanup", Time since last: 49006206403 ns, Reaching safepoint: 103151 ns, At safepoint: 25879 ns, Total: 129030 ns
[2023-03-30T12:55:03.909+0000][45078][safepoint   ] Safepoint "Cleanup", Time since last: 76009075815 ns, Reaching safepoint: 84610 ns, At safepoint: 34628 ns, Total: 119238 ns
[2023-03-30T12:55:34.913+0000][45078][safepoint   ] Safepoint "Cleanup", Time since last: 31004248458 ns, Reaching safepoint: 109647 ns, At safepoint: 23737 ns, Total: 133384 ns
[2023-03-30T12:59:47.945+0000][45078][safepoint   ] Safepoint "Cleanup", Time since last: 253031652027 ns, Reaching safepoint: 109083 ns, At safepoint: 7749 ns, Total: 116832 ns
[2023-03-30T13:08:45.013+0000][45078][safepoint   ] Safepoint "Cleanup", Time since last: 537068223421 ns, Reaching safepoint: 106012 ns, At safepoint: 14031 ns, Total: 120043 ns
[2023-03-30T13:08:50.014+0000][45078][safepoint   ] Safepoint "Cleanup", Time since last: 5000576601 ns, Reaching safepoint: 47880 ns, At safepoint: 7269 ns, Total: 55149 ns
[2023-03-30T13:09:18.018+0000][45078][safepoint   ] Safepoint "Cleanup", Time since last: 28003440732 ns, Reaching safepoint: 74376 ns, At safepoint: 13099 ns, Total: 87475 ns
[2023-03-30T13:09:34.020+0000][45078][safepoint   ] Safepoint "Cleanup", Time since last: 16002139930 ns, Reaching safepoint: 65308 ns, At safepoint: 7637 ns, Total: 72945 ns
[2023-03-30T13:09:45.021+0000][45078][safepoint   ] Safepoint "Cleanup", Time since last: 11001334945 ns, Reaching safepoint: 64031 ns, At safepoint: 13194 ns, Total: 77225 ns
[2023-03-30T13:10:04.023+0000][45078][safepoint   ] Safepoint "Cleanup", Time since last: 19002274879 ns, Reaching safepoint: 48473 ns, At safepoint: 8623 ns, Total: 57096 ns
[2023-03-30T13:12:34.042+0000][45078][safepoint   ] Safepoint "Cleanup", Time since last: 150018827132 ns, Reaching safepoint: 136081 ns, At safepoint: 19998 ns, Total: 156079 ns
[2023-03-30T13:13:04.046+0000][45078][safepoint   ] Safepoint "Cleanup", Time since last: 30003946357 ns, Reaching safepoint: 74479 ns, At safepoint: 7892 ns, Total: 82371 ns
[2023-03-30T13:15:04.062+0000][45078][safepoint   ] Safepoint "Cleanup", Time since last: 120015018669 ns, Reaching safepoint: 87128 ns, At safepoint: 7861 ns, Total: 94989 ns
[2023-03-30T13:15:34.065+0000][45078][safepoint   ] Safepoint "Cleanup", Time since last: 30003677232 ns, Reaching safepoint: 132901 ns, At safepoint: 13782 ns, Total: 146683 ns
[2023-03-30T13:16:19.071+0000][45078][safepoint   ] Safepoint "Cleanup", Time since last: 45005598527 ns, Reaching safepoint: 71274 ns, At safepoint: 7041 ns, Total: 78315 ns
[2023-03-30T13:20:04.099+0000][45078][safepoint   ] Safepoint "Cleanup", Time since last: 225027460878 ns, Reaching safepoint: 103007 ns, At safepoint: 7722 ns, Total: 110729 ns
[2023-03-30T13:20:18.100+0000][45078][safepoint   ] Safepoint "Cleanup", Time since last: 14001642941 ns, Reaching safepoint: 48012 ns, At safepoint: 6979 ns, Total: 54991 ns
[2023-03-30T13:23:14.122+0000][45078][safepoint   ] Safepoint "Cleanup", Time since last: 176021316724 ns, Reaching safepoint: 69268 ns, At safepoint: 12499 ns, Total: 81767 ns
[2023-03-30T13:23:24.123+0000][45078][safepoint   ] Safepoint "Cleanup", Time since last: 10001276526 ns, Reaching safepoint: 52911 ns, At safepoint: 6836 ns, Total: 59747 ns
[2023-03-30T13:23:34.124+0000][45078][safepoint   ] Safepoint "Cleanup", Time since last: 10001192674 ns, Reaching safepoint: 86377 ns, At safepoint: 15133 ns, Total: 101510 ns
[2023-03-30T13:23:48.126+0000][45078][safepoint   ] Safepoint "Cleanup", Time since last: 14001792546 ns, Reaching safepoint: 69214 ns, At safepoint: 11735 ns, Total: 80949 ns
[2023-03-30T13:25:34.140+0000][45078][safepoint   ] Safepoint "Cleanup", Time since last: 106013337913 ns, Reaching safepoint: 133151 ns, At safepoint: 12263 ns, Total: 145414 ns
[2023-03-30T13:27:24.154+0000][45078][safepoint   ] Safepoint "Cleanup", Time since last: 110013837799 ns, Reaching safepoint: 87311 ns, At safepoint: 7541 ns, Total: 94852 ns
[2023-03-30T13:30:04.174+0000][45078][safepoint   ] Safepoint "Cleanup", Time since last: 160020264489 ns, Reaching safepoint: 108736 ns, At safepoint: 15201 ns, Total: 123937 ns
[2023-03-30T13:31:22.184+0000][45078][safepoint   ] Safepoint "Cleanup", Time since last: 78009739573 ns, Reaching safepoint: 160293 ns, At safepoint: 14100 ns, Total: 174393 ns
[2023-03-30T13:33:48.203+0000][45078][safepoint   ] Safepoint "Cleanup", Time since last: 146018763038 ns, Reaching safepoint: 124535 ns, At safepoint: 22184 ns, Total: 146719 ns
[2023-03-30T13:35:58.219+0000][45078][safepoint   ] Safepoint "Cleanup", Time since last: 130016370888 ns, Reaching safepoint: 81897 ns, At safepoint: 7393 ns, Total: 89290 ns
[2023-03-30T13:40:04.250+0000][45078][safepoint   ] Safepoint "Cleanup", Time since last: 246030562970 ns, Reaching safepoint: 95887 ns, At safepoint: 8024 ns, Total: 103911 ns
[2023-03-30T13:40:05.250+0000][45078][safepoint   ] Safepoint "Cleanup", Time since last: 1000186691 ns, Reaching safepoint: 51303 ns, At safepoint: 7011 ns, Total: 58314 ns
[2023-03-30T13:41:36.262+0000][45078][safepoint   ] Safepoint "Cleanup", Time since last: 91011696801 ns, Reaching safepoint: 97382 ns, At safepoint: 8055 ns, Total: 105437 ns
[2023-03-30T13:42:33.770+0000][45078][gc,start    ] GC(24) Pause Young (Normal) (G1 Evacuation Pause)
[2023-03-30T13:42:33.770+0000][45078][gc,task     ] GC(24) Using 1 workers of 1 for evacuation
[2023-03-30T13:42:33.770+0000][45078][gc,age      ] GC(24) Desired survivor size 77594624 bytes, new threshold 15 (max threshold 15)
[2023-03-30T13:42:33.811+0000][45078][gc,age      ] GC(24) Age table with threshold 15 (max threshold 15)
[2023-03-30T13:42:33.811+0000][45078][gc,age      ] GC(24) - age   1:     173320 bytes,     173320 total
[2023-03-30T13:42:33.811+0000][45078][gc,age      ] GC(24) - age   2:       8320 bytes,     181640 total
[2023-03-30T13:42:33.811+0000][45078][gc,age      ] GC(24) - age   3:       6456 bytes,     188096 total
[2023-03-30T13:42:33.811+0000][45078][gc,age      ] GC(24) - age   4:      29792 bytes,     217888 total
[2023-03-30T13:42:33.811+0000][45078][gc,age      ] GC(24) - age   5:     563672 bytes,     781560 total
[2023-03-30T13:42:33.812+0000][45078][gc,age      ] GC(24) - age   6:     533008 bytes,    1314568 total
[2023-03-30T13:42:33.812+0000][45078][gc,age      ] GC(24) - age   7:   10861040 bytes,   12175608 total
[2023-03-30T13:42:33.812+0000][45078][gc,age      ] GC(24) - age   8:     426872 bytes,   12602480 total
[2023-03-30T13:42:33.812+0000][45078][gc,phases   ] GC(24)   Pre Evacuate Collection Set: 0.1ms
[2023-03-30T13:42:33.812+0000][45078][gc,phases   ] GC(24)   Merge Heap Roots: 0.2ms
[2023-03-30T13:42:33.812+0000][45078][gc,phases   ] GC(24)   Evacuate Collection Set: 39.1ms
[2023-03-30T13:42:33.812+0000][45078][gc,phases   ] GC(24)   Post Evacuate Collection Set: 2.3ms
[2023-03-30T13:42:33.812+0000][45078][gc,phases   ] GC(24)   Other: 0.4ms
[2023-03-30T13:42:33.812+0000][45078][gc,heap     ] GC(24) Eden regions: 291->0(290)
[2023-03-30T13:42:33.812+0000][45078][gc,heap     ] GC(24) Survivor regions: 3->4(37)
[2023-03-30T13:42:33.812+0000][45078][gc,heap     ] GC(24) Old regions: 17->17
[2023-03-30T13:42:33.812+0000][45078][gc,heap     ] GC(24) Archive regions: 2->2
[2023-03-30T13:42:33.812+0000][45078][gc,heap     ] GC(24) Humongous regions: 2->2
[2023-03-30T13:42:33.812+0000][45078][gc,metaspace] GC(24) Metaspace: 110023K(111552K)->110023K(111552K) NonClass: 95040K(95936K)->95040K(95936K) Class: 14983K(15616K)->14983K(15616K)
[2023-03-30T13:42:33.812+0000][45078][gc          ] GC(24) Pause Young (Normal) (G1 Evacuation Pause) 1252M->90M(1964M) 42.258ms
[2023-03-30T13:42:33.812+0000][45078][gc,cpu      ] GC(24) User=0.04s Sys=0.00s Real=0.04s
[2023-03-30T13:42:33.812+0000][45078][safepoint   ] Safepoint "G1CollectForAllocation", Time since last: 57507177091 ns, Reaching safepoint: 247455 ns, At safepoint: 42388193 ns, Total: 42635648 ns
[2023-03-30T13:52:34.888+0000][45078][safepoint   ] Safepoint "Cleanup", Time since last: 601075777531 ns, Reaching safepoint: 97396 ns, At safepoint: 14149 ns, Total: 111545 ns
[2023-03-30T14:06:03.988+0000][45078][safepoint   ] Safepoint "Cleanup", Time since last: 809099967089 ns, Reaching safepoint: 103318 ns, At safepoint: 14110 ns, Total: 117428 ns
[2023-03-30T14:10:04.018+0000][45078][safepoint   ] Safepoint "Cleanup", Time since last: 240030114792 ns, Reaching safepoint: 94794 ns, At safepoint: 7470 ns, Total: 102264 ns
[2023-03-30T14:10:34.022+0000][45078][safepoint   ] Safepoint "Cleanup", Time since last: 30003806642 ns, Reaching safepoint: 90763 ns, At safepoint: 13802 ns, Total: 104565 ns
[2023-03-30T14:18:34.081+0000][45078][safepoint   ] Safepoint "Cleanup", Time since last: 480058852917 ns, Reaching safepoint: 152207 ns, At safepoint: 13372 ns, Total: 165579 ns
[2023-03-30T14:21:01.099+0000][45078][safepoint   ] Safepoint "Cleanup", Time since last: 147017967292 ns, Reaching safepoint: 80005 ns, At safepoint: 12452 ns, Total: 92457 ns
[2023-03-30T14:32:03.794+0000][45078][gc,start    ] GC(25) Pause Young (Normal) (G1 Evacuation Pause)
[2023-03-30T14:32:03.794+0000][45078][gc,task     ] GC(25) Using 1 workers of 1 for evacuation
[2023-03-30T14:32:03.794+0000][45078][gc,age      ] GC(25) Desired survivor size 77594624 bytes, new threshold 15 (max threshold 15)
[2023-03-30T14:32:03.833+0000][45078][gc,age      ] GC(25) Age table with threshold 15 (max threshold 15)
[2023-03-30T14:32:03.833+0000][45078][gc,age      ] GC(25) - age   1:      55792 bytes,      55792 total
[2023-03-30T14:32:03.833+0000][45078][gc,age      ] GC(25) - age   2:       7056 bytes,      62848 total
[2023-03-30T14:32:03.833+0000][45078][gc,age      ] GC(25) - age   3:       8136 bytes,      70984 total
[2023-03-30T14:32:03.833+0000][45078][gc,age      ] GC(25) - age   4:       6456 bytes,      77440 total
[2023-03-30T14:32:03.833+0000][45078][gc,age      ] GC(25) - age   5:      29792 bytes,     107232 total
[2023-03-30T14:32:03.833+0000][45078][gc,age      ] GC(25) - age   6:     563672 bytes,     670904 total
[2023-03-30T14:32:03.834+0000][45078][gc,age      ] GC(25) - age   7:     533008 bytes,    1203912 total
[2023-03-30T14:32:03.834+0000][45078][gc,age      ] GC(25) - age   8:   10861040 bytes,   12064952 total
[2023-03-30T14:32:03.834+0000][45078][gc,age      ] GC(25) - age   9:     426872 bytes,   12491824 total
[2023-03-30T14:32:03.834+0000][45078][gc,phases   ] GC(25)   Pre Evacuate Collection Set: 0.7ms
[2023-03-30T14:32:03.834+0000][45078][gc,phases   ] GC(25)   Merge Heap Roots: 0.2ms
[2023-03-30T14:32:03.834+0000][45078][gc,phases   ] GC(25)   Evacuate Collection Set: 35.5ms
[2023-03-30T14:32:03.834+0000][45078][gc,phases   ] GC(25)   Post Evacuate Collection Set: 2.4ms
[2023-03-30T14:32:03.834+0000][45078][gc,phases   ] GC(25)   Other: 1.5ms
[2023-03-30T14:32:03.834+0000][45078][gc,heap     ] GC(25) Eden regions: 290->0(291)
[2023-03-30T14:32:03.834+0000][45078][gc,heap     ] GC(25) Survivor regions: 4->3(37)
[2023-03-30T14:32:03.834+0000][45078][gc,heap     ] GC(25) Old regions: 17->17
[2023-03-30T14:32:03.834+0000][45078][gc,heap     ] GC(25) Archive regions: 2->2
[2023-03-30T14:32:03.834+0000][45078][gc,heap     ] GC(25) Humongous regions: 2->2
[2023-03-30T14:32:03.834+0000][45078][gc,metaspace] GC(25) Metaspace: 110045K(111616K)->110045K(111616K) NonClass: 95061K(96000K)->95061K(96000K) Class: 14983K(15616K)->14983K(15616K)
[2023-03-30T14:32:03.834+0000][45078][gc          ] GC(25) Pause Young (Normal) (G1 Evacuation Pause) 1250M->88M(1964M) 40.322ms
[2023-03-30T14:32:03.834+0000][45078][gc,cpu      ] GC(25) User=0.04s Sys=0.00s Real=0.04s
[2023-03-30T14:32:03.834+0000][45078][safepoint   ] Safepoint "G1CollectForAllocation", Time since last: 662694762413 ns, Reaching safepoint: 56770 ns, At safepoint: 40433653 ns, Total: 40490423 ns
[2023-03-30T14:44:19.929+0000][45078][safepoint   ] Safepoint "Cleanup", Time since last: 736094820516 ns, Reaching safepoint: 112503 ns, At safepoint: 14999 ns, Total: 127502 ns
[2023-03-30T14:46:43.947+0000][45078][safepoint   ] Safepoint "Cleanup", Time since last: 144017563509 ns, Reaching safepoint: 110959 ns, At safepoint: 10274 ns, Total: 121233 ns
[2023-03-30T14:52:38.970+0000][45078][safepoint   ] Safepoint "Cleanup", Time since last: 355022713455 ns, Reaching safepoint: 150554 ns, At safepoint: 12597 ns, Total: 163151 ns
[2023-03-30T14:53:47.979+0000][45078][safepoint   ] Safepoint "Cleanup", Time since last: 69009141679 ns, Reaching safepoint: 80717 ns, At safepoint: 13434 ns, Total: 94151 ns
[2023-03-30T14:58:04.012+0000][45078][safepoint   ] Safepoint "Cleanup", Time since last: 256032722834 ns, Reaching safepoint: 122721 ns, At safepoint: 14771 ns, Total: 137492 ns
[2023-03-30T14:58:47.017+0000][45078][safepoint   ] Safepoint "Cleanup", Time since last: 43005097013 ns, Reaching safepoint: 108045 ns, At safepoint: 15641 ns, Total: 123686 ns
[2023-03-30T15:08:25.090+0000][45078][safepoint   ] Safepoint "Cleanup", Time since last: 578072674694 ns, Reaching safepoint: 191696 ns, At safepoint: 19727 ns, Total: 211423 ns
[2023-03-30T15:08:40.092+0000][45078][safepoint   ] Safepoint "Cleanup", Time since last: 15002077805 ns, Reaching safepoint: 111444 ns, At safepoint: 14424 ns, Total: 125868 ns
[2023-03-30T15:08:48.093+0000][45078][safepoint   ] Safepoint "Cleanup", Time since last: 8001064081 ns, Reaching safepoint: 47458 ns, At safepoint: 7100 ns, Total: 54558 ns
[2023-03-30T15:11:42.115+0000][45078][safepoint   ] Safepoint "Cleanup", Time since last: 174021969344 ns, Reaching safepoint: 103016 ns, At safepoint: 12776 ns, Total: 115792 ns
[2023-03-30T15:16:24.151+0000][45078][safepoint   ] Safepoint "Cleanup", Time since last: 282035861217 ns, Reaching safepoint: 107048 ns, At safepoint: 13506 ns, Total: 120554 ns
[2023-03-30T15:18:04.164+0000][45078][safepoint   ] Safepoint "Cleanup", Time since last: 100012460688 ns, Reaching safepoint: 96662 ns, At safepoint: 9806 ns, Total: 106468 ns
[2023-03-30T15:18:34.168+0000][45078][safepoint   ] Safepoint "Cleanup", Time since last: 30003668128 ns, Reaching safepoint: 87664 ns, At safepoint: 7214 ns, Total: 94878 ns
[2023-03-30T15:19:25.175+0000][45078][safepoint   ] Safepoint "Cleanup", Time since last: 51006801914 ns, Reaching safepoint: 71976 ns, At safepoint: 6745 ns, Total: 78721 ns
[2023-03-30T15:20:34.184+0000][45078][safepoint   ] Safepoint "Cleanup", Time since last: 69008873353 ns, Reaching safepoint: 115391 ns, At safepoint: 8148 ns, Total: 123539 ns
[2023-03-30T15:21:55.858+0000][45078][gc,start    ] GC(26) Pause Young (Normal) (G1 Evacuation Pause)
[2023-03-30T15:21:55.858+0000][45078][gc,task     ] GC(26) Using 1 workers of 1 for evacuation
[2023-03-30T15:21:55.858+0000][45078][gc,age      ] GC(26) Desired survivor size 77594624 bytes, new threshold 15 (max threshold 15)
[2023-03-30T15:21:55.895+0000][45078][gc,age      ] GC(26) Age table with threshold 15 (max threshold 15)
[2023-03-30T15:21:55.895+0000][45078][gc,age      ] GC(26) - age   1:      63608 bytes,      63608 total
[2023-03-30T15:21:55.895+0000][45078][gc,age      ] GC(26) - age   2:       1592 bytes,      65200 total
[2023-03-30T15:21:55.895+0000][45078][gc,age      ] GC(26) - age   3:       7056 bytes,      72256 total
[2023-03-30T15:21:55.895+0000][45078][gc,age      ] GC(26) - age   4:       7816 bytes,      80072 total
[2023-03-30T15:21:55.895+0000][45078][gc,age      ] GC(26) - age   5:       6456 bytes,      86528 total
[2023-03-30T15:21:55.895+0000][45078][gc,age      ] GC(26) - age   6:      29792 bytes,     116320 total
[2023-03-30T15:21:55.895+0000][45078][gc,age      ] GC(26) - age   7:     563488 bytes,     679808 total
[2023-03-30T15:21:55.895+0000][45078][gc,age      ] GC(26) - age   8:     532616 bytes,    1212424 total
[2023-03-30T15:21:55.895+0000][45078][gc,age      ] GC(26) - age   9:   10861040 bytes,   12073464 total
[2023-03-30T15:21:55.895+0000][45078][gc,age      ] GC(26) - age  10:     426872 bytes,   12500336 total
[2023-03-30T15:21:55.895+0000][45078][gc,phases   ] GC(26)   Pre Evacuate Collection Set: 0.1ms
[2023-03-30T15:21:55.895+0000][45078][gc,phases   ] GC(26)   Merge Heap Roots: 0.2ms
[2023-03-30T15:21:55.895+0000][45078][gc,phases   ] GC(26)   Evacuate Collection Set: 34.8ms
[2023-03-30T15:21:55.895+0000][45078][gc,phases   ] GC(26)   Post Evacuate Collection Set: 2.0ms
[2023-03-30T15:21:55.895+0000][45078][gc,phases   ] GC(26)   Other: 0.4ms
[2023-03-30T15:21:55.895+0000][45078][gc,heap     ] GC(26) Eden regions: 291->0(291)
[2023-03-30T15:21:55.895+0000][45078][gc,heap     ] GC(26) Survivor regions: 3->3(37)
[2023-03-30T15:21:55.895+0000][45078][gc,heap     ] GC(26) Old regions: 17->17
[2023-03-30T15:21:55.895+0000][45078][gc,heap     ] GC(26) Archive regions: 2->2
[2023-03-30T15:21:55.895+0000][45078][gc,heap     ] GC(26) Humongous regions: 2->2
[2023-03-30T15:21:55.895+0000][45078][gc,metaspace] GC(26) Metaspace: 110078K(111616K)->110078K(111616K) NonClass: 95095K(96000K)->95095K(96000K) Class: 14983K(15616K)->14983K(15616K)
[2023-03-30T15:21:55.895+0000][45078][gc          ] GC(26) Pause Young (Normal) (G1 Evacuation Pause) 1252M->88M(1964M) 37.609ms
[2023-03-30T15:21:55.895+0000][45078][gc,cpu      ] GC(26) User=0.04s Sys=0.00s Real=0.03s
[2023-03-30T15:21:55.895+0000][45078][safepoint   ] Safepoint "G1CollectForAllocation", Time since last: 81673822587 ns, Reaching safepoint: 148628 ns, At safepoint: 37741616 ns, Total: 37890244 ns
[2023-03-30T15:34:33.990+0000][45078][safepoint   ] Safepoint "Cleanup", Time since last: 758094359924 ns, Reaching safepoint: 131224 ns, At safepoint: 15367 ns, Total: 146591 ns
[2023-03-30T15:35:03.921+0000][45078][safepoint   ] Safepoint "Cleanup", Time since last: 29931351684 ns, Reaching safepoint: 233851 ns, At safepoint: 9392 ns, Total: 243243 ns
[2023-03-30T15:35:04.922+0000][45078][safepoint   ] Safepoint "Cleanup", Time since last: 1000171756 ns, Reaching safepoint: 80793 ns, At safepoint: 12013 ns, Total: 92806 ns
[2023-03-30T15:35:18.923+0000][45078][safepoint   ] Safepoint "Cleanup", Time since last: 14001517495 ns, Reaching safepoint: 81487 ns, At safepoint: 8698 ns, Total: 90185 ns
[2023-03-30T15:35:23.924+0000][45078][safepoint   ] Safepoint "Cleanup", Time since last: 5000648740 ns, Reaching safepoint: 54780 ns, At safepoint: 8183 ns, Total: 62963 ns
[2023-03-30T15:36:46.934+0000][45078][safepoint   ] Safepoint "Cleanup", Time since last: 83010269097 ns, Reaching safepoint: 101692 ns, At safepoint: 7494 ns, Total: 109186 ns
[2023-03-30T15:40:33.963+0000][45078][safepoint   ] Safepoint "Cleanup", Time since last: 227028239467 ns, Reaching safepoint: 98528 ns, At safepoint: 7208 ns, Total: 105736 ns
[2023-03-30T15:56:04.078+0000][45078][safepoint   ] Safepoint "Cleanup", Time since last: 930115454965 ns, Reaching safepoint: 173653 ns, At safepoint: 25076 ns, Total: 198729 ns
[2023-03-30T16:00:34.822+0000][45078][safepoint   ] Safepoint "Cleanup", Time since last: 270743790056 ns, Reaching safepoint: 96443 ns, At safepoint: 7315 ns, Total: 103758 ns
[2023-03-30T16:03:47.847+0000][45078][safepoint   ] Safepoint "Cleanup", Time since last: 193024648099 ns, Reaching safepoint: 127890 ns, At safepoint: 19431 ns, Total: 147321 ns
[2023-03-30T16:06:18.866+0000][45078][safepoint   ] Safepoint "Cleanup", Time since last: 151019228711 ns, Reaching safepoint: 124827 ns, At safepoint: 13010 ns, Total: 137837 ns
[2023-03-30T16:06:33.868+0000][45078][safepoint   ] Safepoint "Cleanup", Time since last: 15001723400 ns, Reaching safepoint: 61890 ns, At safepoint: 32588 ns, Total: 94478 ns
[2023-03-30T16:10:18.897+0000][45078][safepoint   ] Safepoint "Cleanup", Time since last: 225028265902 ns, Reaching safepoint: 112416 ns, At safepoint: 12687 ns, Total: 125103 ns
[2023-03-30T16:11:47.620+0000][45078][gc,start    ] GC(27) Pause Young (Normal) (G1 Evacuation Pause)
[2023-03-30T16:11:47.620+0000][45078][gc,task     ] GC(27) Using 1 workers of 1 for evacuation
[2023-03-30T16:11:47.620+0000][45078][gc,age      ] GC(27) Desired survivor size 77594624 bytes, new threshold 15 (max threshold 15)
[2023-03-30T16:11:47.656+0000][45078][gc,age      ] GC(27) Age table with threshold 15 (max threshold 15)
[2023-03-30T16:11:47.656+0000][45078][gc,age      ] GC(27) - age   1:      49616 bytes,      49616 total
[2023-03-30T16:11:47.656+0000][45078][gc,age      ] GC(27) - age   2:       5040 bytes,      54656 total
[2023-03-30T16:11:47.656+0000][45078][gc,age      ] GC(27) - age   3:       1592 bytes,      56248 total
[2023-03-30T16:11:47.656+0000][45078][gc,age      ] GC(27) - age   4:       7056 bytes,      63304 total
[2023-03-30T16:11:47.656+0000][45078][gc,age      ] GC(27) - age   5:       7816 bytes,      71120 total
[2023-03-30T16:11:47.656+0000][45078][gc,age      ] GC(27) - age   6:       6456 bytes,      77576 total
[2023-03-30T16:11:47.656+0000][45078][gc,age      ] GC(27) - age   7:      29792 bytes,     107368 total
[2023-03-30T16:11:47.656+0000][45078][gc,age      ] GC(27) - age   8:     563096 bytes,     670464 total
[2023-03-30T16:11:47.656+0000][45078][gc,age      ] GC(27) - age   9:     532616 bytes,    1203080 total
[2023-03-30T16:11:47.656+0000][45078][gc,age      ] GC(27) - age  10:   10861040 bytes,   12064120 total
[2023-03-30T16:11:47.656+0000][45078][gc,age      ] GC(27) - age  11:     426872 bytes,   12490992 total
[2023-03-30T16:11:47.656+0000][45078][gc,phases   ] GC(27)   Pre Evacuate Collection Set: 0.2ms
[2023-03-30T16:11:47.656+0000][45078][gc,phases   ] GC(27)   Merge Heap Roots: 0.2ms
[2023-03-30T16:11:47.656+0000][45078][gc,phases   ] GC(27)   Evacuate Collection Set: 32.7ms
[2023-03-30T16:11:47.656+0000][45078][gc,phases   ] GC(27)   Post Evacuate Collection Set: 2.5ms
[2023-03-30T16:11:47.656+0000][45078][gc,phases   ] GC(27)   Other: 0.5ms
[2023-03-30T16:11:47.656+0000][45078][gc,heap     ] GC(27) Eden regions: 291->0(291)
[2023-03-30T16:11:47.656+0000][45078][gc,heap     ] GC(27) Survivor regions: 3->3(37)
[2023-03-30T16:11:47.656+0000][45078][gc,heap     ] GC(27) Old regions: 17->17
[2023-03-30T16:11:47.656+0000][45078][gc,heap     ] GC(27) Archive regions: 2->2
[2023-03-30T16:11:47.656+0000][45078][gc,heap     ] GC(27) Humongous regions: 2->2
[2023-03-30T16:11:47.656+0000][45078][gc,metaspace] GC(27) Metaspace: 110100K(111680K)->110100K(111680K) NonClass: 95117K(96064K)->95117K(96064K) Class: 14983K(15616K)->14983K(15616K)
[2023-03-30T16:11:47.656+0000][45078][gc          ] GC(27) Pause Young (Normal) (G1 Evacuation Pause) 1252M->88M(1964M) 36.072ms
[2023-03-30T16:11:47.656+0000][45078][gc,cpu      ] GC(27) User=0.03s Sys=0.00s Real=0.03s
[2023-03-30T16:11:47.656+0000][45078][safepoint   ] Safepoint "G1CollectForAllocation", Time since last: 88723447043 ns, Reaching safepoint: 177282 ns, At safepoint: 36204977 ns, Total: 36382259 ns
[2023-03-30T16:21:04.727+0000][45078][safepoint   ] Safepoint "Cleanup", Time since last: 557070504746 ns, Reaching safepoint: 97413 ns, At safepoint: 13954 ns, Total: 111367 ns
[2023-03-30T16:24:04.750+0000][45078][safepoint   ] Safepoint "Cleanup", Time since last: 180022366243 ns, Reaching safepoint: 101064 ns, At safepoint: 33781 ns, Total: 134845 ns
[2023-03-30T16:39:03.862+0000][45078][safepoint   ] Safepoint "Cleanup", Time since last: 899112148403 ns, Reaching safepoint: 107606 ns, At safepoint: 8285 ns, Total: 115891 ns
[2023-03-30T16:41:03.877+0000][45078][safepoint   ] Safepoint "Cleanup", Time since last: 120014972179 ns, Reaching safepoint: 113726 ns, At safepoint: 25745 ns, Total: 139471 ns
[2023-03-30T16:44:53.906+0000][45078][safepoint   ] Safepoint "Cleanup", Time since last: 230029130732 ns, Reaching safepoint: 131202 ns, At safepoint: 10726 ns, Total: 141928 ns
[2023-03-30T16:55:00.984+0000][45078][safepoint   ] Safepoint "Cleanup", Time since last: 607077422597 ns, Reaching safepoint: 88996 ns, At safepoint: 13774 ns, Total: 102770 ns
[2023-03-30T16:55:03.984+0000][45078][safepoint   ] Safepoint "Cleanup", Time since last: 3000485013 ns, Reaching safepoint: 92171 ns, At safepoint: 16532 ns, Total: 108703 ns
[2023-03-30T16:55:18.986+0000][45078][safepoint   ] Safepoint "Cleanup", Time since last: 15001808049 ns, Reaching safepoint: 47468 ns, At safepoint: 9920 ns, Total: 57388 ns
[2023-03-30T16:56:10.993+0000][45078][safepoint   ] Safepoint "Cleanup", Time since last: 52006739906 ns, Reaching safepoint: 151081 ns, At safepoint: 34304 ns, Total: 185385 ns
[2023-03-30T16:56:44.997+0000][45078][safepoint   ] Safepoint "Cleanup", Time since last: 34004205547 ns, Reaching safepoint: 86268 ns, At safepoint: 13428 ns, Total: 99696 ns
[2023-03-30T16:56:52.998+0000][45078][safepoint   ] Safepoint "Cleanup", Time since last: 8000966670 ns, Reaching safepoint: 45985 ns, At safepoint: 6994 ns, Total: 52979 ns
[2023-03-30T17:01:33.785+0000][45078][gc,start    ] GC(28) Pause Young (Normal) (G1 Evacuation Pause)
[2023-03-30T17:01:33.785+0000][45078][gc,task     ] GC(28) Using 1 workers of 1 for evacuation
[2023-03-30T17:01:33.785+0000][45078][gc,age      ] GC(28) Desired survivor size 77594624 bytes, new threshold 15 (max threshold 15)
[2023-03-30T17:01:33.829+0000][45078][gc,age      ] GC(28) Age table with threshold 15 (max threshold 15)
[2023-03-30T17:01:33.829+0000][45078][gc,age      ] GC(28) - age   1:     117688 bytes,     117688 total
[2023-03-30T17:01:33.829+0000][45078][gc,age      ] GC(28) - age   2:       1064 bytes,     118752 total
[2023-03-30T17:01:33.829+0000][45078][gc,age      ] GC(28) - age   3:       4744 bytes,     123496 total
[2023-03-30T17:01:33.829+0000][45078][gc,age      ] GC(28) - age   4:       1592 bytes,     125088 total
[2023-03-30T17:01:33.829+0000][45078][gc,age      ] GC(28) - age   5:       7056 bytes,     132144 total
[2023-03-30T17:01:33.829+0000][45078][gc,age      ] GC(28) - age   6:       7816 bytes,     139960 total
[2023-03-30T17:01:33.829+0000][45078][gc,age      ] GC(28) - age   7:       6456 bytes,     146416 total
[2023-03-30T17:01:33.829+0000][45078][gc,age      ] GC(28) - age   8:      29792 bytes,     176208 total
[2023-03-30T17:01:33.829+0000][45078][gc,age      ] GC(28) - age   9:     563096 bytes,     739304 total
[2023-03-30T17:01:33.829+0000][45078][gc,age      ] GC(28) - age  10:     532432 bytes,    1271736 total
[2023-03-30T17:01:33.829+0000][45078][gc,age      ] GC(28) - age  11:   10861040 bytes,   12132776 total
[2023-03-30T17:01:33.829+0000][45078][gc,age      ] GC(28) - age  12:     426872 bytes,   12559648 total
[2023-03-30T17:01:33.830+0000][45078][gc,phases   ] GC(28)   Pre Evacuate Collection Set: 0.1ms
[2023-03-30T17:01:33.830+0000][45078][gc,phases   ] GC(28)   Merge Heap Roots: 0.2ms
[2023-03-30T17:01:33.830+0000][45078][gc,phases   ] GC(28)   Evacuate Collection Set: 40.9ms
[2023-03-30T17:01:33.830+0000][45078][gc,phases   ] GC(28)   Post Evacuate Collection Set: 2.8ms
[2023-03-30T17:01:33.830+0000][45078][gc,phases   ] GC(28)   Other: 0.5ms
[2023-03-30T17:01:33.830+0000][45078][gc,heap     ] GC(28) Eden regions: 291->0(291)
[2023-03-30T17:01:33.830+0000][45078][gc,heap     ] GC(28) Survivor regions: 3->3(37)
[2023-03-30T17:01:33.830+0000][45078][gc,heap     ] GC(28) Old regions: 17->17
[2023-03-30T17:01:33.830+0000][45078][gc,heap     ] GC(28) Archive regions: 2->2
[2023-03-30T17:01:33.830+0000][45078][gc,heap     ] GC(28) Humongous regions: 2->2
[2023-03-30T17:01:33.830+0000][45078][gc,metaspace] GC(28) Metaspace: 110103K(111680K)->110103K(111680K) NonClass: 95119K(96064K)->95119K(96064K) Class: 14983K(15616K)->14983K(15616K)
[2023-03-30T17:01:33.830+0000][45078][gc          ] GC(28) Pause Young (Normal) (G1 Evacuation Pause) 1252M->88M(1964M) 44.774ms
[2023-03-30T17:01:33.830+0000][45078][gc,cpu      ] GC(28) User=0.05s Sys=0.00s Real=0.05s
[2023-03-30T17:01:33.830+0000][45078][safepoint   ] Safepoint "G1CollectForAllocation", Time since last: 280786330603 ns, Reaching safepoint: 181901 ns, At safepoint: 44912258 ns, Total: 45094159 ns
[2023-03-30T17:04:04.849+0000][45078][safepoint   ] Safepoint "Cleanup", Time since last: 151018540691 ns, Reaching safepoint: 111149 ns, At safepoint: 16880 ns, Total: 128029 ns
[2023-03-30T17:07:03.871+0000][45078][safepoint   ] Safepoint "Cleanup", Time since last: 179021865679 ns, Reaching safepoint: 87087 ns, At safepoint: 7370 ns, Total: 94457 ns
[2023-03-30T17:27:09.020+0000][45078][safepoint   ] Safepoint "Cleanup", Time since last: 1205148886685 ns, Reaching safepoint: 120647 ns, At safepoint: 28795 ns, Total: 149442 ns
[2023-03-30T17:33:16.063+0000][45078][safepoint   ] Safepoint "Cleanup", Time since last: 367043715883 ns, Reaching safepoint: 149698 ns, At safepoint: 13825 ns, Total: 163523 ns
[2023-03-30T17:43:48.138+0000][45078][safepoint   ] Safepoint "Cleanup", Time since last: 632074517197 ns, Reaching safepoint: 127189 ns, At safepoint: 7915 ns, Total: 135104 ns
[2023-03-30T17:48:24.174+0000][45078][safepoint   ] Safepoint "Cleanup", Time since last: 276035419284 ns, Reaching safepoint: 146361 ns, At safepoint: 16217 ns, Total: 162578 ns
[2023-03-30T17:51:33.768+0000][45078][gc,start    ] GC(29) Pause Young (Normal) (G1 Evacuation Pause)
[2023-03-30T17:51:33.768+0000][45078][gc,task     ] GC(29) Using 1 workers of 1 for evacuation
[2023-03-30T17:51:33.768+0000][45078][gc,age      ] GC(29) Desired survivor size 77594624 bytes, new threshold 15 (max threshold 15)
[2023-03-30T17:51:33.809+0000][45078][gc,age      ] GC(29) Age table with threshold 15 (max threshold 15)
[2023-03-30T17:51:33.809+0000][45078][gc,age      ] GC(29) - age   1:      84400 bytes,      84400 total
[2023-03-30T17:51:33.809+0000][45078][gc,age      ] GC(29) - age   2:       2352 bytes,      86752 total
[2023-03-30T17:51:33.809+0000][45078][gc,age      ] GC(29) - age   3:       1064 bytes,      87816 total
[2023-03-30T17:51:33.809+0000][45078][gc,age      ] GC(29) - age   4:       4744 bytes,      92560 total
[2023-03-30T17:51:33.809+0000][45078][gc,age      ] GC(29) - age   5:       1592 bytes,      94152 total
[2023-03-30T17:51:33.809+0000][45078][gc,age      ] GC(29) - age   6:       7056 bytes,     101208 total
[2023-03-30T17:51:33.809+0000][45078][gc,age      ] GC(29) - age   7:       7816 bytes,     109024 total
[2023-03-30T17:51:33.809+0000][45078][gc,age      ] GC(29) - age   8:       6456 bytes,     115480 total
[2023-03-30T17:51:33.809+0000][45078][gc,age      ] GC(29) - age   9:      29792 bytes,     145272 total
[2023-03-30T17:51:33.809+0000][45078][gc,age      ] GC(29) - age  10:     560328 bytes,     705600 total
[2023-03-30T17:51:33.809+0000][45078][gc,age      ] GC(29) - age  11:     532432 bytes,    1238032 total
[2023-03-30T17:51:33.809+0000][45078][gc,age      ] GC(29) - age  12:   10861040 bytes,   12099072 total
[2023-03-30T17:51:33.809+0000][45078][gc,age      ] GC(29) - age  13:     426872 bytes,   12525944 total
[2023-03-30T17:51:33.810+0000][45078][gc,phases   ] GC(29)   Pre Evacuate Collection Set: 0.1ms
[2023-03-30T17:51:33.810+0000][45078][gc,phases   ] GC(29)   Merge Heap Roots: 0.2ms
[2023-03-30T17:51:33.810+0000][45078][gc,phases   ] GC(29)   Evacuate Collection Set: 38.7ms
[2023-03-30T17:51:33.810+0000][45078][gc,phases   ] GC(29)   Post Evacuate Collection Set: 2.1ms
[2023-03-30T17:51:33.810+0000][45078][gc,phases   ] GC(29)   Other: 0.4ms
[2023-03-30T17:51:33.810+0000][45078][gc,heap     ] GC(29) Eden regions: 291->0(291)
[2023-03-30T17:51:33.810+0000][45078][gc,heap     ] GC(29) Survivor regions: 3->3(37)
[2023-03-30T17:51:33.810+0000][45078][gc,heap     ] GC(29) Old regions: 17->17
[2023-03-30T17:51:33.810+0000][45078][gc,heap     ] GC(29) Archive regions: 2->2
[2023-03-30T17:51:33.810+0000][45078][gc,heap     ] GC(29) Humongous regions: 2->2
[2023-03-30T17:51:33.810+0000][45078][gc,metaspace] GC(29) Metaspace: 110127K(111680K)->110127K(111680K) NonClass: 95143K(96064K)->95143K(96064K) Class: 14983K(15616K)->14983K(15616K)
[2023-03-30T17:51:33.810+0000][45078][gc          ] GC(29) Pause Young (Normal) (G1 Evacuation Pause) 1252M->88M(1964M) 41.790ms
[2023-03-30T17:51:33.810+0000][45078][gc,cpu      ] GC(29) User=0.03s Sys=0.00s Real=0.05s
[2023-03-30T17:51:33.810+0000][45078][safepoint   ] Safepoint "G1CollectForAllocation", Time since last: 189593752580 ns, Reaching safepoint: 471211 ns, At safepoint: 41901107 ns, Total: 42372318 ns
[2023-03-30T17:54:33.832+0000][45078][safepoint   ] Safepoint "Cleanup", Time since last: 180021615848 ns, Reaching safepoint: 80515 ns, At safepoint: 7838 ns, Total: 88353 ns
[2023-03-30T17:57:15.852+0000][45078][safepoint   ] Safepoint "Cleanup", Time since last: 162020050723 ns, Reaching safepoint: 261342 ns, At safepoint: 12884 ns, Total: 274226 ns
[2023-03-30T18:03:47.901+0000][45078][safepoint   ] Safepoint "Cleanup", Time since last: 392049209736 ns, Reaching safepoint: 165989 ns, At safepoint: 21151 ns, Total: 187140 ns
[2023-03-30T18:05:23.913+0000][45078][safepoint   ] Safepoint "Cleanup", Time since last: 96012130313 ns, Reaching safepoint: 87025 ns, At safepoint: 7657 ns, Total: 94682 ns
[2023-03-30T18:17:19.003+0000][45078][safepoint   ] Safepoint "Cleanup", Time since last: 715089661165 ns, Reaching safepoint: 104844 ns, At safepoint: 13236 ns, Total: 118080 ns
[2023-03-30T18:41:25.067+0000][45078][gc,start    ] GC(30) Pause Young (Normal) (G1 Evacuation Pause)
[2023-03-30T18:41:25.067+0000][45078][gc,task     ] GC(30) Using 1 workers of 1 for evacuation
[2023-03-30T18:41:25.067+0000][45078][gc,age      ] GC(30) Desired survivor size 77594624 bytes, new threshold 15 (max threshold 15)
[2023-03-30T18:41:25.103+0000][45078][gc,age      ] GC(30) Age table with threshold 15 (max threshold 15)
[2023-03-30T18:41:25.103+0000][45078][gc,age      ] GC(30) - age   1:      29512 bytes,      29512 total
[2023-03-30T18:41:25.103+0000][45078][gc,age      ] GC(30) - age   2:        824 bytes,      30336 total
[2023-03-30T18:41:25.103+0000][45078][gc,age      ] GC(30) - age   3:       2352 bytes,      32688 total
[2023-03-30T18:41:25.103+0000][45078][gc,age      ] GC(30) - age   4:        768 bytes,      33456 total
[2023-03-30T18:41:25.103+0000][45078][gc,age      ] GC(30) - age   5:       4704 bytes,      38160 total
[2023-03-30T18:41:25.103+0000][45078][gc,age      ] GC(30) - age   6:       1592 bytes,      39752 total
[2023-03-30T18:41:25.103+0000][45078][gc,age      ] GC(30) - age   7:       7056 bytes,      46808 total
[2023-03-30T18:41:25.103+0000][45078][gc,age      ] GC(30) - age   8:       2720 bytes,      49528 total
[2023-03-30T18:41:25.103+0000][45078][gc,age      ] GC(30) - age   9:       6456 bytes,      55984 total
[2023-03-30T18:41:25.103+0000][45078][gc,age      ] GC(30) - age  10:      29792 bytes,      85776 total
[2023-03-30T18:41:25.103+0000][45078][gc,age      ] GC(30) - age  11:     560328 bytes,     646104 total
[2023-03-30T18:41:25.103+0000][45078][gc,age      ] GC(30) - age  12:     532432 bytes,    1178536 total
[2023-03-30T18:41:25.103+0000][45078][gc,age      ] GC(30) - age  13:   10861040 bytes,   12039576 total
[2023-03-30T18:41:25.103+0000][45078][gc,age      ] GC(30) - age  14:     426872 bytes,   12466448 total
[2023-03-30T18:41:25.103+0000][45078][gc,phases   ] GC(30)   Pre Evacuate Collection Set: 0.1ms
[2023-03-30T18:41:25.103+0000][45078][gc,phases   ] GC(30)   Merge Heap Roots: 0.2ms
[2023-03-30T18:41:25.103+0000][45078][gc,phases   ] GC(30)   Evacuate Collection Set: 33.5ms
[2023-03-30T18:41:25.103+0000][45078][gc,phases   ] GC(30)   Post Evacuate Collection Set: 2.1ms
[2023-03-30T18:41:25.103+0000][45078][gc,phases   ] GC(30)   Other: 0.5ms
[2023-03-30T18:41:25.103+0000][45078][gc,heap     ] GC(30) Eden regions: 291->0(291)
[2023-03-30T18:41:25.103+0000][45078][gc,heap     ] GC(30) Survivor regions: 3->3(37)
[2023-03-30T18:41:25.103+0000][45078][gc,heap     ] GC(30) Old regions: 17->17
[2023-03-30T18:41:25.103+0000][45078][gc,heap     ] GC(30) Archive regions: 2->2
[2023-03-30T18:41:25.103+0000][45078][gc,heap     ] GC(30) Humongous regions: 2->2
[2023-03-30T18:41:25.103+0000][45078][gc,metaspace] GC(30) Metaspace: 110149K(111680K)->110149K(111680K) NonClass: 95165K(96064K)->95165K(96064K) Class: 14983K(15616K)->14983K(15616K)
[2023-03-30T18:41:25.103+0000][45078][gc          ] GC(30) Pause Young (Normal) (G1 Evacuation Pause) 1252M->88M(1964M) 36.613ms
[2023-03-30T18:41:25.103+0000][45078][gc,cpu      ] GC(30) User=0.03s Sys=0.00s Real=0.04s
[2023-03-30T18:41:25.103+0000][45078][safepoint   ] Safepoint "G1CollectForAllocation", Time since last: 1446063368362 ns, Reaching safepoint: 92460 ns, At safepoint: 36756505 ns, Total: 36848965 ns
[2023-03-30T18:47:34.152+0000][45078][safepoint   ] Safepoint "Cleanup", Time since last: 369048520750 ns, Reaching safepoint: 112471 ns, At safepoint: 18321 ns, Total: 130792 ns
[2023-03-30T18:50:34.176+0000][45078][safepoint   ] Safepoint "Cleanup", Time since last: 180023307213 ns, Reaching safepoint: 96426 ns, At safepoint: 13262 ns, Total: 109688 ns
[2023-03-30T18:57:27.230+0000][45078][safepoint   ] Safepoint "Cleanup", Time since last: 413053960641 ns, Reaching safepoint: 95184 ns, At safepoint: 7477 ns, Total: 102661 ns
[2023-03-30T19:13:48.352+0000][45078][safepoint   ] Safepoint "Cleanup", Time since last: 981122508042 ns, Reaching safepoint: 115593 ns, At safepoint: 13565 ns, Total: 129158 ns
[2023-03-30T19:19:34.396+0000][45078][safepoint   ] Safepoint "Cleanup", Time since last: 346043829557 ns, Reaching safepoint: 112882 ns, At safepoint: 14022 ns, Total: 126904 ns
[2023-03-30T19:25:54.444+0000][45078][safepoint   ] Safepoint "Cleanup", Time since last: 380047299254 ns, Reaching safepoint: 87155 ns, At safepoint: 12781 ns, Total: 99936 ns
[2023-03-30T19:31:17.210+0000][45078][gc,start    ] GC(31) Pause Young (Normal) (G1 Evacuation Pause)
[2023-03-30T19:31:17.210+0000][45078][gc,task     ] GC(31) Using 1 workers of 1 for evacuation
[2023-03-30T19:31:17.210+0000][45078][gc,age      ] GC(31) Desired survivor size 77594624 bytes, new threshold 15 (max threshold 15)
[2023-03-30T19:31:17.247+0000][45078][gc,age      ] GC(31) Age table with threshold 15 (max threshold 15)
[2023-03-30T19:31:17.247+0000][45078][gc,age      ] GC(31) - age   1:      21184 bytes,      21184 total
[2023-03-30T19:31:17.247+0000][45078][gc,age      ] GC(31) - age   2:       8448 bytes,      29632 total
[2023-03-30T19:31:17.247+0000][45078][gc,age      ] GC(31) - age   3:        640 bytes,      30272 total
[2023-03-30T19:31:17.247+0000][45078][gc,age      ] GC(31) - age   4:       2352 bytes,      32624 total
[2023-03-30T19:31:17.247+0000][45078][gc,age      ] GC(31) - age   5:        768 bytes,      33392 total
[2023-03-30T19:31:17.247+0000][45078][gc,age      ] GC(31) - age   6:       4704 bytes,      38096 total
[2023-03-30T19:31:17.247+0000][45078][gc,age      ] GC(31) - age   7:       1496 bytes,      39592 total
[2023-03-30T19:31:17.247+0000][45078][gc,age      ] GC(31) - age   8:       7056 bytes,      46648 total
[2023-03-30T19:31:17.247+0000][45078][gc,age      ] GC(31) - age   9:       2720 bytes,      49368 total
[2023-03-30T19:31:17.247+0000][45078][gc,age      ] GC(31) - age  10:       6456 bytes,      55824 total
[2023-03-30T19:31:17.247+0000][45078][gc,age      ] GC(31) - age  11:      29792 bytes,      85616 total
[2023-03-30T19:31:17.247+0000][45078][gc,age      ] GC(31) - age  12:     560328 bytes,     645944 total
[2023-03-30T19:31:17.247+0000][45078][gc,age      ] GC(31) - age  13:     532248 bytes,    1178192 total
[2023-03-30T19:31:17.247+0000][45078][gc,age      ] GC(31) - age  14:   10861040 bytes,   12039232 total
[2023-03-30T19:31:17.247+0000][45078][gc,age      ] GC(31) - age  15:     426872 bytes,   12466104 total
[2023-03-30T19:31:17.247+0000][45078][gc,phases   ] GC(31)   Pre Evacuate Collection Set: 0.7ms
[2023-03-30T19:31:17.247+0000][45078][gc,phases   ] GC(31)   Merge Heap Roots: 0.2ms
[2023-03-30T19:31:17.247+0000][45078][gc,phases   ] GC(31)   Evacuate Collection Set: 33.6ms
[2023-03-30T19:31:17.247+0000][45078][gc,phases   ] GC(31)   Post Evacuate Collection Set: 2.1ms
[2023-03-30T19:31:17.247+0000][45078][gc,phases   ] GC(31)   Other: 0.5ms
[2023-03-30T19:31:17.247+0000][45078][gc,heap     ] GC(31) Eden regions: 291->0(291)
[2023-03-30T19:31:17.247+0000][45078][gc,heap     ] GC(31) Survivor regions: 3->3(37)
[2023-03-30T19:31:17.247+0000][45078][gc,heap     ] GC(31) Old regions: 17->17
[2023-03-30T19:31:17.247+0000][45078][gc,heap     ] GC(31) Archive regions: 2->2
[2023-03-30T19:31:17.247+0000][45078][gc,heap     ] GC(31) Humongous regions: 2->2
[2023-03-30T19:31:17.247+0000][45078][gc,metaspace] GC(31) Metaspace: 110152K(111680K)->110152K(111680K) NonClass: 95167K(96064K)->95167K(96064K) Class: 14984K(15616K)->14984K(15616K)
[2023-03-30T19:31:17.247+0000][45078][gc          ] GC(31) Pause Young (Normal) (G1 Evacuation Pause) 1252M->88M(1964M) 37.349ms
[2023-03-30T19:31:17.247+0000][45078][gc,cpu      ] GC(31) User=0.04s Sys=0.00s Real=0.03s
[2023-03-30T19:31:17.247+0000][45078][safepoint   ] Safepoint "G1CollectForAllocation", Time since last: 322766132521 ns, Reaching safepoint: 74904 ns, At safepoint: 37478720 ns, Total: 37553624 ns
[2023-03-30T19:43:19.339+0000][45078][safepoint   ] Safepoint "Cleanup", Time since last: 722091726942 ns, Reaching safepoint: 101457 ns, At safepoint: 7737 ns, Total: 109194 ns
[2023-03-30T20:21:03.784+0000][45078][gc,start    ] GC(32) Pause Young (Normal) (G1 Evacuation Pause)
[2023-03-30T20:21:03.784+0000][45078][gc,task     ] GC(32) Using 1 workers of 1 for evacuation
[2023-03-30T20:21:03.784+0000][45078][gc,age      ] GC(32) Desired survivor size 77594624 bytes, new threshold 15 (max threshold 15)
[2023-03-30T20:21:03.827+0000][45078][gc,age      ] GC(32) Age table with threshold 15 (max threshold 15)
[2023-03-30T20:21:03.827+0000][45078][gc,age      ] GC(32) - age   1:     109960 bytes,     109960 total
[2023-03-30T20:21:03.827+0000][45078][gc,age      ] GC(32) - age   2:       1448 bytes,     111408 total
[2023-03-30T20:21:03.827+0000][45078][gc,age      ] GC(32) - age   3:       8448 bytes,     119856 total
[2023-03-30T20:21:03.827+0000][45078][gc,age      ] GC(32) - age   4:        640 bytes,     120496 total
[2023-03-30T20:21:03.827+0000][45078][gc,age      ] GC(32) - age   5:       2352 bytes,     122848 total
[2023-03-30T20:21:03.827+0000][45078][gc,age      ] GC(32) - age   6:        768 bytes,     123616 total
[2023-03-30T20:21:03.827+0000][45078][gc,age      ] GC(32) - age   7:       4704 bytes,     128320 total
[2023-03-30T20:21:03.827+0000][45078][gc,age      ] GC(32) - age   8:       1496 bytes,     129816 total
[2023-03-30T20:21:03.827+0000][45078][gc,age      ] GC(32) - age   9:       7056 bytes,     136872 total
[2023-03-30T20:21:03.827+0000][45078][gc,age      ] GC(32) - age  10:       2720 bytes,     139592 total
[2023-03-30T20:21:03.827+0000][45078][gc,age      ] GC(32) - age  11:       6240 bytes,     145832 total
[2023-03-30T20:21:03.827+0000][45078][gc,age      ] GC(32) - age  12:      29792 bytes,     175624 total
[2023-03-30T20:21:03.827+0000][45078][gc,age      ] GC(32) - age  13:     560328 bytes,     735952 total
[2023-03-30T20:21:03.827+0000][45078][gc,age      ] GC(32) - age  14:     532248 bytes,    1268200 total
[2023-03-30T20:21:03.827+0000][45078][gc,age      ] GC(32) - age  15:   10861040 bytes,   12129240 total
[2023-03-30T20:21:03.827+0000][45078][gc,phases   ] GC(32)   Pre Evacuate Collection Set: 0.1ms
[2023-03-30T20:21:03.827+0000][45078][gc,phases   ] GC(32)   Merge Heap Roots: 0.2ms
[2023-03-30T20:21:03.827+0000][45078][gc,phases   ] GC(32)   Evacuate Collection Set: 40.3ms
[2023-03-30T20:21:03.827+0000][45078][gc,phases   ] GC(32)   Post Evacuate Collection Set: 2.2ms
[2023-03-30T20:21:03.827+0000][45078][gc,phases   ] GC(32)   Other: 0.5ms
[2023-03-30T20:21:03.827+0000][45078][gc,heap     ] GC(32) Eden regions: 291->0(291)
[2023-03-30T20:21:03.827+0000][45078][gc,heap     ] GC(32) Survivor regions: 3->3(37)
[2023-03-30T20:21:03.827+0000][45078][gc,heap     ] GC(32) Old regions: 17->17
[2023-03-30T20:21:03.827+0000][45078][gc,heap     ] GC(32) Archive regions: 2->2
[2023-03-30T20:21:03.827+0000][45078][gc,heap     ] GC(32) Humongous regions: 2->2
[2023-03-30T20:21:03.827+0000][45078][gc,metaspace] GC(32) Metaspace: 110152K(111680K)->110152K(111680K) NonClass: 95167K(96064K)->95167K(96064K) Class: 14984K(15616K)->14984K(15616K)
[2023-03-30T20:21:03.827+0000][45078][gc          ] GC(32) Pause Young (Normal) (G1 Evacuation Pause) 1252M->89M(1964M) 43.491ms
[2023-03-30T20:21:03.827+0000][45078][gc,cpu      ] GC(32) User=0.03s Sys=0.00s Real=0.04s
[2023-03-30T20:21:03.827+0000][45078][safepoint   ] Safepoint "G1CollectForAllocation", Time since last: 2264444606701 ns, Reaching safepoint: 143723 ns, At safepoint: 43625815 ns, Total: 43769538 ns
[2023-03-30T20:22:04.835+0000][45078][safepoint   ] Safepoint "Cleanup", Time since last: 61007578474 ns, Reaching safepoint: 98170 ns, At safepoint: 13582 ns, Total: 111752 ns
[2023-03-30T20:31:45.906+0000][45078][safepoint   ] Safepoint "Cleanup", Time since last: 581070991265 ns, Reaching safepoint: 145844 ns, At safepoint: 22524 ns, Total: 168368 ns
[2023-03-30T20:35:33.940+0000][45078][safepoint   ] Safepoint "Cleanup", Time since last: 228033719766 ns, Reaching safepoint: 86598 ns, At safepoint: 14525 ns, Total: 101123 ns
[2023-03-30T20:43:48.003+0000][45078][safepoint   ] Safepoint "Cleanup", Time since last: 494063001796 ns, Reaching safepoint: 86368 ns, At safepoint: 10361 ns, Total: 96729 ns
[2023-03-30T20:44:20.007+0000][45078][safepoint   ] Safepoint "Cleanup", Time since last: 32003786874 ns, Reaching safepoint: 150657 ns, At safepoint: 13412 ns, Total: 164069 ns
[2023-03-30T20:46:04.020+0000][45078][safepoint   ] Safepoint "Cleanup", Time since last: 104012837727 ns, Reaching safepoint: 85722 ns, At safepoint: 7421 ns, Total: 93143 ns
[2023-03-30T20:46:34.024+0000][45078][safepoint   ] Safepoint "Cleanup", Time since last: 30003601155 ns, Reaching safepoint: 75100 ns, At safepoint: 13751 ns, Total: 88851 ns
[2023-03-30T20:50:34.054+0000][45078][safepoint   ] Safepoint "Cleanup", Time since last: 240030078557 ns, Reaching safepoint: 110684 ns, At safepoint: 7593 ns, Total: 118277 ns
[2023-03-30T20:58:47.114+0000][45078][safepoint   ] Safepoint "Cleanup", Time since last: 493060112536 ns, Reaching safepoint: 118937 ns, At safepoint: 15088 ns, Total: 134025 ns
[2023-03-30T20:59:34.120+0000][45078][safepoint   ] Safepoint "Cleanup", Time since last: 47005840873 ns, Reaching safepoint: 92392 ns, At safepoint: 13962 ns, Total: 106354 ns
[2023-03-30T21:03:48.152+0000][45078][safepoint   ] Safepoint "Cleanup", Time since last: 254031702659 ns, Reaching safepoint: 113373 ns, At safepoint: 19076 ns, Total: 132449 ns
[2023-03-30T21:11:03.773+0000][45078][gc,start    ] GC(33) Pause Young (Normal) (G1 Evacuation Pause)
[2023-03-30T21:11:03.773+0000][45078][gc,task     ] GC(33) Using 1 workers of 1 for evacuation
[2023-03-30T21:11:03.773+0000][45078][gc,age      ] GC(33) Desired survivor size 77594624 bytes, new threshold 15 (max threshold 15)
[2023-03-30T21:11:03.879+0000][45078][gc,age      ] GC(33) Age table with threshold 15 (max threshold 15)
[2023-03-30T21:11:03.879+0000][45078][gc,age      ] GC(33) - age   1:     148352 bytes,     148352 total
[2023-03-30T21:11:03.879+0000][45078][gc,age      ] GC(33) - age   2:       5184 bytes,     153536 total
[2023-03-30T21:11:03.879+0000][45078][gc,age      ] GC(33) - age   3:       1448 bytes,     154984 total
[2023-03-30T21:11:03.879+0000][45078][gc,age      ] GC(33) - age   4:       8128 bytes,     163112 total
[2023-03-30T21:11:03.879+0000][45078][gc,age      ] GC(33) - age   5:        640 bytes,     163752 total
[2023-03-30T21:11:03.879+0000][45078][gc,age      ] GC(33) - age   6:       2352 bytes,     166104 total
[2023-03-30T21:11:03.879+0000][45078][gc,age      ] GC(33) - age   7:        768 bytes,     166872 total
[2023-03-30T21:11:03.879+0000][45078][gc,age      ] GC(33) - age   8:       4312 bytes,     171184 total
[2023-03-30T21:11:03.879+0000][45078][gc,age      ] GC(33) - age   9:       1496 bytes,     172680 total
[2023-03-30T21:11:03.879+0000][45078][gc,age      ] GC(33) - age  10:       7056 bytes,     179736 total
[2023-03-30T21:11:03.879+0000][45078][gc,age      ] GC(33) - age  11:       2720 bytes,     182456 total
[2023-03-30T21:11:03.879+0000][45078][gc,age      ] GC(33) - age  12:       6240 bytes,     188696 total
[2023-03-30T21:11:03.879+0000][45078][gc,age      ] GC(33) - age  13:      29792 bytes,     218488 total
[2023-03-30T21:11:03.879+0000][45078][gc,age      ] GC(33) - age  14:     560328 bytes,     778816 total
[2023-03-30T21:11:03.879+0000][45078][gc,age      ] GC(33) - age  15:     532248 bytes,    1311064 total
[2023-03-30T21:11:03.879+0000][45078][gc,phases   ] GC(33)   Pre Evacuate Collection Set: 0.1ms
[2023-03-30T21:11:03.879+0000][45078][gc,phases   ] GC(33)   Merge Heap Roots: 0.2ms
[2023-03-30T21:11:03.879+0000][45078][gc,phases   ] GC(33)   Evacuate Collection Set: 102.8ms
[2023-03-30T21:11:03.879+0000][45078][gc,phases   ] GC(33)   Post Evacuate Collection Set: 2.3ms
[2023-03-30T21:11:03.879+0000][45078][gc,phases   ] GC(33)   Other: 0.6ms
[2023-03-30T21:11:03.879+0000][45078][gc,heap     ] GC(33) Eden regions: 291->0(293)
[2023-03-30T21:11:03.879+0000][45078][gc,heap     ] GC(33) Survivor regions: 3->1(37)
[2023-03-30T21:11:03.879+0000][45078][gc,heap     ] GC(33) Old regions: 17->19
[2023-03-30T21:11:03.879+0000][45078][gc,heap     ] GC(33) Archive regions: 2->2
[2023-03-30T21:11:03.879+0000][45078][gc,heap     ] GC(33) Humongous regions: 2->2
[2023-03-30T21:11:03.879+0000][45078][gc,metaspace] GC(33) Metaspace: 110169K(111680K)->110169K(111680K) NonClass: 95185K(96064K)->95185K(96064K) Class: 14984K(15616K)->14984K(15616K)
[2023-03-30T21:11:03.879+0000][45078][gc          ] GC(33) Pause Young (Normal) (G1 Evacuation Pause) 1253M->89M(1964M) 106.217ms
[2023-03-30T21:11:03.880+0000][45078][gc,cpu      ] GC(33) User=0.04s Sys=0.03s Real=0.11s
[2023-03-30T21:11:03.880+0000][45078][safepoint   ] Safepoint "G1CollectForAllocation", Time since last: 435620935353 ns, Reaching safepoint: 224870 ns, At safepoint: 106336653 ns, Total: 106561523 ns
[2023-03-30T21:11:33.884+0000][45078][safepoint   ] Safepoint "Cleanup", Time since last: 30003944889 ns, Reaching safepoint: 70709 ns, At safepoint: 7222 ns, Total: 77931 ns
[2023-03-30T21:12:33.891+0000][45078][safepoint   ] Safepoint "Cleanup", Time since last: 60007709347 ns, Reaching safepoint: 78238 ns, At safepoint: 13667 ns, Total: 91905 ns
