[2023-03-29T00:03:27.513+0000][5933][gc] Using G1
[2023-03-29T00:03:30.117+0000][5933][gc,init] Version: 17.0.2+8 (release)
[2023-03-29T00:03:30.117+0000][5933][gc,init] CPUs: 1 total, 1 available
[2023-03-29T00:03:30.117+0000][5933][gc,init] Memory: 3924M
[2023-03-29T00:03:30.117+0000][5933][gc,init] Large Page Support: Disabled
[2023-03-29T00:03:30.117+0000][5933][gc,init] NUMA Support: Disabled
[2023-03-29T00:03:30.117+0000][5933][gc,init] Compressed Oops: Enabled (32-bit)
[2023-03-29T00:03:30.117+0000][5933][gc,init] Heap Region Size: 4M
[2023-03-29T00:03:30.117+0000][5933][gc,init] Heap Min Capacity: 1964M
[2023-03-29T00:03:30.117+0000][5933][gc,init] Heap Initial Capacity: 1964M
[2023-03-29T00:03:30.117+0000][5933][gc,init] Heap Max Capacity: 1964M
[2023-03-29T00:03:30.117+0000][5933][gc,init] Pre-touch: Enabled
[2023-03-29T00:03:30.117+0000][5933][gc,init] Parallel Workers: 1
[2023-03-29T00:03:30.117+0000][5933][gc,init] Concurrent Workers: 1
[2023-03-29T00:03:30.117+0000][5933][gc,init] Concurrent Refinement Workers: 1
[2023-03-29T00:03:30.117+0000][5933][gc,init] Periodic GC: Disabled
[2023-03-29T00:03:30.117+0000][5933][gc,metaspace] CDS archive(s) mapped at: [0x0000000800000000-0x0000000800bd2000-0x0000000800bd2000), size 12394496, SharedBaseAddress: 0x0000000800000000, ArchiveRelocationMode: 0.
[2023-03-29T00:03:30.117+0000][5933][gc,metaspace] Compressed class space mapped at: 0x0000000800c00000-0x0000000840c00000, reserved size: 1073741824
[2023-03-29T00:03:30.117+0000][5933][gc,metaspace] Narrow klass base: 0x0000000800000000, Narrow klass shift: 0, Narrow klass range: 0x100000000
[2023-03-29T00:03:31.590+0000][5933][safepoint   ] Safepoint "ICBufferFull", Time since last: 1200793224 ns, Reaching safepoint: 119593 ns, At safepoint: 6529 ns, Total: 126122 ns
[2023-03-29T00:03:32.845+0000][5933][safepoint   ] Safepoint "Cleanup", Time since last: 1254907230 ns, Reaching safepoint: 78811 ns, At safepoint: 5274 ns, Total: 84085 ns
[2023-03-29T00:03:33.860+0000][5933][safepoint   ] Safepoint "Cleanup", Time since last: 1015420888 ns, Reaching safepoint: 121192 ns, At safepoint: 5659 ns, Total: 126851 ns
[2023-03-29T00:03:34.454+0000][5933][safepoint   ] Safepoint "ICBufferFull", Time since last: 593285301 ns, Reaching safepoint: 149059 ns, At safepoint: 9103 ns, Total: 158162 ns
[2023-03-29T00:03:35.454+0000][5933][safepoint   ] Safepoint "Cleanup", Time since last: 1000128764 ns, Reaching safepoint: 62453 ns, At safepoint: 5211 ns, Total: 67664 ns
[2023-03-29T00:03:36.454+0000][5933][safepoint   ] Safepoint "Cleanup", Time since last: 1000113185 ns, Reaching safepoint: 55719 ns, At safepoint: 4891 ns, Total: 60610 ns
[2023-03-29T00:03:37.398+0000][5933][gc,start    ] GC(0) Pause Young (Normal) (G1 Evacuation Pause)
[2023-03-29T00:03:37.398+0000][5933][gc,task     ] GC(0) Using 1 workers of 1 for evacuation
[2023-03-29T00:03:37.398+0000][5933][gc,age      ] GC(0) Desired survivor size 6291456 bytes, new threshold 15 (max threshold 15)
[2023-03-29T00:03:37.414+0000][5933][gc,age      ] GC(0) Age table with threshold 15 (max threshold 15)
[2023-03-29T00:03:37.414+0000][5933][gc,age      ] GC(0) - age   1:    7883840 bytes,    7883840 total
[2023-03-29T00:03:37.414+0000][5933][gc,phases   ] GC(0)   Pre Evacuate Collection Set: 0.1ms
[2023-03-29T00:03:37.414+0000][5933][gc,phases   ] GC(0)   Merge Heap Roots: 0.0ms
[2023-03-29T00:03:37.414+0000][5933][gc,phases   ] GC(0)   Evacuate Collection Set: 15.6ms
[2023-03-29T00:03:37.414+0000][5933][gc,phases   ] GC(0)   Post Evacuate Collection Set: 0.7ms
[2023-03-29T00:03:37.414+0000][5933][gc,phases   ] GC(0)   Other: 0.2ms
[2023-03-29T00:03:37.414+0000][5933][gc,heap     ] GC(0) Eden regions: 24->0(22)
[2023-03-29T00:03:37.414+0000][5933][gc,heap     ] GC(0) Survivor regions: 0->2(3)
[2023-03-29T00:03:37.414+0000][5933][gc,heap     ] GC(0) Old regions: 0->0
[2023-03-29T00:03:37.414+0000][5933][gc,heap     ] GC(0) Archive regions: 2->2
[2023-03-29T00:03:37.414+0000][5933][gc,heap     ] GC(0) Humongous regions: 0->0
[2023-03-29T00:03:37.414+0000][5933][gc,metaspace] GC(0) Metaspace: 15486K(15744K)->15486K(15744K) NonClass: 13679K(13824K)->13679K(13824K) Class: 1806K(1920K)->1806K(1920K)
[2023-03-29T00:03:37.414+0000][5933][gc          ] GC(0) Pause Young (Normal) (G1 Evacuation Pause) 99M->11M(1964M) 16.770ms
[2023-03-29T00:03:37.414+0000][5933][gc,cpu      ] GC(0) User=0.02s Sys=0.00s Real=0.01s
[2023-03-29T00:03:37.414+0000][5933][safepoint   ] Safepoint "G1CollectForAllocation", Time since last: 941823139 ns, Reaching safepoint: 76644 ns, At safepoint: 18384233 ns, Total: 18460877 ns
[2023-03-29T00:03:38.414+0000][5933][safepoint   ] Safepoint "Cleanup", Time since last: 1000101873 ns, Reaching safepoint: 57204 ns, At safepoint: 5390 ns, Total: 62594 ns
[2023-03-29T00:03:38.635+0000][5933][safepoint   ] Safepoint "ICBufferFull", Time since last: 220140988 ns, Reaching safepoint: 51351 ns, At safepoint: 5038 ns, Total: 56389 ns
[2023-03-29T00:03:38.636+0000][5933][safepoint   ] Safepoint "ICBufferFull", Time since last: 917007 ns, Reaching safepoint: 24841 ns, At safepoint: 4250 ns, Total: 29091 ns
[2023-03-29T00:03:38.712+0000][5933][safepoint   ] Safepoint "ICBufferFull", Time since last: 76744626 ns, Reaching safepoint: 29726 ns, At safepoint: 4551 ns, Total: 34277 ns
[2023-03-29T00:03:38.717+0000][5933][safepoint   ] Safepoint "ICBufferFull", Time since last: 4925161 ns, Reaching safepoint: 25034 ns, At safepoint: 4128 ns, Total: 29162 ns
[2023-03-29T00:03:38.718+0000][5933][safepoint   ] Safepoint "ICBufferFull", Time since last: 910851 ns, Reaching safepoint: 31484 ns, At safepoint: 5213 ns, Total: 36697 ns
[2023-03-29T00:03:39.001+0000][5933][gc,start    ] GC(1) Pause Young (Normal) (G1 Evacuation Pause)
[2023-03-29T00:03:39.001+0000][5933][gc,task     ] GC(1) Using 1 workers of 1 for evacuation
[2023-03-29T00:03:39.001+0000][5933][gc,age      ] GC(1) Desired survivor size 6291456 bytes, new threshold 1 (max threshold 15)
[2023-03-29T00:03:39.020+0000][5933][gc,age      ] GC(1) Age table with threshold 1 (max threshold 15)
[2023-03-29T00:03:39.020+0000][5933][gc,age      ] GC(1) - age   1:    2856792 bytes,    2856792 total
[2023-03-29T00:03:39.020+0000][5933][gc,phases   ] GC(1)   Pre Evacuate Collection Set: 0.1ms
[2023-03-29T00:03:39.020+0000][5933][gc,phases   ] GC(1)   Merge Heap Roots: 0.0ms
[2023-03-29T00:03:39.020+0000][5933][gc,phases   ] GC(1)   Evacuate Collection Set: 17.8ms
[2023-03-29T00:03:39.020+0000][5933][gc,phases   ] GC(1)   Post Evacuate Collection Set: 0.7ms
[2023-03-29T00:03:39.020+0000][5933][gc,phases   ] GC(1)   Other: 0.2ms
[2023-03-29T00:03:39.020+0000][5933][gc,heap     ] GC(1) Eden regions: 22->0(23)
[2023-03-29T00:03:39.020+0000][5933][gc,heap     ] GC(1) Survivor regions: 2->1(3)
[2023-03-29T00:03:39.020+0000][5933][gc,heap     ] GC(1) Old regions: 0->2
[2023-03-29T00:03:39.020+0000][5933][gc,heap     ] GC(1) Archive regions: 2->2
[2023-03-29T00:03:39.020+0000][5933][gc,heap     ] GC(1) Humongous regions: 0->0
[2023-03-29T00:03:39.020+0000][5933][gc,metaspace] GC(1) Metaspace: 17550K(17856K)->17550K(17856K) NonClass: 15481K(15616K)->15481K(15616K) Class: 2068K(2240K)->2068K(2240K)
[2023-03-29T00:03:39.020+0000][5933][gc          ] GC(1) Pause Young (Normal) (G1 Evacuation Pause) 99M->14M(1964M) 18.927ms
[2023-03-29T00:03:39.020+0000][5933][gc,cpu      ] GC(1) User=0.02s Sys=0.01s Real=0.02s
[2023-03-29T00:03:39.020+0000][5933][safepoint   ] Safepoint "G1CollectForAllocation", Time since last: 282860655 ns, Reaching safepoint: 48367 ns, At safepoint: 19010291 ns, Total: 19058658 ns
[2023-03-29T00:03:39.881+0000][5933][gc,start    ] GC(2) Pause Young (Normal) (G1 Evacuation Pause)
[2023-03-29T00:03:39.881+0000][5933][gc,task     ] GC(2) Using 1 workers of 1 for evacuation
[2023-03-29T00:03:39.881+0000][5933][gc,age      ] GC(2) Desired survivor size 6291456 bytes, new threshold 15 (max threshold 15)
[2023-03-29T00:03:39.890+0000][5933][gc,age      ] GC(2) Age table with threshold 15 (max threshold 15)
[2023-03-29T00:03:39.890+0000][5933][gc,age      ] GC(2) - age   1:    2955416 bytes,    2955416 total
[2023-03-29T00:03:39.890+0000][5933][gc,age      ] GC(2) - age   2:    1718896 bytes,    4674312 total
[2023-03-29T00:03:39.890+0000][5933][gc,phases   ] GC(2)   Pre Evacuate Collection Set: 0.1ms
[2023-03-29T00:03:39.890+0000][5933][gc,phases   ] GC(2)   Merge Heap Roots: 0.0ms
[2023-03-29T00:03:39.890+0000][5933][gc,phases   ] GC(2)   Evacuate Collection Set: 7.8ms
[2023-03-29T00:03:39.890+0000][5933][gc,phases   ] GC(2)   Post Evacuate Collection Set: 0.4ms
[2023-03-29T00:03:39.890+0000][5933][gc,phases   ] GC(2)   Other: 0.2ms
[2023-03-29T00:03:39.890+0000][5933][gc,heap     ] GC(2) Eden regions: 23->0(22)
[2023-03-29T00:03:39.890+0000][5933][gc,heap     ] GC(2) Survivor regions: 1->2(3)
[2023-03-29T00:03:39.890+0000][5933][gc,heap     ] GC(2) Old regions: 2->2
[2023-03-29T00:03:39.890+0000][5933][gc,heap     ] GC(2) Archive regions: 2->2
[2023-03-29T00:03:39.890+0000][5933][gc,heap     ] GC(2) Humongous regions: 0->0
[2023-03-29T00:03:39.890+0000][5933][gc,metaspace] GC(2) Metaspace: 18235K(18560K)->18235K(18560K) NonClass: 16048K(16192K)->16048K(16192K) Class: 2187K(2368K)->2187K(2368K)
[2023-03-29T00:03:39.890+0000][5933][gc          ] GC(2) Pause Young (Normal) (G1 Evacuation Pause) 106M->16M(1964M) 8.691ms
[2023-03-29T00:03:39.890+0000][5933][gc,cpu      ] GC(2) User=0.00s Sys=0.00s Real=0.01s
[2023-03-29T00:03:39.890+0000][5933][safepoint   ] Safepoint "G1CollectForAllocation", Time since last: 861045806 ns, Reaching safepoint: 88119 ns, At safepoint: 8775125 ns, Total: 8863244 ns
[2023-03-29T00:03:40.614+0000][5933][gc,start    ] GC(3) Pause Young (Normal) (G1 Evacuation Pause)
[2023-03-29T00:03:40.614+0000][5933][gc,task     ] GC(3) Using 1 workers of 1 for evacuation
[2023-03-29T00:03:40.614+0000][5933][gc,age      ] GC(3) Desired survivor size 6291456 bytes, new threshold 15 (max threshold 15)
[2023-03-29T00:03:40.624+0000][5933][gc,age      ] GC(3) Age table with threshold 15 (max threshold 15)
[2023-03-29T00:03:40.624+0000][5933][gc,age      ] GC(3) - age   1:    2446200 bytes,    2446200 total
[2023-03-29T00:03:40.624+0000][5933][gc,age      ] GC(3) - age   2:    1915424 bytes,    4361624 total
[2023-03-29T00:03:40.624+0000][5933][gc,age      ] GC(3) - age   3:    1716888 bytes,    6078512 total
[2023-03-29T00:03:40.624+0000][5933][gc,phases   ] GC(3)   Pre Evacuate Collection Set: 0.1ms
[2023-03-29T00:03:40.624+0000][5933][gc,phases   ] GC(3)   Merge Heap Roots: 0.0ms
[2023-03-29T00:03:40.624+0000][5933][gc,phases   ] GC(3)   Evacuate Collection Set: 8.6ms
[2023-03-29T00:03:40.624+0000][5933][gc,phases   ] GC(3)   Post Evacuate Collection Set: 0.4ms
[2023-03-29T00:03:40.624+0000][5933][gc,phases   ] GC(3)   Other: 0.2ms
[2023-03-29T00:03:40.624+0000][5933][gc,heap     ] GC(3) Eden regions: 22->0(22)
[2023-03-29T00:03:40.624+0000][5933][gc,heap     ] GC(3) Survivor regions: 2->2(3)
[2023-03-29T00:03:40.624+0000][5933][gc,heap     ] GC(3) Old regions: 2->2
[2023-03-29T00:03:40.624+0000][5933][gc,heap     ] GC(3) Archive regions: 2->2
[2023-03-29T00:03:40.624+0000][5933][gc,heap     ] GC(3) Humongous regions: 0->0
[2023-03-29T00:03:40.624+0000][5933][gc,metaspace] GC(3) Metaspace: 18642K(19008K)->18642K(19008K) NonClass: 16372K(16576K)->16372K(16576K) Class: 2269K(2432K)->2269K(2432K)
[2023-03-29T00:03:40.624+0000][5933][gc          ] GC(3) Pause Young (Normal) (G1 Evacuation Pause) 104M->18M(1964M) 9.475ms
[2023-03-29T00:03:40.624+0000][5933][gc,cpu      ] GC(3) User=0.01s Sys=0.00s Real=0.01s
[2023-03-29T00:03:40.624+0000][5933][safepoint   ] Safepoint "G1CollectForAllocation", Time since last: 724180494 ns, Reaching safepoint: 42604 ns, At safepoint: 9548911 ns, Total: 9591515 ns
[2023-03-29T00:03:41.306+0000][5933][gc,start    ] GC(4) Pause Young (Normal) (G1 Evacuation Pause)
[2023-03-29T00:03:41.306+0000][5933][gc,task     ] GC(4) Using 1 workers of 1 for evacuation
[2023-03-29T00:03:41.306+0000][5933][gc,age      ] GC(4) Desired survivor size 6291456 bytes, new threshold 15 (max threshold 15)
[2023-03-29T00:03:41.314+0000][5933][gc,age      ] GC(4) Age table with threshold 15 (max threshold 15)
[2023-03-29T00:03:41.315+0000][5933][gc,age      ] GC(4) - age   1:    2986584 bytes,    2986584 total
[2023-03-29T00:03:41.315+0000][5933][gc,age      ] GC(4) - age   2:     696616 bytes,    3683200 total
[2023-03-29T00:03:41.315+0000][5933][gc,age      ] GC(4) - age   3:    1915424 bytes,    5598624 total
[2023-03-29T00:03:41.315+0000][5933][gc,age      ] GC(4) - age   4:    1715928 bytes,    7314552 total
[2023-03-29T00:03:41.315+0000][5933][gc,phases   ] GC(4)   Pre Evacuate Collection Set: 0.1ms
[2023-03-29T00:03:41.315+0000][5933][gc,phases   ] GC(4)   Merge Heap Roots: 0.0ms
[2023-03-29T00:03:41.315+0000][5933][gc,phases   ] GC(4)   Evacuate Collection Set: 7.6ms
[2023-03-29T00:03:41.315+0000][5933][gc,phases   ] GC(4)   Post Evacuate Collection Set: 0.5ms
[2023-03-29T00:03:41.315+0000][5933][gc,phases   ] GC(4)   Other: 0.3ms
[2023-03-29T00:03:41.315+0000][5933][gc,heap     ] GC(4) Eden regions: 22->0(22)
[2023-03-29T00:03:41.315+0000][5933][gc,heap     ] GC(4) Survivor regions: 2->2(3)
[2023-03-29T00:03:41.315+0000][5933][gc,heap     ] GC(4) Old regions: 2->2
[2023-03-29T00:03:41.315+0000][5933][gc,heap     ] GC(4) Archive regions: 2->2
[2023-03-29T00:03:41.315+0000][5933][gc,heap     ] GC(4) Humongous regions: 0->0
[2023-03-29T00:03:41.315+0000][5933][gc,metaspace] GC(4) Metaspace: 19034K(19456K)->19034K(19456K) NonClass: 16724K(16960K)->16724K(16960K) Class: 2310K(2496K)->2310K(2496K)
[2023-03-29T00:03:41.315+0000][5933][gc          ] GC(4) Pause Young (Normal) (G1 Evacuation Pause) 106M->18M(1964M) 8.617ms
[2023-03-29T00:03:41.315+0000][5933][gc,cpu      ] GC(4) User=0.01s Sys=0.00s Real=0.01s
[2023-03-29T00:03:41.315+0000][5933][safepoint   ] Safepoint "G1CollectForAllocation", Time since last: 682160611 ns, Reaching safepoint: 47522 ns, At safepoint: 8697938 ns, Total: 8745460 ns
[2023-03-29T00:03:42.061+0000][5933][gc,start    ] GC(5) Pause Young (Normal) (G1 Evacuation Pause)
[2023-03-29T00:03:42.061+0000][5933][gc,task     ] GC(5) Using 1 workers of 1 for evacuation
[2023-03-29T00:03:42.061+0000][5933][gc,age      ] GC(5) Desired survivor size 6291456 bytes, new threshold 4 (max threshold 15)
[2023-03-29T00:03:42.069+0000][5933][gc,age      ] GC(5) Age table with threshold 4 (max threshold 15)
[2023-03-29T00:03:42.069+0000][5933][gc,age      ] GC(5) - age   1:     958312 bytes,     958312 total
[2023-03-29T00:03:42.069+0000][5933][gc,age      ] GC(5) - age   2:    2473632 bytes,    3431944 total
[2023-03-29T00:03:42.069+0000][5933][gc,age      ] GC(5) - age   3:     696512 bytes,    4128456 total
[2023-03-29T00:03:42.069+0000][5933][gc,age      ] GC(5) - age   4:    1915424 bytes,    6043880 total
[2023-03-29T00:03:42.069+0000][5933][gc,phases   ] GC(5)   Pre Evacuate Collection Set: 0.1ms
[2023-03-29T00:03:42.069+0000][5933][gc,phases   ] GC(5)   Merge Heap Roots: 0.0ms
[2023-03-29T00:03:42.069+0000][5933][gc,phases   ] GC(5)   Evacuate Collection Set: 7.4ms
[2023-03-29T00:03:42.069+0000][5933][gc,phases   ] GC(5)   Post Evacuate Collection Set: 0.4ms
[2023-03-29T00:03:42.069+0000][5933][gc,phases   ] GC(5)   Other: 0.2ms
[2023-03-29T00:03:42.069+0000][5933][gc,heap     ] GC(5) Eden regions: 22->0(22)
[2023-03-29T00:03:42.069+0000][5933][gc,heap     ] GC(5) Survivor regions: 2->2(3)
[2023-03-29T00:03:42.069+0000][5933][gc,heap     ] GC(5) Old regions: 2->3
[2023-03-29T00:03:42.069+0000][5933][gc,heap     ] GC(5) Archive regions: 2->2
[2023-03-29T00:03:42.069+0000][5933][gc,heap     ] GC(5) Humongous regions: 0->0
[2023-03-29T00:03:42.069+0000][5933][gc,metaspace] GC(5) Metaspace: 19550K(20032K)->19550K(20032K) NonClass: 17181K(17472K)->17181K(17472K) Class: 2369K(2560K)->2369K(2560K)
[2023-03-29T00:03:42.069+0000][5933][gc          ] GC(5) Pause Young (Normal) (G1 Evacuation Pause) 106M->20M(1964M) 8.433ms
[2023-03-29T00:03:42.069+0000][5933][gc,cpu      ] GC(5) User=0.01s Sys=0.00s Real=0.01s
[2023-03-29T00:03:42.069+0000][5933][safepoint   ] Safepoint "G1CollectForAllocation", Time since last: 745740680 ns, Reaching safepoint: 43530 ns, At safepoint: 8512463 ns, Total: 8555993 ns
[2023-03-29T00:03:42.537+0000][5933][gc,start    ] GC(6) Pause Young (Normal) (G1 Evacuation Pause)
[2023-03-29T00:03:42.537+0000][5933][gc,task     ] GC(6) Using 1 workers of 1 for evacuation
[2023-03-29T00:03:42.537+0000][5933][gc,age      ] GC(6) Desired survivor size 6291456 bytes, new threshold 15 (max threshold 15)
[2023-03-29T00:03:42.547+0000][5933][gc,age      ] GC(6) Age table with threshold 15 (max threshold 15)
[2023-03-29T00:03:42.547+0000][5933][gc,age      ] GC(6) - age   1:    2187184 bytes,    2187184 total
[2023-03-29T00:03:42.547+0000][5933][gc,age      ] GC(6) - age   2:     949984 bytes,    3137168 total
[2023-03-29T00:03:42.547+0000][5933][gc,age      ] GC(6) - age   3:    2473384 bytes,    5610552 total
[2023-03-29T00:03:42.547+0000][5933][gc,age      ] GC(6) - age   4:     696368 bytes,    6306920 total
[2023-03-29T00:03:42.547+0000][5933][gc,age      ] GC(6) - age   5:    1915424 bytes,    8222344 total
[2023-03-29T00:03:42.547+0000][5933][gc,phases   ] GC(6)   Pre Evacuate Collection Set: 0.1ms
[2023-03-29T00:03:42.547+0000][5933][gc,phases   ] GC(6)   Merge Heap Roots: 0.0ms
[2023-03-29T00:03:42.547+0000][5933][gc,phases   ] GC(6)   Evacuate Collection Set: 9.3ms
[2023-03-29T00:03:42.547+0000][5933][gc,phases   ] GC(6)   Post Evacuate Collection Set: 0.5ms
[2023-03-29T00:03:42.547+0000][5933][gc,phases   ] GC(6)   Other: 0.3ms
[2023-03-29T00:03:42.547+0000][5933][gc,heap     ] GC(6) Eden regions: 22->0(28)
[2023-03-29T00:03:42.547+0000][5933][gc,heap     ] GC(6) Survivor regions: 2->2(3)
[2023-03-29T00:03:42.547+0000][5933][gc,heap     ] GC(6) Old regions: 3->3
[2023-03-29T00:03:42.547+0000][5933][gc,heap     ] GC(6) Archive regions: 2->2
[2023-03-29T00:03:42.547+0000][5933][gc,heap     ] GC(6) Humongous regions: 0->0
[2023-03-29T00:03:42.547+0000][5933][gc,metaspace] GC(6) Metaspace: 19578K(20032K)->19578K(20032K) NonClass: 17202K(17472K)->17202K(17472K) Class: 2375K(2560K)->2375K(2560K)
[2023-03-29T00:03:42.547+0000][5933][gc          ] GC(6) Pause Young (Normal) (G1 Evacuation Pause) 108M->21M(1964M) 10.273ms
[2023-03-29T00:03:42.547+0000][5933][gc,cpu      ] GC(6) User=0.01s Sys=0.00s Real=0.00s
[2023-03-29T00:03:42.547+0000][5933][safepoint   ] Safepoint "G1CollectForAllocation", Time since last: 467938461 ns, Reaching safepoint: 35597 ns, At safepoint: 10354905 ns, Total: 10390502 ns
[2023-03-29T00:03:43.375+0000][5933][gc,start    ] GC(7) Pause Young (Normal) (G1 Evacuation Pause)
[2023-03-29T00:03:43.375+0000][5933][gc,task     ] GC(7) Using 1 workers of 1 for evacuation
[2023-03-29T00:03:43.375+0000][5933][gc,age      ] GC(7) Desired survivor size 8388608 bytes, new threshold 15 (max threshold 15)
[2023-03-29T00:03:43.389+0000][5933][gc,age      ] GC(7) Age table with threshold 15 (max threshold 15)
[2023-03-29T00:03:43.389+0000][5933][gc,age      ] GC(7) - age   1:    2080688 bytes,    2080688 total
[2023-03-29T00:03:43.389+0000][5933][gc,age      ] GC(7) - age   2:      67256 bytes,    2147944 total
[2023-03-29T00:03:43.389+0000][5933][gc,age      ] GC(7) - age   3:     949856 bytes,    3097800 total
[2023-03-29T00:03:43.389+0000][5933][gc,age      ] GC(7) - age   4:    2473384 bytes,    5571184 total
[2023-03-29T00:03:43.389+0000][5933][gc,age      ] GC(7) - age   5:     695488 bytes,    6266672 total
[2023-03-29T00:03:43.389+0000][5933][gc,age      ] GC(7) - age   6:    1915360 bytes,    8182032 total
[2023-03-29T00:03:43.389+0000][5933][gc,phases   ] GC(7)   Pre Evacuate Collection Set: 0.1ms
[2023-03-29T00:03:43.389+0000][5933][gc,phases   ] GC(7)   Merge Heap Roots: 0.0ms
[2023-03-29T00:03:43.389+0000][5933][gc,phases   ] GC(7)   Evacuate Collection Set: 13.2ms
[2023-03-29T00:03:43.389+0000][5933][gc,phases   ] GC(7)   Post Evacuate Collection Set: 0.9ms
[2023-03-29T00:03:43.389+0000][5933][gc,phases   ] GC(7)   Other: 0.3ms
[2023-03-29T00:03:43.389+0000][5933][gc,heap     ] GC(7) Eden regions: 28->0(86)
[2023-03-29T00:03:43.389+0000][5933][gc,heap     ] GC(7) Survivor regions: 2->2(4)
[2023-03-29T00:03:43.389+0000][5933][gc,heap     ] GC(7) Old regions: 3->3
[2023-03-29T00:03:43.389+0000][5933][gc,heap     ] GC(7) Archive regions: 2->2
[2023-03-29T00:03:43.389+0000][5933][gc,heap     ] GC(7) Humongous regions: 0->0
[2023-03-29T00:03:43.389+0000][5933][gc,metaspace] GC(7) Metaspace: 20005K(20480K)->20005K(20480K) NonClass: 17557K(17856K)->17557K(17856K) Class: 2447K(2624K)->2447K(2624K)
[2023-03-29T00:03:43.389+0000][5933][gc          ] GC(7) Pause Young (Normal) (G1 Evacuation Pause) 133M->21M(1964M) 14.651ms
[2023-03-29T00:03:43.389+0000][5933][gc,cpu      ] GC(7) User=0.02s Sys=0.01s Real=0.02s
[2023-03-29T00:03:43.389+0000][5933][safepoint   ] Safepoint "G1CollectForAllocation", Time since last: 827030572 ns, Reaching safepoint: 49348 ns, At safepoint: 14729879 ns, Total: 14779227 ns
[2023-03-29T00:03:44.549+0000][5933][gc,start    ] GC(8) Pause Young (Concurrent Start) (Metadata GC Threshold)
[2023-03-29T00:03:44.549+0000][5933][gc,task     ] GC(8) Using 1 workers of 1 for evacuation
[2023-03-29T00:03:44.549+0000][5933][gc,age      ] GC(8) Desired survivor size 23068672 bytes, new threshold 15 (max threshold 15)
[2023-03-29T00:03:44.558+0000][5933][gc,age      ] GC(8) Age table with threshold 15 (max threshold 15)
[2023-03-29T00:03:44.558+0000][5933][gc,age      ] GC(8) - age   1:    2135136 bytes,    2135136 total
[2023-03-29T00:03:44.558+0000][5933][gc,age      ] GC(8) - age   2:     303568 bytes,    2438704 total
[2023-03-29T00:03:44.558+0000][5933][gc,age      ] GC(8) - age   3:      67104 bytes,    2505808 total
[2023-03-29T00:03:44.559+0000][5933][gc,age      ] GC(8) - age   4:     949856 bytes,    3455664 total
[2023-03-29T00:03:44.559+0000][5933][gc,age      ] GC(8) - age   5:    2472312 bytes,    5927976 total
[2023-03-29T00:03:44.559+0000][5933][gc,age      ] GC(8) - age   6:     692784 bytes,    6620760 total
[2023-03-29T00:03:44.559+0000][5933][gc,age      ] GC(8) - age   7:    1915176 bytes,    8535936 total
[2023-03-29T00:03:44.559+0000][5933][gc,phases   ] GC(8)   Pre Evacuate Collection Set: 0.1ms
[2023-03-29T00:03:44.559+0000][5933][gc,phases   ] GC(8)   Merge Heap Roots: 0.0ms
[2023-03-29T00:03:44.559+0000][5933][gc,phases   ] GC(8)   Evacuate Collection Set: 8.5ms
[2023-03-29T00:03:44.559+0000][5933][gc,phases   ] GC(8)   Post Evacuate Collection Set: 0.6ms
[2023-03-29T00:03:44.559+0000][5933][gc,phases   ] GC(8)   Other: 0.3ms
[2023-03-29T00:03:44.559+0000][5933][gc,heap     ] GC(8) Eden regions: 57->0(268)
[2023-03-29T00:03:44.559+0000][5933][gc,heap     ] GC(8) Survivor regions: 2->3(11)
[2023-03-29T00:03:44.559+0000][5933][gc,heap     ] GC(8) Old regions: 3->3
[2023-03-29T00:03:44.559+0000][5933][gc,heap     ] GC(8) Archive regions: 2->2
[2023-03-29T00:03:44.559+0000][5933][gc,heap     ] GC(8) Humongous regions: 0->0
[2023-03-29T00:03:44.559+0000][5933][gc,metaspace] GC(8) Metaspace: 21051K(21504K)->21051K(21504K) NonClass: 18472K(18752K)->18472K(18752K) Class: 2579K(2752K)->2579K(2752K)
[2023-03-29T00:03:44.559+0000][5933][gc          ] GC(8) Pause Young (Concurrent Start) (Metadata GC Threshold) 249M->22M(1964M) 9.632ms
[2023-03-29T00:03:44.559+0000][5933][gc,cpu      ] GC(8) User=0.01s Sys=0.00s Real=0.01s
[2023-03-29T00:03:44.559+0000][5933][safepoint   ] Safepoint "CollectForMetadataAllocation", Time since last: 1159784588 ns, Reaching safepoint: 52727 ns, At safepoint: 9804843 ns, Total: 9857570 ns
[2023-03-29T00:03:44.559+0000][5933][gc          ] GC(9) Concurrent Mark Cycle
[2023-03-29T00:03:44.559+0000][5933][gc,marking  ] GC(9) Concurrent Clear Claimed Marks
[2023-03-29T00:03:44.559+0000][5933][gc,marking  ] GC(9) Concurrent Clear Claimed Marks 0.023ms
[2023-03-29T00:03:44.559+0000][5933][gc,marking  ] GC(9) Concurrent Scan Root Regions
[2023-03-29T00:03:44.562+0000][5933][gc,marking  ] GC(9) Concurrent Scan Root Regions 2.696ms
[2023-03-29T00:03:44.562+0000][5933][gc,marking  ] GC(9) Concurrent Mark
[2023-03-29T00:03:44.562+0000][5933][gc,marking  ] GC(9) Concurrent Mark From Roots
[2023-03-29T00:03:44.562+0000][5933][gc,task     ] GC(9) Using 1 workers of 1 for marking
[2023-03-29T00:03:44.581+0000][5933][gc,marking  ] GC(9) Concurrent Mark From Roots 18.761ms
[2023-03-29T00:03:44.581+0000][5933][gc,marking  ] GC(9) Concurrent Preclean
[2023-03-29T00:03:44.581+0000][5933][gc,marking  ] GC(9) Concurrent Preclean 0.105ms
[2023-03-29T00:03:44.581+0000][5933][gc,start    ] GC(9) Pause Remark
[2023-03-29T00:03:44.587+0000][5933][gc          ] GC(9) Pause Remark 24M->24M(1964M) 5.708ms
[2023-03-29T00:03:44.587+0000][5933][gc,cpu      ] GC(9) User=0.01s Sys=0.00s Real=0.00s
[2023-03-29T00:03:44.587+0000][5933][safepoint   ] Safepoint "G1Concurrent", Time since last: 22120558 ns, Reaching safepoint: 26066 ns, At safepoint: 5774429 ns, Total: 5800495 ns
[2023-03-29T00:03:44.587+0000][5933][gc,marking  ] GC(9) Concurrent Mark 25.175ms
[2023-03-29T00:03:44.587+0000][5933][gc,marking  ] GC(9) Concurrent Rebuild Remembered Sets
[2023-03-29T00:03:44.600+0000][5933][gc,marking  ] GC(9) Concurrent Rebuild Remembered Sets 12.555ms
[2023-03-29T00:03:44.600+0000][5933][gc,start    ] GC(9) Pause Cleanup
[2023-03-29T00:03:44.600+0000][5933][gc          ] GC(9) Pause Cleanup 24M->24M(1964M) 0.098ms
[2023-03-29T00:03:44.600+0000][5933][gc,cpu      ] GC(9) User=0.00s Sys=0.00s Real=0.00s
[2023-03-29T00:03:44.600+0000][5933][safepoint   ] Safepoint "G1Concurrent", Time since last: 13048203 ns, Reaching safepoint: 108043 ns, At safepoint: 152198 ns, Total: 260241 ns
[2023-03-29T00:03:44.600+0000][5933][gc,marking  ] GC(9) Concurrent Cleanup for Next Mark
[2023-03-29T00:03:44.610+0000][5933][gc,marking  ] GC(9) Concurrent Cleanup for Next Mark 9.643ms
[2023-03-29T00:03:44.610+0000][5933][gc          ] GC(9) Concurrent Mark Cycle 50.589ms
[2023-03-29T00:03:45.600+0000][5933][safepoint   ] Safepoint "Cleanup", Time since last: 1000132017 ns, Reaching safepoint: 141382 ns, At safepoint: 7879 ns, Total: 149261 ns
[2023-03-29T00:03:46.389+0000][5933][safepoint   ] Safepoint "ICBufferFull", Time since last: 788820682 ns, Reaching safepoint: 89105 ns, At safepoint: 4923 ns, Total: 94028 ns
[2023-03-29T00:03:46.390+0000][5933][safepoint   ] Safepoint "ICBufferFull", Time since last: 842695 ns, Reaching safepoint: 24245 ns, At safepoint: 4305 ns, Total: 28550 ns
[2023-03-29T00:03:46.391+0000][5933][safepoint   ] Safepoint "ICBufferFull", Time since last: 835885 ns, Reaching safepoint: 24420 ns, At safepoint: 4289 ns, Total: 28709 ns
[2023-03-29T00:03:46.392+0000][5933][safepoint   ] Safepoint "ICBufferFull", Time since last: 757332 ns, Reaching safepoint: 24357 ns, At safepoint: 4249 ns, Total: 28606 ns
[2023-03-29T00:03:46.444+0000][5933][safepoint   ] Safepoint "ICBufferFull", Time since last: 52408378 ns, Reaching safepoint: 34103 ns, At safepoint: 4759 ns, Total: 38862 ns
[2023-03-29T00:03:46.445+0000][5933][safepoint   ] Safepoint "ICBufferFull", Time since last: 804181 ns, Reaching safepoint: 23842 ns, At safepoint: 3977 ns, Total: 27819 ns
[2023-03-29T00:03:46.541+0000][5933][safepoint   ] Safepoint "ICBufferFull", Time since last: 95826618 ns, Reaching safepoint: 40208 ns, At safepoint: 4806 ns, Total: 45014 ns
[2023-03-29T00:03:46.542+0000][5933][safepoint   ] Safepoint "ICBufferFull", Time since last: 922572 ns, Reaching safepoint: 24585 ns, At safepoint: 4053 ns, Total: 28638 ns
[2023-03-29T00:03:46.621+0000][5933][safepoint   ] Safepoint "ICBufferFull", Time since last: 79034841 ns, Reaching safepoint: 37357 ns, At safepoint: 5151 ns, Total: 42508 ns
[2023-03-29T00:03:46.726+0000][5933][safepoint   ] Safepoint "ICBufferFull", Time since last: 104825233 ns, Reaching safepoint: 117993 ns, At safepoint: 5684 ns, Total: 123677 ns
[2023-03-29T00:03:46.727+0000][5933][safepoint   ] Safepoint "ICBufferFull", Time since last: 832659 ns, Reaching safepoint: 24865 ns, At safepoint: 4262 ns, Total: 29127 ns
[2023-03-29T00:03:46.731+0000][5933][safepoint   ] Safepoint "ICBufferFull", Time since last: 4064125 ns, Reaching safepoint: 26088 ns, At safepoint: 4288 ns, Total: 30376 ns
[2023-03-29T00:03:46.772+0000][5933][safepoint   ] Safepoint "ICBufferFull", Time since last: 40691410 ns, Reaching safepoint: 35771 ns, At safepoint: 5103 ns, Total: 40874 ns
[2023-03-29T00:03:46.773+0000][5933][safepoint   ] Safepoint "ICBufferFull", Time since last: 1758716 ns, Reaching safepoint: 24449 ns, At safepoint: 4240 ns, Total: 28689 ns
[2023-03-29T00:03:47.689+0000][5933][safepoint   ] Safepoint "ICBufferFull", Time since last: 915284245 ns, Reaching safepoint: 78198 ns, At safepoint: 5040 ns, Total: 83238 ns
[2023-03-29T00:03:48.746+0000][5933][safepoint   ] Safepoint "Cleanup", Time since last: 1051596846 ns, Reaching safepoint: 5401674 ns, At safepoint: 7335 ns, Total: 5409009 ns
[2023-03-29T00:03:49.746+0000][5933][safepoint   ] Safepoint "Cleanup", Time since last: 1000128306 ns, Reaching safepoint: 52201 ns, At safepoint: 5224 ns, Total: 57425 ns
[2023-03-29T00:03:50.746+0000][5933][safepoint   ] Safepoint "Cleanup", Time since last: 1000119074 ns, Reaching safepoint: 120793 ns, At safepoint: 7731 ns, Total: 128524 ns
[2023-03-29T00:03:51.747+0000][5933][safepoint   ] Safepoint "Cleanup", Time since last: 1000122762 ns, Reaching safepoint: 143744 ns, At safepoint: 7413 ns, Total: 151157 ns
[2023-03-29T00:03:52.747+0000][5933][safepoint   ] Safepoint "Cleanup", Time since last: 1000129077 ns, Reaching safepoint: 141306 ns, At safepoint: 6856 ns, Total: 148162 ns
[2023-03-29T00:03:53.120+0000][5933][gc,start    ] GC(10) Pause Young (Concurrent Start) (Metadata GC Threshold)
[2023-03-29T00:03:53.120+0000][5933][gc,task     ] GC(10) Using 1 workers of 1 for evacuation
[2023-03-29T00:03:53.120+0000][5933][gc,age      ] GC(10) Desired survivor size 77594624 bytes, new threshold 15 (max threshold 15)
[2023-03-29T00:03:53.201+0000][5933][gc,age      ] GC(10) Age table with threshold 15 (max threshold 15)
[2023-03-29T00:03:53.202+0000][5933][gc,age      ] GC(10) - age   1:   28235584 bytes,   28235584 total
[2023-03-29T00:03:53.202+0000][5933][gc,age      ] GC(10) - age   2:    2108640 bytes,   30344224 total
[2023-03-29T00:03:53.202+0000][5933][gc,age      ] GC(10) - age   3:     300608 bytes,   30644832 total
[2023-03-29T00:03:53.202+0000][5933][gc,age      ] GC(10) - age   4:      66432 bytes,   30711264 total
[2023-03-29T00:03:53.202+0000][5933][gc,age      ] GC(10) - age   5:     949392 bytes,   31660656 total
[2023-03-29T00:03:53.202+0000][5933][gc,age      ] GC(10) - age   6:    2467624 bytes,   34128280 total
[2023-03-29T00:03:53.202+0000][5933][gc,age      ] GC(10) - age   7:     688440 bytes,   34816720 total
[2023-03-29T00:03:53.202+0000][5933][gc,age      ] GC(10) - age   8:    1905064 bytes,   36721784 total
[2023-03-29T00:03:53.202+0000][5933][gc,phases   ] GC(10)   Pre Evacuate Collection Set: 0.1ms
[2023-03-29T00:03:53.202+0000][5933][gc,phases   ] GC(10)   Merge Heap Roots: 0.1ms
[2023-03-29T00:03:53.202+0000][5933][gc,phases   ] GC(10)   Evacuate Collection Set: 79.4ms
[2023-03-29T00:03:53.202+0000][5933][gc,phases   ] GC(10)   Post Evacuate Collection Set: 1.4ms
[2023-03-29T00:03:53.202+0000][5933][gc,phases   ] GC(10)   Other: 0.3ms
[2023-03-29T00:03:53.202+0000][5933][gc,heap     ] GC(10) Eden regions: 152->0(48)
[2023-03-29T00:03:53.202+0000][5933][gc,heap     ] GC(10) Survivor regions: 3->9(37)
[2023-03-29T00:03:53.202+0000][5933][gc,heap     ] GC(10) Old regions: 3->3
[2023-03-29T00:03:53.202+0000][5933][gc,heap     ] GC(10) Archive regions: 2->2
[2023-03-29T00:03:53.202+0000][5933][gc,heap     ] GC(10) Humongous regions: 0->0
[2023-03-29T00:03:53.202+0000][5933][gc,metaspace] GC(10) Metaspace: 35048K(35968K)->35048K(35968K) NonClass: 30404K(30976K)->30404K(30976K) Class: 4643K(4992K)->4643K(4992K)
[2023-03-29T00:03:53.202+0000][5933][gc          ] GC(10) Pause Young (Concurrent Start) (Metadata GC Threshold) 630M->49M(1964M) 81.512ms
[2023-03-29T00:03:53.202+0000][5933][gc,cpu      ] GC(10) User=0.08s Sys=0.00s Real=0.08s
[2023-03-29T00:03:53.202+0000][5933][safepoint   ] Safepoint "CollectForMetadataAllocation", Time since last: 373404400 ns, Reaching safepoint: 48989 ns, At safepoint: 81698643 ns, Total: 81747632 ns
[2023-03-29T00:03:53.202+0000][5933][gc          ] GC(11) Concurrent Mark Cycle
[2023-03-29T00:03:53.202+0000][5933][gc,marking  ] GC(11) Concurrent Clear Claimed Marks
[2023-03-29T00:03:53.202+0000][5933][gc,marking  ] GC(11) Concurrent Clear Claimed Marks 0.049ms
[2023-03-29T00:03:53.202+0000][5933][gc,marking  ] GC(11) Concurrent Scan Root Regions
[2023-03-29T00:03:53.271+0000][5933][gc,marking  ] GC(11) Concurrent Scan Root Regions 69.210ms
[2023-03-29T00:03:53.271+0000][5933][gc,marking  ] GC(11) Concurrent Mark
[2023-03-29T00:03:53.271+0000][5933][gc,marking  ] GC(11) Concurrent Mark From Roots
[2023-03-29T00:03:53.271+0000][5933][gc,task     ] GC(11) Using 1 workers of 1 for marking
[2023-03-29T00:03:53.285+0000][5933][safepoint   ] Safepoint "CollectForMetadataAllocation", Time since last: 75009475 ns, Reaching safepoint: 8039423 ns, At safepoint: 188519 ns, Total: 8227942 ns
[2023-03-29T00:03:53.318+0000][5933][gc,marking  ] GC(11) Concurrent Mark From Roots 46.227ms
[2023-03-29T00:03:53.318+0000][5933][gc,marking  ] GC(11) Concurrent Preclean
[2023-03-29T00:03:53.318+0000][5933][gc,marking  ] GC(11) Concurrent Preclean 0.089ms
[2023-03-29T00:03:53.318+0000][5933][gc,start    ] GC(11) Pause Remark
[2023-03-29T00:03:53.328+0000][5933][gc          ] GC(11) Pause Remark 51M->51M(1964M) 10.332ms
[2023-03-29T00:03:53.328+0000][5933][gc,cpu      ] GC(11) User=0.01s Sys=0.00s Real=0.00s
[2023-03-29T00:03:53.328+0000][5933][safepoint   ] Safepoint "G1Concurrent", Time since last: 32569602 ns, Reaching safepoint: 27408 ns, At safepoint: 10416239 ns, Total: 10443647 ns
[2023-03-29T00:03:53.332+0000][5933][gc,marking  ] GC(11) Concurrent Mark 60.789ms
[2023-03-29T00:03:53.332+0000][5933][gc,marking  ] GC(11) Concurrent Rebuild Remembered Sets
[2023-03-29T00:03:53.346+0000][5933][gc,marking  ] GC(11) Concurrent Rebuild Remembered Sets 13.650ms
[2023-03-29T00:03:53.346+0000][5933][gc,start    ] GC(11) Pause Cleanup
[2023-03-29T00:03:53.346+0000][5933][gc          ] GC(11) Pause Cleanup 51M->51M(1964M) 0.086ms
[2023-03-29T00:03:53.346+0000][5933][gc,cpu      ] GC(11) User=0.00s Sys=0.00s Real=0.00s
[2023-03-29T00:03:53.346+0000][5933][safepoint   ] Safepoint "G1Concurrent", Time since last: 17654668 ns, Reaching safepoint: 25806 ns, At safepoint: 137443 ns, Total: 163249 ns
[2023-03-29T00:03:53.346+0000][5933][gc,marking  ] GC(11) Concurrent Cleanup for Next Mark
[2023-03-29T00:03:53.358+0000][5933][gc,marking  ] GC(11) Concurrent Cleanup for Next Mark 11.861ms
[2023-03-29T00:03:53.358+0000][5933][gc          ] GC(11) Concurrent Mark Cycle 155.988ms
[2023-03-29T00:03:54.346+0000][5933][safepoint   ] Safepoint "Cleanup", Time since last: 1000100227 ns, Reaching safepoint: 80121 ns, At safepoint: 5506 ns, Total: 85627 ns
[2023-03-29T00:03:55.494+0000][5933][safepoint   ] Safepoint "Cleanup", Time since last: 1147396510 ns, Reaching safepoint: 223109 ns, At safepoint: 8572 ns, Total: 231681 ns
[2023-03-29T00:03:57.080+0000][5933][safepoint   ] Safepoint "Cleanup", Time since last: 1586026629 ns, Reaching safepoint: 149651 ns, At safepoint: 8556 ns, Total: 158207 ns
[2023-03-29T00:03:57.417+0000][5933][gc,start    ] GC(12) Pause Young (Concurrent Start) (G1 Evacuation Pause)
[2023-03-29T00:03:57.417+0000][5933][gc,task     ] GC(12) Using 1 workers of 1 for evacuation
[2023-03-29T00:03:57.417+0000][5933][gc,age      ] GC(12) Desired survivor size 18874368 bytes, new threshold 1 (max threshold 15)
[2023-03-29T00:03:57.556+0000][5933][gc,age      ] GC(12) Age table with threshold 1 (max threshold 15)
[2023-03-29T00:03:57.556+0000][5933][gc,age      ] GC(12) - age   1:    6057168 bytes,    6057168 total
[2023-03-29T00:03:57.556+0000][5933][gc,phases   ] GC(12)   Pre Evacuate Collection Set: 0.1ms
[2023-03-29T00:03:57.556+0000][5933][gc,phases   ] GC(12)   Merge Heap Roots: 0.1ms
[2023-03-29T00:03:57.556+0000][5933][gc,phases   ] GC(12)   Evacuate Collection Set: 137.1ms
[2023-03-29T00:03:57.556+0000][5933][gc,phases   ] GC(12)   Post Evacuate Collection Set: 1.4ms
[2023-03-29T00:03:57.556+0000][5933][gc,phases   ] GC(12)   Other: 0.3ms
[2023-03-29T00:03:57.556+0000][5933][gc,heap     ] GC(12) Eden regions: 56->0(64)
[2023-03-29T00:03:57.556+0000][5933][gc,heap     ] GC(12) Survivor regions: 9->2(9)
[2023-03-29T00:03:57.556+0000][5933][gc,heap     ] GC(12) Old regions: 3->12
[2023-03-29T00:03:57.556+0000][5933][gc,heap     ] GC(12) Archive regions: 2->2
[2023-03-29T00:03:57.556+0000][5933][gc,heap     ] GC(12) Humongous regions: 0->0
[2023-03-29T00:03:57.556+0000][5933][gc,metaspace] GC(12) Metaspace: 51751K(52928K)->51751K(52928K) NonClass: 44715K(45440K)->44715K(45440K) Class: 7036K(7488K)->7036K(7488K)
[2023-03-29T00:03:57.556+0000][5933][gc          ] GC(12) Pause Young (Concurrent Start) (G1 Evacuation Pause) 273M->54M(1964M) 139.098ms
[2023-03-29T00:03:57.556+0000][5933][gc,cpu      ] GC(12) User=0.13s Sys=0.01s Real=0.14s
[2023-03-29T00:03:57.556+0000][5933][safepoint   ] Safepoint "G1CollectForAllocation", Time since last: 336721189 ns, Reaching safepoint: 35639 ns, At safepoint: 139194787 ns, Total: 139230426 ns
[2023-03-29T00:03:57.556+0000][5933][gc          ] GC(13) Concurrent Mark Cycle
[2023-03-29T00:03:57.556+0000][5933][gc,marking  ] GC(13) Concurrent Clear Claimed Marks
[2023-03-29T00:03:57.556+0000][5933][gc,marking  ] GC(13) Concurrent Clear Claimed Marks 0.053ms
[2023-03-29T00:03:57.556+0000][5933][gc,marking  ] GC(13) Concurrent Scan Root Regions
[2023-03-29T00:03:57.635+0000][5933][gc,marking  ] GC(13) Concurrent Scan Root Regions 79.228ms
[2023-03-29T00:03:57.635+0000][5933][gc,marking  ] GC(13) Concurrent Mark
[2023-03-29T00:03:57.635+0000][5933][gc,marking  ] GC(13) Concurrent Mark From Roots
[2023-03-29T00:03:57.635+0000][5933][gc,task     ] GC(13) Using 1 workers of 1 for marking
[2023-03-29T00:03:57.685+0000][5933][gc,marking  ] GC(13) Concurrent Mark From Roots 49.834ms
[2023-03-29T00:03:57.685+0000][5933][gc,marking  ] GC(13) Concurrent Preclean
[2023-03-29T00:03:57.685+0000][5933][gc,marking  ] GC(13) Concurrent Preclean 0.092ms
[2023-03-29T00:03:57.686+0000][5933][gc,start    ] GC(13) Pause Remark
[2023-03-29T00:03:57.694+0000][5933][gc          ] GC(13) Pause Remark 64M->64M(1964M) 8.070ms
[2023-03-29T00:03:57.694+0000][5933][gc,cpu      ] GC(13) User=0.01s Sys=0.00s Real=0.01s
[2023-03-29T00:03:57.694+0000][5933][safepoint   ] Safepoint "G1Concurrent", Time since last: 129416102 ns, Reaching safepoint: 105579 ns, At safepoint: 8153586 ns, Total: 8259165 ns
[2023-03-29T00:03:57.697+0000][5933][gc,marking  ] GC(13) Concurrent Mark 61.172ms
[2023-03-29T00:03:57.697+0000][5933][gc,marking  ] GC(13) Concurrent Rebuild Remembered Sets
[2023-03-29T00:03:57.798+0000][5933][gc,marking  ] GC(13) Concurrent Rebuild Remembered Sets 101.632ms
[2023-03-29T00:03:57.802+0000][5933][gc,start    ] GC(13) Pause Cleanup
[2023-03-29T00:03:57.802+0000][5933][gc          ] GC(13) Pause Cleanup 74M->74M(1964M) 0.089ms
[2023-03-29T00:03:57.802+0000][5933][gc,cpu      ] GC(13) User=0.00s Sys=0.00s Real=0.00s
[2023-03-29T00:03:57.802+0000][5933][safepoint   ] Safepoint "G1Concurrent", Time since last: 104608115 ns, Reaching safepoint: 3247120 ns, At safepoint: 142849 ns, Total: 3389969 ns
[2023-03-29T00:03:57.802+0000][5933][gc,marking  ] GC(13) Concurrent Cleanup for Next Mark
[2023-03-29T00:03:57.814+0000][5933][gc,marking  ] GC(13) Concurrent Cleanup for Next Mark 12.023ms
[2023-03-29T00:03:57.814+0000][5933][gc          ] GC(13) Concurrent Mark Cycle 257.752ms
[2023-03-29T00:03:59.289+0000][5933][safepoint   ] Safepoint "Cleanup", Time since last: 1487090562 ns, Reaching safepoint: 62136 ns, At safepoint: 4602 ns, Total: 66738 ns
[2023-03-29T00:04:00.289+0000][5933][safepoint   ] Safepoint "Cleanup", Time since last: 1000128646 ns, Reaching safepoint: 314630 ns, At safepoint: 8165 ns, Total: 322795 ns
[2023-03-29T00:04:01.290+0000][5933][safepoint   ] Safepoint "Cleanup", Time since last: 1000122163 ns, Reaching safepoint: 171733 ns, At safepoint: 7142 ns, Total: 178875 ns
[2023-03-29T00:04:02.677+0000][5933][gc,start    ] GC(14) Pause Young (Normal) (G1 Evacuation Pause)
[2023-03-29T00:04:02.677+0000][5933][gc,task     ] GC(14) Using 1 workers of 1 for evacuation
[2023-03-29T00:04:02.677+0000][5933][gc,age      ] GC(14) Desired survivor size 18874368 bytes, new threshold 15 (max threshold 15)
[2023-03-29T00:04:02.708+0000][5933][gc,age      ] GC(14) Age table with threshold 15 (max threshold 15)
[2023-03-29T00:04:02.708+0000][5933][gc,age      ] GC(14) - age   1:    7200352 bytes,    7200352 total
[2023-03-29T00:04:02.708+0000][5933][gc,age      ] GC(14) - age   2:    5873856 bytes,   13074208 total
[2023-03-29T00:04:02.708+0000][5933][gc,phases   ] GC(14)   Pre Evacuate Collection Set: 0.1ms
[2023-03-29T00:04:02.708+0000][5933][gc,phases   ] GC(14)   Merge Heap Roots: 0.1ms
[2023-03-29T00:04:02.708+0000][5933][gc,phases   ] GC(14)   Evacuate Collection Set: 29.5ms
[2023-03-29T00:04:02.708+0000][5933][gc,phases   ] GC(14)   Post Evacuate Collection Set: 1.1ms
[2023-03-29T00:04:02.708+0000][5933][gc,phases   ] GC(14)   Other: 0.2ms
[2023-03-29T00:04:02.708+0000][5933][gc,heap     ] GC(14) Eden regions: 67->0(69)
[2023-03-29T00:04:02.708+0000][5933][gc,heap     ] GC(14) Survivor regions: 2->4(9)
[2023-03-29T00:04:02.708+0000][5933][gc,heap     ] GC(14) Old regions: 12->12
[2023-03-29T00:04:02.708+0000][5933][gc,heap     ] GC(14) Archive regions: 2->2
[2023-03-29T00:04:02.708+0000][5933][gc,heap     ] GC(14) Humongous regions: 0->0
[2023-03-29T00:04:02.708+0000][5933][gc,metaspace] GC(14) Metaspace: 62854K(64128K)->62854K(64128K) NonClass: 54293K(55040K)->54293K(55040K) Class: 8560K(9088K)->8560K(9088K)
[2023-03-29T00:04:02.708+0000][5933][gc          ] GC(14) Pause Young (Normal) (G1 Evacuation Pause) 322M->62M(1964M) 31.114ms
[2023-03-29T00:04:02.709+0000][5933][gc,cpu      ] GC(14) User=0.03s Sys=0.00s Real=0.02s
[2023-03-29T00:04:02.709+0000][5933][safepoint   ] Safepoint "G1CollectForAllocation", Time since last: 1386807947 ns, Reaching safepoint: 967640 ns, At safepoint: 31198889 ns, Total: 32166529 ns
[2023-03-29T00:04:03.709+0000][5933][safepoint   ] Safepoint "Cleanup", Time since last: 1000108120 ns, Reaching safepoint: 259835 ns, At safepoint: 8412 ns, Total: 268247 ns
[2023-03-29T00:04:04.745+0000][5933][safepoint   ] Safepoint "Cleanup", Time since last: 1035949818 ns, Reaching safepoint: 216587 ns, At safepoint: 5586 ns, Total: 222173 ns
[2023-03-29T00:04:06.407+0000][5933][safepoint   ] Safepoint "Cleanup", Time since last: 1661629470 ns, Reaching safepoint: 221056 ns, At safepoint: 7549 ns, Total: 228605 ns
[2023-03-29T00:04:07.081+0000][5933][gc,start    ] GC(15) Pause Young (Concurrent Start) (Metadata GC Threshold)
[2023-03-29T00:04:07.081+0000][5933][gc,task     ] GC(15) Using 1 workers of 1 for evacuation
[2023-03-29T00:04:07.081+0000][5933][gc,age      ] GC(15) Desired survivor size 18874368 bytes, new threshold 15 (max threshold 15)
[2023-03-29T00:04:07.190+0000][5933][gc,age      ] GC(15) Age table with threshold 15 (max threshold 15)
[2023-03-29T00:04:07.190+0000][5933][gc,age      ] GC(15) - age   1:    8850280 bytes,    8850280 total
[2023-03-29T00:04:07.190+0000][5933][gc,age      ] GC(15) - age   2:    7069752 bytes,   15920032 total
[2023-03-29T00:04:07.190+0000][5933][gc,age      ] GC(15) - age   3:    5809288 bytes,   21729320 total
[2023-03-29T00:04:07.190+0000][5933][gc,phases   ] GC(15)   Pre Evacuate Collection Set: 0.1ms
[2023-03-29T00:04:07.190+0000][5933][gc,phases   ] GC(15)   Merge Heap Roots: 0.1ms
[2023-03-29T00:04:07.190+0000][5933][gc,phases   ] GC(15)   Evacuate Collection Set: 103.1ms
[2023-03-29T00:04:07.190+0000][5933][gc,phases   ] GC(15)   Post Evacuate Collection Set: 5.3ms
[2023-03-29T00:04:07.190+0000][5933][gc,phases   ] GC(15)   Other: 0.3ms
[2023-03-29T00:04:07.190+0000][5933][gc,heap     ] GC(15) Eden regions: 41->0(29)
[2023-03-29T00:04:07.190+0000][5933][gc,heap     ] GC(15) Survivor regions: 4->6(9)
[2023-03-29T00:04:07.190+0000][5933][gc,heap     ] GC(15) Old regions: 12->12
[2023-03-29T00:04:07.190+0000][5933][gc,heap     ] GC(15) Archive regions: 2->2
[2023-03-29T00:04:07.190+0000][5933][gc,heap     ] GC(15) Humongous regions: 0->0
[2023-03-29T00:04:07.190+0000][5933][gc,metaspace] GC(15) Metaspace: 86902K(88256K)->86902K(88256K) NonClass: 74841K(75648K)->74841K(75648K) Class: 12061K(12608K)->12061K(12608K)
[2023-03-29T00:04:07.190+0000][5933][gc          ] GC(15) Pause Young (Concurrent Start) (Metadata GC Threshold) 226M->70M(1964M) 108.998ms
[2023-03-29T00:04:07.190+0000][5933][gc,cpu      ] GC(15) User=0.10s Sys=0.00s Real=0.11s
[2023-03-29T00:04:07.191+0000][5933][safepoint   ] Safepoint "CollectForMetadataAllocation", Time since last: 674175398 ns, Reaching safepoint: 251028 ns, At safepoint: 109197399 ns, Total: 109448427 ns
[2023-03-29T00:04:07.193+0000][5933][gc          ] GC(16) Concurrent Mark Cycle
[2023-03-29T00:04:07.193+0000][5933][gc,marking  ] GC(16) Concurrent Clear Claimed Marks
[2023-03-29T00:04:07.193+0000][5933][gc,marking  ] GC(16) Concurrent Clear Claimed Marks 0.061ms
[2023-03-29T00:04:07.193+0000][5933][gc,marking  ] GC(16) Concurrent Scan Root Regions
[2023-03-29T00:04:07.236+0000][5933][gc,marking  ] GC(16) Concurrent Scan Root Regions 42.904ms
[2023-03-29T00:04:07.236+0000][5933][gc,marking  ] GC(16) Concurrent Mark
[2023-03-29T00:04:07.236+0000][5933][gc,marking  ] GC(16) Concurrent Mark From Roots
[2023-03-29T00:04:07.236+0000][5933][gc,task     ] GC(16) Using 1 workers of 1 for marking
[2023-03-29T00:04:07.251+0000][5933][safepoint   ] Safepoint "CollectForMetadataAllocation", Time since last: 58396691 ns, Reaching safepoint: 1634593 ns, At safepoint: 119999 ns, Total: 1754592 ns
[2023-03-29T00:04:07.333+0000][5933][safepoint   ] Safepoint "CollectForMetadataAllocation", Time since last: 78236911 ns, Reaching safepoint: 4087651 ns, At safepoint: 128851 ns, Total: 4216502 ns
[2023-03-29T00:04:07.449+0000][5933][safepoint   ] Safepoint "CollectForMetadataAllocation", Time since last: 111777775 ns, Reaching safepoint: 4071787 ns, At safepoint: 119308 ns, Total: 4191095 ns
[2023-03-29T00:04:07.542+0000][5933][safepoint   ] Safepoint "CollectForMetadataAllocation", Time since last: 77686704 ns, Reaching safepoint: 15525391 ns, At safepoint: 96594 ns, Total: 15621985 ns
[2023-03-29T00:04:07.549+0000][5933][safepoint   ] Safepoint "CollectForMetadataAllocation", Time since last: 4040181 ns, Reaching safepoint: 2199794 ns, At safepoint: 22690 ns, Total: 2222484 ns
[2023-03-29T00:04:07.550+0000][5933][safepoint   ] Safepoint "CollectForMetadataAllocation", Time since last: 858523 ns, Reaching safepoint: 109727 ns, At safepoint: 13157 ns, Total: 122884 ns
[2023-03-29T00:04:07.578+0000][5933][gc,marking  ] GC(16) Concurrent Mark From Roots 341.820ms
[2023-03-29T00:04:07.578+0000][5933][gc,marking  ] GC(16) Concurrent Preclean
[2023-03-29T00:04:07.578+0000][5933][gc,marking  ] GC(16) Concurrent Preclean 0.187ms
[2023-03-29T00:04:07.578+0000][5933][gc,start    ] GC(16) Pause Remark
[2023-03-29T00:04:07.588+0000][5933][gc          ] GC(16) Pause Remark 84M->84M(1964M) 9.518ms
[2023-03-29T00:04:07.588+0000][5933][gc,cpu      ] GC(16) User=0.01s Sys=0.00s Real=0.00s
[2023-03-29T00:04:07.588+0000][5933][safepoint   ] Safepoint "G1Concurrent", Time since last: 28249603 ns, Reaching safepoint: 97376 ns, At safepoint: 9611480 ns, Total: 9708856 ns
[2023-03-29T00:04:07.591+0000][5933][gc,marking  ] GC(16) Concurrent Mark 355.568ms
[2023-03-29T00:04:07.591+0000][5933][gc,marking  ] GC(16) Concurrent Rebuild Remembered Sets
[2023-03-29T00:04:07.706+0000][5933][gc,marking  ] GC(16) Concurrent Rebuild Remembered Sets 114.339ms
[2023-03-29T00:04:07.706+0000][5933][gc,start    ] GC(16) Pause Cleanup
[2023-03-29T00:04:07.706+0000][5933][gc          ] GC(16) Pause Cleanup 85M->85M(1964M) 0.089ms
[2023-03-29T00:04:07.706+0000][5933][gc,cpu      ] GC(16) User=0.00s Sys=0.00s Real=0.00s
[2023-03-29T00:04:07.706+0000][5933][safepoint   ] Safepoint "G1Concurrent", Time since last: 118189156 ns, Reaching safepoint: 37569 ns, At safepoint: 146722 ns, Total: 184291 ns
[2023-03-29T00:04:07.706+0000][5933][gc,marking  ] GC(16) Concurrent Cleanup for Next Mark
[2023-03-29T00:04:07.710+0000][5933][gc,marking  ] GC(16) Concurrent Cleanup for Next Mark 4.098ms
[2023-03-29T00:04:07.710+0000][5933][gc          ] GC(16) Concurrent Mark Cycle 517.430ms
[2023-03-29T00:04:08.706+0000][5933][safepoint   ] Safepoint "Cleanup", Time since last: 1000142353 ns, Reaching safepoint: 54731 ns, At safepoint: 9698 ns, Total: 64429 ns
[2023-03-29T00:04:09.706+0000][5933][safepoint   ] Safepoint "Cleanup", Time since last: 1000182886 ns, Reaching safepoint: 51543 ns, At safepoint: 6823 ns, Total: 58366 ns
[2023-03-29T00:04:10.708+0000][5933][safepoint   ] Safepoint "Cleanup", Time since last: 1001099931 ns, Reaching safepoint: 144294 ns, At safepoint: 8542 ns, Total: 152836 ns
[2023-03-29T00:04:12.033+0000][5933][safepoint   ] Safepoint "Cleanup", Time since last: 1325248006 ns, Reaching safepoint: 196869 ns, At safepoint: 10464 ns, Total: 207333 ns
[2023-03-29T00:04:13.348+0000][5933][safepoint   ] Safepoint "Cleanup", Time since last: 1315003518 ns, Reaching safepoint: 204649 ns, At safepoint: 11114 ns, Total: 215763 ns
[2023-03-29T00:04:14.096+0000][5933][safepoint   ] Safepoint "ICBufferFull", Time since last: 747676797 ns, Reaching safepoint: 228713 ns, At safepoint: 10950 ns, Total: 239663 ns
[2023-03-29T00:04:15.115+0000][5933][safepoint   ] Safepoint "Cleanup", Time since last: 1018616392 ns, Reaching safepoint: 198189 ns, At safepoint: 9983 ns, Total: 208172 ns
[2023-03-29T00:04:16.119+0000][5933][safepoint   ] Safepoint "Cleanup", Time since last: 1003642786 ns, Reaching safepoint: 211715 ns, At safepoint: 11806 ns, Total: 223521 ns
[2023-03-29T00:04:16.799+0000][5933][gc,start    ] GC(17) Pause Young (Concurrent Start) (G1 Evacuation Pause)
[2023-03-29T00:04:16.799+0000][5933][gc,task     ] GC(17) Using 1 workers of 1 for evacuation
[2023-03-29T00:04:16.799+0000][5933][gc,age      ] GC(17) Desired survivor size 10485760 bytes, new threshold 2 (max threshold 15)
[2023-03-29T00:04:16.978+0000][5933][gc,age      ] GC(17) Age table with threshold 2 (max threshold 15)
[2023-03-29T00:04:16.978+0000][5933][gc,age      ] GC(17) - age   1:    4787232 bytes,    4787232 total
[2023-03-29T00:04:16.978+0000][5933][gc,age      ] GC(17) - age   2:    8557544 bytes,   13344776 total
[2023-03-29T00:04:16.978+0000][5933][gc,phases   ] GC(17)   Pre Evacuate Collection Set: 0.2ms
[2023-03-29T00:04:16.978+0000][5933][gc,phases   ] GC(17)   Merge Heap Roots: 0.1ms
[2023-03-29T00:04:16.978+0000][5933][gc,phases   ] GC(17)   Evacuate Collection Set: 176.2ms
[2023-03-29T00:04:16.978+0000][5933][gc,phases   ] GC(17)   Post Evacuate Collection Set: 1.7ms
[2023-03-29T00:04:16.978+0000][5933][gc,phases   ] GC(17)   Other: 0.3ms
[2023-03-29T00:04:16.978+0000][5933][gc,heap     ] GC(17) Eden regions: 33->0(59)
[2023-03-29T00:04:16.978+0000][5933][gc,heap     ] GC(17) Survivor regions: 6->4(5)
[2023-03-29T00:04:16.978+0000][5933][gc,heap     ] GC(17) Old regions: 12->15
[2023-03-29T00:04:16.978+0000][5933][gc,heap     ] GC(17) Archive regions: 2->2
[2023-03-29T00:04:16.978+0000][5933][gc,heap     ] GC(17) Humongous regions: 2->2
[2023-03-29T00:04:16.978+0000][5933][gc,metaspace] GC(17) Metaspace: 95872K(97344K)->95872K(97344K) NonClass: 82423K(83328K)->82423K(83328K) Class: 13448K(14016K)->13448K(14016K)
[2023-03-29T00:04:16.978+0000][5933][gc          ] GC(17) Pause Young (Concurrent Start) (G1 Evacuation Pause) 210M->82M(1964M) 178.563ms
[2023-03-29T00:04:16.978+0000][5933][gc,cpu      ] GC(17) User=0.10s Sys=0.00s Real=0.18s
[2023-03-29T00:04:16.978+0000][5933][safepoint   ] Safepoint "G1CollectForAllocation", Time since last: 680312888 ns, Reaching safepoint: 61609 ns, At safepoint: 178669478 ns, Total: 178731087 ns
[2023-03-29T00:04:16.978+0000][5933][gc          ] GC(18) Concurrent Mark Cycle
[2023-03-29T00:04:16.978+0000][5933][gc,marking  ] GC(18) Concurrent Clear Claimed Marks
[2023-03-29T00:04:16.978+0000][5933][gc,marking  ] GC(18) Concurrent Clear Claimed Marks 0.062ms
[2023-03-29T00:04:16.978+0000][5933][gc,marking  ] GC(18) Concurrent Scan Root Regions
[2023-03-29T00:04:17.076+0000][5933][gc,marking  ] GC(18) Concurrent Scan Root Regions 98.088ms
[2023-03-29T00:04:17.076+0000][5933][gc,marking  ] GC(18) Concurrent Mark
[2023-03-29T00:04:17.076+0000][5933][gc,marking  ] GC(18) Concurrent Mark From Roots
[2023-03-29T00:04:17.076+0000][5933][gc,task     ] GC(18) Using 1 workers of 1 for marking
[2023-03-29T00:04:17.485+0000][5933][gc,marking  ] GC(18) Concurrent Mark From Roots 408.915ms
[2023-03-29T00:04:17.485+0000][5933][gc,marking  ] GC(18) Concurrent Preclean
[2023-03-29T00:04:17.485+0000][5933][gc,marking  ] GC(18) Concurrent Preclean 0.155ms
[2023-03-29T00:04:17.490+0000][5933][gc,start    ] GC(18) Pause Remark
[2023-03-29T00:04:17.529+0000][5933][gc          ] GC(18) Pause Remark 103M->103M(1964M) 39.562ms
[2023-03-29T00:04:17.529+0000][5933][gc,cpu      ] GC(18) User=0.02s Sys=0.00s Real=0.04s
[2023-03-29T00:04:17.529+0000][5933][safepoint   ] Safepoint "G1Concurrent", Time since last: 507428410 ns, Reaching safepoint: 4108484 ns, At safepoint: 39661694 ns, Total: 43770178 ns
[2023-03-29T00:04:17.534+0000][5933][gc,marking  ] GC(18) Concurrent Mark 457.987ms
[2023-03-29T00:04:17.534+0000][5933][gc,marking  ] GC(18) Concurrent Rebuild Remembered Sets
[2023-03-29T00:04:17.773+0000][5933][gc,marking  ] GC(18) Concurrent Rebuild Remembered Sets 239.091ms
[2023-03-29T00:04:17.777+0000][5933][gc,start    ] GC(18) Pause Cleanup
[2023-03-29T00:04:17.777+0000][5933][gc          ] GC(18) Pause Cleanup 111M->111M(1964M) 0.095ms
[2023-03-29T00:04:17.777+0000][5933][gc,cpu      ] GC(18) User=0.00s Sys=0.00s Real=0.00s
[2023-03-29T00:04:17.777+0000][5933][safepoint   ] Safepoint "G1Concurrent", Time since last: 247817699 ns, Reaching safepoint: 45785 ns, At safepoint: 154558 ns, Total: 200343 ns
[2023-03-29T00:04:17.777+0000][5933][gc,marking  ] GC(18) Concurrent Cleanup for Next Mark
[2023-03-29T00:04:17.787+0000][5933][gc,marking  ] GC(18) Concurrent Cleanup for Next Mark 9.889ms
[2023-03-29T00:04:17.787+0000][5933][gc          ] GC(18) Concurrent Mark Cycle 809.154ms
[2023-03-29T00:04:18.777+0000][5933][safepoint   ] Safepoint "Cleanup", Time since last: 1000098273 ns, Reaching safepoint: 98267 ns, At safepoint: 8134 ns, Total: 106401 ns
[2023-03-29T00:04:19.778+0000][5933][safepoint   ] Safepoint "Cleanup", Time since last: 1000347318 ns, Reaching safepoint: 148170 ns, At safepoint: 9229 ns, Total: 157399 ns
[2023-03-29T00:04:21.209+0000][5933][safepoint   ] Safepoint "Cleanup", Time since last: 1431055561 ns, Reaching safepoint: 88572 ns, At safepoint: 6795 ns, Total: 95367 ns
[2023-03-29T00:04:22.223+0000][5933][safepoint   ] Safepoint "Cleanup", Time since last: 1013823460 ns, Reaching safepoint: 64747 ns, At safepoint: 7210 ns, Total: 71957 ns
[2023-03-29T00:04:23.225+0000][5933][safepoint   ] Safepoint "Cleanup", Time since last: 1001515092 ns, Reaching safepoint: 81049 ns, At safepoint: 7221 ns, Total: 88270 ns
[2023-03-29T00:04:24.317+0000][5933][safepoint   ] Safepoint "Cleanup", Time since last: 1092655443 ns, Reaching safepoint: 197534 ns, At safepoint: 11960 ns, Total: 209494 ns
[2023-03-29T00:04:25.334+0000][5933][safepoint   ] Safepoint "Cleanup", Time since last: 1015475512 ns, Reaching safepoint: 916007 ns, At safepoint: 11564 ns, Total: 927571 ns
[2023-03-29T00:04:27.065+0000][5933][safepoint   ] Safepoint "Cleanup", Time since last: 1731444764 ns, Reaching safepoint: 134199 ns, At safepoint: 8602 ns, Total: 142801 ns
[2023-03-29T00:04:28.760+0000][5933][safepoint   ] Safepoint "Cleanup", Time since last: 1694175012 ns, Reaching safepoint: 189691 ns, At safepoint: 10871 ns, Total: 200562 ns
[2023-03-29T00:04:29.378+0000][5933][gc,start    ] GC(19) Pause Young (Normal) (G1 Evacuation Pause)
[2023-03-29T00:04:29.378+0000][5933][gc,task     ] GC(19) Using 1 workers of 1 for evacuation
[2023-03-29T00:04:29.378+0000][5933][gc,age      ] GC(19) Desired survivor size 16777216 bytes, new threshold 15 (max threshold 15)
[2023-03-29T00:04:29.499+0000][5933][gc,age      ] GC(19) Age table with threshold 15 (max threshold 15)
[2023-03-29T00:04:29.499+0000][5933][gc,age      ] GC(19) - age   1:    7923200 bytes,    7923200 total
[2023-03-29T00:04:29.499+0000][5933][gc,age      ] GC(19) - age   2:    4539864 bytes,   12463064 total
[2023-03-29T00:04:29.499+0000][5933][gc,age      ] GC(19) - age   3:    8451136 bytes,   20914200 total
[2023-03-29T00:04:29.499+0000][5933][gc,phases   ] GC(19)   Pre Evacuate Collection Set: 0.1ms
[2023-03-29T00:04:29.499+0000][5933][gc,phases   ] GC(19)   Merge Heap Roots: 6.1ms
[2023-03-29T00:04:29.499+0000][5933][gc,phases   ] GC(19)   Evacuate Collection Set: 113.0ms
[2023-03-29T00:04:29.499+0000][5933][gc,phases   ] GC(19)   Post Evacuate Collection Set: 1.6ms
[2023-03-29T00:04:29.499+0000][5933][gc,phases   ] GC(19)   Other: 0.2ms
[2023-03-29T00:04:29.499+0000][5933][gc,heap     ] GC(19) Eden regions: 59->0(39)
[2023-03-29T00:04:29.499+0000][5933][gc,heap     ] GC(19) Survivor regions: 4->6(8)
[2023-03-29T00:04:29.499+0000][5933][gc,heap     ] GC(19) Old regions: 15->15
[2023-03-29T00:04:29.499+0000][5933][gc,heap     ] GC(19) Archive regions: 2->2
[2023-03-29T00:04:29.499+0000][5933][gc,heap     ] GC(19) Humongous regions: 2->2
[2023-03-29T00:04:29.499+0000][5933][gc,metaspace] GC(19) Metaspace: 103695K(105152K)->103695K(105152K) NonClass: 89210K(90048K)->89210K(90048K) Class: 14485K(15104K)->14485K(15104K)
[2023-03-29T00:04:29.499+0000][5933][gc          ] GC(19) Pause Young (Normal) (G1 Evacuation Pause) 318M->90M(1964M) 121.187ms
[2023-03-29T00:04:29.499+0000][5933][gc,cpu      ] GC(19) User=0.08s Sys=0.02s Real=0.12s
[2023-03-29T00:04:29.499+0000][5933][safepoint   ] Safepoint "G1CollectForAllocation", Time since last: 617891864 ns, Reaching safepoint: 50707 ns, At safepoint: 121353349 ns, Total: 121404056 ns
[2023-03-29T00:04:30.503+0000][5933][safepoint   ] Safepoint "Cleanup", Time since last: 1001800965 ns, Reaching safepoint: 1640629 ns, At safepoint: 11432 ns, Total: 1652061 ns
[2023-03-29T00:04:32.505+0000][5933][safepoint   ] Safepoint "Cleanup", Time since last: 2002347322 ns, Reaching safepoint: 199017 ns, At safepoint: 15648 ns, Total: 214665 ns
[2023-03-29T00:04:33.509+0000][5933][safepoint   ] Safepoint "Cleanup", Time since last: 1003790461 ns, Reaching safepoint: 175787 ns, At safepoint: 13917 ns, Total: 189704 ns
[2023-03-29T00:04:34.509+0000][5933][safepoint   ] Safepoint "Cleanup", Time since last: 1000135041 ns, Reaching safepoint: 68218 ns, At safepoint: 8161 ns, Total: 76379 ns
[2023-03-29T00:04:35.510+0000][5933][safepoint   ] Safepoint "Cleanup", Time since last: 1000125471 ns, Reaching safepoint: 58760 ns, At safepoint: 7326 ns, Total: 66086 ns
[2023-03-29T00:04:36.510+0000][5933][safepoint   ] Safepoint "Cleanup", Time since last: 1000182281 ns, Reaching safepoint: 92367 ns, At safepoint: 7593 ns, Total: 99960 ns
[2023-03-29T00:04:37.510+0000][5933][safepoint   ] Safepoint "Cleanup", Time since last: 1000158236 ns, Reaching safepoint: 127558 ns, At safepoint: 9942 ns, Total: 137500 ns
[2023-03-29T00:04:38.516+0000][5933][safepoint   ] Safepoint "Cleanup", Time since last: 1000108906 ns, Reaching safepoint: 6187635 ns, At safepoint: 14294 ns, Total: 6201929 ns
[2023-03-29T00:04:39.517+0000][5933][safepoint   ] Safepoint "Cleanup", Time since last: 1000665079 ns, Reaching safepoint: 143894 ns, At safepoint: 9869 ns, Total: 153763 ns
[2023-03-29T00:04:39.685+0000][5933][gc,start    ] GC(20) Pause Young (Normal) (G1 Evacuation Pause)
[2023-03-29T00:04:39.685+0000][5933][gc,task     ] GC(20) Using 1 workers of 1 for evacuation
[2023-03-29T00:04:39.685+0000][5933][gc,age      ] GC(20) Desired survivor size 12582912 bytes, new threshold 3 (max threshold 15)
[2023-03-29T00:04:39.775+0000][5933][gc,age      ] GC(20) Age table with threshold 3 (max threshold 15)
[2023-03-29T00:04:39.775+0000][5933][gc,age      ] GC(20) - age   1:    4197600 bytes,    4197600 total
[2023-03-29T00:04:39.775+0000][5933][gc,age      ] GC(20) - age   2:    6173840 bytes,   10371440 total
[2023-03-29T00:04:39.775+0000][5933][gc,age      ] GC(20) - age   3:    4423912 bytes,   14795352 total
[2023-03-29T00:04:39.775+0000][5933][gc,phases   ] GC(20)   Pre Evacuate Collection Set: 0.1ms
[2023-03-29T00:04:39.775+0000][5933][gc,phases   ] GC(20)   Merge Heap Roots: 0.1ms
[2023-03-29T00:04:39.775+0000][5933][gc,phases   ] GC(20)   Evacuate Collection Set: 87.2ms
[2023-03-29T00:04:39.775+0000][5933][gc,phases   ] GC(20)   Post Evacuate Collection Set: 1.6ms
[2023-03-29T00:04:39.775+0000][5933][gc,phases   ] GC(20)   Other: 0.2ms
[2023-03-29T00:04:39.775+0000][5933][gc,heap     ] GC(20) Eden regions: 39->0(165)
[2023-03-29T00:04:39.775+0000][5933][gc,heap     ] GC(20) Survivor regions: 6->4(6)
[2023-03-29T00:04:39.775+0000][5933][gc,heap     ] GC(20) Old regions: 15->17
[2023-03-29T00:04:39.775+0000][5933][gc,heap     ] GC(20) Archive regions: 2->2
[2023-03-29T00:04:39.775+0000][5933][gc,heap     ] GC(20) Humongous regions: 2->2
[2023-03-29T00:04:39.775+0000][5933][gc,metaspace] GC(20) Metaspace: 106144K(107648K)->106144K(107648K) NonClass: 91272K(92160K)->91272K(92160K) Class: 14872K(15488K)->14872K(15488K)
[2023-03-29T00:04:39.775+0000][5933][gc          ] GC(20) Pause Young (Normal) (G1 Evacuation Pause) 246M->92M(1964M) 89.425ms
[2023-03-29T00:04:39.775+0000][5933][gc,cpu      ] GC(20) User=0.04s Sys=0.00s Real=0.09s
[2023-03-29T00:04:39.775+0000][5933][safepoint   ] Safepoint "G1CollectForAllocation", Time since last: 167991694 ns, Reaching safepoint: 131097 ns, At safepoint: 89528185 ns, Total: 89659282 ns
[2023-03-29T00:04:41.135+0000][5933][safepoint   ] Safepoint "Cleanup", Time since last: 1357521891 ns, Reaching safepoint: 2237299 ns, At safepoint: 10551 ns, Total: 2247850 ns
[2023-03-29T00:04:42.229+0000][5933][safepoint   ] Safepoint "Cleanup", Time since last: 1094207917 ns, Reaching safepoint: 128956 ns, At safepoint: 9444 ns, Total: 138400 ns
[2023-03-29T00:04:43.308+0000][5933][safepoint   ] Safepoint "Cleanup", Time since last: 1078729448 ns, Reaching safepoint: 541056 ns, At safepoint: 11329 ns, Total: 552385 ns
[2023-03-29T00:04:44.308+0000][5933][safepoint   ] Safepoint "Cleanup", Time since last: 1000124367 ns, Reaching safepoint: 52780 ns, At safepoint: 7638 ns, Total: 60418 ns
[2023-03-29T00:04:45.309+0000][5933][safepoint   ] Safepoint "Cleanup", Time since last: 1000411300 ns, Reaching safepoint: 222364 ns, At safepoint: 10315 ns, Total: 232679 ns
[2023-03-29T00:04:46.309+0000][5933][safepoint   ] Safepoint "Cleanup", Time since last: 1000119088 ns, Reaching safepoint: 51942 ns, At safepoint: 7383 ns, Total: 59325 ns
[2023-03-29T00:04:47.317+0000][5933][safepoint   ] Safepoint "Cleanup", Time since last: 1007637994 ns, Reaching safepoint: 95138 ns, At safepoint: 8495 ns, Total: 103633 ns
[2023-03-29T00:04:48.317+0000][5933][safepoint   ] Safepoint "Cleanup", Time since last: 1000118458 ns, Reaching safepoint: 51999 ns, At safepoint: 7431 ns, Total: 59430 ns
[2023-03-29T00:04:49.318+0000][5933][safepoint   ] Safepoint "Cleanup", Time since last: 1000124517 ns, Reaching safepoint: 226883 ns, At safepoint: 11261 ns, Total: 238144 ns
[2023-03-29T00:04:50.319+0000][5933][safepoint   ] Safepoint "Cleanup", Time since last: 1001120116 ns, Reaching safepoint: 90214 ns, At safepoint: 8481 ns, Total: 98695 ns
[2023-03-29T00:04:51.323+0000][5933][safepoint   ] Safepoint "Cleanup", Time since last: 1001909909 ns, Reaching safepoint: 2749070 ns, At safepoint: 13620 ns, Total: 2762690 ns
[2023-03-29T00:04:52.327+0000][5933][safepoint   ] Safepoint "Cleanup", Time since last: 1003050496 ns, Reaching safepoint: 234043 ns, At safepoint: 11295 ns, Total: 245338 ns
[2023-03-29T00:04:53.334+0000][5933][safepoint   ] Safepoint "Cleanup", Time since last: 1003567445 ns, Reaching safepoint: 4090846 ns, At safepoint: 14385 ns, Total: 4105231 ns
[2023-03-29T00:04:54.341+0000][5933][safepoint   ] Safepoint "Cleanup", Time since last: 1002494773 ns, Reaching safepoint: 4030421 ns, At safepoint: 10820 ns, Total: 4041241 ns
[2023-03-29T00:04:55.341+0000][5933][safepoint   ] Safepoint "Cleanup", Time since last: 1000117473 ns, Reaching safepoint: 60572 ns, At safepoint: 7332 ns, Total: 67904 ns
[2023-03-29T00:04:56.346+0000][5933][safepoint   ] Safepoint "Cleanup", Time since last: 1004492091 ns, Reaching safepoint: 495286 ns, At safepoint: 11660 ns, Total: 506946 ns
[2023-03-29T00:04:57.349+0000][5933][safepoint   ] Safepoint "Cleanup", Time since last: 1002709162 ns, Reaching safepoint: 521686 ns, At safepoint: 9900 ns, Total: 531586 ns
[2023-03-29T00:04:58.350+0000][5933][safepoint   ] Safepoint "Cleanup", Time since last: 1000122953 ns, Reaching safepoint: 52350 ns, At safepoint: 7176 ns, Total: 59526 ns
[2023-03-29T00:04:59.352+0000][5933][safepoint   ] Safepoint "Cleanup", Time since last: 1002581789 ns, Reaching safepoint: 175472 ns, At safepoint: 11706 ns, Total: 187178 ns
[2023-03-29T00:05:00.361+0000][5933][safepoint   ] Safepoint "Cleanup", Time since last: 1004576795 ns, Reaching safepoint: 4290794 ns, At safepoint: 13700 ns, Total: 4304494 ns
[2023-03-29T00:05:01.363+0000][5933][safepoint   ] Safepoint "Cleanup", Time since last: 1001138970 ns, Reaching safepoint: 143405 ns, At safepoint: 10221 ns, Total: 153626 ns
[2023-03-29T00:05:02.364+0000][5933][safepoint   ] Safepoint "Cleanup", Time since last: 1001066555 ns, Reaching safepoint: 135345 ns, At safepoint: 12433 ns, Total: 147778 ns
[2023-03-29T00:05:03.372+0000][5933][safepoint   ] Safepoint "Cleanup", Time since last: 1008622902 ns, Reaching safepoint: 80975 ns, At safepoint: 10902 ns, Total: 91877 ns
[2023-03-29T00:05:05.378+0000][5933][safepoint   ] Safepoint "Cleanup", Time since last: 2004409418 ns, Reaching safepoint: 667049 ns, At safepoint: 9274 ns, Total: 676323 ns
[2023-03-29T00:05:06.378+0000][5933][safepoint   ] Safepoint "Cleanup", Time since last: 1000117914 ns, Reaching safepoint: 61883 ns, At safepoint: 6587 ns, Total: 68470 ns
[2023-03-29T00:05:07.378+0000][5933][safepoint   ] Safepoint "Cleanup", Time since last: 1000113869 ns, Reaching safepoint: 44859 ns, At safepoint: 7110 ns, Total: 51969 ns
[2023-03-29T00:05:09.378+0000][5933][safepoint   ] Safepoint "Cleanup", Time since last: 2000282117 ns, Reaching safepoint: 44888 ns, At safepoint: 6867 ns, Total: 51755 ns
[2023-03-29T00:05:10.378+0000][5933][safepoint   ] Safepoint "Cleanup", Time since last: 1000119113 ns, Reaching safepoint: 46161 ns, At safepoint: 7416 ns, Total: 53577 ns
[2023-03-29T00:05:11.379+0000][5933][safepoint   ] Safepoint "Cleanup", Time since last: 1000144700 ns, Reaching safepoint: 44421 ns, At safepoint: 6934 ns, Total: 51355 ns
[2023-03-29T00:05:15.379+0000][5933][safepoint   ] Safepoint "Cleanup", Time since last: 4000363327 ns, Reaching safepoint: 44896 ns, At safepoint: 6850 ns, Total: 51746 ns
[2023-03-29T00:05:17.379+0000][5933][safepoint   ] Safepoint "Cleanup", Time since last: 2000228304 ns, Reaching safepoint: 70262 ns, At safepoint: 6848 ns, Total: 77110 ns
[2023-03-29T00:05:18.381+0000][5933][safepoint   ] Safepoint "Cleanup", Time since last: 1001494620 ns, Reaching safepoint: 215361 ns, At safepoint: 9257 ns, Total: 224618 ns
[2023-03-29T00:05:20.168+0000][5933][safepoint   ] Safepoint "Cleanup", Time since last: 1786545134 ns, Reaching safepoint: 403416 ns, At safepoint: 10390 ns, Total: 413806 ns
[2023-03-29T00:05:21.170+0000][5933][safepoint   ] Safepoint "Cleanup", Time since last: 1000957065 ns, Reaching safepoint: 944045 ns, At safepoint: 11098 ns, Total: 955143 ns
[2023-03-29T00:05:22.170+0000][5933][safepoint   ] Safepoint "Cleanup", Time since last: 1000154682 ns, Reaching safepoint: 81336 ns, At safepoint: 8216 ns, Total: 89552 ns
[2023-03-29T00:05:24.170+0000][5933][safepoint   ] Safepoint "Cleanup", Time since last: 2000233640 ns, Reaching safepoint: 77714 ns, At safepoint: 7436 ns, Total: 85150 ns
[2023-03-29T00:05:27.171+0000][5933][safepoint   ] Safepoint "Cleanup", Time since last: 3000334787 ns, Reaching safepoint: 45603 ns, At safepoint: 6780 ns, Total: 52383 ns
[2023-03-29T00:05:28.171+0000][5933][safepoint   ] Safepoint "Cleanup", Time since last: 1000200594 ns, Reaching safepoint: 46276 ns, At safepoint: 6784 ns, Total: 53060 ns
[2023-03-29T00:05:30.171+0000][5933][safepoint   ] Safepoint "Cleanup", Time since last: 2000256308 ns, Reaching safepoint: 57212 ns, At safepoint: 8597 ns, Total: 65809 ns
[2023-03-29T00:05:31.172+0000][5933][safepoint   ] Safepoint "Cleanup", Time since last: 1000172456 ns, Reaching safepoint: 48453 ns, At safepoint: 6794 ns, Total: 55247 ns
[2023-03-29T00:05:32.173+0000][5933][safepoint   ] Safepoint "Cleanup", Time since last: 1001301164 ns, Reaching safepoint: 45655 ns, At safepoint: 6773 ns, Total: 52428 ns
[2023-03-29T00:05:35.175+0000][5933][safepoint   ] Safepoint "Cleanup", Time since last: 3002406527 ns, Reaching safepoint: 49336 ns, At safepoint: 6927 ns, Total: 56263 ns
[2023-03-29T00:05:36.176+0000][5933][safepoint   ] Safepoint "Cleanup", Time since last: 1000150420 ns, Reaching safepoint: 45305 ns, At safepoint: 6548 ns, Total: 51853 ns
[2023-03-29T00:05:37.177+0000][5933][safepoint   ] Safepoint "Cleanup", Time since last: 1001104863 ns, Reaching safepoint: 69323 ns, At safepoint: 6688 ns, Total: 76011 ns
[2023-03-29T00:05:38.177+0000][5933][safepoint   ] Safepoint "Cleanup", Time since last: 1000133446 ns, Reaching safepoint: 44354 ns, At safepoint: 6782 ns, Total: 51136 ns
[2023-03-29T00:05:39.177+0000][5933][safepoint   ] Safepoint "Cleanup", Time since last: 1000195340 ns, Reaching safepoint: 46643 ns, At safepoint: 6497 ns, Total: 53140 ns
[2023-03-29T00:05:41.178+0000][5933][safepoint   ] Safepoint "Cleanup", Time since last: 2000203977 ns, Reaching safepoint: 49098 ns, At safepoint: 7051 ns, Total: 56149 ns
[2023-03-29T00:05:46.179+0000][5933][safepoint   ] Safepoint "Cleanup", Time since last: 5001543080 ns, Reaching safepoint: 45523 ns, At safepoint: 7074 ns, Total: 52597 ns
[2023-03-29T00:05:47.179+0000][5933][safepoint   ] Safepoint "Cleanup", Time since last: 1000123936 ns, Reaching safepoint: 54568 ns, At safepoint: 7250 ns, Total: 61818 ns
[2023-03-29T00:05:48.180+0000][5933][safepoint   ] Safepoint "Cleanup", Time since last: 1000127078 ns, Reaching safepoint: 46801 ns, At safepoint: 7439 ns, Total: 54240 ns
[2023-03-29T00:05:50.180+0000][5933][safepoint   ] Safepoint "Cleanup", Time since last: 2000205609 ns, Reaching safepoint: 47428 ns, At safepoint: 7021 ns, Total: 54449 ns
[2023-03-29T00:05:51.180+0000][5933][safepoint   ] Safepoint "Cleanup", Time since last: 1000130089 ns, Reaching safepoint: 45005 ns, At safepoint: 7084 ns, Total: 52089 ns
[2023-03-29T00:05:52.180+0000][5933][safepoint   ] Safepoint "Cleanup", Time since last: 1000129392 ns, Reaching safepoint: 45759 ns, At safepoint: 7278 ns, Total: 53037 ns
[2023-03-29T00:05:54.180+0000][5933][safepoint   ] Safepoint "Cleanup", Time since last: 2000199428 ns, Reaching safepoint: 39060 ns, At safepoint: 6718 ns, Total: 45778 ns
[2023-03-29T00:05:57.181+0000][5933][safepoint   ] Safepoint "Cleanup", Time since last: 3000544023 ns, Reaching safepoint: 47774 ns, At safepoint: 6868 ns, Total: 54642 ns
[2023-03-29T00:06:07.182+0000][5933][safepoint   ] Safepoint "Cleanup", Time since last: 10000801584 ns, Reaching safepoint: 78706 ns, At safepoint: 7309 ns, Total: 86015 ns
[2023-03-29T00:06:08.182+0000][5933][safepoint   ] Safepoint "Cleanup", Time since last: 1000109405 ns, Reaching safepoint: 219092 ns, At safepoint: 8933 ns, Total: 228025 ns
[2023-03-29T00:06:09.182+0000][5933][safepoint   ] Safepoint "Cleanup", Time since last: 1000123734 ns, Reaching safepoint: 50309 ns, At safepoint: 6906 ns, Total: 57215 ns
[2023-03-29T00:06:11.183+0000][5933][safepoint   ] Safepoint "Cleanup", Time since last: 2000206023 ns, Reaching safepoint: 50096 ns, At safepoint: 7230 ns, Total: 57326 ns
[2023-03-29T00:06:12.183+0000][5933][safepoint   ] Safepoint "Cleanup", Time since last: 1000131454 ns, Reaching safepoint: 46761 ns, At safepoint: 7015 ns, Total: 53776 ns
[2023-03-29T00:06:13.183+0000][5933][safepoint   ] Safepoint "Cleanup", Time since last: 1000133472 ns, Reaching safepoint: 89612 ns, At safepoint: 6945 ns, Total: 96557 ns
[2023-03-29T00:06:14.183+0000][5933][safepoint   ] Safepoint "Cleanup", Time since last: 1000150595 ns, Reaching safepoint: 42705 ns, At safepoint: 6285 ns, Total: 48990 ns
[2023-03-29T00:06:18.184+0000][5933][safepoint   ] Safepoint "Cleanup", Time since last: 4000433848 ns, Reaching safepoint: 70601 ns, At safepoint: 6994 ns, Total: 77595 ns
[2023-03-29T00:06:19.184+0000][5933][safepoint   ] Safepoint "Cleanup", Time since last: 1000263084 ns, Reaching safepoint: 78766 ns, At safepoint: 7621 ns, Total: 86387 ns
[2023-03-29T00:06:22.185+0000][5933][safepoint   ] Safepoint "Cleanup", Time since last: 3000468327 ns, Reaching safepoint: 47940 ns, At safepoint: 6920 ns, Total: 54860 ns
[2023-03-29T00:06:24.185+0000][5933][safepoint   ] Safepoint "Cleanup", Time since last: 2000578206 ns, Reaching safepoint: 95480 ns, At safepoint: 12627 ns, Total: 108107 ns
[2023-03-29T00:06:27.186+0000][5933][safepoint   ] Safepoint "Cleanup", Time since last: 3000344250 ns, Reaching safepoint: 59658 ns, At safepoint: 7698 ns, Total: 67356 ns
[2023-03-29T00:06:29.186+0000][5933][safepoint   ] Safepoint "Cleanup", Time since last: 2000331779 ns, Reaching safepoint: 61045 ns, At safepoint: 6846 ns, Total: 67891 ns
[2023-03-29T00:06:35.187+0000][5933][safepoint   ] Safepoint "Cleanup", Time since last: 6000501288 ns, Reaching safepoint: 76521 ns, At safepoint: 6968 ns, Total: 83489 ns
[2023-03-29T00:06:37.187+0000][5933][safepoint   ] Safepoint "Cleanup", Time since last: 2000197584 ns, Reaching safepoint: 45689 ns, At safepoint: 7212 ns, Total: 52901 ns
[2023-03-29T00:06:41.188+0000][5933][safepoint   ] Safepoint "Cleanup", Time since last: 4001106390 ns, Reaching safepoint: 79250 ns, At safepoint: 7107 ns, Total: 86357 ns
[2023-03-29T00:06:42.188+0000][5933][safepoint   ] Safepoint "Cleanup", Time since last: 1000127183 ns, Reaching safepoint: 44601 ns, At safepoint: 7174 ns, Total: 51775 ns
[2023-03-29T00:06:43.190+0000][5933][safepoint   ] Safepoint "Cleanup", Time since last: 1001188555 ns, Reaching safepoint: 52463 ns, At safepoint: 6873 ns, Total: 59336 ns
[2023-03-29T00:06:45.190+0000][5933][safepoint   ] Safepoint "Cleanup", Time since last: 2000202102 ns, Reaching safepoint: 72808 ns, At safepoint: 6868 ns, Total: 79676 ns
[2023-03-29T00:06:46.199+0000][5933][safepoint   ] Safepoint "Cleanup", Time since last: 1008693287 ns, Reaching safepoint: 142612 ns, At safepoint: 10880 ns, Total: 153492 ns
[2023-03-29T00:06:47.199+0000][5933][safepoint   ] Safepoint "Cleanup", Time since last: 1000120170 ns, Reaching safepoint: 71428 ns, At safepoint: 6968 ns, Total: 78396 ns
[2023-03-29T00:06:48.199+0000][5933][safepoint   ] Safepoint "Cleanup", Time since last: 1000129289 ns, Reaching safepoint: 46616 ns, At safepoint: 6856 ns, Total: 53472 ns
[2023-03-29T00:06:51.199+0000][5933][safepoint   ] Safepoint "Cleanup", Time since last: 3000285778 ns, Reaching safepoint: 74638 ns, At safepoint: 6929 ns, Total: 81567 ns
[2023-03-29T00:06:52.200+0000][5933][safepoint   ] Safepoint "Cleanup", Time since last: 1000123695 ns, Reaching safepoint: 49530 ns, At safepoint: 7022 ns, Total: 56552 ns
[2023-03-29T00:06:53.200+0000][5933][safepoint   ] Safepoint "Cleanup", Time since last: 1000177619 ns, Reaching safepoint: 47357 ns, At safepoint: 6752 ns, Total: 54109 ns
[2023-03-29T00:06:54.200+0000][5933][safepoint   ] Safepoint "Cleanup", Time since last: 1000207419 ns, Reaching safepoint: 48354 ns, At safepoint: 6528 ns, Total: 54882 ns
[2023-03-29T00:06:57.201+0000][5933][safepoint   ] Safepoint "Cleanup", Time since last: 3000419642 ns, Reaching safepoint: 85672 ns, At safepoint: 10046 ns, Total: 95718 ns
[2023-03-29T00:06:58.201+0000][5933][safepoint   ] Safepoint "Cleanup", Time since last: 1000155134 ns, Reaching safepoint: 48999 ns, At safepoint: 9977 ns, Total: 58976 ns
[2023-03-29T00:07:06.202+0000][5933][safepoint   ] Safepoint "Cleanup", Time since last: 8000956150 ns, Reaching safepoint: 68194 ns, At safepoint: 6758 ns, Total: 74952 ns
[2023-03-29T00:07:07.202+0000][5933][safepoint   ] Safepoint "Cleanup", Time since last: 1000114566 ns, Reaching safepoint: 46650 ns, At safepoint: 7061 ns, Total: 53711 ns
[2023-03-29T00:07:11.203+0000][5933][safepoint   ] Safepoint "Cleanup", Time since last: 4000344542 ns, Reaching safepoint: 64873 ns, At safepoint: 7086 ns, Total: 71959 ns
[2023-03-29T00:07:13.203+0000][5933][safepoint   ] Safepoint "Cleanup", Time since last: 2000192757 ns, Reaching safepoint: 47943 ns, At safepoint: 7058 ns, Total: 55001 ns
[2023-03-29T00:07:19.203+0000][5933][safepoint   ] Safepoint "Cleanup", Time since last: 6000554258 ns, Reaching safepoint: 80700 ns, At safepoint: 7278 ns, Total: 87978 ns
[2023-03-29T00:07:21.204+0000][5933][safepoint   ] Safepoint "Cleanup", Time since last: 2000208729 ns, Reaching safepoint: 77060 ns, At safepoint: 7283 ns, Total: 84343 ns
[2023-03-29T00:07:25.204+0000][5933][safepoint   ] Safepoint "Cleanup", Time since last: 4000383794 ns, Reaching safepoint: 67843 ns, At safepoint: 12280 ns, Total: 80123 ns
[2023-03-29T00:07:28.205+0000][5933][safepoint   ] Safepoint "Cleanup", Time since last: 3000308670 ns, Reaching safepoint: 87828 ns, At safepoint: 11168 ns, Total: 98996 ns
[2023-03-29T00:07:29.205+0000][5933][safepoint   ] Safepoint "Cleanup", Time since last: 1000146063 ns, Reaching safepoint: 46784 ns, At safepoint: 7069 ns, Total: 53853 ns
[2023-03-29T00:07:30.205+0000][5933][safepoint   ] Safepoint "Cleanup", Time since last: 1000153176 ns, Reaching safepoint: 44686 ns, At safepoint: 7176 ns, Total: 51862 ns
[2023-03-29T00:07:37.206+0000][5933][safepoint   ] Safepoint "Cleanup", Time since last: 7000603400 ns, Reaching safepoint: 47869 ns, At safepoint: 6735 ns, Total: 54604 ns
[2023-03-29T00:07:40.206+0000][5933][safepoint   ] Safepoint "Cleanup", Time since last: 3000278172 ns, Reaching safepoint: 59519 ns, At safepoint: 7262 ns, Total: 66781 ns
[2023-03-29T00:07:41.206+0000][5933][safepoint   ] Safepoint "Cleanup", Time since last: 1000131440 ns, Reaching safepoint: 126197 ns, At safepoint: 8272 ns, Total: 134469 ns
[2023-03-29T00:07:44.207+0000][5933][safepoint   ] Safepoint "Cleanup", Time since last: 3000302879 ns, Reaching safepoint: 45667 ns, At safepoint: 7025 ns, Total: 52692 ns
[2023-03-29T00:07:46.207+0000][5933][safepoint   ] Safepoint "Cleanup", Time since last: 2000216605 ns, Reaching safepoint: 68045 ns, At safepoint: 7092 ns, Total: 75137 ns
[2023-03-29T00:07:47.207+0000][5933][safepoint   ] Safepoint "Cleanup", Time since last: 1000122653 ns, Reaching safepoint: 45457 ns, At safepoint: 7101 ns, Total: 52558 ns
[2023-03-29T00:07:48.207+0000][5933][safepoint   ] Safepoint "Cleanup", Time since last: 1000123412 ns, Reaching safepoint: 66520 ns, At safepoint: 7221 ns, Total: 73741 ns
[2023-03-29T00:07:51.208+0000][5933][safepoint   ] Safepoint "Cleanup", Time since last: 3000406651 ns, Reaching safepoint: 58555 ns, At safepoint: 7306 ns, Total: 65861 ns
[2023-03-29T00:07:52.208+0000][5933][safepoint   ] Safepoint "Cleanup", Time since last: 1000171390 ns, Reaching safepoint: 46182 ns, At safepoint: 7078 ns, Total: 53260 ns
[2023-03-29T00:07:56.208+0000][5933][safepoint   ] Safepoint "Cleanup", Time since last: 4000400634 ns, Reaching safepoint: 54017 ns, At safepoint: 6951 ns, Total: 60968 ns
[2023-03-29T00:07:58.209+0000][5933][safepoint   ] Safepoint "Cleanup", Time since last: 2000226316 ns, Reaching safepoint: 61407 ns, At safepoint: 9162 ns, Total: 70569 ns
[2023-03-29T00:07:59.209+0000][5933][safepoint   ] Safepoint "Cleanup", Time since last: 1000171577 ns, Reaching safepoint: 65941 ns, At safepoint: 9031 ns, Total: 74972 ns
[2023-03-29T00:08:01.209+0000][5933][safepoint   ] Safepoint "Cleanup", Time since last: 2000239733 ns, Reaching safepoint: 64144 ns, At safepoint: 9837 ns, Total: 73981 ns
[2023-03-29T00:08:02.209+0000][5933][safepoint   ] Safepoint "Cleanup", Time since last: 1000137637 ns, Reaching safepoint: 50548 ns, At safepoint: 7349 ns, Total: 57897 ns
[2023-03-29T00:08:04.210+0000][5933][safepoint   ] Safepoint "Cleanup", Time since last: 2000299640 ns, Reaching safepoint: 91323 ns, At safepoint: 10380 ns, Total: 101703 ns
[2023-03-29T00:08:06.210+0000][5933][safepoint   ] Safepoint "Cleanup", Time since last: 2000291992 ns, Reaching safepoint: 52670 ns, At safepoint: 7413 ns, Total: 60083 ns
[2023-03-29T00:08:10.211+0000][5933][safepoint   ] Safepoint "Cleanup", Time since last: 4000473898 ns, Reaching safepoint: 44161 ns, At safepoint: 6827 ns, Total: 50988 ns
[2023-03-29T00:08:11.211+0000][5933][safepoint   ] Safepoint "Cleanup", Time since last: 1000128685 ns, Reaching safepoint: 103798 ns, At safepoint: 7928 ns, Total: 111726 ns
[2023-03-29T00:08:12.211+0000][5933][safepoint   ] Safepoint "Cleanup", Time since last: 1000138577 ns, Reaching safepoint: 55616 ns, At safepoint: 10010 ns, Total: 65626 ns
[2023-03-29T00:08:13.211+0000][5933][safepoint   ] Safepoint "Cleanup", Time since last: 1000127016 ns, Reaching safepoint: 44729 ns, At safepoint: 6760 ns, Total: 51489 ns
[2023-03-29T00:08:14.212+0000][5933][safepoint   ] Safepoint "Cleanup", Time since last: 1000194455 ns, Reaching safepoint: 47186 ns, At safepoint: 7263 ns, Total: 54449 ns
[2023-03-29T00:08:15.212+0000][5933][safepoint   ] Safepoint "Cleanup", Time since last: 1000146422 ns, Reaching safepoint: 55099 ns, At safepoint: 8607 ns, Total: 63706 ns
[2023-03-29T00:08:19.212+0000][5933][safepoint   ] Safepoint "Cleanup", Time since last: 4000454732 ns, Reaching safepoint: 43169 ns, At safepoint: 6705 ns, Total: 49874 ns
[2023-03-29T00:08:20.394+0000][5933][safepoint   ] Safepoint "Cleanup", Time since last: 1181782602 ns, Reaching safepoint: 210708 ns, At safepoint: 10100 ns, Total: 220808 ns
[2023-03-29T00:08:21.395+0000][5933][safepoint   ] Safepoint "Cleanup", Time since last: 1000188796 ns, Reaching safepoint: 123986 ns, At safepoint: 7508 ns, Total: 131494 ns
[2023-03-29T00:08:22.395+0000][5933][safepoint   ] Safepoint "Cleanup", Time since last: 1000176721 ns, Reaching safepoint: 84698 ns, At safepoint: 13220 ns, Total: 97918 ns
[2023-03-29T00:08:23.395+0000][5933][safepoint   ] Safepoint "Cleanup", Time since last: 1000170889 ns, Reaching safepoint: 45314 ns, At safepoint: 6861 ns, Total: 52175 ns
[2023-03-29T00:08:27.396+0000][5933][safepoint   ] Safepoint "Cleanup", Time since last: 4000440582 ns, Reaching safepoint: 49769 ns, At safepoint: 6969 ns, Total: 56738 ns
[2023-03-29T00:08:28.396+0000][5933][safepoint   ] Safepoint "Cleanup", Time since last: 1000168448 ns, Reaching safepoint: 49422 ns, At safepoint: 7115 ns, Total: 56537 ns
[2023-03-29T00:08:29.396+0000][5933][safepoint   ] Safepoint "Cleanup", Time since last: 1000136763 ns, Reaching safepoint: 74917 ns, At safepoint: 13123 ns, Total: 88040 ns
[2023-03-29T00:08:30.396+0000][5933][safepoint   ] Safepoint "Cleanup", Time since last: 1000127453 ns, Reaching safepoint: 64017 ns, At safepoint: 8905 ns, Total: 72922 ns
[2023-03-29T00:08:32.397+0000][5933][safepoint   ] Safepoint "Cleanup", Time since last: 2000224450 ns, Reaching safepoint: 45475 ns, At safepoint: 6912 ns, Total: 52387 ns
[2023-03-29T00:08:33.397+0000][5933][safepoint   ] Safepoint "Cleanup", Time since last: 1000172122 ns, Reaching safepoint: 78527 ns, At safepoint: 9888 ns, Total: 88415 ns
[2023-03-29T00:08:34.397+0000][5933][safepoint   ] Safepoint "Cleanup", Time since last: 1000158135 ns, Reaching safepoint: 46297 ns, At safepoint: 7006 ns, Total: 53303 ns
[2023-03-29T00:08:39.398+0000][5933][safepoint   ] Safepoint "Cleanup", Time since last: 5000637080 ns, Reaching safepoint: 50274 ns, At safepoint: 7187 ns, Total: 57461 ns
[2023-03-29T00:08:40.398+0000][5933][safepoint   ] Safepoint "Cleanup", Time since last: 1000127550 ns, Reaching safepoint: 143208 ns, At safepoint: 13002 ns, Total: 156210 ns
[2023-03-29T00:08:41.398+0000][5933][safepoint   ] Safepoint "Cleanup", Time since last: 1000164568 ns, Reaching safepoint: 71220 ns, At safepoint: 8658 ns, Total: 79878 ns
[2023-03-29T00:08:42.398+0000][5933][safepoint   ] Safepoint "Cleanup", Time since last: 1000130704 ns, Reaching safepoint: 55621 ns, At safepoint: 8257 ns, Total: 63878 ns
[2023-03-29T00:08:43.399+0000][5933][safepoint   ] Safepoint "Cleanup", Time since last: 1000178721 ns, Reaching safepoint: 84384 ns, At safepoint: 9801 ns, Total: 94185 ns
[2023-03-29T00:08:44.399+0000][5933][safepoint   ] Safepoint "Cleanup", Time since last: 1000165306 ns, Reaching safepoint: 82522 ns, At safepoint: 8380 ns, Total: 90902 ns
[2023-03-29T00:08:45.399+0000][5933][safepoint   ] Safepoint "Cleanup", Time since last: 1000152131 ns, Reaching safepoint: 49844 ns, At safepoint: 7138 ns, Total: 56982 ns
[2023-03-29T00:08:46.399+0000][5933][safepoint   ] Safepoint "Cleanup", Time since last: 1000187496 ns, Reaching safepoint: 59528 ns, At safepoint: 9911 ns, Total: 69439 ns
[2023-03-29T00:08:48.400+0000][5933][safepoint   ] Safepoint "Cleanup", Time since last: 2000358096 ns, Reaching safepoint: 47765 ns, At safepoint: 6895 ns, Total: 54660 ns
[2023-03-29T00:08:50.400+0000][5933][safepoint   ] Safepoint "Cleanup", Time since last: 2000345588 ns, Reaching safepoint: 79839 ns, At safepoint: 7098 ns, Total: 86937 ns
[2023-03-29T00:08:53.401+0000][5933][safepoint   ] Safepoint "Cleanup", Time since last: 3000471713 ns, Reaching safepoint: 92598 ns, At safepoint: 18960 ns, Total: 111558 ns
[2023-03-29T00:08:54.401+0000][5933][safepoint   ] Safepoint "Cleanup", Time since last: 1000299730 ns, Reaching safepoint: 75471 ns, At safepoint: 12528 ns, Total: 87999 ns
[2023-03-29T00:08:56.402+0000][5933][safepoint   ] Safepoint "Cleanup", Time since last: 2000357963 ns, Reaching safepoint: 58786 ns, At safepoint: 7091 ns, Total: 65877 ns
[2023-03-29T00:08:58.402+0000][5933][safepoint   ] Safepoint "Cleanup", Time since last: 2000344938 ns, Reaching safepoint: 46068 ns, At safepoint: 6864 ns, Total: 52932 ns
[2023-03-29T00:08:59.402+0000][5933][safepoint   ] Safepoint "Cleanup", Time since last: 1000189889 ns, Reaching safepoint: 47160 ns, At safepoint: 7580 ns, Total: 54740 ns
[2023-03-29T00:09:00.403+0000][5933][safepoint   ] Safepoint "Cleanup", Time since last: 1000123426 ns, Reaching safepoint: 72244 ns, At safepoint: 9868 ns, Total: 82112 ns
[2023-03-29T00:09:02.403+0000][5933][safepoint   ] Safepoint "Cleanup", Time since last: 2000430166 ns, Reaching safepoint: 70422 ns, At safepoint: 12344 ns, Total: 82766 ns
[2023-03-29T00:09:03.403+0000][5933][safepoint   ] Safepoint "Cleanup", Time since last: 1000173901 ns, Reaching safepoint: 46514 ns, At safepoint: 7127 ns, Total: 53641 ns
[2023-03-29T00:09:09.404+0000][5933][safepoint   ] Safepoint "Cleanup", Time since last: 6000856975 ns, Reaching safepoint: 46540 ns, At safepoint: 7096 ns, Total: 53636 ns
[2023-03-29T00:09:10.404+0000][5933][safepoint   ] Safepoint "Cleanup", Time since last: 1000114794 ns, Reaching safepoint: 130635 ns, At safepoint: 10354 ns, Total: 140989 ns
[2023-03-29T00:09:11.405+0000][5933][safepoint   ] Safepoint "Cleanup", Time since last: 1000154824 ns, Reaching safepoint: 50660 ns, At safepoint: 7143 ns, Total: 57803 ns
[2023-03-29T00:09:12.405+0000][5933][safepoint   ] Safepoint "Cleanup", Time since last: 1000187105 ns, Reaching safepoint: 219218 ns, At safepoint: 10634 ns, Total: 229852 ns
[2023-03-29T00:09:13.405+0000][5933][safepoint   ] Safepoint "Cleanup", Time since last: 1000172558 ns, Reaching safepoint: 47615 ns, At safepoint: 8342 ns, Total: 55957 ns
[2023-03-29T00:09:14.406+0000][5933][safepoint   ] Safepoint "Cleanup", Time since last: 1000174593 ns, Reaching safepoint: 44626 ns, At safepoint: 6865 ns, Total: 51491 ns
[2023-03-29T00:09:15.406+0000][5933][safepoint   ] Safepoint "Cleanup", Time since last: 1000198915 ns, Reaching safepoint: 69770 ns, At safepoint: 7150 ns, Total: 76920 ns
[2023-03-29T00:09:18.406+0000][5933][safepoint   ] Safepoint "Cleanup", Time since last: 3000360025 ns, Reaching safepoint: 46282 ns, At safepoint: 6938 ns, Total: 53220 ns
[2023-03-29T00:09:20.407+0000][5933][safepoint   ] Safepoint "Cleanup", Time since last: 2000253576 ns, Reaching safepoint: 47550 ns, At safepoint: 7250 ns, Total: 54800 ns
[2023-03-29T00:09:21.407+0000][5933][safepoint   ] Safepoint "Cleanup", Time since last: 1000214153 ns, Reaching safepoint: 48367 ns, At safepoint: 7073 ns, Total: 55440 ns
[2023-03-29T00:09:28.408+0000][5933][safepoint   ] Safepoint "Cleanup", Time since last: 7001029517 ns, Reaching safepoint: 68133 ns, At safepoint: 7899 ns, Total: 76032 ns
[2023-03-29T00:09:30.421+0000][5933][safepoint   ] Safepoint "Cleanup", Time since last: 2006306060 ns, Reaching safepoint: 6264399 ns, At safepoint: 23839 ns, Total: 6288238 ns
[2023-03-29T00:09:34.421+0000][5933][safepoint   ] Safepoint "Cleanup", Time since last: 4000532627 ns, Reaching safepoint: 65398 ns, At safepoint: 7540 ns, Total: 72938 ns
[2023-03-29T00:09:35.421+0000][5933][safepoint   ] Safepoint "Cleanup", Time since last: 1000143393 ns, Reaching safepoint: 50890 ns, At safepoint: 6850 ns, Total: 57740 ns
[2023-03-29T00:09:40.423+0000][5933][safepoint   ] Safepoint "Cleanup", Time since last: 5000939961 ns, Reaching safepoint: 460245 ns, At safepoint: 11450 ns, Total: 471695 ns
[2023-03-29T00:09:45.424+0000][5933][safepoint   ] Safepoint "Cleanup", Time since last: 5000731161 ns, Reaching safepoint: 49875 ns, At safepoint: 7119 ns, Total: 56994 ns
[2023-03-29T00:09:50.424+0000][5933][safepoint   ] Safepoint "Cleanup", Time since last: 5000596775 ns, Reaching safepoint: 81017 ns, At safepoint: 7708 ns, Total: 88725 ns
[2023-03-29T00:09:51.424+0000][5933][safepoint   ] Safepoint "Cleanup", Time since last: 1000148173 ns, Reaching safepoint: 75627 ns, At safepoint: 10526 ns, Total: 86153 ns
[2023-03-29T00:09:57.425+0000][5933][safepoint   ] Safepoint "Cleanup", Time since last: 6000773790 ns, Reaching safepoint: 57023 ns, At safepoint: 6897 ns, Total: 63920 ns
[2023-03-29T00:09:59.426+0000][5933][safepoint   ] Safepoint "Cleanup", Time since last: 2000318018 ns, Reaching safepoint: 46450 ns, At safepoint: 6813 ns, Total: 53263 ns
[2023-03-29T00:10:00.426+0000][5933][safepoint   ] Safepoint "Cleanup", Time since last: 1000134237 ns, Reaching safepoint: 63351 ns, At safepoint: 10092 ns, Total: 73443 ns
[2023-03-29T00:10:07.427+0000][5933][safepoint   ] Safepoint "Cleanup", Time since last: 7000754318 ns, Reaching safepoint: 57080 ns, At safepoint: 9857 ns, Total: 66937 ns
[2023-03-29T00:10:10.429+0000][5933][safepoint   ] Safepoint "Cleanup", Time since last: 3002270962 ns, Reaching safepoint: 290698 ns, At safepoint: 10569 ns, Total: 301267 ns
[2023-03-29T00:10:11.430+0000][5933][safepoint   ] Safepoint "Cleanup", Time since last: 1000218033 ns, Reaching safepoint: 94657 ns, At safepoint: 11563 ns, Total: 106220 ns
[2023-03-29T00:10:18.431+0000][5933][safepoint   ] Safepoint "Cleanup", Time since last: 7000913930 ns, Reaching safepoint: 70023 ns, At safepoint: 6993 ns, Total: 77016 ns
[2023-03-29T00:10:19.431+0000][5933][safepoint   ] Safepoint "Cleanup", Time since last: 1000137423 ns, Reaching safepoint: 67295 ns, At safepoint: 10776 ns, Total: 78071 ns
[2023-03-29T00:10:20.431+0000][5933][safepoint   ] Safepoint "Cleanup", Time since last: 1000133102 ns, Reaching safepoint: 50259 ns, At safepoint: 7159 ns, Total: 57418 ns
[2023-03-29T00:10:21.431+0000][5933][safepoint   ] Safepoint "Cleanup", Time since last: 1000173149 ns, Reaching safepoint: 50415 ns, At safepoint: 7023 ns, Total: 57438 ns
[2023-03-29T00:10:26.432+0000][5933][safepoint   ] Safepoint "Cleanup", Time since last: 5000616526 ns, Reaching safepoint: 61256 ns, At safepoint: 7150 ns, Total: 68406 ns
[2023-03-29T00:10:27.432+0000][5933][safepoint   ] Safepoint "Cleanup", Time since last: 1000154045 ns, Reaching safepoint: 44897 ns, At safepoint: 6791 ns, Total: 51688 ns
[2023-03-29T00:10:28.432+0000][5933][safepoint   ] Safepoint "Cleanup", Time since last: 1000136035 ns, Reaching safepoint: 46983 ns, At safepoint: 6882 ns, Total: 53865 ns
[2023-03-29T00:10:29.432+0000][5933][safepoint   ] Safepoint "Cleanup", Time since last: 1000149981 ns, Reaching safepoint: 44332 ns, At safepoint: 6829 ns, Total: 51161 ns
[2023-03-29T00:10:31.433+0000][5933][safepoint   ] Safepoint "Cleanup", Time since last: 2000276846 ns, Reaching safepoint: 48934 ns, At safepoint: 6823 ns, Total: 55757 ns
[2023-03-29T00:10:33.433+0000][5933][safepoint   ] Safepoint "Cleanup", Time since last: 2000318065 ns, Reaching safepoint: 49898 ns, At safepoint: 7450 ns, Total: 57348 ns
[2023-03-29T00:10:39.434+0000][5933][safepoint   ] Safepoint "Cleanup", Time since last: 6000619779 ns, Reaching safepoint: 47917 ns, At safepoint: 6984 ns, Total: 54901 ns
[2023-03-29T00:10:40.434+0000][5933][safepoint   ] Safepoint "Cleanup", Time since last: 1000121051 ns, Reaching safepoint: 66455 ns, At safepoint: 8337 ns, Total: 74792 ns
[2023-03-29T00:10:41.434+0000][5933][safepoint   ] Safepoint "Cleanup", Time since last: 1000208877 ns, Reaching safepoint: 57235 ns, At safepoint: 6830 ns, Total: 64065 ns
[2023-03-29T00:10:45.435+0000][5933][safepoint   ] Safepoint "Cleanup", Time since last: 4000492886 ns, Reaching safepoint: 85333 ns, At safepoint: 9106 ns, Total: 94439 ns
[2023-03-29T00:10:51.436+0000][5933][safepoint   ] Safepoint "Cleanup", Time since last: 6000726480 ns, Reaching safepoint: 48312 ns, At safepoint: 7062 ns, Total: 55374 ns
[2023-03-29T00:10:52.436+0000][5933][safepoint   ] Safepoint "Cleanup", Time since last: 1000193330 ns, Reaching safepoint: 45480 ns, At safepoint: 6701 ns, Total: 52181 ns
[2023-03-29T00:11:01.437+0000][5933][safepoint   ] Safepoint "Cleanup", Time since last: 9001000601 ns, Reaching safepoint: 44971 ns, At safepoint: 6740 ns, Total: 51711 ns
[2023-03-29T00:11:05.438+0000][5933][safepoint   ] Safepoint "Cleanup", Time since last: 4000525166 ns, Reaching safepoint: 46572 ns, At safepoint: 7099 ns, Total: 53671 ns
[2023-03-29T00:11:06.438+0000][5933][safepoint   ] Safepoint "Cleanup", Time since last: 1000186818 ns, Reaching safepoint: 47762 ns, At safepoint: 7283 ns, Total: 55045 ns
[2023-03-29T00:11:08.438+0000][5933][safepoint   ] Safepoint "Cleanup", Time since last: 2000264959 ns, Reaching safepoint: 46315 ns, At safepoint: 6737 ns, Total: 53052 ns
[2023-03-29T00:11:09.438+0000][5933][safepoint   ] Safepoint "Cleanup", Time since last: 1000195727 ns, Reaching safepoint: 77968 ns, At safepoint: 12481 ns, Total: 90449 ns
[2023-03-29T00:11:10.439+0000][5933][safepoint   ] Safepoint "Cleanup", Time since last: 1000130293 ns, Reaching safepoint: 51447 ns, At safepoint: 7157 ns, Total: 58604 ns
[2023-03-29T00:11:11.439+0000][5933][safepoint   ] Safepoint "Cleanup", Time since last: 1000178100 ns, Reaching safepoint: 50021 ns, At safepoint: 7918 ns, Total: 57939 ns
[2023-03-29T00:11:14.439+0000][5933][safepoint   ] Safepoint "Cleanup", Time since last: 3000482597 ns, Reaching safepoint: 101839 ns, At safepoint: 11877 ns, Total: 113716 ns
[2023-03-29T00:11:15.440+0000][5933][safepoint   ] Safepoint "Cleanup", Time since last: 1000172841 ns, Reaching safepoint: 88649 ns, At safepoint: 17931 ns, Total: 106580 ns
[2023-03-29T00:11:20.441+0000][5933][safepoint   ] Safepoint "Cleanup", Time since last: 5000852063 ns, Reaching safepoint: 73113 ns, At safepoint: 9434 ns, Total: 82547 ns
[2023-03-29T00:11:21.441+0000][5933][safepoint   ] Safepoint "Cleanup", Time since last: 1000220638 ns, Reaching safepoint: 63905 ns, At safepoint: 7287 ns, Total: 71192 ns
[2023-03-29T00:11:23.441+0000][5933][safepoint   ] Safepoint "Cleanup", Time since last: 2000315019 ns, Reaching safepoint: 57210 ns, At safepoint: 13392 ns, Total: 70602 ns
[2023-03-29T00:11:24.442+0000][5933][safepoint   ] Safepoint "Cleanup", Time since last: 1000227880 ns, Reaching safepoint: 74680 ns, At safepoint: 12391 ns, Total: 87071 ns
[2023-03-29T00:11:27.442+0000][5933][safepoint   ] Safepoint "Cleanup", Time since last: 3000514322 ns, Reaching safepoint: 45983 ns, At safepoint: 7009 ns, Total: 52992 ns
[2023-03-29T00:11:30.443+0000][5933][safepoint   ] Safepoint "Cleanup", Time since last: 3000422505 ns, Reaching safepoint: 46509 ns, At safepoint: 7087 ns, Total: 53596 ns
[2023-03-29T00:11:36.444+0000][5933][safepoint   ] Safepoint "Cleanup", Time since last: 6000779939 ns, Reaching safepoint: 47428 ns, At safepoint: 7166 ns, Total: 54594 ns
[2023-03-29T00:11:38.444+0000][5933][safepoint   ] Safepoint "Cleanup", Time since last: 2000311633 ns, Reaching safepoint: 47917 ns, At safepoint: 8369 ns, Total: 56286 ns
[2023-03-29T00:11:40.444+0000][5933][safepoint   ] Safepoint "Cleanup", Time since last: 2000365611 ns, Reaching safepoint: 60361 ns, At safepoint: 7121 ns, Total: 67482 ns
[2023-03-29T00:11:41.445+0000][5933][safepoint   ] Safepoint "Cleanup", Time since last: 1000203593 ns, Reaching safepoint: 46594 ns, At safepoint: 6982 ns, Total: 53576 ns
[2023-03-29T00:11:47.446+0000][5933][safepoint   ] Safepoint "Cleanup", Time since last: 6000788322 ns, Reaching safepoint: 178422 ns, At safepoint: 7681 ns, Total: 186103 ns
[2023-03-29T00:11:48.488+0000][5933][safepoint   ] Safepoint "Cleanup", Time since last: 1041934443 ns, Reaching safepoint: 58483 ns, At safepoint: 9734 ns, Total: 68217 ns
[2023-03-29T00:11:50.488+0000][5933][safepoint   ] Safepoint "Cleanup", Time since last: 2000399740 ns, Reaching safepoint: 45762 ns, At safepoint: 6791 ns, Total: 52553 ns
[2023-03-29T00:11:51.488+0000][5933][safepoint   ] Safepoint "Cleanup", Time since last: 1000201869 ns, Reaching safepoint: 46804 ns, At safepoint: 6981 ns, Total: 53785 ns
[2023-03-29T00:11:58.489+0000][5933][safepoint   ] Safepoint "Cleanup", Time since last: 7001027521 ns, Reaching safepoint: 76085 ns, At safepoint: 9518 ns, Total: 85603 ns
[2023-03-29T00:12:00.490+0000][5933][safepoint   ] Safepoint "Cleanup", Time since last: 2000323175 ns, Reaching safepoint: 84421 ns, At safepoint: 12499 ns, Total: 96920 ns
[2023-03-29T00:12:01.490+0000][5933][safepoint   ] Safepoint "Cleanup", Time since last: 1000197986 ns, Reaching safepoint: 86833 ns, At safepoint: 13862 ns, Total: 100695 ns
[2023-03-29T00:12:08.491+0000][5933][safepoint   ] Safepoint "Cleanup", Time since last: 7000937018 ns, Reaching safepoint: 85205 ns, At safepoint: 9934 ns, Total: 95139 ns
[2023-03-29T00:12:09.491+0000][5933][safepoint   ] Safepoint "Cleanup", Time since last: 1000156445 ns, Reaching safepoint: 46970 ns, At safepoint: 6772 ns, Total: 53742 ns
[2023-03-29T00:12:10.492+0000][5933][safepoint   ] Safepoint "Cleanup", Time since last: 1000224614 ns, Reaching safepoint: 66526 ns, At safepoint: 6911 ns, Total: 73437 ns
[2023-03-29T00:12:11.492+0000][5933][safepoint   ] Safepoint "Cleanup", Time since last: 1000126601 ns, Reaching safepoint: 45529 ns, At safepoint: 6790 ns, Total: 52319 ns
[2023-03-29T00:12:15.493+0000][5933][safepoint   ] Safepoint "Cleanup", Time since last: 4000623409 ns, Reaching safepoint: 72957 ns, At safepoint: 12197 ns, Total: 85154 ns
[2023-03-29T00:12:18.493+0000][5933][safepoint   ] Safepoint "Cleanup", Time since last: 3000460153 ns, Reaching safepoint: 48432 ns, At safepoint: 8567 ns, Total: 56999 ns
[2023-03-29T00:12:20.493+0000][5933][safepoint   ] Safepoint "Cleanup", Time since last: 2000272731 ns, Reaching safepoint: 70894 ns, At safepoint: 12420 ns, Total: 83314 ns
[2023-03-29T00:12:23.494+0000][5933][safepoint   ] Safepoint "Cleanup", Time since last: 3000467854 ns, Reaching safepoint: 113959 ns, At safepoint: 14964 ns, Total: 128923 ns
[2023-03-29T00:12:25.494+0000][5933][safepoint   ] Safepoint "Cleanup", Time since last: 2000380234 ns, Reaching safepoint: 72979 ns, At safepoint: 12377 ns, Total: 85356 ns
[2023-03-29T00:12:29.495+0000][5933][safepoint   ] Safepoint "Cleanup", Time since last: 4000697923 ns, Reaching safepoint: 78809 ns, At safepoint: 12494 ns, Total: 91303 ns
[2023-03-29T00:12:33.496+0000][5933][safepoint   ] Safepoint "Cleanup", Time since last: 4000584773 ns, Reaching safepoint: 71279 ns, At safepoint: 12427 ns, Total: 83706 ns
[2023-03-29T00:12:40.498+0000][5933][safepoint   ] Safepoint "Cleanup", Time since last: 7001745723 ns, Reaching safepoint: 91096 ns, At safepoint: 7462 ns, Total: 98558 ns
[2023-03-29T00:12:41.498+0000][5933][safepoint   ] Safepoint "Cleanup", Time since last: 1000216893 ns, Reaching safepoint: 46968 ns, At safepoint: 8815 ns, Total: 55783 ns
[2023-03-29T00:12:43.499+0000][5933][safepoint   ] Safepoint "Cleanup", Time since last: 2000508811 ns, Reaching safepoint: 48881 ns, At safepoint: 7041 ns, Total: 55922 ns
[2023-03-29T00:12:44.499+0000][5933][safepoint   ] Safepoint "Cleanup", Time since last: 1000182555 ns, Reaching safepoint: 54208 ns, At safepoint: 6919 ns, Total: 61127 ns
[2023-03-29T00:12:46.501+0000][5933][safepoint   ] Safepoint "Cleanup", Time since last: 2002087860 ns, Reaching safepoint: 47662 ns, At safepoint: 7106 ns, Total: 54768 ns
[2023-03-29T00:12:48.501+0000][5933][safepoint   ] Safepoint "Cleanup", Time since last: 2000348909 ns, Reaching safepoint: 47950 ns, At safepoint: 7106 ns, Total: 55056 ns
[2023-03-29T00:12:49.502+0000][5933][safepoint   ] Safepoint "Cleanup", Time since last: 1000207606 ns, Reaching safepoint: 65678 ns, At safepoint: 12097 ns, Total: 77775 ns
[2023-03-29T00:12:50.502+0000][5933][safepoint   ] Safepoint "Cleanup", Time since last: 1000228843 ns, Reaching safepoint: 78622 ns, At safepoint: 12136 ns, Total: 90758 ns
[2023-03-29T00:12:53.503+0000][5933][safepoint   ] Safepoint "Cleanup", Time since last: 3000500429 ns, Reaching safepoint: 70287 ns, At safepoint: 12282 ns, Total: 82569 ns
[2023-03-29T00:12:59.504+0000][5933][safepoint   ] Safepoint "Cleanup", Time since last: 6001007634 ns, Reaching safepoint: 47461 ns, At safepoint: 8575 ns, Total: 56036 ns
[2023-03-29T00:13:00.504+0000][5933][safepoint   ] Safepoint "Cleanup", Time since last: 1000231497 ns, Reaching safepoint: 69867 ns, At safepoint: 12082 ns, Total: 81949 ns
[2023-03-29T00:13:04.505+0000][5933][safepoint   ] Safepoint "Cleanup", Time since last: 4000507640 ns, Reaching safepoint: 46669 ns, At safepoint: 6702 ns, Total: 53371 ns
[2023-03-29T00:13:10.505+0000][5933][safepoint   ] Safepoint "Cleanup", Time since last: 6000781286 ns, Reaching safepoint: 64181 ns, At safepoint: 7212 ns, Total: 71393 ns
[2023-03-29T00:13:11.506+0000][5933][safepoint   ] Safepoint "Cleanup", Time since last: 1000143540 ns, Reaching safepoint: 48999 ns, At safepoint: 6733 ns, Total: 55732 ns
[2023-03-29T00:13:16.506+0000][5933][safepoint   ] Safepoint "Cleanup", Time since last: 5000667337 ns, Reaching safepoint: 47017 ns, At safepoint: 9830 ns, Total: 56847 ns
[2023-03-29T00:13:21.507+0000][5933][safepoint   ] Safepoint "Cleanup", Time since last: 5000812281 ns, Reaching safepoint: 43202 ns, At safepoint: 6863 ns, Total: 50065 ns
[2023-03-29T00:13:24.508+0000][5933][safepoint   ] Safepoint "Cleanup", Time since last: 3000456560 ns, Reaching safepoint: 72310 ns, At safepoint: 12417 ns, Total: 84727 ns
[2023-03-29T00:13:30.509+0000][5933][safepoint   ] Safepoint "Cleanup", Time since last: 6000918060 ns, Reaching safepoint: 44926 ns, At safepoint: 6595 ns, Total: 51521 ns
[2023-03-29T00:13:40.321+0000][5933][gc,start    ] GC(21) Pause Young (Normal) (G1 Evacuation Pause)
[2023-03-29T00:13:40.321+0000][5933][gc,task     ] GC(21) Using 1 workers of 1 for evacuation
[2023-03-29T00:13:40.321+0000][5933][gc,age      ] GC(21) Desired survivor size 46137344 bytes, new threshold 15 (max threshold 15)
[2023-03-29T00:13:40.377+0000][5933][gc,age      ] GC(21) Age table with threshold 15 (max threshold 15)
[2023-03-29T00:13:40.377+0000][5933][gc,age      ] GC(21) - age   1:    2317848 bytes,    2317848 total
[2023-03-29T00:13:40.377+0000][5933][gc,age      ] GC(21) - age   2:     569856 bytes,    2887704 total
[2023-03-29T00:13:40.377+0000][5933][gc,age      ] GC(21) - age   3:    6021688 bytes,    8909392 total
[2023-03-29T00:13:40.377+0000][5933][gc,age      ] GC(21) - age   4:    4370184 bytes,   13279576 total
[2023-03-29T00:13:40.377+0000][5933][gc,phases   ] GC(21)   Pre Evacuate Collection Set: 0.3ms
[2023-03-29T00:13:40.377+0000][5933][gc,phases   ] GC(21)   Merge Heap Roots: 0.2ms
[2023-03-29T00:13:40.377+0000][5933][gc,phases   ] GC(21)   Evacuate Collection Set: 53.0ms
[2023-03-29T00:13:40.377+0000][5933][gc,phases   ] GC(21)   Post Evacuate Collection Set: 2.1ms
[2023-03-29T00:13:40.377+0000][5933][gc,phases   ] GC(21)   Other: 0.3ms
[2023-03-29T00:13:40.377+0000][5933][gc,heap     ] GC(21) Eden regions: 165->0(290)
[2023-03-29T00:13:40.377+0000][5933][gc,heap     ] GC(21) Survivor regions: 4->4(22)
[2023-03-29T00:13:40.377+0000][5933][gc,heap     ] GC(21) Old regions: 17->17
[2023-03-29T00:13:40.377+0000][5933][gc,heap     ] GC(21) Archive regions: 2->2
[2023-03-29T00:13:40.377+0000][5933][gc,heap     ] GC(21) Humongous regions: 2->2
[2023-03-29T00:13:40.377+0000][5933][gc,metaspace] GC(21) Metaspace: 109423K(110912K)->109423K(110912K) NonClass: 94380K(95232K)->94380K(95232K) Class: 15043K(15680K)->15043K(15680K)
[2023-03-29T00:13:40.377+0000][5933][gc          ] GC(21) Pause Young (Normal) (G1 Evacuation Pause) 752M->90M(1964M) 56.095ms
[2023-03-29T00:13:40.377+0000][5933][gc,cpu      ] GC(21) User=0.05s Sys=0.00s Real=0.06s
[2023-03-29T00:13:40.377+0000][5933][safepoint   ] Safepoint "G1CollectForAllocation", Time since last: 9808292822 ns, Reaching safepoint: 3996684 ns, At safepoint: 56229922 ns, Total: 60226606 ns
[2023-03-29T00:13:41.377+0000][5933][safepoint   ] Safepoint "Cleanup", Time since last: 1000168504 ns, Reaching safepoint: 48169 ns, At safepoint: 6832 ns, Total: 55001 ns
[2023-03-29T00:13:45.378+0000][5933][safepoint   ] Safepoint "Cleanup", Time since last: 4000581500 ns, Reaching safepoint: 46890 ns, At safepoint: 6754 ns, Total: 53644 ns
[2023-03-29T00:13:51.379+0000][5933][safepoint   ] Safepoint "Cleanup", Time since last: 6000839820 ns, Reaching safepoint: 64337 ns, At safepoint: 11243 ns, Total: 75580 ns
[2023-03-29T00:13:53.379+0000][5933][safepoint   ] Safepoint "Cleanup", Time since last: 2000371434 ns, Reaching safepoint: 66235 ns, At safepoint: 12107 ns, Total: 78342 ns
[2023-03-29T00:14:01.385+0000][5933][safepoint   ] Safepoint "Cleanup", Time since last: 8005670170 ns, Reaching safepoint: 53738 ns, At safepoint: 7003 ns, Total: 60741 ns
[2023-03-29T00:14:02.386+0000][5933][safepoint   ] Safepoint "Cleanup", Time since last: 1000237894 ns, Reaching safepoint: 121623 ns, At safepoint: 15865 ns, Total: 137488 ns
[2023-03-29T00:14:03.386+0000][5933][safepoint   ] Safepoint "Cleanup", Time since last: 1000146327 ns, Reaching safepoint: 46074 ns, At safepoint: 6967 ns, Total: 53041 ns
[2023-03-29T00:14:04.386+0000][5933][safepoint   ] Safepoint "Cleanup", Time since last: 1000222345 ns, Reaching safepoint: 60494 ns, At safepoint: 11228 ns, Total: 71722 ns
[2023-03-29T00:14:10.389+0000][5933][safepoint   ] Safepoint "Cleanup", Time since last: 6002920445 ns, Reaching safepoint: 145106 ns, At safepoint: 10851 ns, Total: 155957 ns
[2023-03-29T00:14:11.389+0000][5933][safepoint   ] Safepoint "Cleanup", Time since last: 1000166594 ns, Reaching safepoint: 76865 ns, At safepoint: 12509 ns, Total: 89374 ns
[2023-03-29T00:14:12.390+0000][5933][safepoint   ] Safepoint "Cleanup", Time since last: 1000233942 ns, Reaching safepoint: 122622 ns, At safepoint: 7253 ns, Total: 129875 ns
[2023-03-29T00:14:15.390+0000][5933][safepoint   ] Safepoint "Cleanup", Time since last: 3000410223 ns, Reaching safepoint: 45374 ns, At safepoint: 7921 ns, Total: 53295 ns
[2023-03-29T00:14:18.391+0000][5933][safepoint   ] Safepoint "Cleanup", Time since last: 3000397590 ns, Reaching safepoint: 51972 ns, At safepoint: 7093 ns, Total: 59065 ns
[2023-03-29T00:14:21.391+0000][5933][safepoint   ] Safepoint "Cleanup", Time since last: 3000458497 ns, Reaching safepoint: 47100 ns, At safepoint: 7019 ns, Total: 54119 ns
[2023-03-29T00:14:23.392+0000][5933][safepoint   ] Safepoint "Cleanup", Time since last: 2000401695 ns, Reaching safepoint: 87147 ns, At safepoint: 13045 ns, Total: 100192 ns
[2023-03-29T00:14:25.392+0000][5933][safepoint   ] Safepoint "Cleanup", Time since last: 2000367423 ns, Reaching safepoint: 75171 ns, At safepoint: 12212 ns, Total: 87383 ns
[2023-03-29T00:14:30.393+0000][5933][safepoint   ] Safepoint "Cleanup", Time since last: 5000690200 ns, Reaching safepoint: 71953 ns, At safepoint: 12682 ns, Total: 84635 ns
[2023-03-29T00:14:39.394+0000][5933][safepoint   ] Safepoint "Cleanup", Time since last: 9001319211 ns, Reaching safepoint: 110265 ns, At safepoint: 12769 ns, Total: 123034 ns
[2023-03-29T00:14:40.402+0000][5933][safepoint   ] Safepoint "Cleanup", Time since last: 1007220879 ns, Reaching safepoint: 81728 ns, At safepoint: 14193 ns, Total: 95921 ns
[2023-03-29T00:14:56.404+0000][5933][safepoint   ] Safepoint "Cleanup", Time since last: 16002157120 ns, Reaching safepoint: 67923 ns, At safepoint: 6878 ns, Total: 74801 ns
[2023-03-29T00:14:57.404+0000][5933][safepoint   ] Safepoint "Cleanup", Time since last: 1000188988 ns, Reaching safepoint: 51174 ns, At safepoint: 7043 ns, Total: 58217 ns
[2023-03-29T00:15:00.405+0000][5933][safepoint   ] Safepoint "Cleanup", Time since last: 3000466800 ns, Reaching safepoint: 44261 ns, At safepoint: 6760 ns, Total: 51021 ns
[2023-03-29T00:15:02.405+0000][5933][safepoint   ] Safepoint "Cleanup", Time since last: 2000335719 ns, Reaching safepoint: 73486 ns, At safepoint: 12309 ns, Total: 85795 ns
[2023-03-29T00:15:07.406+0000][5933][safepoint   ] Safepoint "Cleanup", Time since last: 5000741192 ns, Reaching safepoint: 52839 ns, At safepoint: 8962 ns, Total: 61801 ns
[2023-03-29T00:15:10.443+0000][5933][safepoint   ] Safepoint "Cleanup", Time since last: 3037396723 ns, Reaching safepoint: 60661 ns, At safepoint: 11031 ns, Total: 71692 ns
[2023-03-29T00:15:11.444+0000][5933][safepoint   ] Safepoint "Cleanup", Time since last: 1000235389 ns, Reaching safepoint: 43149 ns, At safepoint: 7034 ns, Total: 50183 ns
[2023-03-29T00:15:18.448+0000][5933][safepoint   ] Safepoint "Cleanup", Time since last: 7004381085 ns, Reaching safepoint: 72532 ns, At safepoint: 18246 ns, Total: 90778 ns
[2023-03-29T00:15:33.450+0000][5933][safepoint   ] Safepoint "Cleanup", Time since last: 15001987594 ns, Reaching safepoint: 47860 ns, At safepoint: 10211 ns, Total: 58071 ns
[2023-03-29T00:15:35.451+0000][5933][safepoint   ] Safepoint "Cleanup", Time since last: 2000340761 ns, Reaching safepoint: 47156 ns, At safepoint: 6841 ns, Total: 53997 ns
[2023-03-29T00:15:40.451+0000][5933][safepoint   ] Safepoint "Cleanup", Time since last: 5000624991 ns, Reaching safepoint: 67750 ns, At safepoint: 7130 ns, Total: 74880 ns
[2023-03-29T00:15:50.453+0000][5933][safepoint   ] Safepoint "Cleanup", Time since last: 10001441289 ns, Reaching safepoint: 78673 ns, At safepoint: 12293 ns, Total: 90966 ns
[2023-03-29T00:15:53.453+0000][5933][safepoint   ] Safepoint "Cleanup", Time since last: 3000420249 ns, Reaching safepoint: 67912 ns, At safepoint: 6999 ns, Total: 74911 ns
[2023-03-29T00:15:55.454+0000][5933][safepoint   ] Safepoint "Cleanup", Time since last: 2000383579 ns, Reaching safepoint: 106984 ns, At safepoint: 7054 ns, Total: 114038 ns
[2023-03-29T00:15:58.454+0000][5933][safepoint   ] Safepoint "Cleanup", Time since last: 3000489768 ns, Reaching safepoint: 73766 ns, At safepoint: 12337 ns, Total: 86103 ns
[2023-03-29T00:16:07.470+0000][5933][safepoint   ] Safepoint "Cleanup", Time since last: 9015229360 ns, Reaching safepoint: 72188 ns, At safepoint: 12332 ns, Total: 84520 ns
[2023-03-29T00:16:10.470+0000][5933][safepoint   ] Safepoint "Cleanup", Time since last: 3000534356 ns, Reaching safepoint: 118680 ns, At safepoint: 17722 ns, Total: 136402 ns
[2023-03-29T00:16:14.471+0000][5933][safepoint   ] Safepoint "Cleanup", Time since last: 4000627713 ns, Reaching safepoint: 75510 ns, At safepoint: 12415 ns, Total: 87925 ns
[2023-03-29T00:16:16.471+0000][5933][safepoint   ] Safepoint "Cleanup", Time since last: 2000334788 ns, Reaching safepoint: 65697 ns, At safepoint: 7276 ns, Total: 72973 ns
[2023-03-29T00:16:20.472+0000][5933][safepoint   ] Safepoint "Cleanup", Time since last: 4000487271 ns, Reaching safepoint: 45631 ns, At safepoint: 6768 ns, Total: 52399 ns
[2023-03-29T00:16:21.472+0000][5933][safepoint   ] Safepoint "Cleanup", Time since last: 1000225474 ns, Reaching safepoint: 75523 ns, At safepoint: 12547 ns, Total: 88070 ns
[2023-03-29T00:16:22.473+0000][5933][safepoint   ] Safepoint "Cleanup", Time since last: 1000154095 ns, Reaching safepoint: 44969 ns, At safepoint: 6884 ns, Total: 51853 ns
[2023-03-29T00:16:28.474+0000][5933][safepoint   ] Safepoint "Cleanup", Time since last: 6000958570 ns, Reaching safepoint: 92523 ns, At safepoint: 12347 ns, Total: 104870 ns
[2023-03-29T00:16:29.474+0000][5933][safepoint   ] Safepoint "Cleanup", Time since last: 1000186919 ns, Reaching safepoint: 46853 ns, At safepoint: 6984 ns, Total: 53837 ns
[2023-03-29T00:16:30.474+0000][5933][safepoint   ] Safepoint "Cleanup", Time since last: 1000217955 ns, Reaching safepoint: 47721 ns, At safepoint: 7357 ns, Total: 55078 ns
[2023-03-29T00:16:40.476+0000][5933][safepoint   ] Safepoint "Cleanup", Time since last: 10001494646 ns, Reaching safepoint: 56524 ns, At safepoint: 7404 ns, Total: 63928 ns
[2023-03-29T00:16:41.476+0000][5933][safepoint   ] Safepoint "Cleanup", Time since last: 1000194354 ns, Reaching safepoint: 51744 ns, At safepoint: 7119 ns, Total: 58863 ns
[2023-03-29T00:16:49.477+0000][5933][safepoint   ] Safepoint "Cleanup", Time since last: 8001071686 ns, Reaching safepoint: 38419 ns, At safepoint: 6838 ns, Total: 45257 ns
[2023-03-29T00:16:50.477+0000][5933][safepoint   ] Safepoint "Cleanup", Time since last: 1000119407 ns, Reaching safepoint: 44887 ns, At safepoint: 7226 ns, Total: 52113 ns
[2023-03-29T00:16:54.478+0000][5933][safepoint   ] Safepoint "Cleanup", Time since last: 4000594860 ns, Reaching safepoint: 64859 ns, At safepoint: 7389 ns, Total: 72248 ns
[2023-03-29T00:17:10.480+0000][5933][safepoint   ] Safepoint "Cleanup", Time since last: 16002320258 ns, Reaching safepoint: 77513 ns, At safepoint: 12945 ns, Total: 90458 ns
[2023-03-29T00:17:12.989+0000][5933][safepoint   ] Safepoint "Cleanup", Time since last: 2508702079 ns, Reaching safepoint: 169448 ns, At safepoint: 11668 ns, Total: 181116 ns
[2023-03-29T00:17:20.990+0000][5933][safepoint   ] Safepoint "Cleanup", Time since last: 8001139495 ns, Reaching safepoint: 72098 ns, At safepoint: 7095 ns, Total: 79193 ns
[2023-03-29T00:17:30.992+0000][5933][safepoint   ] Safepoint "Cleanup", Time since last: 10001369428 ns, Reaching safepoint: 64533 ns, At safepoint: 7121 ns, Total: 71654 ns
[2023-03-29T00:17:31.992+0000][5933][safepoint   ] Safepoint "Cleanup", Time since last: 1000198300 ns, Reaching safepoint: 83955 ns, At safepoint: 17830 ns, Total: 101785 ns
[2023-03-29T00:17:40.994+0000][5933][safepoint   ] Safepoint "Cleanup", Time since last: 9001345817 ns, Reaching safepoint: 53115 ns, At safepoint: 8715 ns, Total: 61830 ns
[2023-03-29T00:17:41.994+0000][5933][safepoint   ] Safepoint "Cleanup", Time since last: 1000153451 ns, Reaching safepoint: 45412 ns, At safepoint: 7009 ns, Total: 52421 ns
[2023-03-29T00:17:47.995+0000][5933][safepoint   ] Safepoint "Cleanup", Time since last: 6001014759 ns, Reaching safepoint: 71608 ns, At safepoint: 6872 ns, Total: 78480 ns
[2023-03-29T00:17:50.995+0000][5933][safepoint   ] Safepoint "Cleanup", Time since last: 3000458975 ns, Reaching safepoint: 71947 ns, At safepoint: 10903 ns, Total: 82850 ns
[2023-03-29T00:17:51.996+0000][5933][safepoint   ] Safepoint "Cleanup", Time since last: 1000161836 ns, Reaching safepoint: 48396 ns, At safepoint: 8742 ns, Total: 57138 ns
[2023-03-29T00:17:57.997+0000][5933][safepoint   ] Safepoint "Cleanup", Time since last: 6000940676 ns, Reaching safepoint: 74114 ns, At safepoint: 9914 ns, Total: 84028 ns
[2023-03-29T00:18:00.289+0000][5933][safepoint   ] Safepoint "Cleanup", Time since last: 2292362927 ns, Reaching safepoint: 117751 ns, At safepoint: 9758 ns, Total: 127509 ns
[2023-03-29T00:18:01.289+0000][5933][safepoint   ] Safepoint "Cleanup", Time since last: 1000196567 ns, Reaching safepoint: 68594 ns, At safepoint: 7054 ns, Total: 75648 ns
[2023-03-29T00:18:04.290+0000][5933][safepoint   ] Safepoint "Cleanup", Time since last: 3000917836 ns, Reaching safepoint: 76769 ns, At safepoint: 10154 ns, Total: 86923 ns
[2023-03-29T00:18:11.217+0000][5933][safepoint   ] Safepoint "Cleanup", Time since last: 6926110699 ns, Reaching safepoint: 44314 ns, At safepoint: 7168 ns, Total: 51482 ns
[2023-03-29T00:18:12.217+0000][5933][safepoint   ] Safepoint "Cleanup", Time since last: 1000184496 ns, Reaching safepoint: 78344 ns, At safepoint: 12724 ns, Total: 91068 ns
[2023-03-29T00:18:21.218+0000][5933][safepoint   ] Safepoint "Cleanup", Time since last: 9001223185 ns, Reaching safepoint: 77440 ns, At safepoint: 9304 ns, Total: 86744 ns
[2023-03-29T00:18:23.219+0000][5933][safepoint   ] Safepoint "Cleanup", Time since last: 2000332781 ns, Reaching safepoint: 70999 ns, At safepoint: 12207 ns, Total: 83206 ns
[2023-03-29T00:18:28.219+0000][5933][safepoint   ] Safepoint "Cleanup", Time since last: 5000661221 ns, Reaching safepoint: 58327 ns, At safepoint: 6915 ns, Total: 65242 ns
[2023-03-29T00:18:29.220+0000][5933][safepoint   ] Safepoint "Cleanup", Time since last: 1000227408 ns, Reaching safepoint: 73770 ns, At safepoint: 11975 ns, Total: 85745 ns
[2023-03-29T00:18:31.220+0000][5933][safepoint   ] Safepoint "Cleanup", Time since last: 2000392466 ns, Reaching safepoint: 76059 ns, At safepoint: 12142 ns, Total: 88201 ns
[2023-03-29T00:18:35.221+0000][5933][safepoint   ] Safepoint "Cleanup", Time since last: 4000496984 ns, Reaching safepoint: 51700 ns, At safepoint: 7992 ns, Total: 59692 ns
[2023-03-29T00:18:41.222+0000][5933][safepoint   ] Safepoint "Cleanup", Time since last: 6000860566 ns, Reaching safepoint: 42299 ns, At safepoint: 8108 ns, Total: 50407 ns
[2023-03-29T00:18:48.223+0000][5933][safepoint   ] Safepoint "Cleanup", Time since last: 7001068648 ns, Reaching safepoint: 61326 ns, At safepoint: 18230 ns, Total: 79556 ns
[2023-03-29T00:18:50.223+0000][5933][safepoint   ] Safepoint "Cleanup", Time since last: 2000291705 ns, Reaching safepoint: 47010 ns, At safepoint: 6477 ns, Total: 53487 ns
[2023-03-29T00:18:51.223+0000][5933][safepoint   ] Safepoint "Cleanup", Time since last: 1000180045 ns, Reaching safepoint: 58608 ns, At safepoint: 8141 ns, Total: 66749 ns
[2023-03-29T00:19:01.225+0000][5933][safepoint   ] Safepoint "Cleanup", Time since last: 10001343225 ns, Reaching safepoint: 75582 ns, At safepoint: 12174 ns, Total: 87756 ns
[2023-03-29T00:19:02.225+0000][5933][safepoint   ] Safepoint "Cleanup", Time since last: 1000283154 ns, Reaching safepoint: 71294 ns, At safepoint: 12175 ns, Total: 83469 ns
[2023-03-29T00:19:05.226+0000][5933][safepoint   ] Safepoint "Cleanup", Time since last: 3000475151 ns, Reaching safepoint: 52931 ns, At safepoint: 6422 ns, Total: 59353 ns
[2023-03-29T00:19:11.227+0000][5933][safepoint   ] Safepoint "Cleanup", Time since last: 6000919518 ns, Reaching safepoint: 85461 ns, At safepoint: 13682 ns, Total: 99143 ns
[2023-03-29T00:19:20.228+0000][5933][safepoint   ] Safepoint "Cleanup", Time since last: 9001378548 ns, Reaching safepoint: 116923 ns, At safepoint: 24239 ns, Total: 141162 ns
[2023-03-29T00:19:21.228+0000][5933][safepoint   ] Safepoint "Cleanup", Time since last: 1000233237 ns, Reaching safepoint: 71914 ns, At safepoint: 12045 ns, Total: 83959 ns
[2023-03-29T00:19:31.230+0000][5933][safepoint   ] Safepoint "Cleanup", Time since last: 10001380215 ns, Reaching safepoint: 46223 ns, At safepoint: 6761 ns, Total: 52984 ns
[2023-03-29T00:19:35.231+0000][5933][safepoint   ] Safepoint "Cleanup", Time since last: 4000657846 ns, Reaching safepoint: 45130 ns, At safepoint: 6830 ns, Total: 51960 ns
[2023-03-29T00:19:36.231+0000][5933][safepoint   ] Safepoint "Cleanup", Time since last: 1000245420 ns, Reaching safepoint: 69930 ns, At safepoint: 12254 ns, Total: 82184 ns
[2023-03-29T00:19:41.232+0000][5933][safepoint   ] Safepoint "Cleanup", Time since last: 5000781801 ns, Reaching safepoint: 48329 ns, At safepoint: 6584 ns, Total: 54913 ns
[2023-03-29T00:19:48.233+0000][5933][safepoint   ] Safepoint "Cleanup", Time since last: 7001025682 ns, Reaching safepoint: 75145 ns, At safepoint: 8037 ns, Total: 83182 ns
[2023-03-29T00:19:50.233+0000][5933][safepoint   ] Safepoint "Cleanup", Time since last: 2000295698 ns, Reaching safepoint: 70136 ns, At safepoint: 12341 ns, Total: 82477 ns
[2023-03-29T00:19:52.234+0000][5933][safepoint   ] Safepoint "Cleanup", Time since last: 2000362009 ns, Reaching safepoint: 72068 ns, At safepoint: 12054 ns, Total: 84122 ns
[2023-03-29T00:20:01.235+0000][5933][safepoint   ] Safepoint "Cleanup", Time since last: 9001416352 ns, Reaching safepoint: 46981 ns, At safepoint: 6634 ns, Total: 53615 ns
[2023-03-29T00:20:11.237+0000][5933][safepoint   ] Safepoint "Cleanup", Time since last: 10001500064 ns, Reaching safepoint: 76783 ns, At safepoint: 11807 ns, Total: 88590 ns
[2023-03-29T00:20:12.237+0000][5933][safepoint   ] Safepoint "Cleanup", Time since last: 1000261978 ns, Reaching safepoint: 43512 ns, At safepoint: 6630 ns, Total: 50142 ns
[2023-03-29T00:20:16.238+0000][5933][safepoint   ] Safepoint "Cleanup", Time since last: 4000693570 ns, Reaching safepoint: 100149 ns, At safepoint: 22611 ns, Total: 122760 ns
[2023-03-29T00:20:17.238+0000][5933][safepoint   ] Safepoint "Cleanup", Time since last: 1000214064 ns, Reaching safepoint: 49978 ns, At safepoint: 7235 ns, Total: 57213 ns
[2023-03-29T00:20:31.241+0000][5933][safepoint   ] Safepoint "Cleanup", Time since last: 14002634582 ns, Reaching safepoint: 59502 ns, At safepoint: 6860 ns, Total: 66362 ns
[2023-03-29T00:20:41.242+0000][5933][safepoint   ] Safepoint "Cleanup", Time since last: 10001244598 ns, Reaching safepoint: 43670 ns, At safepoint: 6780 ns, Total: 50450 ns
[2023-03-29T00:20:53.245+0000][5933][safepoint   ] Safepoint "Cleanup", Time since last: 12002520343 ns, Reaching safepoint: 70861 ns, At safepoint: 6826 ns, Total: 77687 ns
[2023-03-29T00:20:54.245+0000][5933][safepoint   ] Safepoint "Cleanup", Time since last: 1000466757 ns, Reaching safepoint: 41195 ns, At safepoint: 6704 ns, Total: 47899 ns
[2023-03-29T00:21:31.250+0000][5933][safepoint   ] Safepoint "Cleanup", Time since last: 37004901308 ns, Reaching safepoint: 84874 ns, At safepoint: 11961 ns, Total: 96835 ns
[2023-03-29T00:21:41.254+0000][5933][safepoint   ] Safepoint "Cleanup", Time since last: 10003259688 ns, Reaching safepoint: 46340 ns, At safepoint: 8319 ns, Total: 54659 ns
[2023-03-29T00:22:01.256+0000][5933][safepoint   ] Safepoint "Cleanup", Time since last: 20002412213 ns, Reaching safepoint: 72644 ns, At safepoint: 6813 ns, Total: 79457 ns
[2023-03-29T00:22:04.257+0000][5933][safepoint   ] Safepoint "Cleanup", Time since last: 3000804395 ns, Reaching safepoint: 80514 ns, At safepoint: 7723 ns, Total: 88237 ns
[2023-03-29T00:22:07.257+0000][5933][safepoint   ] Safepoint "Cleanup", Time since last: 3000329953 ns, Reaching safepoint: 176384 ns, At safepoint: 18022 ns, Total: 194406 ns
[2023-03-29T00:22:09.258+0000][5933][safepoint   ] Safepoint "Cleanup", Time since last: 2000355794 ns, Reaching safepoint: 57188 ns, At safepoint: 9244 ns, Total: 66432 ns
[2023-03-29T00:22:11.258+0000][5933][safepoint   ] Safepoint "Cleanup", Time since last: 2000310247 ns, Reaching safepoint: 69934 ns, At safepoint: 10342 ns, Total: 80276 ns
[2023-03-29T00:22:20.260+0000][5933][safepoint   ] Safepoint "Cleanup", Time since last: 9001681549 ns, Reaching safepoint: 69394 ns, At safepoint: 7635 ns, Total: 77029 ns
[2023-03-29T00:22:24.261+0000][5933][safepoint   ] Safepoint "Cleanup", Time since last: 4000742534 ns, Reaching safepoint: 76290 ns, At safepoint: 12009 ns, Total: 88299 ns
[2023-03-29T00:22:29.262+0000][5933][safepoint   ] Safepoint "Cleanup", Time since last: 5000744233 ns, Reaching safepoint: 45791 ns, At safepoint: 7012 ns, Total: 52803 ns
[2023-03-29T00:22:31.262+0000][5933][safepoint   ] Safepoint "Cleanup", Time since last: 2000293542 ns, Reaching safepoint: 45098 ns, At safepoint: 6983 ns, Total: 52081 ns
[2023-03-29T00:22:41.266+0000][5933][safepoint   ] Safepoint "Cleanup", Time since last: 10003579027 ns, Reaching safepoint: 72592 ns, At safepoint: 12667 ns, Total: 85259 ns
[2023-03-29T00:22:49.267+0000][5933][safepoint   ] Safepoint "Cleanup", Time since last: 8001319588 ns, Reaching safepoint: 112320 ns, At safepoint: 12597 ns, Total: 124917 ns
[2023-03-29T00:22:51.267+0000][5933][safepoint   ] Safepoint "Cleanup", Time since last: 2000288386 ns, Reaching safepoint: 48125 ns, At safepoint: 7379 ns, Total: 55504 ns
[2023-03-29T00:22:58.269+0000][5933][safepoint   ] Safepoint "Cleanup", Time since last: 7000981617 ns, Reaching safepoint: 71972 ns, At safepoint: 12235 ns, Total: 84207 ns
[2023-03-29T00:23:01.269+0000][5933][safepoint   ] Safepoint "Cleanup", Time since last: 3000531298 ns, Reaching safepoint: 73296 ns, At safepoint: 7130 ns, Total: 80426 ns
[2023-03-29T00:23:11.271+0000][5933][safepoint   ] Safepoint "Cleanup", Time since last: 10001287159 ns, Reaching safepoint: 75134 ns, At safepoint: 7219 ns, Total: 82353 ns
[2023-03-29T00:23:17.271+0000][5933][safepoint   ] Safepoint "Cleanup", Time since last: 6000887070 ns, Reaching safepoint: 75366 ns, At safepoint: 6861 ns, Total: 82227 ns
[2023-03-29T00:23:20.272+0000][5933][safepoint   ] Safepoint "Cleanup", Time since last: 3000465149 ns, Reaching safepoint: 127684 ns, At safepoint: 13479 ns, Total: 141163 ns
[2023-03-29T00:23:40.274+0000][5933][safepoint   ] Safepoint "Cleanup", Time since last: 20002210443 ns, Reaching safepoint: 116224 ns, At safepoint: 9352 ns, Total: 125576 ns
[2023-03-29T00:23:41.275+0000][5933][safepoint   ] Safepoint "Cleanup", Time since last: 1000208882 ns, Reaching safepoint: 56528 ns, At safepoint: 8850 ns, Total: 65378 ns
[2023-03-29T00:23:50.276+0000][5933][safepoint   ] Safepoint "Cleanup", Time since last: 9001126080 ns, Reaching safepoint: 57851 ns, At safepoint: 6970 ns, Total: 64821 ns
[2023-03-29T00:24:07.278+0000][5933][safepoint   ] Safepoint "Cleanup", Time since last: 17002253591 ns, Reaching safepoint: 52067 ns, At safepoint: 7118 ns, Total: 59185 ns
[2023-03-29T00:24:09.279+0000][5933][safepoint   ] Safepoint "Cleanup", Time since last: 2000351738 ns, Reaching safepoint: 71512 ns, At safepoint: 12597 ns, Total: 84109 ns
[2023-03-29T00:24:11.279+0000][5933][safepoint   ] Safepoint "Cleanup", Time since last: 2000271115 ns, Reaching safepoint: 110008 ns, At safepoint: 19699 ns, Total: 129707 ns
[2023-03-29T00:24:12.279+0000][5933][safepoint   ] Safepoint "Cleanup", Time since last: 1000216684 ns, Reaching safepoint: 55782 ns, At safepoint: 8485 ns, Total: 64267 ns
[2023-03-29T00:24:13.280+0000][5933][safepoint   ] Safepoint "Cleanup", Time since last: 1000219579 ns, Reaching safepoint: 76095 ns, At safepoint: 12562 ns, Total: 88657 ns
[2023-03-29T00:24:40.289+0000][5933][safepoint   ] Safepoint "Cleanup", Time since last: 27008562881 ns, Reaching safepoint: 1020696 ns, At safepoint: 10849 ns, Total: 1031545 ns
[2023-03-29T00:24:41.290+0000][5933][safepoint   ] Safepoint "Cleanup", Time since last: 1000125498 ns, Reaching safepoint: 704159 ns, At safepoint: 12371 ns, Total: 716530 ns
[2023-03-29T00:24:42.290+0000][5933][safepoint   ] Safepoint "Cleanup", Time since last: 1000117162 ns, Reaching safepoint: 45033 ns, At safepoint: 7574 ns, Total: 52607 ns
[2023-03-29T00:24:43.291+0000][5933][safepoint   ] Safepoint "Cleanup", Time since last: 1000195082 ns, Reaching safepoint: 70430 ns, At safepoint: 12172 ns, Total: 82602 ns
[2023-03-29T00:24:49.292+0000][5933][safepoint   ] Safepoint "Cleanup", Time since last: 6001848570 ns, Reaching safepoint: 70298 ns, At safepoint: 9605 ns, Total: 79903 ns
[2023-03-29T00:24:59.294+0000][5933][safepoint   ] Safepoint "Cleanup", Time since last: 10001745438 ns, Reaching safepoint: 72238 ns, At safepoint: 13090 ns, Total: 85328 ns
[2023-03-29T00:25:02.295+0000][5933][safepoint   ] Safepoint "Cleanup", Time since last: 3000488383 ns, Reaching safepoint: 39645 ns, At safepoint: 7058 ns, Total: 46703 ns
[2023-03-29T00:25:10.296+0000][5933][safepoint   ] Safepoint "Cleanup", Time since last: 8001129394 ns, Reaching safepoint: 133814 ns, At safepoint: 13508 ns, Total: 147322 ns
[2023-03-29T00:25:11.296+0000][5933][safepoint   ] Safepoint "Cleanup", Time since last: 1000145779 ns, Reaching safepoint: 69607 ns, At safepoint: 9380 ns, Total: 78987 ns
[2023-03-29T00:25:16.297+0000][5933][safepoint   ] Safepoint "Cleanup", Time since last: 5000660436 ns, Reaching safepoint: 66221 ns, At safepoint: 12292 ns, Total: 78513 ns
[2023-03-29T00:25:20.298+0000][5933][safepoint   ] Safepoint "Cleanup", Time since last: 4000614194 ns, Reaching safepoint: 36704 ns, At safepoint: 6776 ns, Total: 43480 ns
[2023-03-29T00:25:40.301+0000][5933][safepoint   ] Safepoint "Cleanup", Time since last: 20002909327 ns, Reaching safepoint: 141097 ns, At safepoint: 9575 ns, Total: 150672 ns
[2023-03-29T00:26:08.305+0000][5933][safepoint   ] Safepoint "Cleanup", Time since last: 28003745071 ns, Reaching safepoint: 61910 ns, At safepoint: 7053 ns, Total: 68963 ns
[2023-03-29T00:26:10.305+0000][5933][safepoint   ] Safepoint "Cleanup", Time since last: 2000480561 ns, Reaching safepoint: 39035 ns, At safepoint: 6818 ns, Total: 45853 ns
[2023-03-29T00:26:11.305+0000][5933][safepoint   ] Safepoint "Cleanup", Time since last: 1000155151 ns, Reaching safepoint: 64023 ns, At safepoint: 11937 ns, Total: 75960 ns
[2023-03-29T00:26:40.309+0000][5933][safepoint   ] Safepoint "Cleanup", Time since last: 29003993161 ns, Reaching safepoint: 157303 ns, At safepoint: 10631 ns, Total: 167934 ns
[2023-03-29T00:26:48.311+0000][5933][safepoint   ] Safepoint "Cleanup", Time since last: 8001176218 ns, Reaching safepoint: 55526 ns, At safepoint: 12302 ns, Total: 67828 ns
[2023-03-29T00:26:50.311+0000][5933][safepoint   ] Safepoint "Cleanup", Time since last: 2000326391 ns, Reaching safepoint: 43942 ns, At safepoint: 6609 ns, Total: 50551 ns
[2023-03-29T00:26:56.312+0000][5933][safepoint   ] Safepoint "Cleanup", Time since last: 6000894632 ns, Reaching safepoint: 65302 ns, At safepoint: 7266 ns, Total: 72568 ns
[2023-03-29T00:26:59.313+0000][5933][safepoint   ] Safepoint "Cleanup", Time since last: 3000480196 ns, Reaching safepoint: 42389 ns, At safepoint: 6909 ns, Total: 49298 ns
[2023-03-29T00:27:10.314+0000][5933][safepoint   ] Safepoint "Cleanup", Time since last: 11001561297 ns, Reaching safepoint: 56179 ns, At safepoint: 6714 ns, Total: 62893 ns
[2023-03-29T00:27:50.319+0000][5933][safepoint   ] Safepoint "Cleanup", Time since last: 40005112823 ns, Reaching safepoint: 125594 ns, At safepoint: 12507 ns, Total: 138101 ns
[2023-03-29T00:28:10.322+0000][5933][safepoint   ] Safepoint "Cleanup", Time since last: 20002407777 ns, Reaching safepoint: 63112 ns, At safepoint: 6910 ns, Total: 70022 ns
[2023-03-29T00:28:11.322+0000][5933][safepoint   ] Safepoint "Cleanup", Time since last: 1000181471 ns, Reaching safepoint: 44371 ns, At safepoint: 7385 ns, Total: 51756 ns
[2023-03-29T00:28:18.323+0000][5933][safepoint   ] Safepoint "Cleanup", Time since last: 7001037356 ns, Reaching safepoint: 69950 ns, At safepoint: 12092 ns, Total: 82042 ns
[2023-03-29T00:28:20.324+0000][5933][safepoint   ] Safepoint "Cleanup", Time since last: 2000317652 ns, Reaching safepoint: 67318 ns, At safepoint: 12162 ns, Total: 79480 ns
[2023-03-29T00:28:22.324+0000][5933][safepoint   ] Safepoint "Cleanup", Time since last: 2000377421 ns, Reaching safepoint: 76815 ns, At safepoint: 13310 ns, Total: 90125 ns
[2023-03-29T00:28:40.330+0000][5933][safepoint   ] Safepoint "Cleanup", Time since last: 18005884425 ns, Reaching safepoint: 67618 ns, At safepoint: 7923 ns, Total: 75541 ns
[2023-03-29T00:28:43.331+0000][5933][safepoint   ] Safepoint "Cleanup", Time since last: 3000421147 ns, Reaching safepoint: 71232 ns, At safepoint: 12508 ns, Total: 83740 ns
[2023-03-29T00:28:50.332+0000][5933][safepoint   ] Safepoint "Cleanup", Time since last: 7000935747 ns, Reaching safepoint: 45425 ns, At safepoint: 6936 ns, Total: 52361 ns
[2023-03-29T00:29:18.336+0000][5933][safepoint   ] Safepoint "Cleanup", Time since last: 28003840097 ns, Reaching safepoint: 88780 ns, At safepoint: 10761 ns, Total: 99541 ns
[2023-03-29T00:29:36.338+0000][5933][safepoint   ] Safepoint "Cleanup", Time since last: 18002271160 ns, Reaching safepoint: 91957 ns, At safepoint: 7390 ns, Total: 99347 ns
[2023-03-29T00:29:40.339+0000][5933][safepoint   ] Safepoint "Cleanup", Time since last: 4000587340 ns, Reaching safepoint: 63539 ns, At safepoint: 7171 ns, Total: 70710 ns
[2023-03-29T00:29:41.339+0000][5933][safepoint   ] Safepoint "Cleanup", Time since last: 1000199762 ns, Reaching safepoint: 71620 ns, At safepoint: 12185 ns, Total: 83805 ns
[2023-03-29T00:29:50.340+0000][5933][safepoint   ] Safepoint "Cleanup", Time since last: 9001139937 ns, Reaching safepoint: 72448 ns, At safepoint: 11631 ns, Total: 84079 ns
[2023-03-29T00:30:10.343+0000][5933][safepoint   ] Safepoint "Cleanup", Time since last: 20002825599 ns, Reaching safepoint: 154874 ns, At safepoint: 11095 ns, Total: 165969 ns
[2023-03-29T00:30:13.344+0000][5933][safepoint   ] Safepoint "Cleanup", Time since last: 3000421588 ns, Reaching safepoint: 42576 ns, At safepoint: 7077 ns, Total: 49653 ns
[2023-03-29T00:30:40.347+0000][5933][safepoint   ] Safepoint "Cleanup", Time since last: 27003442123 ns, Reaching safepoint: 100728 ns, At safepoint: 8526 ns, Total: 109254 ns
[2023-03-29T00:31:00.350+0000][5933][safepoint   ] Safepoint "Cleanup", Time since last: 20002862762 ns, Reaching safepoint: 56805 ns, At safepoint: 12577 ns, Total: 69382 ns
[2023-03-29T00:31:06.351+0000][5933][safepoint   ] Safepoint "Cleanup", Time since last: 6000875679 ns, Reaching safepoint: 41045 ns, At safepoint: 6698 ns, Total: 47743 ns
[2023-03-29T00:31:10.352+0000][5933][safepoint   ] Safepoint "Cleanup", Time since last: 4000581830 ns, Reaching safepoint: 45837 ns, At safepoint: 7198 ns, Total: 53035 ns
[2023-03-29T00:31:11.352+0000][5933][safepoint   ] Safepoint "Cleanup", Time since last: 1000161743 ns, Reaching safepoint: 48989 ns, At safepoint: 6814 ns, Total: 55803 ns
[2023-03-29T00:31:40.356+0000][5933][safepoint   ] Safepoint "Cleanup", Time since last: 29004040368 ns, Reaching safepoint: 83452 ns, At safepoint: 7403 ns, Total: 90855 ns
[2023-03-29T00:31:48.357+0000][5933][safepoint   ] Safepoint "Cleanup", Time since last: 8001040313 ns, Reaching safepoint: 69226 ns, At safepoint: 12234 ns, Total: 81460 ns
[2023-03-29T00:32:10.360+0000][5933][safepoint   ] Safepoint "Cleanup", Time since last: 22003032651 ns, Reaching safepoint: 67239 ns, At safepoint: 6846 ns, Total: 74085 ns
[2023-03-29T00:32:11.360+0000][5933][safepoint   ] Safepoint "Cleanup", Time since last: 1000163563 ns, Reaching safepoint: 71468 ns, At safepoint: 6695 ns, Total: 78163 ns
[2023-03-29T00:32:20.362+0000][5933][safepoint   ] Safepoint "Cleanup", Time since last: 9001185080 ns, Reaching safepoint: 42480 ns, At safepoint: 6578 ns, Total: 49058 ns
[2023-03-29T00:32:40.364+0000][5933][safepoint   ] Safepoint "Cleanup", Time since last: 20002576980 ns, Reaching safepoint: 76035 ns, At safepoint: 7294 ns, Total: 83329 ns
[2023-03-29T00:32:50.366+0000][5933][safepoint   ] Safepoint "Cleanup", Time since last: 10001447394 ns, Reaching safepoint: 42808 ns, At safepoint: 6739 ns, Total: 49547 ns
[2023-03-29T00:33:10.368+0000][5933][safepoint   ] Safepoint "Cleanup", Time since last: 20002512641 ns, Reaching safepoint: 69137 ns, At safepoint: 7443 ns, Total: 76580 ns
[2023-03-29T00:33:11.369+0000][5933][safepoint   ] Safepoint "Cleanup", Time since last: 1000168941 ns, Reaching safepoint: 45944 ns, At safepoint: 7075 ns, Total: 53019 ns
[2023-03-29T00:33:23.370+0000][5933][safepoint   ] Safepoint "Cleanup", Time since last: 12001756174 ns, Reaching safepoint: 67876 ns, At safepoint: 6492 ns, Total: 74368 ns
[2023-03-29T00:33:40.375+0000][5933][safepoint   ] Safepoint "Cleanup", Time since last: 17004729864 ns, Reaching safepoint: 162429 ns, At safepoint: 10481 ns, Total: 172910 ns
[2023-03-29T00:33:43.376+0000][5933][safepoint   ] Safepoint "Cleanup", Time since last: 3000437865 ns, Reaching safepoint: 47239 ns, At safepoint: 8223 ns, Total: 55462 ns
[2023-03-29T00:33:47.376+0000][5933][safepoint   ] Safepoint "Cleanup", Time since last: 4000473395 ns, Reaching safepoint: 55880 ns, At safepoint: 8379 ns, Total: 64259 ns
[2023-03-29T00:33:49.377+0000][5933][safepoint   ] Safepoint "Cleanup", Time since last: 2000347496 ns, Reaching safepoint: 86153 ns, At safepoint: 12247 ns, Total: 98400 ns
[2023-03-29T00:33:54.378+0000][5933][safepoint   ] Safepoint "Cleanup", Time since last: 5000597758 ns, Reaching safepoint: 49763 ns, At safepoint: 6537 ns, Total: 56300 ns
[2023-03-29T00:33:55.378+0000][5933][safepoint   ] Safepoint "Cleanup", Time since last: 1000196931 ns, Reaching safepoint: 44607 ns, At safepoint: 6553 ns, Total: 51160 ns
[2023-03-29T00:34:00.379+0000][5933][safepoint   ] Safepoint "Cleanup", Time since last: 5000716832 ns, Reaching safepoint: 74401 ns, At safepoint: 12345 ns, Total: 86746 ns
[2023-03-29T00:34:09.380+0000][5933][safepoint   ] Safepoint "Cleanup", Time since last: 9001198462 ns, Reaching safepoint: 67224 ns, At safepoint: 7004 ns, Total: 74228 ns
[2023-03-29T00:34:11.348+0000][5933][safepoint   ] Safepoint "Cleanup", Time since last: 1967550428 ns, Reaching safepoint: 139502 ns, At safepoint: 13119 ns, Total: 152621 ns
[2023-03-29T00:34:12.348+0000][5933][safepoint   ] Safepoint "Cleanup", Time since last: 1000242739 ns, Reaching safepoint: 46038 ns, At safepoint: 6520 ns, Total: 52558 ns
[2023-03-29T00:34:16.348+0000][5933][safepoint   ] Safepoint "Cleanup", Time since last: 4000546633 ns, Reaching safepoint: 48048 ns, At safepoint: 8178 ns, Total: 56226 ns
[2023-03-29T00:34:17.349+0000][5933][safepoint   ] Safepoint "Cleanup", Time since last: 1000197057 ns, Reaching safepoint: 44518 ns, At safepoint: 6521 ns, Total: 51039 ns
[2023-03-29T00:34:22.349+0000][5933][safepoint   ] Safepoint "Cleanup", Time since last: 5000608871 ns, Reaching safepoint: 66871 ns, At safepoint: 12037 ns, Total: 78908 ns
[2023-03-29T00:34:41.352+0000][5933][safepoint   ] Safepoint "Cleanup", Time since last: 19002638597 ns, Reaching safepoint: 71494 ns, At safepoint: 6658 ns, Total: 78152 ns
[2023-03-29T00:34:48.353+0000][5933][safepoint   ] Safepoint "Cleanup", Time since last: 7001052156 ns, Reaching safepoint: 67905 ns, At safepoint: 11758 ns, Total: 79663 ns
[2023-03-29T00:34:50.354+0000][5933][safepoint   ] Safepoint "Cleanup", Time since last: 2000325924 ns, Reaching safepoint: 85246 ns, At safepoint: 16887 ns, Total: 102133 ns
[2023-03-29T00:34:51.354+0000][5933][safepoint   ] Safepoint "Cleanup", Time since last: 1000218285 ns, Reaching safepoint: 66326 ns, At safepoint: 14063 ns, Total: 80389 ns
[2023-03-29T00:34:59.355+0000][5933][safepoint   ] Safepoint "Cleanup", Time since last: 8001087543 ns, Reaching safepoint: 51079 ns, At safepoint: 6748 ns, Total: 57827 ns
[2023-03-29T00:35:00.355+0000][5933][safepoint   ] Safepoint "Cleanup", Time since last: 1000116093 ns, Reaching safepoint: 157772 ns, At safepoint: 10560 ns, Total: 168332 ns
[2023-03-29T00:35:01.356+0000][5933][safepoint   ] Safepoint "Cleanup", Time since last: 1000215219 ns, Reaching safepoint: 67360 ns, At safepoint: 12023 ns, Total: 79383 ns
[2023-03-29T00:35:06.356+0000][5933][safepoint   ] Safepoint "Cleanup", Time since last: 5000747410 ns, Reaching safepoint: 59971 ns, At safepoint: 11764 ns, Total: 71735 ns
[2023-03-29T00:35:11.358+0000][5933][safepoint   ] Safepoint "Cleanup", Time since last: 5001117990 ns, Reaching safepoint: 64449 ns, At safepoint: 12032 ns, Total: 76481 ns
[2023-03-29T00:35:12.358+0000][5933][safepoint   ] Safepoint "Cleanup", Time since last: 1000169465 ns, Reaching safepoint: 59654 ns, At safepoint: 6563 ns, Total: 66217 ns
[2023-03-29T00:35:20.359+0000][5933][safepoint   ] Safepoint "Cleanup", Time since last: 8001120743 ns, Reaching safepoint: 57784 ns, At safepoint: 8567 ns, Total: 66351 ns
[2023-03-29T00:35:31.361+0000][5933][safepoint   ] Safepoint "Cleanup", Time since last: 11001660986 ns, Reaching safepoint: 58811 ns, At safepoint: 6817 ns, Total: 65628 ns
[2023-03-29T00:35:36.362+0000][5933][safepoint   ] Safepoint "Cleanup", Time since last: 5000751111 ns, Reaching safepoint: 48648 ns, At safepoint: 6848 ns, Total: 55496 ns
[2023-03-29T00:35:40.362+0000][5933][safepoint   ] Safepoint "Cleanup", Time since last: 4000383363 ns, Reaching safepoint: 62907 ns, At safepoint: 9163 ns, Total: 72070 ns
[2023-03-29T00:35:41.362+0000][5933][safepoint   ] Safepoint "Cleanup", Time since last: 1000169777 ns, Reaching safepoint: 76163 ns, At safepoint: 17622 ns, Total: 93785 ns
[2023-03-29T00:35:50.364+0000][5933][safepoint   ] Safepoint "Cleanup", Time since last: 9001302060 ns, Reaching safepoint: 73728 ns, At safepoint: 12530 ns, Total: 86258 ns
[2023-03-29T00:36:10.367+0000][5933][safepoint   ] Safepoint "Cleanup", Time since last: 20002773886 ns, Reaching safepoint: 72540 ns, At safepoint: 6670 ns, Total: 79210 ns
[2023-03-29T00:36:11.367+0000][5933][safepoint   ] Safepoint "Cleanup", Time since last: 1000172927 ns, Reaching safepoint: 45501 ns, At safepoint: 8168 ns, Total: 53669 ns
[2023-03-29T00:36:18.368+0000][5933][safepoint   ] Safepoint "Cleanup", Time since last: 7001030935 ns, Reaching safepoint: 49849 ns, At safepoint: 6745 ns, Total: 56594 ns
[2023-03-29T00:36:40.371+0000][5933][safepoint   ] Safepoint "Cleanup", Time since last: 22002960953 ns, Reaching safepoint: 76114 ns, At safepoint: 6690 ns, Total: 82804 ns
[2023-03-29T00:36:48.372+0000][5933][safepoint   ] Safepoint "Cleanup", Time since last: 8001060444 ns, Reaching safepoint: 45600 ns, At safepoint: 6333 ns, Total: 51933 ns
[2023-03-29T00:36:50.372+0000][5933][safepoint   ] Safepoint "Cleanup", Time since last: 2000348016 ns, Reaching safepoint: 77751 ns, At safepoint: 6769 ns, Total: 84520 ns
[2023-03-29T00:36:51.373+0000][5933][safepoint   ] Safepoint "Cleanup", Time since last: 1000139281 ns, Reaching safepoint: 71213 ns, At safepoint: 12524 ns, Total: 83737 ns
[2023-03-29T00:37:00.374+0000][5933][safepoint   ] Safepoint "Cleanup", Time since last: 9001291925 ns, Reaching safepoint: 43281 ns, At safepoint: 6413 ns, Total: 49694 ns
[2023-03-29T00:37:10.376+0000][5933][safepoint   ] Safepoint "Cleanup", Time since last: 10001418732 ns, Reaching safepoint: 68463 ns, At safepoint: 11892 ns, Total: 80355 ns
[2023-03-29T00:37:46.380+0000][5933][safepoint   ] Safepoint "Cleanup", Time since last: 36004679455 ns, Reaching safepoint: 117020 ns, At safepoint: 12284 ns, Total: 129304 ns
[2023-03-29T00:38:00.383+0000][5933][safepoint   ] Safepoint "Cleanup", Time since last: 14002079299 ns, Reaching safepoint: 47320 ns, At safepoint: 8269 ns, Total: 55589 ns
[2023-03-29T00:38:07.384+0000][5933][safepoint   ] Safepoint "Cleanup", Time since last: 7001123123 ns, Reaching safepoint: 71718 ns, At safepoint: 12117 ns, Total: 83835 ns
[2023-03-29T00:38:10.384+0000][5933][safepoint   ] Safepoint "Cleanup", Time since last: 3000442918 ns, Reaching safepoint: 43926 ns, At safepoint: 6318 ns, Total: 50244 ns
[2023-03-29T00:38:20.386+0000][5933][safepoint   ] Safepoint "Cleanup", Time since last: 10001360626 ns, Reaching safepoint: 49618 ns, At safepoint: 7287 ns, Total: 56905 ns
[2023-03-29T00:38:30.387+0000][5933][safepoint   ] Safepoint "Cleanup", Time since last: 10001560694 ns, Reaching safepoint: 83690 ns, At safepoint: 7292 ns, Total: 90982 ns
[2023-03-29T00:38:42.389+0000][5933][safepoint   ] Safepoint "Cleanup", Time since last: 12001679415 ns, Reaching safepoint: 83496 ns, At safepoint: 13939 ns, Total: 97435 ns
[2023-03-29T00:38:50.390+0000][5933][safepoint   ] Safepoint "Cleanup", Time since last: 8001131543 ns, Reaching safepoint: 66018 ns, At safepoint: 11226 ns, Total: 77244 ns
[2023-03-29T00:39:17.394+0000][5933][safepoint   ] Safepoint "Cleanup", Time since last: 27003828251 ns, Reaching safepoint: 71822 ns, At safepoint: 14311 ns, Total: 86133 ns
[2023-03-29T00:39:30.396+0000][5933][safepoint   ] Safepoint "Cleanup", Time since last: 13001794063 ns, Reaching safepoint: 45608 ns, At safepoint: 6809 ns, Total: 52417 ns
[2023-03-29T00:39:50.399+0000][5933][safepoint   ] Safepoint "Cleanup", Time since last: 20002496037 ns, Reaching safepoint: 63946 ns, At safepoint: 6723 ns, Total: 70669 ns
[2023-03-29T00:40:01.400+0000][5933][safepoint   ] Safepoint "Cleanup", Time since last: 11001449362 ns, Reaching safepoint: 59412 ns, At safepoint: 6637 ns, Total: 66049 ns
[2023-03-29T00:40:28.404+0000][5933][safepoint   ] Safepoint "Cleanup", Time since last: 27003847209 ns, Reaching safepoint: 66138 ns, At safepoint: 6998 ns, Total: 73136 ns
[2023-03-29T00:40:29.404+0000][5933][safepoint   ] Safepoint "Cleanup", Time since last: 1000182733 ns, Reaching safepoint: 72864 ns, At safepoint: 11972 ns, Total: 84836 ns
[2023-03-29T00:40:39.406+0000][5933][safepoint   ] Safepoint "Cleanup", Time since last: 10001438298 ns, Reaching safepoint: 45756 ns, At safepoint: 8465 ns, Total: 54221 ns
[2023-03-29T00:40:41.406+0000][5933][safepoint   ] Safepoint "Cleanup", Time since last: 2000226214 ns, Reaching safepoint: 38458 ns, At safepoint: 6253 ns, Total: 44711 ns
[2023-03-29T00:40:48.407+0000][5933][safepoint   ] Safepoint "Cleanup", Time since last: 7001114282 ns, Reaching safepoint: 59763 ns, At safepoint: 12579 ns, Total: 72342 ns
[2023-03-29T00:40:50.408+0000][5933][safepoint   ] Safepoint "Cleanup", Time since last: 2000309236 ns, Reaching safepoint: 68011 ns, At safepoint: 13117 ns, Total: 81128 ns
[2023-03-29T00:40:51.408+0000][5933][safepoint   ] Safepoint "Cleanup", Time since last: 1000248548 ns, Reaching safepoint: 53354 ns, At safepoint: 6677 ns, Total: 60031 ns
[2023-03-29T00:41:00.409+0000][5933][safepoint   ] Safepoint "Cleanup", Time since last: 9001195869 ns, Reaching safepoint: 43187 ns, At safepoint: 6428 ns, Total: 49615 ns
[2023-03-29T00:41:10.411+0000][5933][safepoint   ] Safepoint "Cleanup", Time since last: 10001403131 ns, Reaching safepoint: 66723 ns, At safepoint: 6749 ns, Total: 73472 ns
[2023-03-29T00:41:11.411+0000][5933][safepoint   ] Safepoint "Cleanup", Time since last: 1000147094 ns, Reaching safepoint: 78471 ns, At safepoint: 17499 ns, Total: 95970 ns
[2023-03-29T00:41:20.412+0000][5933][safepoint   ] Safepoint "Cleanup", Time since last: 9001370795 ns, Reaching safepoint: 69429 ns, At safepoint: 11999 ns, Total: 81428 ns
[2023-03-29T00:41:21.413+0000][5933][safepoint   ] Safepoint "Cleanup", Time since last: 1000228293 ns, Reaching safepoint: 46871 ns, At safepoint: 6540 ns, Total: 53411 ns
[2023-03-29T00:42:10.419+0000][5933][safepoint   ] Safepoint "Cleanup", Time since last: 49006484845 ns, Reaching safepoint: 75820 ns, At safepoint: 6791 ns, Total: 82611 ns
[2023-03-29T00:42:20.421+0000][5933][safepoint   ] Safepoint "Cleanup", Time since last: 10001321288 ns, Reaching safepoint: 85269 ns, At safepoint: 18071 ns, Total: 103340 ns
[2023-03-29T00:42:30.422+0000][5933][safepoint   ] Safepoint "Cleanup", Time since last: 10001432336 ns, Reaching safepoint: 104530 ns, At safepoint: 12485 ns, Total: 117015 ns
[2023-03-29T00:42:40.423+0000][5933][safepoint   ] Safepoint "Cleanup", Time since last: 10001239646 ns, Reaching safepoint: 45522 ns, At safepoint: 7232 ns, Total: 52754 ns
[2023-03-29T00:42:48.425+0000][5933][safepoint   ] Safepoint "Cleanup", Time since last: 8001312061 ns, Reaching safepoint: 46891 ns, At safepoint: 6662 ns, Total: 53553 ns
[2023-03-29T00:42:58.426+0000][5933][safepoint   ] Safepoint "Cleanup", Time since last: 10001476095 ns, Reaching safepoint: 66920 ns, At safepoint: 18411 ns, Total: 85331 ns
[2023-03-29T00:43:10.428+0000][5933][safepoint   ] Safepoint "Cleanup", Time since last: 12001524950 ns, Reaching safepoint: 43503 ns, At safepoint: 7101 ns, Total: 50604 ns
[2023-03-29T00:43:30.431+0000][5933][safepoint   ] Safepoint "Cleanup", Time since last: 20002748953 ns, Reaching safepoint: 102015 ns, At safepoint: 7479 ns, Total: 109494 ns
[2023-03-29T00:43:35.432+0000][5933][safepoint   ] Safepoint "Cleanup", Time since last: 5000716312 ns, Reaching safepoint: 45346 ns, At safepoint: 6756 ns, Total: 52102 ns
[2023-03-29T00:43:40.432+0000][5933][safepoint   ] Safepoint "Cleanup", Time since last: 5000630835 ns, Reaching safepoint: 51962 ns, At safepoint: 6938 ns, Total: 58900 ns
[2023-03-29T00:44:10.436+0000][5933][safepoint   ] Safepoint "Cleanup", Time since last: 30003914787 ns, Reaching safepoint: 68554 ns, At safepoint: 6946 ns, Total: 75500 ns
[2023-03-29T00:44:11.436+0000][5933][safepoint   ] Safepoint "Cleanup", Time since last: 1000159352 ns, Reaching safepoint: 50778 ns, At safepoint: 6614 ns, Total: 57392 ns
[2023-03-29T00:44:12.437+0000][5933][safepoint   ] Safepoint "Cleanup", Time since last: 1000222112 ns, Reaching safepoint: 70229 ns, At safepoint: 11237 ns, Total: 81466 ns
[2023-03-29T00:44:40.443+0000][5933][safepoint   ] Safepoint "Cleanup", Time since last: 28005884664 ns, Reaching safepoint: 54076 ns, At safepoint: 7159 ns, Total: 61235 ns
[2023-03-29T00:44:48.444+0000][5933][safepoint   ] Safepoint "Cleanup", Time since last: 8001230298 ns, Reaching safepoint: 61685 ns, At safepoint: 10276 ns, Total: 71961 ns
[2023-03-29T00:44:58.446+0000][5933][safepoint   ] Safepoint "Cleanup", Time since last: 10001438604 ns, Reaching safepoint: 76075 ns, At safepoint: 6919 ns, Total: 82994 ns
[2023-03-29T00:45:10.447+0000][5933][safepoint   ] Safepoint "Cleanup", Time since last: 12001811626 ns, Reaching safepoint: 74926 ns, At safepoint: 12193 ns, Total: 87119 ns
[2023-03-29T00:45:20.449+0000][5933][safepoint   ] Safepoint "Cleanup", Time since last: 10001593063 ns, Reaching safepoint: 71547 ns, At safepoint: 10887 ns, Total: 82434 ns
[2023-03-29T00:45:30.451+0000][5933][safepoint   ] Safepoint "Cleanup", Time since last: 10001277107 ns, Reaching safepoint: 123558 ns, At safepoint: 7106 ns, Total: 130664 ns
[2023-03-29T00:46:07.455+0000][5933][safepoint   ] Safepoint "Cleanup", Time since last: 37004501471 ns, Reaching safepoint: 76555 ns, At safepoint: 8155 ns, Total: 84710 ns
[2023-03-29T00:46:20.457+0000][5933][safepoint   ] Safepoint "Cleanup", Time since last: 13001892920 ns, Reaching safepoint: 68519 ns, At safepoint: 11878 ns, Total: 80397 ns
[2023-03-29T00:47:32.467+0000][5933][safepoint   ] Safepoint "Cleanup", Time since last: 72009587836 ns, Reaching safepoint: 89529 ns, At safepoint: 7081 ns, Total: 96610 ns
[2023-03-29T00:47:40.468+0000][5933][safepoint   ] Safepoint "Cleanup", Time since last: 8001165064 ns, Reaching safepoint: 45873 ns, At safepoint: 6950 ns, Total: 52823 ns
[2023-03-29T00:47:41.468+0000][5933][safepoint   ] Safepoint "Cleanup", Time since last: 1000155890 ns, Reaching safepoint: 47288 ns, At safepoint: 7072 ns, Total: 54360 ns
[2023-03-29T00:47:53.470+0000][5933][safepoint   ] Safepoint "Cleanup", Time since last: 12001580031 ns, Reaching safepoint: 92771 ns, At safepoint: 9421 ns, Total: 102192 ns
[2023-03-29T00:48:09.472+0000][5933][safepoint   ] Safepoint "Cleanup", Time since last: 16001974717 ns, Reaching safepoint: 81866 ns, At safepoint: 7833 ns, Total: 89699 ns
[2023-03-29T00:48:20.473+0000][5933][safepoint   ] Safepoint "Cleanup", Time since last: 11001225702 ns, Reaching safepoint: 60926 ns, At safepoint: 13353 ns, Total: 74279 ns
[2023-03-29T00:48:51.477+0000][5933][safepoint   ] Safepoint "Cleanup", Time since last: 31004110870 ns, Reaching safepoint: 85563 ns, At safepoint: 7038 ns, Total: 92601 ns
[2023-03-29T00:49:10.480+0000][5933][safepoint   ] Safepoint "Cleanup", Time since last: 19002627347 ns, Reaching safepoint: 108108 ns, At safepoint: 13017 ns, Total: 121125 ns
[2023-03-29T00:49:11.480+0000][5933][safepoint   ] Safepoint "Cleanup", Time since last: 1000153072 ns, Reaching safepoint: 56342 ns, At safepoint: 9882 ns, Total: 66224 ns
[2023-03-29T00:49:13.481+0000][5933][safepoint   ] Safepoint "Cleanup", Time since last: 2000332836 ns, Reaching safepoint: 57491 ns, At safepoint: 8975 ns, Total: 66466 ns
[2023-03-29T00:49:40.485+0000][5933][safepoint   ] Safepoint "Cleanup", Time since last: 27003791079 ns, Reaching safepoint: 95441 ns, At safepoint: 7508 ns, Total: 102949 ns
[2023-03-29T00:49:46.486+0000][5933][safepoint   ] Safepoint "Cleanup", Time since last: 6000859669 ns, Reaching safepoint: 48962 ns, At safepoint: 6749 ns, Total: 55711 ns
[2023-03-29T00:50:00.488+0000][5933][safepoint   ] Safepoint "Cleanup", Time since last: 14002270410 ns, Reaching safepoint: 71078 ns, At safepoint: 6699 ns, Total: 77777 ns
[2023-03-29T00:50:10.490+0000][5933][safepoint   ] Safepoint "Cleanup", Time since last: 10001624659 ns, Reaching safepoint: 84935 ns, At safepoint: 12257 ns, Total: 97192 ns
[2023-03-29T00:50:21.492+0000][5933][safepoint   ] Safepoint "Cleanup", Time since last: 11001705865 ns, Reaching safepoint: 118464 ns, At safepoint: 29311 ns, Total: 147775 ns
[2023-03-29T00:50:40.495+0000][5933][safepoint   ] Safepoint "Cleanup", Time since last: 19002789636 ns, Reaching safepoint: 132285 ns, At safepoint: 13197 ns, Total: 145482 ns
[2023-03-29T00:51:16.499+0000][5933][safepoint   ] Safepoint "Cleanup", Time since last: 36004858289 ns, Reaching safepoint: 75824 ns, At safepoint: 6945 ns, Total: 82769 ns
[2023-03-29T00:51:40.503+0000][5933][safepoint   ] Safepoint "Cleanup", Time since last: 24003224381 ns, Reaching safepoint: 97271 ns, At safepoint: 9669 ns, Total: 106940 ns
[2023-03-29T00:52:10.507+0000][5933][safepoint   ] Safepoint "Cleanup", Time since last: 30003981625 ns, Reaching safepoint: 79263 ns, At safepoint: 7052 ns, Total: 86315 ns
[2023-03-29T00:52:30.510+0000][5933][safepoint   ] Safepoint "Cleanup", Time since last: 20002587862 ns, Reaching safepoint: 85533 ns, At safepoint: 13986 ns, Total: 99519 ns
[2023-03-29T00:52:40.511+0000][5933][safepoint   ] Safepoint "Cleanup", Time since last: 10001228078 ns, Reaching safepoint: 61262 ns, At safepoint: 11899 ns, Total: 73161 ns
[2023-03-29T00:52:41.511+0000][5933][safepoint   ] Safepoint "Cleanup", Time since last: 1000177039 ns, Reaching safepoint: 48494 ns, At safepoint: 8821 ns, Total: 57315 ns
[2023-03-29T00:52:54.513+0000][5933][safepoint   ] Safepoint "Cleanup", Time since last: 13001769022 ns, Reaching safepoint: 158685 ns, At safepoint: 14459 ns, Total: 173144 ns
[2023-03-29T00:53:10.515+0000][5933][safepoint   ] Safepoint "Cleanup", Time since last: 16002246975 ns, Reaching safepoint: 77230 ns, At safepoint: 12149 ns, Total: 89379 ns
[2023-03-29T00:53:40.520+0000][5933][safepoint   ] Safepoint "Cleanup", Time since last: 30004233500 ns, Reaching safepoint: 93827 ns, At safepoint: 7166 ns, Total: 100993 ns
[2023-03-29T00:53:42.520+0000][5933][safepoint   ] Safepoint "Cleanup", Time since last: 2000364175 ns, Reaching safepoint: 92191 ns, At safepoint: 16630 ns, Total: 108821 ns
[2023-03-29T00:54:10.524+0000][5933][safepoint   ] Safepoint "Cleanup", Time since last: 28003842561 ns, Reaching safepoint: 106419 ns, At safepoint: 12477 ns, Total: 118896 ns
[2023-03-29T00:54:12.525+0000][5933][safepoint   ] Safepoint "Cleanup", Time since last: 2000367368 ns, Reaching safepoint: 71678 ns, At safepoint: 12532 ns, Total: 84210 ns
[2023-03-29T00:54:40.529+0000][5933][safepoint   ] Safepoint "Cleanup", Time since last: 28004099828 ns, Reaching safepoint: 77246 ns, At safepoint: 6745 ns, Total: 83991 ns
[2023-03-29T00:54:41.529+0000][5933][safepoint   ] Safepoint "Cleanup", Time since last: 1000183994 ns, Reaching safepoint: 48872 ns, At safepoint: 6507 ns, Total: 55379 ns
[2023-03-29T00:54:50.530+0000][5933][safepoint   ] Safepoint "Cleanup", Time since last: 9001334482 ns, Reaching safepoint: 70600 ns, At safepoint: 11893 ns, Total: 82493 ns
[2023-03-29T00:55:10.533+0000][5933][safepoint   ] Safepoint "Cleanup", Time since last: 20002879703 ns, Reaching safepoint: 81324 ns, At safepoint: 15153 ns, Total: 96477 ns
[2023-03-29T00:55:57.540+0000][5933][safepoint   ] Safepoint "Cleanup", Time since last: 47006537306 ns, Reaching safepoint: 107119 ns, At safepoint: 22541 ns, Total: 129660 ns
[2023-03-29T00:56:00.541+0000][5933][safepoint   ] Safepoint "Cleanup", Time since last: 3000518116 ns, Reaching safepoint: 52128 ns, At safepoint: 10229 ns, Total: 62357 ns
[2023-03-29T00:56:12.542+0000][5933][safepoint   ] Safepoint "Cleanup", Time since last: 12001597250 ns, Reaching safepoint: 91522 ns, At safepoint: 14080 ns, Total: 105602 ns
[2023-03-29T00:56:40.546+0000][5933][safepoint   ] Safepoint "Cleanup", Time since last: 28003737763 ns, Reaching safepoint: 93389 ns, At safepoint: 7532 ns, Total: 100921 ns
[2023-03-29T00:57:10.551+0000][5933][safepoint   ] Safepoint "Cleanup", Time since last: 30004516478 ns, Reaching safepoint: 111601 ns, At safepoint: 12235 ns, Total: 123836 ns
[2023-03-29T00:58:10.559+0000][5933][safepoint   ] Safepoint "Cleanup", Time since last: 60008162564 ns, Reaching safepoint: 84690 ns, At safepoint: 7112 ns, Total: 91802 ns
[2023-03-29T00:59:11.567+0000][5933][safepoint   ] Safepoint "Cleanup", Time since last: 61007392621 ns, Reaching safepoint: 69048 ns, At safepoint: 6626 ns, Total: 75674 ns
[2023-03-29T00:59:20.568+0000][5933][safepoint   ] Safepoint "Cleanup", Time since last: 9001008969 ns, Reaching safepoint: 46789 ns, At safepoint: 6814 ns, Total: 53603 ns
[2023-03-29T00:59:40.571+0000][5933][safepoint   ] Safepoint "Cleanup", Time since last: 20002832860 ns, Reaching safepoint: 77485 ns, At safepoint: 6693 ns, Total: 84178 ns
[2023-03-29T01:00:10.574+0000][5933][safepoint   ] Safepoint "Cleanup", Time since last: 30003540472 ns, Reaching safepoint: 76138 ns, At safepoint: 6901 ns, Total: 83039 ns
[2023-03-29T01:01:10.282+0000][5933][gc,start    ] GC(22) Pause Young (Normal) (G1 Evacuation Pause)
[2023-03-29T01:01:10.282+0000][5933][gc,task     ] GC(22) Using 1 workers of 1 for evacuation
[2023-03-29T01:01:10.282+0000][5933][gc,age      ] GC(22) Desired survivor size 77594624 bytes, new threshold 15 (max threshold 15)
[2023-03-29T01:01:10.336+0000][5933][gc,age      ] GC(22) Age table with threshold 15 (max threshold 15)
[2023-03-29T01:01:10.336+0000][5933][gc,age      ] GC(22) - age   1:     285552 bytes,     285552 total
[2023-03-29T01:01:10.336+0000][5933][gc,age      ] GC(22) - age   2:    2172232 bytes,    2457784 total
[2023-03-29T01:01:10.336+0000][5933][gc,age      ] GC(22) - age   3:     554896 bytes,    3012680 total
[2023-03-29T01:01:10.336+0000][5933][gc,age      ] GC(22) - age   4:    5919376 bytes,    8932056 total
[2023-03-29T01:01:10.336+0000][5933][gc,age      ] GC(22) - age   5:    4369760 bytes,   13301816 total
[2023-03-29T01:01:10.336+0000][5933][gc,phases   ] GC(22)   Pre Evacuate Collection Set: 0.2ms
[2023-03-29T01:01:10.336+0000][5933][gc,phases   ] GC(22)   Merge Heap Roots: 0.2ms
[2023-03-29T01:01:10.336+0000][5933][gc,phases   ] GC(22)   Evacuate Collection Set: 51.3ms
[2023-03-29T01:01:10.336+0000][5933][gc,phases   ] GC(22)   Post Evacuate Collection Set: 2.2ms
[2023-03-29T01:01:10.336+0000][5933][gc,phases   ] GC(22)   Other: 0.4ms
[2023-03-29T01:01:10.336+0000][5933][gc,heap     ] GC(22) Eden regions: 290->0(290)
[2023-03-29T01:01:10.336+0000][5933][gc,heap     ] GC(22) Survivor regions: 4->4(37)
[2023-03-29T01:01:10.336+0000][5933][gc,heap     ] GC(22) Old regions: 17->17
[2023-03-29T01:01:10.336+0000][5933][gc,heap     ] GC(22) Archive regions: 2->2
[2023-03-29T01:01:10.336+0000][5933][gc,heap     ] GC(22) Humongous regions: 2->2
[2023-03-29T01:01:10.336+0000][5933][gc,metaspace] GC(22) Metaspace: 110208K(111744K)->110208K(111744K) NonClass: 95136K(96000K)->95136K(96000K) Class: 15071K(15744K)->15071K(15744K)
[2023-03-29T01:01:10.336+0000][5933][gc          ] GC(22) Pause Young (Normal) (G1 Evacuation Pause) 1250M->90M(1964M) 54.500ms
[2023-03-29T01:01:10.336+0000][5933][gc,cpu      ] GC(22) User=0.04s Sys=0.00s Real=0.05s
[2023-03-29T01:01:10.336+0000][5933][safepoint   ] Safepoint "G1CollectForAllocation", Time since last: 59707521322 ns, Reaching safepoint: 160707 ns, At safepoint: 54601687 ns, Total: 54762394 ns
[2023-03-29T01:01:40.340+0000][5933][safepoint   ] Safepoint "Cleanup", Time since last: 30003642265 ns, Reaching safepoint: 42379 ns, At safepoint: 6880 ns, Total: 49259 ns
[2023-03-29T01:02:10.344+0000][5933][safepoint   ] Safepoint "Cleanup", Time since last: 30004208641 ns, Reaching safepoint: 64014 ns, At safepoint: 7073 ns, Total: 71087 ns
[2023-03-29T01:02:30.347+0000][5933][safepoint   ] Safepoint "Cleanup", Time since last: 20002619444 ns, Reaching safepoint: 85423 ns, At safepoint: 7435 ns, Total: 92858 ns
[2023-03-29T01:02:34.348+0000][5933][safepoint   ] Safepoint "Cleanup", Time since last: 4000559171 ns, Reaching safepoint: 43937 ns, At safepoint: 8359 ns, Total: 52296 ns
[2023-03-29T01:02:40.349+0000][5933][safepoint   ] Safepoint "Cleanup", Time since last: 6000734791 ns, Reaching safepoint: 48626 ns, At safepoint: 7014 ns, Total: 55640 ns
[2023-03-29T01:02:51.350+0000][5933][safepoint   ] Safepoint "Cleanup", Time since last: 11001129603 ns, Reaching safepoint: 63865 ns, At safepoint: 12642 ns, Total: 76507 ns
[2023-03-29T01:02:56.350+0000][5933][safepoint   ] Safepoint "Cleanup", Time since last: 5000630929 ns, Reaching safepoint: 44359 ns, At safepoint: 7316 ns, Total: 51675 ns
[2023-03-29T01:03:11.342+0000][5933][safepoint   ] Safepoint "Cleanup", Time since last: 14991537639 ns, Reaching safepoint: 104048 ns, At safepoint: 7752 ns, Total: 111800 ns
[2023-03-29T01:03:12.342+0000][5933][safepoint   ] Safepoint "Cleanup", Time since last: 1000144490 ns, Reaching safepoint: 44891 ns, At safepoint: 7330 ns, Total: 52221 ns
[2023-03-29T01:03:21.344+0000][5933][safepoint   ] Safepoint "Cleanup", Time since last: 9001178359 ns, Reaching safepoint: 72694 ns, At safepoint: 11959 ns, Total: 84653 ns
[2023-03-29T01:03:40.346+0000][5933][safepoint   ] Safepoint "Cleanup", Time since last: 19002329706 ns, Reaching safepoint: 135314 ns, At safepoint: 18559 ns, Total: 153873 ns
[2023-03-29T01:03:53.348+0000][5933][safepoint   ] Safepoint "Cleanup", Time since last: 13002195391 ns, Reaching safepoint: 74430 ns, At safepoint: 7367 ns, Total: 81797 ns
[2023-03-29T01:04:02.350+0000][5933][safepoint   ] Safepoint "Cleanup", Time since last: 9001171628 ns, Reaching safepoint: 60387 ns, At safepoint: 8274 ns, Total: 68661 ns
[2023-03-29T01:04:07.350+0000][5933][safepoint   ] Safepoint "Cleanup", Time since last: 5000745226 ns, Reaching safepoint: 52892 ns, At safepoint: 8221 ns, Total: 61113 ns
[2023-03-29T01:04:10.351+0000][5933][safepoint   ] Safepoint "Cleanup", Time since last: 3000470203 ns, Reaching safepoint: 73675 ns, At safepoint: 13311 ns, Total: 86986 ns
[2023-03-29T01:04:11.351+0000][5933][safepoint   ] Safepoint "Cleanup", Time since last: 1000219493 ns, Reaching safepoint: 72481 ns, At safepoint: 12369 ns, Total: 84850 ns
[2023-03-29T01:04:12.351+0000][5933][safepoint   ] Safepoint "Cleanup", Time since last: 1000207764 ns, Reaching safepoint: 56048 ns, At safepoint: 8894 ns, Total: 64942 ns
[2023-03-29T01:04:30.354+0000][5933][safepoint   ] Safepoint "Cleanup", Time since last: 18002431355 ns, Reaching safepoint: 74944 ns, At safepoint: 7670 ns, Total: 82614 ns
[2023-03-29T01:04:38.355+0000][5933][safepoint   ] Safepoint "Cleanup", Time since last: 8001400691 ns, Reaching safepoint: 66368 ns, At safepoint: 12267 ns, Total: 78635 ns
[2023-03-29T01:04:40.356+0000][5933][safepoint   ] Safepoint "Cleanup", Time since last: 2000379687 ns, Reaching safepoint: 77160 ns, At safepoint: 12490 ns, Total: 89650 ns
[2023-03-29T01:05:10.360+0000][5933][safepoint   ] Safepoint "Cleanup", Time since last: 30004319600 ns, Reaching safepoint: 229210 ns, At safepoint: 12322 ns, Total: 241532 ns
[2023-03-29T01:05:50.366+0000][5933][safepoint   ] Safepoint "Cleanup", Time since last: 40005576188 ns, Reaching safepoint: 74247 ns, At safepoint: 13516 ns, Total: 87763 ns
[2023-03-29T01:06:50.374+0000][5933][safepoint   ] Safepoint "Cleanup", Time since last: 60007744622 ns, Reaching safepoint: 114604 ns, At safepoint: 12740 ns, Total: 127344 ns
[2023-03-29T01:08:04.314+0000][5933][safepoint   ] Safepoint "Cleanup", Time since last: 73939728918 ns, Reaching safepoint: 87425 ns, At safepoint: 7856 ns, Total: 95281 ns
[2023-03-29T01:08:10.315+0000][5933][safepoint   ] Safepoint "Cleanup", Time since last: 6000800570 ns, Reaching safepoint: 67858 ns, At safepoint: 14888 ns, Total: 82746 ns
[2023-03-29T01:08:12.315+0000][5933][safepoint   ] Safepoint "Cleanup", Time since last: 2000269300 ns, Reaching safepoint: 85907 ns, At safepoint: 17790 ns, Total: 103697 ns
[2023-03-29T01:10:07.316+0000][5933][safepoint   ] Safepoint "Cleanup", Time since last: 115001037854 ns, Reaching safepoint: 84971 ns, At safepoint: 7429 ns, Total: 92400 ns
[2023-03-29T01:10:10.317+0000][5933][safepoint   ] Safepoint "Cleanup", Time since last: 3000494622 ns, Reaching safepoint: 38306 ns, At safepoint: 6858 ns, Total: 45164 ns
[2023-03-29T01:10:12.317+0000][5933][safepoint   ] Safepoint "Cleanup", Time since last: 2000342912 ns, Reaching safepoint: 44642 ns, At safepoint: 6922 ns, Total: 51564 ns
[2023-03-29T01:10:18.318+0000][5933][safepoint   ] Safepoint "Cleanup", Time since last: 6000881321 ns, Reaching safepoint: 47508 ns, At safepoint: 7355 ns, Total: 54863 ns
[2023-03-29T01:10:38.321+0000][5933][safepoint   ] Safepoint "Cleanup", Time since last: 20002955963 ns, Reaching safepoint: 95139 ns, At safepoint: 12567 ns, Total: 107706 ns
[2023-03-29T01:10:40.322+0000][5933][safepoint   ] Safepoint "Cleanup", Time since last: 2000449465 ns, Reaching safepoint: 63369 ns, At safepoint: 11632 ns, Total: 75001 ns
[2023-03-29T01:11:10.326+0000][5933][safepoint   ] Safepoint "Cleanup", Time since last: 30003893030 ns, Reaching safepoint: 70680 ns, At safepoint: 9044 ns, Total: 79724 ns
[2023-03-29T01:11:20.327+0000][5933][safepoint   ] Safepoint "Cleanup", Time since last: 10001386164 ns, Reaching safepoint: 58776 ns, At safepoint: 7078 ns, Total: 65854 ns
[2023-03-29T01:11:40.330+0000][5933][safepoint   ] Safepoint "Cleanup", Time since last: 20002688533 ns, Reaching safepoint: 41882 ns, At safepoint: 12963 ns, Total: 54845 ns
[2023-03-29T01:12:10.334+0000][5933][safepoint   ] Safepoint "Cleanup", Time since last: 30004025188 ns, Reaching safepoint: 61829 ns, At safepoint: 6796 ns, Total: 68625 ns
[2023-03-29T01:12:15.335+0000][5933][safepoint   ] Safepoint "Cleanup", Time since last: 5000717494 ns, Reaching safepoint: 40224 ns, At safepoint: 8362 ns, Total: 48586 ns
[2023-03-29T01:12:33.339+0000][5933][safepoint   ] Safepoint "Cleanup", Time since last: 18004213145 ns, Reaching safepoint: 104502 ns, At safepoint: 11275 ns, Total: 115777 ns
[2023-03-29T01:12:41.348+0000][5933][safepoint   ] Safepoint "Cleanup", Time since last: 8009149259 ns, Reaching safepoint: 56857 ns, At safepoint: 8353 ns, Total: 65210 ns
[2023-03-29T01:13:10.353+0000][5933][safepoint   ] Safepoint "Cleanup", Time since last: 29004428682 ns, Reaching safepoint: 43108 ns, At safepoint: 6939 ns, Total: 50047 ns
[2023-03-29T01:13:42.357+0000][5933][safepoint   ] Safepoint "Cleanup", Time since last: 32004296951 ns, Reaching safepoint: 120676 ns, At safepoint: 15894 ns, Total: 136570 ns
[2023-03-29T01:14:12.362+0000][5933][safepoint   ] Safepoint "Cleanup", Time since last: 30004517909 ns, Reaching safepoint: 59679 ns, At safepoint: 12743 ns, Total: 72422 ns
[2023-03-29T01:14:46.367+0000][5933][safepoint   ] Safepoint "Cleanup", Time since last: 34005294303 ns, Reaching safepoint: 86805 ns, At safepoint: 13349 ns, Total: 100154 ns
[2023-03-29T01:15:00.369+0000][5933][safepoint   ] Safepoint "Cleanup", Time since last: 14002279571 ns, Reaching safepoint: 46014 ns, At safepoint: 6754 ns, Total: 52768 ns
[2023-03-29T01:15:10.371+0000][5933][safepoint   ] Safepoint "Cleanup", Time since last: 10001545989 ns, Reaching safepoint: 78317 ns, At safepoint: 17279 ns, Total: 95596 ns
[2023-03-29T01:15:40.376+0000][5933][safepoint   ] Safepoint "Cleanup", Time since last: 30004425186 ns, Reaching safepoint: 91757 ns, At safepoint: 7472 ns, Total: 99229 ns
[2023-03-29T01:16:40.385+0000][5933][safepoint   ] Safepoint "Cleanup", Time since last: 60009411922 ns, Reaching safepoint: 180419 ns, At safepoint: 12928 ns, Total: 193347 ns
[2023-03-29T01:17:10.390+0000][5933][safepoint   ] Safepoint "Cleanup", Time since last: 30004155093 ns, Reaching safepoint: 90983 ns, At safepoint: 8905 ns, Total: 99888 ns
[2023-03-29T01:17:40.394+0000][5933][safepoint   ] Safepoint "Cleanup", Time since last: 30004471369 ns, Reaching safepoint: 88921 ns, At safepoint: 8596 ns, Total: 97517 ns
[2023-03-29T01:18:10.398+0000][5933][safepoint   ] Safepoint "Cleanup", Time since last: 30004030884 ns, Reaching safepoint: 123966 ns, At safepoint: 15298 ns, Total: 139264 ns
[2023-03-29T01:18:35.402+0000][5933][safepoint   ] Safepoint "Cleanup", Time since last: 25003749984 ns, Reaching safepoint: 88102 ns, At safepoint: 15418 ns, Total: 103520 ns
[2023-03-29T01:18:50.404+0000][5933][safepoint   ] Safepoint "Cleanup", Time since last: 15002223897 ns, Reaching safepoint: 67413 ns, At safepoint: 16075 ns, Total: 83488 ns
[2023-03-29T01:22:40.437+0000][5933][safepoint   ] Safepoint "Cleanup", Time since last: 230032647256 ns, Reaching safepoint: 95409 ns, At safepoint: 7465 ns, Total: 102874 ns
[2023-03-29T01:23:00.440+0000][5933][safepoint   ] Safepoint "Cleanup", Time since last: 20003101110 ns, Reaching safepoint: 72084 ns, At safepoint: 12322 ns, Total: 84406 ns
[2023-03-29T01:23:07.441+0000][5933][safepoint   ] Safepoint "Cleanup", Time since last: 7000812399 ns, Reaching safepoint: 92418 ns, At safepoint: 12274 ns, Total: 104692 ns
[2023-03-29T01:23:53.448+0000][5933][safepoint   ] Safepoint "Cleanup", Time since last: 46006684151 ns, Reaching safepoint: 91783 ns, At safepoint: 8929 ns, Total: 100712 ns
[2023-03-29T01:24:10.451+0000][5933][safepoint   ] Safepoint "Cleanup", Time since last: 17002847000 ns, Reaching safepoint: 88234 ns, At safepoint: 10246 ns, Total: 98480 ns
[2023-03-29T01:24:12.451+0000][5933][safepoint   ] Safepoint "Cleanup", Time since last: 2000237411 ns, Reaching safepoint: 71782 ns, At safepoint: 12399 ns, Total: 84181 ns
[2023-03-29T01:24:40.455+0000][5933][safepoint   ] Safepoint "Cleanup", Time since last: 28003813790 ns, Reaching safepoint: 111456 ns, At safepoint: 14067 ns, Total: 125523 ns
[2023-03-29T01:28:40.490+0000][5933][safepoint   ] Safepoint "Cleanup", Time since last: 240034696052 ns, Reaching safepoint: 195037 ns, At safepoint: 16994 ns, Total: 212031 ns
[2023-03-29T01:29:10.495+0000][5933][safepoint   ] Safepoint "Cleanup", Time since last: 30004355970 ns, Reaching safepoint: 108909 ns, At safepoint: 17281 ns, Total: 126190 ns
[2023-03-29T01:29:40.499+0000][5933][safepoint   ] Safepoint "Cleanup", Time since last: 30004306127 ns, Reaching safepoint: 62159 ns, At safepoint: 7282 ns, Total: 69441 ns
[2023-03-29T01:30:00.502+0000][5933][safepoint   ] Safepoint "Cleanup", Time since last: 20002839056 ns, Reaching safepoint: 81683 ns, At safepoint: 9255 ns, Total: 90938 ns
[2023-03-29T01:30:20.504+0000][5933][safepoint   ] Safepoint "Cleanup", Time since last: 20002364148 ns, Reaching safepoint: 96201 ns, At safepoint: 8864 ns, Total: 105065 ns
[2023-03-29T01:30:27.506+0000][5933][safepoint   ] Safepoint "Cleanup", Time since last: 7001063359 ns, Reaching safepoint: 93263 ns, At safepoint: 15562 ns, Total: 108825 ns
[2023-03-29T01:30:40.507+0000][5933][safepoint   ] Safepoint "Cleanup", Time since last: 13001729450 ns, Reaching safepoint: 99932 ns, At safepoint: 9142 ns, Total: 109074 ns
[2023-03-29T01:32:10.522+0000][5933][safepoint   ] Safepoint "Cleanup", Time since last: 90013911407 ns, Reaching safepoint: 153919 ns, At safepoint: 18629 ns, Total: 172548 ns
[2023-03-29T01:32:31.525+0000][5933][safepoint   ] Safepoint "Cleanup", Time since last: 21003008570 ns, Reaching safepoint: 151134 ns, At safepoint: 13127 ns, Total: 164261 ns
[2023-03-29T01:32:40.526+0000][5933][safepoint   ] Safepoint "Cleanup", Time since last: 9001072016 ns, Reaching safepoint: 47508 ns, At safepoint: 7102 ns, Total: 54610 ns
[2023-03-29T01:35:00.547+0000][5933][safepoint   ] Safepoint "Cleanup", Time since last: 140021001600 ns, Reaching safepoint: 96594 ns, At safepoint: 8472 ns, Total: 105066 ns
[2023-03-29T01:36:10.557+0000][5933][safepoint   ] Safepoint "Cleanup", Time since last: 70010104394 ns, Reaching safepoint: 82730 ns, At safepoint: 8712 ns, Total: 91442 ns
[2023-03-29T01:36:18.558+0000][5933][safepoint   ] Safepoint "Cleanup", Time since last: 8001171467 ns, Reaching safepoint: 89720 ns, At safepoint: 17649 ns, Total: 107369 ns
[2023-03-29T01:36:46.563+0000][5933][safepoint   ] Safepoint "Cleanup", Time since last: 28004518690 ns, Reaching safepoint: 57369 ns, At safepoint: 7063 ns, Total: 64432 ns
[2023-03-29T01:37:10.567+0000][5933][safepoint   ] Safepoint "Cleanup", Time since last: 24003530667 ns, Reaching safepoint: 68328 ns, At safepoint: 12496 ns, Total: 80824 ns
[2023-03-29T01:37:19.568+0000][5933][safepoint   ] Safepoint "Cleanup", Time since last: 9001289723 ns, Reaching safepoint: 101812 ns, At safepoint: 22859 ns, Total: 124671 ns
[2023-03-29T01:37:40.571+0000][5933][safepoint   ] Safepoint "Cleanup", Time since last: 21003120872 ns, Reaching safepoint: 87437 ns, At safepoint: 9036 ns, Total: 96473 ns
[2023-03-29T01:39:04.583+0000][5933][safepoint   ] Safepoint "Cleanup", Time since last: 84011269913 ns, Reaching safepoint: 84371 ns, At safepoint: 8627 ns, Total: 92998 ns
[2023-03-29T01:39:21.585+0000][5933][safepoint   ] Safepoint "Cleanup", Time since last: 17002366044 ns, Reaching safepoint: 85231 ns, At safepoint: 8695 ns, Total: 93926 ns
[2023-03-29T01:39:40.588+0000][5933][safepoint   ] Safepoint "Cleanup", Time since last: 19002997400 ns, Reaching safepoint: 83746 ns, At safepoint: 8507 ns, Total: 92253 ns
[2023-03-29T01:40:10.592+0000][5933][safepoint   ] Safepoint "Cleanup", Time since last: 30003999586 ns, Reaching safepoint: 103341 ns, At safepoint: 11046 ns, Total: 114387 ns
[2023-03-29T01:41:10.601+0000][5933][safepoint   ] Safepoint "Cleanup", Time since last: 60008255277 ns, Reaching safepoint: 90056 ns, At safepoint: 8883 ns, Total: 98939 ns
[2023-03-29T01:41:40.605+0000][5933][safepoint   ] Safepoint "Cleanup", Time since last: 30004438971 ns, Reaching safepoint: 156919 ns, At safepoint: 16492 ns, Total: 173411 ns
[2023-03-29T01:41:51.607+0000][5933][safepoint   ] Safepoint "Cleanup", Time since last: 11001727629 ns, Reaching safepoint: 98339 ns, At safepoint: 14560 ns, Total: 112899 ns
[2023-03-29T01:42:10.610+0000][5933][safepoint   ] Safepoint "Cleanup", Time since last: 19002948178 ns, Reaching safepoint: 62500 ns, At safepoint: 8898 ns, Total: 71398 ns
[2023-03-29T01:42:30.613+0000][5933][safepoint   ] Safepoint "Cleanup", Time since last: 20002904372 ns, Reaching safepoint: 125955 ns, At safepoint: 26682 ns, Total: 152637 ns
[2023-03-29T01:43:10.619+0000][5933][safepoint   ] Safepoint "Cleanup", Time since last: 40005553553 ns, Reaching safepoint: 80102 ns, At safepoint: 8330 ns, Total: 88432 ns
[2023-03-29T01:44:10.627+0000][5933][safepoint   ] Safepoint "Cleanup", Time since last: 60007780627 ns, Reaching safepoint: 82602 ns, At safepoint: 19071 ns, Total: 101673 ns
[2023-03-29T01:44:11.627+0000][5933][safepoint   ] Safepoint "Cleanup", Time since last: 1000181163 ns, Reaching safepoint: 74478 ns, At safepoint: 12796 ns, Total: 87274 ns
[2023-03-29T01:44:12.627+0000][5933][safepoint   ] Safepoint "Cleanup", Time since last: 1000164956 ns, Reaching safepoint: 87207 ns, At safepoint: 8348 ns, Total: 95555 ns
[2023-03-29T01:44:22.629+0000][5933][safepoint   ] Safepoint "Cleanup", Time since last: 10001456059 ns, Reaching safepoint: 99244 ns, At safepoint: 13406 ns, Total: 112650 ns
[2023-03-29T01:44:30.630+0000][5933][safepoint   ] Safepoint "Cleanup", Time since last: 8001200887 ns, Reaching safepoint: 82895 ns, At safepoint: 8463 ns, Total: 91358 ns
[2023-03-29T01:44:40.632+0000][5933][safepoint   ] Safepoint "Cleanup", Time since last: 10001470298 ns, Reaching safepoint: 57435 ns, At safepoint: 8409 ns, Total: 65844 ns
[2023-03-29T01:44:41.632+0000][5933][safepoint   ] Safepoint "Cleanup", Time since last: 1000168227 ns, Reaching safepoint: 62714 ns, At safepoint: 8670 ns, Total: 71384 ns
[2023-03-29T01:46:10.644+0000][5933][safepoint   ] Safepoint "Cleanup", Time since last: 89012333822 ns, Reaching safepoint: 106271 ns, At safepoint: 9077 ns, Total: 115348 ns
[2023-03-29T01:46:11.645+0000][5933][safepoint   ] Safepoint "Cleanup", Time since last: 1000185636 ns, Reaching safepoint: 119492 ns, At safepoint: 17530 ns, Total: 137022 ns
[2023-03-29T01:46:41.649+0000][5933][safepoint   ] Safepoint "Cleanup", Time since last: 30003840799 ns, Reaching safepoint: 88077 ns, At safepoint: 8668 ns, Total: 96745 ns
[2023-03-29T01:47:40.657+0000][5933][safepoint   ] Safepoint "Cleanup", Time since last: 59008562798 ns, Reaching safepoint: 147469 ns, At safepoint: 15969 ns, Total: 163438 ns
[2023-03-29T01:47:41.658+0000][5933][safepoint   ] Safepoint "Cleanup", Time since last: 1000238363 ns, Reaching safepoint: 90297 ns, At safepoint: 16014 ns, Total: 106311 ns
[2023-03-29T01:48:02.661+0000][5933][safepoint   ] Safepoint "Cleanup", Time since last: 21002916588 ns, Reaching safepoint: 85542 ns, At safepoint: 14965 ns, Total: 100507 ns
[2023-03-29T01:48:10.662+0000][5933][safepoint   ] Safepoint "Cleanup", Time since last: 8001065431 ns, Reaching safepoint: 58408 ns, At safepoint: 8726 ns, Total: 67134 ns
[2023-03-29T01:49:00.669+0000][5933][safepoint   ] Safepoint "Cleanup", Time since last: 50007320190 ns, Reaching safepoint: 107640 ns, At safepoint: 9136 ns, Total: 116776 ns
[2023-03-29T01:49:10.671+0000][5933][safepoint   ] Safepoint "Cleanup", Time since last: 10001500090 ns, Reaching safepoint: 104719 ns, At safepoint: 17209 ns, Total: 121928 ns
[2023-03-29T01:49:12.671+0000][5933][safepoint   ] Safepoint "Cleanup", Time since last: 2000414313 ns, Reaching safepoint: 92545 ns, At safepoint: 15604 ns, Total: 108149 ns
[2023-03-29T01:49:40.305+0000][5933][gc,start    ] GC(23) Pause Young (Normal) (G1 Evacuation Pause)
[2023-03-29T01:49:40.305+0000][5933][gc,task     ] GC(23) Using 1 workers of 1 for evacuation
[2023-03-29T01:49:40.305+0000][5933][gc,age      ] GC(23) Desired survivor size 77594624 bytes, new threshold 15 (max threshold 15)
[2023-03-29T01:49:40.351+0000][5933][gc,age      ] GC(23) Age table with threshold 15 (max threshold 15)
[2023-03-29T01:49:40.351+0000][5933][gc,age      ] GC(23) - age   1:     185272 bytes,     185272 total
[2023-03-29T01:49:40.351+0000][5933][gc,age      ] GC(23) - age   2:     186568 bytes,     371840 total
[2023-03-29T01:49:40.351+0000][5933][gc,age      ] GC(23) - age   3:    2148120 bytes,    2519960 total
[2023-03-29T01:49:40.351+0000][5933][gc,age      ] GC(23) - age   4:     522064 bytes,    3042024 total
[2023-03-29T01:49:40.351+0000][5933][gc,age      ] GC(23) - age   5:    5724128 bytes,    8766152 total
[2023-03-29T01:49:40.351+0000][5933][gc,age      ] GC(23) - age   6:    4109712 bytes,   12875864 total
[2023-03-29T01:49:40.351+0000][5933][gc,phases   ] GC(23)   Pre Evacuate Collection Set: 0.2ms
[2023-03-29T01:49:40.351+0000][5933][gc,phases   ] GC(23)   Merge Heap Roots: 0.2ms
[2023-03-29T01:49:40.351+0000][5933][gc,phases   ] GC(23)   Evacuate Collection Set: 42.3ms
[2023-03-29T01:49:40.351+0000][5933][gc,phases   ] GC(23)   Post Evacuate Collection Set: 2.8ms
[2023-03-29T01:49:40.351+0000][5933][gc,phases   ] GC(23)   Other: 0.3ms
[2023-03-29T01:49:40.351+0000][5933][gc,heap     ] GC(23) Eden regions: 290->0(290)
[2023-03-29T01:49:40.351+0000][5933][gc,heap     ] GC(23) Survivor regions: 4->4(37)
[2023-03-29T01:49:40.351+0000][5933][gc,heap     ] GC(23) Old regions: 17->17
[2023-03-29T01:49:40.351+0000][5933][gc,heap     ] GC(23) Archive regions: 2->2
[2023-03-29T01:49:40.351+0000][5933][gc,heap     ] GC(23) Humongous regions: 2->2
[2023-03-29T01:49:40.351+0000][5933][gc,metaspace] GC(23) Metaspace: 110517K(112064K)->110517K(112064K) NonClass: 95441K(96320K)->95441K(96320K) Class: 15076K(15744K)->15076K(15744K)
[2023-03-29T01:49:40.351+0000][5933][gc          ] GC(23) Pause Young (Normal) (G1 Evacuation Pause) 1250M->90M(1964M) 46.002ms
[2023-03-29T01:49:40.351+0000][5933][gc,cpu      ] GC(23) User=0.04s Sys=0.00s Real=0.05s
[2023-03-29T01:49:40.351+0000][5933][safepoint   ] Safepoint "G1CollectForAllocation", Time since last: 27633655431 ns, Reaching safepoint: 56640 ns, At safepoint: 46113062 ns, Total: 46169702 ns
[2023-03-29T01:49:41.351+0000][5933][safepoint   ] Safepoint "Cleanup", Time since last: 1000181313 ns, Reaching safepoint: 47233 ns, At safepoint: 7184 ns, Total: 54417 ns
[2023-03-29T01:50:17.357+0000][5933][safepoint   ] Safepoint "Cleanup", Time since last: 36005170991 ns, Reaching safepoint: 63353 ns, At safepoint: 7464 ns, Total: 70817 ns
[2023-03-29T01:51:42.368+0000][5933][safepoint   ] Safepoint "Cleanup", Time since last: 85011149858 ns, Reaching safepoint: 57297 ns, At safepoint: 7080 ns, Total: 64377 ns
[2023-03-29T01:53:10.380+0000][5933][safepoint   ] Safepoint "Cleanup", Time since last: 88011907208 ns, Reaching safepoint: 107265 ns, At safepoint: 12851 ns, Total: 120116 ns
[2023-03-29T01:53:40.384+0000][5933][safepoint   ] Safepoint "Cleanup", Time since last: 30004259282 ns, Reaching safepoint: 75540 ns, At safepoint: 7240 ns, Total: 82780 ns
[2023-03-29T01:54:18.389+0000][5933][safepoint   ] Safepoint "Cleanup", Time since last: 38005068408 ns, Reaching safepoint: 132414 ns, At safepoint: 12749 ns, Total: 145163 ns
[2023-03-29T01:54:20.390+0000][5933][safepoint   ] Safepoint "Cleanup", Time since last: 2000550179 ns, Reaching safepoint: 64042 ns, At safepoint: 12757 ns, Total: 76799 ns
[2023-03-29T01:54:40.393+0000][5933][safepoint   ] Safepoint "Cleanup", Time since last: 20002706175 ns, Reaching safepoint: 126174 ns, At safepoint: 49288 ns, Total: 175462 ns
[2023-03-29T01:55:20.399+0000][5933][safepoint   ] Safepoint "Cleanup", Time since last: 40005509336 ns, Reaching safepoint: 60066 ns, At safepoint: 7090 ns, Total: 67156 ns
[2023-03-29T01:56:10.405+0000][5933][safepoint   ] Safepoint "Cleanup", Time since last: 50006811657 ns, Reaching safepoint: 58792 ns, At safepoint: 6850 ns, Total: 65642 ns
[2023-03-29T01:56:42.410+0000][5933][safepoint   ] Safepoint "Cleanup", Time since last: 32004056694 ns, Reaching safepoint: 64930 ns, At safepoint: 13536 ns, Total: 78466 ns
[2023-03-29T01:58:25.424+0000][5933][safepoint   ] Safepoint "Cleanup", Time since last: 103013964288 ns, Reaching safepoint: 77899 ns, At safepoint: 7471 ns, Total: 85370 ns
[2023-03-29T02:01:10.447+0000][5933][safepoint   ] Safepoint "Cleanup", Time since last: 165023110977 ns, Reaching safepoint: 140881 ns, At safepoint: 13335 ns, Total: 154216 ns
[2023-03-29T02:02:10.455+0000][5933][safepoint   ] Safepoint "Cleanup", Time since last: 60007815321 ns, Reaching safepoint: 186634 ns, At safepoint: 20288 ns, Total: 206922 ns
[2023-03-29T02:02:20.456+0000][5933][safepoint   ] Safepoint "Cleanup", Time since last: 10001340458 ns, Reaching safepoint: 150892 ns, At safepoint: 13284 ns, Total: 164176 ns
[2023-03-29T02:02:25.457+0000][5933][safepoint   ] Safepoint "Cleanup", Time since last: 5000759121 ns, Reaching safepoint: 73725 ns, At safepoint: 12332 ns, Total: 86057 ns
[2023-03-29T02:02:30.458+0000][5933][safepoint   ] Safepoint "Cleanup", Time since last: 5000778123 ns, Reaching safepoint: 46235 ns, At safepoint: 6922 ns, Total: 53157 ns
[2023-03-29T02:02:40.460+0000][5933][safepoint   ] Safepoint "Cleanup", Time since last: 10001406338 ns, Reaching safepoint: 60514 ns, At safepoint: 7388 ns, Total: 67902 ns
[2023-03-29T02:03:08.464+0000][5933][safepoint   ] Safepoint "Cleanup", Time since last: 28003954962 ns, Reaching safepoint: 64176 ns, At safepoint: 7106 ns, Total: 71282 ns
[2023-03-29T02:03:10.464+0000][5933][safepoint   ] Safepoint "Cleanup", Time since last: 2000297706 ns, Reaching safepoint: 85996 ns, At safepoint: 17504 ns, Total: 103500 ns
[2023-03-29T02:04:11.473+0000][5933][safepoint   ] Safepoint "Cleanup", Time since last: 61008893570 ns, Reaching safepoint: 108004 ns, At safepoint: 8420 ns, Total: 116424 ns
[2023-03-29T02:10:40.527+0000][5933][safepoint   ] Safepoint "Cleanup", Time since last: 389053512410 ns, Reaching safepoint: 120400 ns, At safepoint: 8026 ns, Total: 128426 ns
[2023-03-29T02:11:33.534+0000][5933][safepoint   ] Safepoint "Cleanup", Time since last: 53007329198 ns, Reaching safepoint: 96113 ns, At safepoint: 26680 ns, Total: 122793 ns
[2023-03-29T02:11:40.535+0000][5933][safepoint   ] Safepoint "Cleanup", Time since last: 7001042322 ns, Reaching safepoint: 109788 ns, At safepoint: 7819 ns, Total: 117607 ns
[2023-03-29T02:11:50.537+0000][5933][safepoint   ] Safepoint "Cleanup", Time since last: 10001288983 ns, Reaching safepoint: 101305 ns, At safepoint: 12760 ns, Total: 114065 ns
[2023-03-29T02:11:51.537+0000][5933][safepoint   ] Safepoint "Cleanup", Time since last: 1000167975 ns, Reaching safepoint: 66920 ns, At safepoint: 7443 ns, Total: 74363 ns
[2023-03-29T02:14:40.561+0000][5933][safepoint   ] Safepoint "Cleanup", Time since last: 169023804408 ns, Reaching safepoint: 74872 ns, At safepoint: 12467 ns, Total: 87339 ns
[2023-03-29T02:15:00.564+0000][5933][safepoint   ] Safepoint "Cleanup", Time since last: 20003094865 ns, Reaching safepoint: 79050 ns, At safepoint: 7332 ns, Total: 86382 ns
[2023-03-29T02:15:10.566+0000][5933][safepoint   ] Safepoint "Cleanup", Time since last: 10001705696 ns, Reaching safepoint: 48828 ns, At safepoint: 6885 ns, Total: 55713 ns
[2023-03-29T02:18:11.592+0000][5933][safepoint   ] Safepoint "Cleanup", Time since last: 181026043748 ns, Reaching safepoint: 91917 ns, At safepoint: 7704 ns, Total: 99621 ns
[2023-03-29T02:19:11.600+0000][5933][safepoint   ] Safepoint "Cleanup", Time since last: 60008153046 ns, Reaching safepoint: 71538 ns, At safepoint: 6977 ns, Total: 78515 ns
[2023-03-29T02:20:40.613+0000][5933][safepoint   ] Safepoint "Cleanup", Time since last: 89012840959 ns, Reaching safepoint: 90015 ns, At safepoint: 8184 ns, Total: 98199 ns
[2023-03-29T02:21:10.617+0000][5933][safepoint   ] Safepoint "Cleanup", Time since last: 30004221359 ns, Reaching safepoint: 110092 ns, At safepoint: 12869 ns, Total: 122961 ns
[2023-03-29T02:21:12.618+0000][5933][safepoint   ] Safepoint "Cleanup", Time since last: 2000327488 ns, Reaching safepoint: 78967 ns, At safepoint: 10831 ns, Total: 89798 ns
[2023-03-29T02:24:20.644+0000][5933][safepoint   ] Safepoint "Cleanup", Time since last: 188026379984 ns, Reaching safepoint: 101209 ns, At safepoint: 13647 ns, Total: 114856 ns
[2023-03-29T02:24:49.649+0000][5933][safepoint   ] Safepoint "Cleanup", Time since last: 29004129793 ns, Reaching safepoint: 118602 ns, At safepoint: 12994 ns, Total: 131596 ns
[2023-03-29T02:25:50.657+0000][5933][safepoint   ] Safepoint "Cleanup", Time since last: 61008545772 ns, Reaching safepoint: 77286 ns, At safepoint: 7333 ns, Total: 84619 ns
[2023-03-29T02:33:14.723+0000][5933][safepoint   ] Safepoint "Cleanup", Time since last: 444065346530 ns, Reaching safepoint: 83852 ns, At safepoint: 7553 ns, Total: 91405 ns
[2023-03-29T02:33:41.727+0000][5933][safepoint   ] Safepoint "Cleanup", Time since last: 27003858619 ns, Reaching safepoint: 122027 ns, At safepoint: 13052 ns, Total: 135079 ns
[2023-03-29T02:34:10.731+0000][5933][safepoint   ] Safepoint "Cleanup", Time since last: 29004291632 ns, Reaching safepoint: 90360 ns, At safepoint: 13101 ns, Total: 103461 ns
[2023-03-29T02:34:11.731+0000][5933][safepoint   ] Safepoint "Cleanup", Time since last: 1000187806 ns, Reaching safepoint: 68000 ns, At safepoint: 12747 ns, Total: 80747 ns
[2023-03-29T02:36:10.748+0000][5933][safepoint   ] Safepoint "Cleanup", Time since last: 119016875805 ns, Reaching safepoint: 103068 ns, At safepoint: 13779 ns, Total: 116847 ns
[2023-03-29T02:37:04.756+0000][5933][safepoint   ] Safepoint "Cleanup", Time since last: 54007679538 ns, Reaching safepoint: 86686 ns, At safepoint: 6840 ns, Total: 93526 ns
[2023-03-29T02:38:19.246+0000][5933][gc,start    ] GC(24) Pause Young (Normal) (G1 Evacuation Pause)
[2023-03-29T02:38:19.246+0000][5933][gc,task     ] GC(24) Using 1 workers of 1 for evacuation
[2023-03-29T02:38:19.246+0000][5933][gc,age      ] GC(24) Desired survivor size 77594624 bytes, new threshold 15 (max threshold 15)
[2023-03-29T02:38:19.287+0000][5933][gc,age      ] GC(24) Age table with threshold 15 (max threshold 15)
[2023-03-29T02:38:19.287+0000][5933][gc,age      ] GC(24) - age   1:      29088 bytes,      29088 total
[2023-03-29T02:38:19.287+0000][5933][gc,age      ] GC(24) - age   2:      63008 bytes,      92096 total
[2023-03-29T02:38:19.287+0000][5933][gc,age      ] GC(24) - age   3:     186384 bytes,     278480 total
[2023-03-29T02:38:19.287+0000][5933][gc,age      ] GC(24) - age   4:    2145352 bytes,    2423832 total
[2023-03-29T02:38:19.287+0000][5933][gc,age      ] GC(24) - age   5:     522064 bytes,    2945896 total
[2023-03-29T02:38:19.287+0000][5933][gc,age      ] GC(24) - age   6:    5724128 bytes,    8670024 total
[2023-03-29T02:38:19.287+0000][5933][gc,age      ] GC(24) - age   7:    4109712 bytes,   12779736 total
[2023-03-29T02:38:19.287+0000][5933][gc,phases   ] GC(24)   Pre Evacuate Collection Set: 0.2ms
[2023-03-29T02:38:19.287+0000][5933][gc,phases   ] GC(24)   Merge Heap Roots: 0.2ms
[2023-03-29T02:38:19.287+0000][5933][gc,phases   ] GC(24)   Evacuate Collection Set: 36.8ms
[2023-03-29T02:38:19.287+0000][5933][gc,phases   ] GC(24)   Post Evacuate Collection Set: 3.6ms
[2023-03-29T02:38:19.287+0000][5933][gc,phases   ] GC(24)   Other: 0.4ms
[2023-03-29T02:38:19.287+0000][5933][gc,heap     ] GC(24) Eden regions: 290->0(290)
[2023-03-29T02:38:19.287+0000][5933][gc,heap     ] GC(24) Survivor regions: 4->4(37)
[2023-03-29T02:38:19.287+0000][5933][gc,heap     ] GC(24) Old regions: 17->17
[2023-03-29T02:38:19.287+0000][5933][gc,heap     ] GC(24) Archive regions: 2->2
[2023-03-29T02:38:19.287+0000][5933][gc,heap     ] GC(24) Humongous regions: 2->2
[2023-03-29T02:38:19.288+0000][5933][gc,metaspace] GC(24) Metaspace: 110718K(112256K)->110718K(112256K) NonClass: 95642K(96512K)->95642K(96512K) Class: 15076K(15744K)->15076K(15744K)
[2023-03-29T02:38:19.288+0000][5933][gc          ] GC(24) Pause Young (Normal) (G1 Evacuation Pause) 1250M->90M(1964M) 41.234ms
[2023-03-29T02:38:19.288+0000][5933][gc,cpu      ] GC(24) User=0.04s Sys=0.00s Real=0.04s
[2023-03-29T02:38:19.288+0000][5933][safepoint   ] Safepoint "G1CollectForAllocation", Time since last: 74490164339 ns, Reaching safepoint: 57999 ns, At safepoint: 41370632 ns, Total: 41428631 ns
[2023-03-29T02:39:30.297+0000][5933][safepoint   ] Safepoint "Cleanup", Time since last: 71009347511 ns, Reaching safepoint: 68607 ns, At safepoint: 12901 ns, Total: 81508 ns
[2023-03-29T02:42:40.322+0000][5933][safepoint   ] Safepoint "Cleanup", Time since last: 190025067744 ns, Reaching safepoint: 93096 ns, At safepoint: 12053 ns, Total: 105149 ns
[2023-03-29T02:44:12.335+0000][5933][safepoint   ] Safepoint "Cleanup", Time since last: 92012241873 ns, Reaching safepoint: 79545 ns, At safepoint: 7637 ns, Total: 87182 ns
[2023-03-29T02:44:30.337+0000][5933][safepoint   ] Safepoint "Cleanup", Time since last: 18002227836 ns, Reaching safepoint: 94478 ns, At safepoint: 10113 ns, Total: 104591 ns
[2023-03-29T02:46:10.351+0000][5933][safepoint   ] Safepoint "Cleanup", Time since last: 100013601291 ns, Reaching safepoint: 96958 ns, At safepoint: 12467 ns, Total: 109425 ns
[2023-03-29T02:46:40.355+0000][5933][safepoint   ] Safepoint "Cleanup", Time since last: 30004201641 ns, Reaching safepoint: 97850 ns, At safepoint: 23119 ns, Total: 120969 ns
[2023-03-29T02:47:40.364+0000][5933][safepoint   ] Safepoint "Cleanup", Time since last: 60008761972 ns, Reaching safepoint: 137431 ns, At safepoint: 13172 ns, Total: 150603 ns
[2023-03-29T02:48:35.372+0000][5933][safepoint   ] Safepoint "Cleanup", Time since last: 55007814977 ns, Reaching safepoint: 115228 ns, At safepoint: 9011 ns, Total: 124239 ns
[2023-03-29T02:53:00.410+0000][5933][safepoint   ] Safepoint "Cleanup", Time since last: 265037626786 ns, Reaching safepoint: 107207 ns, At safepoint: 15042 ns, Total: 122249 ns
[2023-03-29T02:54:12.420+0000][5933][safepoint   ] Safepoint "Cleanup", Time since last: 72010123543 ns, Reaching safepoint: 87096 ns, At safepoint: 7827 ns, Total: 94923 ns
[2023-03-29T02:58:19.455+0000][5933][safepoint   ] Safepoint "Cleanup", Time since last: 247034902662 ns, Reaching safepoint: 136427 ns, At safepoint: 7492 ns, Total: 143919 ns
[2023-03-29T03:00:25.472+0000][5933][safepoint   ] Safepoint "Cleanup", Time since last: 126016887449 ns, Reaching safepoint: 92752 ns, At safepoint: 10143 ns, Total: 102895 ns
[2023-03-29T03:01:20.480+0000][5933][safepoint   ] Safepoint "Cleanup", Time since last: 55007738114 ns, Reaching safepoint: 173078 ns, At safepoint: 14689 ns, Total: 187767 ns
[2023-03-29T03:03:21.494+0000][5933][safepoint   ] Safepoint "Cleanup", Time since last: 121014558230 ns, Reaching safepoint: 91355 ns, At safepoint: 15053 ns, Total: 106408 ns
[2023-03-29T03:03:40.497+0000][5933][safepoint   ] Safepoint "Cleanup", Time since last: 19002144936 ns, Reaching safepoint: 73447 ns, At safepoint: 8040 ns, Total: 81487 ns
[2023-03-29T03:03:50.498+0000][5933][safepoint   ] Safepoint "Cleanup", Time since last: 10001215470 ns, Reaching safepoint: 47408 ns, At safepoint: 7316 ns, Total: 54724 ns
[2023-03-29T03:04:12.501+0000][5933][safepoint   ] Safepoint "Cleanup", Time since last: 22002686683 ns, Reaching safepoint: 83820 ns, At safepoint: 7826 ns, Total: 91646 ns
[2023-03-29T03:06:50.518+0000][5933][safepoint   ] Safepoint "Cleanup", Time since last: 158017535512 ns, Reaching safepoint: 110774 ns, At safepoint: 8129 ns, Total: 118903 ns
[2023-03-29T03:07:23.522+0000][5933][safepoint   ] Safepoint "Cleanup", Time since last: 33004105647 ns, Reaching safepoint: 75347 ns, At safepoint: 7352 ns, Total: 82699 ns
[2023-03-29T03:07:32.524+0000][5933][safepoint   ] Safepoint "Cleanup", Time since last: 9001180770 ns, Reaching safepoint: 63207 ns, At safepoint: 10931 ns, Total: 74138 ns
[2023-03-29T03:12:40.562+0000][5933][safepoint   ] Safepoint "Cleanup", Time since last: 308038547361 ns, Reaching safepoint: 85240 ns, At safepoint: 7568 ns, Total: 92808 ns
[2023-03-29T03:17:23.601+0000][5933][safepoint   ] Safepoint "Cleanup", Time since last: 283038097035 ns, Reaching safepoint: 91460 ns, At safepoint: 7828 ns, Total: 99288 ns
[2023-03-29T03:17:55.605+0000][5933][safepoint   ] Safepoint "Cleanup", Time since last: 32004487628 ns, Reaching safepoint: 73698 ns, At safepoint: 6931 ns, Total: 80629 ns
[2023-03-29T03:18:40.611+0000][5933][safepoint   ] Safepoint "Cleanup", Time since last: 45006149997 ns, Reaching safepoint: 83377 ns, At safepoint: 7345 ns, Total: 90722 ns
[2023-03-29T03:26:40.673+0000][5933][safepoint   ] Safepoint "Cleanup", Time since last: 480061341977 ns, Reaching safepoint: 188436 ns, At safepoint: 8967 ns, Total: 197403 ns
[2023-03-29T03:27:10.278+0000][5933][gc,start    ] GC(25) Pause Young (Normal) (G1 Evacuation Pause)
[2023-03-29T03:27:10.278+0000][5933][gc,task     ] GC(25) Using 1 workers of 1 for evacuation
[2023-03-29T03:27:10.279+0000][5933][gc,age      ] GC(25) Desired survivor size 77594624 bytes, new threshold 15 (max threshold 15)
[2023-03-29T03:27:10.322+0000][5933][gc,age      ] GC(25) Age table with threshold 15 (max threshold 15)
[2023-03-29T03:27:10.322+0000][5933][gc,age      ] GC(25) - age   1:     162984 bytes,     162984 total
[2023-03-29T03:27:10.322+0000][5933][gc,age      ] GC(25) - age   2:       7128 bytes,     170112 total
[2023-03-29T03:27:10.322+0000][5933][gc,age      ] GC(25) - age   3:      62640 bytes,     232752 total
[2023-03-29T03:27:10.322+0000][5933][gc,age      ] GC(25) - age   4:     186184 bytes,     418936 total
[2023-03-29T03:27:10.322+0000][5933][gc,age      ] GC(25) - age   5:    2145352 bytes,    2564288 total
[2023-03-29T03:27:10.322+0000][5933][gc,age      ] GC(25) - age   6:     522064 bytes,    3086352 total
[2023-03-29T03:27:10.322+0000][5933][gc,age      ] GC(25) - age   7:    5724128 bytes,    8810480 total
[2023-03-29T03:27:10.322+0000][5933][gc,age      ] GC(25) - age   8:    4109712 bytes,   12920192 total
[2023-03-29T03:27:10.322+0000][5933][gc,phases   ] GC(25)   Pre Evacuate Collection Set: 0.2ms
[2023-03-29T03:27:10.322+0000][5933][gc,phases   ] GC(25)   Merge Heap Roots: 0.2ms
[2023-03-29T03:27:10.322+0000][5933][gc,phases   ] GC(25)   Evacuate Collection Set: 40.3ms
[2023-03-29T03:27:10.322+0000][5933][gc,phases   ] GC(25)   Post Evacuate Collection Set: 2.7ms
[2023-03-29T03:27:10.322+0000][5933][gc,phases   ] GC(25)   Other: 0.4ms
[2023-03-29T03:27:10.322+0000][5933][gc,heap     ] GC(25) Eden regions: 290->0(290)
[2023-03-29T03:27:10.322+0000][5933][gc,heap     ] GC(25) Survivor regions: 4->4(37)
[2023-03-29T03:27:10.322+0000][5933][gc,heap     ] GC(25) Old regions: 17->17
[2023-03-29T03:27:10.322+0000][5933][gc,heap     ] GC(25) Archive regions: 2->2
[2023-03-29T03:27:10.322+0000][5933][gc,heap     ] GC(25) Humongous regions: 2->2
[2023-03-29T03:27:10.323+0000][5933][gc,metaspace] GC(25) Metaspace: 110785K(112320K)->110785K(112320K) NonClass: 95705K(96576K)->95705K(96576K) Class: 15080K(15744K)->15080K(15744K)
[2023-03-29T03:27:10.323+0000][5933][gc          ] GC(25) Pause Young (Normal) (G1 Evacuation Pause) 1250M->90M(1964M) 44.088ms
[2023-03-29T03:27:10.323+0000][5933][gc,cpu      ] GC(25) User=0.04s Sys=0.00s Real=0.04s
[2023-03-29T03:27:10.323+0000][5933][safepoint   ] Safepoint "G1CollectForAllocation", Time since last: 29605388224 ns, Reaching safepoint: 87966 ns, At safepoint: 44232887 ns, Total: 44320853 ns
[2023-03-29T03:27:42.327+0000][5933][safepoint   ] Safepoint "Cleanup", Time since last: 32003867942 ns, Reaching safepoint: 80820 ns, At safepoint: 7552 ns, Total: 88372 ns
[2023-03-29T03:27:50.328+0000][5933][safepoint   ] Safepoint "Cleanup", Time since last: 8000989784 ns, Reaching safepoint: 69732 ns, At safepoint: 12618 ns, Total: 82350 ns
[2023-03-29T03:28:10.330+0000][5933][safepoint   ] Safepoint "Cleanup", Time since last: 20002480449 ns, Reaching safepoint: 50943 ns, At safepoint: 8620 ns, Total: 59563 ns
[2023-03-29T03:28:25.332+0000][5933][safepoint   ] Safepoint "Cleanup", Time since last: 15001834703 ns, Reaching safepoint: 62233 ns, At safepoint: 6981 ns, Total: 69214 ns
[2023-03-29T03:29:10.338+0000][5933][safepoint   ] Safepoint "Cleanup", Time since last: 45005375342 ns, Reaching safepoint: 118635 ns, At safepoint: 12442 ns, Total: 131077 ns
[2023-03-29T03:29:40.342+0000][5933][safepoint   ] Safepoint "Cleanup", Time since last: 30004015075 ns, Reaching safepoint: 81321 ns, At safepoint: 7419 ns, Total: 88740 ns
[2023-03-29T03:31:10.354+0000][5933][safepoint   ] Safepoint "Cleanup", Time since last: 90012239087 ns, Reaching safepoint: 108000 ns, At safepoint: 15448 ns, Total: 123448 ns
[2023-03-29T03:32:40.365+0000][5933][safepoint   ] Safepoint "Cleanup", Time since last: 90010836807 ns, Reaching safepoint: 103403 ns, At safepoint: 8844 ns, Total: 112247 ns
[2023-03-29T03:38:27.411+0000][5933][safepoint   ] Safepoint "Cleanup", Time since last: 347045989895 ns, Reaching safepoint: 126505 ns, At safepoint: 8302 ns, Total: 134807 ns
[2023-03-29T03:39:12.417+0000][5933][safepoint   ] Safepoint "Cleanup", Time since last: 45005645007 ns, Reaching safepoint: 107102 ns, At safepoint: 13729 ns, Total: 120831 ns
[2023-03-29T03:43:48.453+0000][5933][safepoint   ] Safepoint "Cleanup", Time since last: 276036153441 ns, Reaching safepoint: 91937 ns, At safepoint: 7894 ns, Total: 99831 ns
[2023-03-29T03:46:10.473+0000][5933][safepoint   ] Safepoint "Cleanup", Time since last: 142019499614 ns, Reaching safepoint: 82844 ns, At safepoint: 7541 ns, Total: 90385 ns
[2023-03-29T03:48:35.493+0000][5933][safepoint   ] Safepoint "Cleanup", Time since last: 145019864347 ns, Reaching safepoint: 92315 ns, At safepoint: 13795 ns, Total: 106110 ns
[2023-03-29T03:48:40.493+0000][5933][safepoint   ] Safepoint "Cleanup", Time since last: 5000682308 ns, Reaching safepoint: 64847 ns, At safepoint: 7558 ns, Total: 72405 ns
[2023-03-29T03:52:40.526+0000][5933][safepoint   ] Safepoint "Cleanup", Time since last: 240032583363 ns, Reaching safepoint: 103240 ns, At safepoint: 14700 ns, Total: 117940 ns
[2023-03-29T03:55:42.552+0000][5933][safepoint   ] Safepoint "Cleanup", Time since last: 182025234980 ns, Reaching safepoint: 85974 ns, At safepoint: 8370 ns, Total: 94344 ns
[2023-03-29T03:56:00.554+0000][5933][safepoint   ] Safepoint "Cleanup", Time since last: 18002450244 ns, Reaching safepoint: 73209 ns, At safepoint: 48201 ns, Total: 121410 ns
[2023-03-29T03:56:10.556+0000][5933][safepoint   ] Safepoint "Cleanup", Time since last: 10001527949 ns, Reaching safepoint: 73672 ns, At safepoint: 12844 ns, Total: 86516 ns
[2023-03-29T04:00:20.591+0000][5933][safepoint   ] Safepoint "Cleanup", Time since last: 250035208374 ns, Reaching safepoint: 140552 ns, At safepoint: 23091 ns, Total: 163643 ns
[2023-03-29T04:04:11.623+0000][5933][safepoint   ] Safepoint "Cleanup", Time since last: 231032288702 ns, Reaching safepoint: 104433 ns, At safepoint: 12095 ns, Total: 116528 ns
[2023-03-29T04:14:11.709+0000][5933][safepoint   ] Safepoint "Cleanup", Time since last: 600085683556 ns, Reaching safepoint: 137385 ns, At safepoint: 11183 ns, Total: 148568 ns
[2023-03-29T04:15:10.718+0000][5933][safepoint   ] Safepoint "Cleanup", Time since last: 59008360932 ns, Reaching safepoint: 86691 ns, At safepoint: 7958 ns, Total: 94649 ns
[2023-03-29T04:16:10.271+0000][5933][gc,start    ] GC(26) Pause Young (Normal) (G1 Evacuation Pause)
[2023-03-29T04:16:10.271+0000][5933][gc,task     ] GC(26) Using 1 workers of 1 for evacuation
[2023-03-29T04:16:10.271+0000][5933][gc,age      ] GC(26) Desired survivor size 77594624 bytes, new threshold 15 (max threshold 15)
[2023-03-29T04:16:10.320+0000][5933][gc,age      ] GC(26) Age table with threshold 15 (max threshold 15)
[2023-03-29T04:16:10.320+0000][5933][gc,age      ] GC(26) - age   1:     135792 bytes,     135792 total
[2023-03-29T04:16:10.320+0000][5933][gc,age      ] GC(26) - age   2:       7264 bytes,     143056 total
[2023-03-29T04:16:10.320+0000][5933][gc,age      ] GC(26) - age   3:       6944 bytes,     150000 total
[2023-03-29T04:16:10.320+0000][5933][gc,age      ] GC(26) - age   4:      62640 bytes,     212640 total
[2023-03-29T04:16:10.320+0000][5933][gc,age      ] GC(26) - age   5:     186184 bytes,     398824 total
[2023-03-29T04:16:10.320+0000][5933][gc,age      ] GC(26) - age   6:    2145352 bytes,    2544176 total
[2023-03-29T04:16:10.320+0000][5933][gc,age      ] GC(26) - age   7:     522064 bytes,    3066240 total
[2023-03-29T04:16:10.320+0000][5933][gc,age      ] GC(26) - age   8:    5724128 bytes,    8790368 total
[2023-03-29T04:16:10.320+0000][5933][gc,age      ] GC(26) - age   9:    4109712 bytes,   12900080 total
[2023-03-29T04:16:10.320+0000][5933][gc,phases   ] GC(26)   Pre Evacuate Collection Set: 0.7ms
[2023-03-29T04:16:10.320+0000][5933][gc,phases   ] GC(26)   Merge Heap Roots: 0.2ms
[2023-03-29T04:16:10.320+0000][5933][gc,phases   ] GC(26)   Evacuate Collection Set: 44.4ms
[2023-03-29T04:16:10.320+0000][5933][gc,phases   ] GC(26)   Post Evacuate Collection Set: 3.4ms
[2023-03-29T04:16:10.320+0000][5933][gc,phases   ] GC(26)   Other: 0.4ms
[2023-03-29T04:16:10.320+0000][5933][gc,heap     ] GC(26) Eden regions: 290->0(290)
[2023-03-29T04:16:10.320+0000][5933][gc,heap     ] GC(26) Survivor regions: 4->4(37)
[2023-03-29T04:16:10.320+0000][5933][gc,heap     ] GC(26) Old regions: 17->17
[2023-03-29T04:16:10.320+0000][5933][gc,heap     ] GC(26) Archive regions: 2->2
[2023-03-29T04:16:10.320+0000][5933][gc,heap     ] GC(26) Humongous regions: 2->2
[2023-03-29T04:16:10.320+0000][5933][gc,metaspace] GC(26) Metaspace: 110799K(112320K)->110799K(112320K) NonClass: 95718K(96576K)->95718K(96576K) Class: 15081K(15744K)->15081K(15744K)
[2023-03-29T04:16:10.320+0000][5933][gc          ] GC(26) Pause Young (Normal) (G1 Evacuation Pause) 1250M->90M(1964M) 49.406ms
[2023-03-29T04:16:10.321+0000][5933][gc,cpu      ] GC(26) User=0.05s Sys=0.00s Real=0.05s
[2023-03-29T04:16:10.321+0000][5933][safepoint   ] Safepoint "G1CollectForAllocation", Time since last: 59553082082 ns, Reaching safepoint: 203071 ns, At safepoint: 49534873 ns, Total: 49737944 ns
[2023-03-29T04:16:40.325+0000][5933][safepoint   ] Safepoint "Cleanup", Time since last: 30004239444 ns, Reaching safepoint: 73059 ns, At safepoint: 13040 ns, Total: 86099 ns
[2023-03-29T04:17:49.301+0000][5933][safepoint   ] Safepoint "Cleanup", Time since last: 68975948139 ns, Reaching safepoint: 204820 ns, At safepoint: 13418 ns, Total: 218238 ns
[2023-03-29T04:20:12.320+0000][5933][safepoint   ] Safepoint "Cleanup", Time since last: 143019220290 ns, Reaching safepoint: 76221 ns, At safepoint: 7266 ns, Total: 83487 ns
[2023-03-29T04:28:40.392+0000][5933][safepoint   ] Safepoint "Cleanup", Time since last: 508071043200 ns, Reaching safepoint: 105459 ns, At safepoint: 18969 ns, Total: 124428 ns
[2023-03-29T04:33:10.431+0000][5933][safepoint   ] Safepoint "Cleanup", Time since last: 270039161752 ns, Reaching safepoint: 87318 ns, At safepoint: 31588 ns, Total: 118906 ns
[2023-03-29T04:35:10.448+0000][5933][safepoint   ] Safepoint "Cleanup", Time since last: 120017330095 ns, Reaching safepoint: 79582 ns, At safepoint: 13591 ns, Total: 93173 ns
[2023-03-29T04:39:10.483+0000][5933][safepoint   ] Safepoint "Cleanup", Time since last: 240034197043 ns, Reaching safepoint: 144868 ns, At safepoint: 13505 ns, Total: 158373 ns
[2023-03-29T04:42:40.513+0000][5933][safepoint   ] Safepoint "Cleanup", Time since last: 210030108506 ns, Reaching safepoint: 147447 ns, At safepoint: 40343 ns, Total: 187790 ns
[2023-03-29T04:44:12.526+0000][5933][safepoint   ] Safepoint "Cleanup", Time since last: 92013448207 ns, Reaching safepoint: 98855 ns, At safepoint: 21329 ns, Total: 120184 ns
[2023-03-29T04:46:28.545+0000][5933][safepoint   ] Safepoint "Cleanup", Time since last: 136018918328 ns, Reaching safepoint: 94628 ns, At safepoint: 13365 ns, Total: 107993 ns
[2023-03-29T04:52:10.595+0000][5933][safepoint   ] Safepoint "Cleanup", Time since last: 342048836258 ns, Reaching safepoint: 175375 ns, At safepoint: 13962 ns, Total: 189337 ns
[2023-03-29T04:56:00.627+0000][5933][safepoint   ] Safepoint "Cleanup", Time since last: 230032264276 ns, Reaching safepoint: 95281 ns, At safepoint: 7399 ns, Total: 102680 ns
[2023-03-29T05:02:40.684+0000][5933][safepoint   ] Safepoint "Cleanup", Time since last: 400056608515 ns, Reaching safepoint: 110136 ns, At safepoint: 14197 ns, Total: 124333 ns
[2023-03-29T05:03:00.687+0000][5933][safepoint   ] Safepoint "Cleanup", Time since last: 20003079865 ns, Reaching safepoint: 45798 ns, At safepoint: 6957 ns, Total: 52755 ns
[2023-03-29T05:05:10.274+0000][5933][gc,start    ] GC(27) Pause Young (Normal) (G1 Evacuation Pause)
[2023-03-29T05:05:10.274+0000][5933][gc,task     ] GC(27) Using 1 workers of 1 for evacuation
[2023-03-29T05:05:10.274+0000][5933][gc,age      ] GC(27) Desired survivor size 77594624 bytes, new threshold 15 (max threshold 15)
[2023-03-29T05:05:10.326+0000][5933][gc,age      ] GC(27) Age table with threshold 15 (max threshold 15)
[2023-03-29T05:05:10.326+0000][5933][gc,age      ] GC(27) - age   1:      77800 bytes,      77800 total
[2023-03-29T05:05:10.326+0000][5933][gc,age      ] GC(27) - age   2:       3016 bytes,      80816 total
[2023-03-29T05:05:10.326+0000][5933][gc,age      ] GC(27) - age   3:       4312 bytes,      85128 total
[2023-03-29T05:05:10.326+0000][5933][gc,age      ] GC(27) - age   4:       6944 bytes,      92072 total
[2023-03-29T05:05:10.326+0000][5933][gc,age      ] GC(27) - age   5:      62528 bytes,     154600 total
[2023-03-29T05:05:10.326+0000][5933][gc,age      ] GC(27) - age   6:     186152 bytes,     340752 total
[2023-03-29T05:05:10.326+0000][5933][gc,age      ] GC(27) - age   7:    2145352 bytes,    2486104 total
[2023-03-29T05:05:10.326+0000][5933][gc,age      ] GC(27) - age   8:     522064 bytes,    3008168 total
[2023-03-29T05:05:10.326+0000][5933][gc,age      ] GC(27) - age   9:    5724128 bytes,    8732296 total
[2023-03-29T05:05:10.326+0000][5933][gc,age      ] GC(27) - age  10:    4109712 bytes,   12842008 total
[2023-03-29T05:05:10.326+0000][5933][gc,phases   ] GC(27)   Pre Evacuate Collection Set: 0.7ms
[2023-03-29T05:05:10.326+0000][5933][gc,phases   ] GC(27)   Merge Heap Roots: 0.2ms
[2023-03-29T05:05:10.326+0000][5933][gc,phases   ] GC(27)   Evacuate Collection Set: 46.6ms
[2023-03-29T05:05:10.327+0000][5933][gc,phases   ] GC(27)   Post Evacuate Collection Set: 4.2ms
[2023-03-29T05:05:10.327+0000][5933][gc,phases   ] GC(27)   Other: 0.5ms
[2023-03-29T05:05:10.327+0000][5933][gc,heap     ] GC(27) Eden regions: 290->0(290)
[2023-03-29T05:05:10.327+0000][5933][gc,heap     ] GC(27) Survivor regions: 4->4(37)
[2023-03-29T05:05:10.327+0000][5933][gc,heap     ] GC(27) Old regions: 17->17
[2023-03-29T05:05:10.327+0000][5933][gc,heap     ] GC(27) Archive regions: 2->2
[2023-03-29T05:05:10.327+0000][5933][gc,heap     ] GC(27) Humongous regions: 2->2
[2023-03-29T05:05:10.327+0000][5933][gc,metaspace] GC(27) Metaspace: 110861K(112448K)->110861K(112448K) NonClass: 95780K(96704K)->95780K(96704K) Class: 15081K(15744K)->15081K(15744K)
[2023-03-29T05:05:10.327+0000][5933][gc          ] GC(27) Pause Young (Normal) (G1 Evacuation Pause) 1250M->90M(1964M) 52.360ms
[2023-03-29T05:05:10.327+0000][5933][gc,cpu      ] GC(27) User=0.05s Sys=0.00s Real=0.05s
[2023-03-29T05:05:10.327+0000][5933][safepoint   ] Safepoint "G1CollectForAllocation", Time since last: 129587461730 ns, Reaching safepoint: 58672 ns, At safepoint: 52484293 ns, Total: 52542965 ns
[2023-03-29T05:12:10.385+0000][5933][safepoint   ] Safepoint "Cleanup", Time since last: 420058451506 ns, Reaching safepoint: 205269 ns, At safepoint: 48118 ns, Total: 253387 ns
[2023-03-29T05:20:40.458+0000][5933][safepoint   ] Safepoint "Cleanup", Time since last: 510072667388 ns, Reaching safepoint: 100961 ns, At safepoint: 14072 ns, Total: 115033 ns
[2023-03-29T05:24:12.488+0000][5933][safepoint   ] Safepoint "Cleanup", Time since last: 212029152374 ns, Reaching safepoint: 164238 ns, At safepoint: 8174 ns, Total: 172412 ns
[2023-03-29T05:32:40.560+0000][5933][safepoint   ] Safepoint "Cleanup", Time since last: 508071947690 ns, Reaching safepoint: 210693 ns, At safepoint: 8073 ns, Total: 218766 ns
[2023-03-29T05:34:51.580+0000][5933][safepoint   ] Safepoint "Cleanup", Time since last: 131020112802 ns, Reaching safepoint: 88155 ns, At safepoint: 7700 ns, Total: 95855 ns
[2023-03-29T05:40:10.625+0000][5933][safepoint   ] Safepoint "Cleanup", Time since last: 319044718485 ns, Reaching safepoint: 122236 ns, At safepoint: 7636 ns, Total: 129872 ns
[2023-03-29T05:54:09.415+0000][5933][gc,start    ] GC(28) Pause Young (Normal) (G1 Evacuation Pause)
[2023-03-29T05:54:09.415+0000][5933][gc,task     ] GC(28) Using 1 workers of 1 for evacuation
[2023-03-29T05:54:09.415+0000][5933][gc,age      ] GC(28) Desired survivor size 77594624 bytes, new threshold 15 (max threshold 15)
[2023-03-29T05:54:09.453+0000][5933][gc,age      ] GC(28) Age table with threshold 15 (max threshold 15)
[2023-03-29T05:54:09.453+0000][5933][gc,age      ] GC(28) - age   1:      55344 bytes,      55344 total
[2023-03-29T05:54:09.453+0000][5933][gc,age      ] GC(28) - age   2:       9000 bytes,      64344 total
[2023-03-29T05:54:09.453+0000][5933][gc,age      ] GC(28) - age   3:       2648 bytes,      66992 total
[2023-03-29T05:54:09.453+0000][5933][gc,age      ] GC(28) - age   4:       4312 bytes,      71304 total
[2023-03-29T05:54:09.453+0000][5933][gc,age      ] GC(28) - age   5:       6944 bytes,      78248 total
[2023-03-29T05:54:09.453+0000][5933][gc,age      ] GC(28) - age   6:      62528 bytes,     140776 total
[2023-03-29T05:54:09.453+0000][5933][gc,age      ] GC(28) - age   7:     186152 bytes,     326928 total
[2023-03-29T05:54:09.453+0000][5933][gc,age      ] GC(28) - age   8:    2145352 bytes,    2472280 total
[2023-03-29T05:54:09.453+0000][5933][gc,age      ] GC(28) - age   9:     522064 bytes,    2994344 total
[2023-03-29T05:54:09.453+0000][5933][gc,age      ] GC(28) - age  10:    5724128 bytes,    8718472 total
[2023-03-29T05:54:09.453+0000][5933][gc,age      ] GC(28) - age  11:    4109712 bytes,   12828184 total
[2023-03-29T05:54:09.453+0000][5933][gc,phases   ] GC(28)   Pre Evacuate Collection Set: 0.2ms
[2023-03-29T05:54:09.453+0000][5933][gc,phases   ] GC(28)   Merge Heap Roots: 0.2ms
[2023-03-29T05:54:09.453+0000][5933][gc,phases   ] GC(28)   Evacuate Collection Set: 34.6ms
[2023-03-29T05:54:09.453+0000][5933][gc,phases   ] GC(28)   Post Evacuate Collection Set: 2.7ms
[2023-03-29T05:54:09.453+0000][5933][gc,phases   ] GC(28)   Other: 0.5ms
[2023-03-29T05:54:09.454+0000][5933][gc,heap     ] GC(28) Eden regions: 290->0(290)
[2023-03-29T05:54:09.454+0000][5933][gc,heap     ] GC(28) Survivor regions: 4->4(37)
[2023-03-29T05:54:09.454+0000][5933][gc,heap     ] GC(28) Old regions: 17->17
[2023-03-29T05:54:09.454+0000][5933][gc,heap     ] GC(28) Archive regions: 2->2
[2023-03-29T05:54:09.454+0000][5933][gc,heap     ] GC(28) Humongous regions: 2->2
[2023-03-29T05:54:09.454+0000][5933][gc,metaspace] GC(28) Metaspace: 110913K(112512K)->110913K(112512K) NonClass: 95831K(96768K)->95831K(96768K) Class: 15081K(15744K)->15081K(15744K)
[2023-03-29T05:54:09.454+0000][5933][gc          ] GC(28) Pause Young (Normal) (G1 Evacuation Pause) 1250M->90M(1964M) 38.320ms
[2023-03-29T05:54:09.454+0000][5933][gc,cpu      ] GC(28) User=0.04s Sys=0.00s Real=0.04s
[2023-03-29T05:54:09.454+0000][5933][safepoint   ] Safepoint "G1CollectForAllocation", Time since last: 838790275933 ns, Reaching safepoint: 160529 ns, At safepoint: 38467304 ns, Total: 38627833 ns
[2023-03-29T06:03:56.521+0000][5933][safepoint   ] Safepoint "Cleanup", Time since last: 587067619289 ns, Reaching safepoint: 120976 ns, At safepoint: 31188 ns, Total: 152164 ns
[2023-03-29T06:04:58.529+0000][5933][safepoint   ] Safepoint "Cleanup", Time since last: 62007663986 ns, Reaching safepoint: 71325 ns, At safepoint: 32837 ns, Total: 104162 ns
[2023-03-29T06:05:18.532+0000][5933][safepoint   ] Safepoint "Cleanup", Time since last: 20002696633 ns, Reaching safepoint: 73874 ns, At safepoint: 13631 ns, Total: 87505 ns
[2023-03-29T06:05:40.535+0000][5933][safepoint   ] Safepoint "Cleanup", Time since last: 22002613511 ns, Reaching safepoint: 52626 ns, At safepoint: 6927 ns, Total: 59553 ns
[2023-03-29T06:05:48.536+0000][5933][safepoint   ] Safepoint "Cleanup", Time since last: 8000938488 ns, Reaching safepoint: 85192 ns, At safepoint: 7654 ns, Total: 92846 ns
[2023-03-29T06:06:10.538+0000][5933][safepoint   ] Safepoint "Cleanup", Time since last: 22002488966 ns, Reaching safepoint: 87091 ns, At safepoint: 7677 ns, Total: 94768 ns
[2023-03-29T06:06:12.539+0000][5933][safepoint   ] Safepoint "Cleanup", Time since last: 2000285270 ns, Reaching safepoint: 48260 ns, At safepoint: 7450 ns, Total: 55710 ns
[2023-03-29T06:07:18.547+0000][5933][safepoint   ] Safepoint "Cleanup", Time since last: 66007876336 ns, Reaching safepoint: 92556 ns, At safepoint: 7696 ns, Total: 100252 ns
[2023-03-29T06:07:40.549+0000][5933][safepoint   ] Safepoint "Cleanup", Time since last: 22002606328 ns, Reaching safepoint: 74638 ns, At safepoint: 7610 ns, Total: 82248 ns
[2023-03-29T06:07:48.550+0000][5933][safepoint   ] Safepoint "Cleanup", Time since last: 8001072185 ns, Reaching safepoint: 71172 ns, At safepoint: 12294 ns, Total: 83466 ns
[2023-03-29T06:08:10.554+0000][5933][safepoint   ] Safepoint "Cleanup", Time since last: 22003224726 ns, Reaching safepoint: 85033 ns, At safepoint: 13733 ns, Total: 98766 ns
[2023-03-29T06:13:07.593+0000][5933][safepoint   ] Safepoint "Cleanup", Time since last: 297039368531 ns, Reaching safepoint: 117502 ns, At safepoint: 11520 ns, Total: 129022 ns
[2023-03-29T06:13:12.594+0000][5933][safepoint   ] Safepoint "Cleanup", Time since last: 5000695841 ns, Reaching safepoint: 47760 ns, At safepoint: 6972 ns, Total: 54732 ns
[2023-03-29T06:13:58.600+0000][5933][safepoint   ] Safepoint "Cleanup", Time since last: 46005970128 ns, Reaching safepoint: 110405 ns, At safepoint: 13937 ns, Total: 124342 ns
[2023-03-29T06:24:10.714+0000][5933][safepoint   ] Safepoint "Cleanup", Time since last: 612108114714 ns, Reaching safepoint: 4158399 ns, At safepoint: 25877 ns, Total: 4184276 ns
[2023-03-29T06:25:10.726+0000][5933][safepoint   ] Safepoint "Cleanup", Time since last: 60013533684 ns, Reaching safepoint: 92354 ns, At safepoint: 7881 ns, Total: 100235 ns
[2023-03-29T06:25:40.756+0000][5933][safepoint   ] Safepoint "Cleanup", Time since last: 30030332344 ns, Reaching safepoint: 45253 ns, At safepoint: 33427 ns, Total: 78680 ns
[2023-03-29T06:29:02.781+0000][5933][safepoint   ] Safepoint "Cleanup", Time since last: 202024132865 ns, Reaching safepoint: 132574 ns, At safepoint: 15739 ns, Total: 148313 ns
[2023-03-29T06:29:40.786+0000][5933][safepoint   ] Safepoint "Cleanup", Time since last: 38004655590 ns, Reaching safepoint: 80398 ns, At safepoint: 12710 ns, Total: 93108 ns
[2023-03-29T06:30:49.793+0000][5933][safepoint   ] Safepoint "Cleanup", Time since last: 69007697692 ns, Reaching safepoint: 110091 ns, At safepoint: 8825 ns, Total: 118916 ns
[2023-03-29T06:43:02.474+0000][5933][gc,start    ] GC(29) Pause Young (Normal) (G1 Evacuation Pause)
[2023-03-29T06:43:02.478+0000][5933][gc,task     ] GC(29) Using 1 workers of 1 for evacuation
[2023-03-29T06:43:02.478+0000][5933][gc,age      ] GC(29) Desired survivor size 77594624 bytes, new threshold 15 (max threshold 15)
[2023-03-29T06:43:02.536+0000][5933][gc,age      ] GC(29) Age table with threshold 15 (max threshold 15)
[2023-03-29T06:43:02.536+0000][5933][gc,age      ] GC(29) - age   1:      58704 bytes,      58704 total
[2023-03-29T06:43:02.536+0000][5933][gc,age      ] GC(29) - age   2:       4704 bytes,      63408 total
[2023-03-29T06:43:02.537+0000][5933][gc,age      ] GC(29) - age   3:       8096 bytes,      71504 total
[2023-03-29T06:43:02.537+0000][5933][gc,age      ] GC(29) - age   4:       2648 bytes,      74152 total
[2023-03-29T06:43:02.537+0000][5933][gc,age      ] GC(29) - age   5:       4312 bytes,      78464 total
[2023-03-29T06:43:02.537+0000][5933][gc,age      ] GC(29) - age   6:       6944 bytes,      85408 total
[2023-03-29T06:43:02.537+0000][5933][gc,age      ] GC(29) - age   7:      62528 bytes,     147936 total
[2023-03-29T06:43:02.537+0000][5933][gc,age      ] GC(29) - age   8:     186152 bytes,     334088 total
[2023-03-29T06:43:02.537+0000][5933][gc,age      ] GC(29) - age   9:    2139152 bytes,    2473240 total
[2023-03-29T06:43:02.537+0000][5933][gc,age      ] GC(29) - age  10:     522064 bytes,    2995304 total
[2023-03-29T06:43:02.537+0000][5933][gc,age      ] GC(29) - age  11:    5724128 bytes,    8719432 total
[2023-03-29T06:43:02.537+0000][5933][gc,age      ] GC(29) - age  12:    4109712 bytes,   12829144 total
[2023-03-29T06:43:02.538+0000][5933][gc,phases   ] GC(29)   Pre Evacuate Collection Set: 0.2ms
[2023-03-29T06:43:02.538+0000][5933][gc,phases   ] GC(29)   Merge Heap Roots: 0.7ms
[2023-03-29T06:43:02.538+0000][5933][gc,phases   ] GC(29)   Evacuate Collection Set: 50.5ms
[2023-03-29T06:43:02.538+0000][5933][gc,phases   ] GC(29)   Post Evacuate Collection Set: 7.3ms
[2023-03-29T06:43:02.538+0000][5933][gc,phases   ] GC(29)   Other: 4.9ms
[2023-03-29T06:43:02.538+0000][5933][gc,heap     ] GC(29) Eden regions: 290->0(290)
[2023-03-29T06:43:02.538+0000][5933][gc,heap     ] GC(29) Survivor regions: 4->4(37)
[2023-03-29T06:43:02.538+0000][5933][gc,heap     ] GC(29) Old regions: 17->17
[2023-03-29T06:43:02.538+0000][5933][gc,heap     ] GC(29) Archive regions: 2->2
[2023-03-29T06:43:02.538+0000][5933][gc,heap     ] GC(29) Humongous regions: 2->2
[2023-03-29T06:43:02.538+0000][5933][gc,metaspace] GC(29) Metaspace: 110929K(112512K)->110929K(112512K) NonClass: 95848K(96768K)->95848K(96768K) Class: 15081K(15744K)->15081K(15744K)
[2023-03-29T06:43:02.538+0000][5933][gc          ] GC(29) Pause Young (Normal) (G1 Evacuation Pause) 1250M->90M(1964M) 63.732ms
[2023-03-29T06:43:02.538+0000][5933][gc,cpu      ] GC(29) User=0.05s Sys=0.00s Real=0.07s
[2023-03-29T06:43:02.539+0000][5933][safepoint   ] Safepoint "G1CollectForAllocation", Time since last: 732676874082 ns, Reaching safepoint: 121087 ns, At safepoint: 69080403 ns, Total: 69201490 ns
[2023-03-29T06:43:42.544+0000][5933][safepoint   ] Safepoint "Cleanup", Time since last: 40004864828 ns, Reaching safepoint: 93130 ns, At safepoint: 10762 ns, Total: 103892 ns
[2023-03-29T06:44:10.548+0000][5933][safepoint   ] Safepoint "Cleanup", Time since last: 28003090894 ns, Reaching safepoint: 83662 ns, At safepoint: 24033 ns, Total: 107695 ns
[2023-03-29T06:45:10.555+0000][5933][safepoint   ] Safepoint "Cleanup", Time since last: 60007216388 ns, Reaching safepoint: 100591 ns, At safepoint: 20554 ns, Total: 121145 ns
[2023-03-29T06:48:10.577+0000][5933][safepoint   ] Safepoint "Cleanup", Time since last: 180021707846 ns, Reaching safepoint: 119437 ns, At safepoint: 7968 ns, Total: 127405 ns
[2023-03-29T06:48:40.580+0000][5933][safepoint   ] Safepoint "Cleanup", Time since last: 30003575242 ns, Reaching safepoint: 107587 ns, At safepoint: 20773 ns, Total: 128360 ns
[2023-03-29T06:49:11.584+0000][5933][safepoint   ] Safepoint "Cleanup", Time since last: 31003725939 ns, Reaching safepoint: 93773 ns, At safepoint: 7375 ns, Total: 101148 ns
[2023-03-29T06:54:11.622+0000][5933][safepoint   ] Safepoint "Cleanup", Time since last: 300037754036 ns, Reaching safepoint: 103392 ns, At safepoint: 7939 ns, Total: 111331 ns
[2023-03-29T07:01:10.672+0000][5933][safepoint   ] Safepoint "Cleanup", Time since last: 419049260071 ns, Reaching safepoint: 123699 ns, At safepoint: 21543 ns, Total: 145242 ns
[2023-03-29T07:07:32.718+0000][5933][safepoint   ] Safepoint "Cleanup", Time since last: 382046109206 ns, Reaching safepoint: 121798 ns, At safepoint: 13032 ns, Total: 134830 ns
[2023-03-29T07:12:12.754+0000][5933][safepoint   ] Safepoint "Cleanup", Time since last: 280035789792 ns, Reaching safepoint: 109782 ns, At safepoint: 8042 ns, Total: 117824 ns
[2023-03-29T07:20:10.808+0000][5933][safepoint   ] Safepoint "Cleanup", Time since last: 478054149523 ns, Reaching safepoint: 110333 ns, At safepoint: 15391 ns, Total: 125724 ns
[2023-03-29T07:22:12.822+0000][5933][safepoint   ] Safepoint "Cleanup", Time since last: 122014145296 ns, Reaching safepoint: 72747 ns, At safepoint: 32655 ns, Total: 105402 ns
[2023-03-29T07:30:21.881+0000][5933][safepoint   ] Safepoint "Cleanup", Time since last: 489058481287 ns, Reaching safepoint: 86424 ns, At safepoint: 12606 ns, Total: 99030 ns
[2023-03-29T07:31:53.893+0000][5933][safepoint   ] Safepoint "Cleanup", Time since last: 92011649146 ns, Reaching safepoint: 76407 ns, At safepoint: 7509 ns, Total: 83916 ns
[2023-03-29T07:32:03.887+0000][5933][gc,start    ] GC(30) Pause Young (Normal) (G1 Evacuation Pause)
[2023-03-29T07:32:03.887+0000][5933][gc,task     ] GC(30) Using 1 workers of 1 for evacuation
[2023-03-29T07:32:03.887+0000][5933][gc,age      ] GC(30) Desired survivor size 77594624 bytes, new threshold 15 (max threshold 15)
[2023-03-29T07:32:03.941+0000][5933][gc,age      ] GC(30) Age table with threshold 15 (max threshold 15)
[2023-03-29T07:32:03.941+0000][5933][gc,age      ] GC(30) - age   1:      49872 bytes,      49872 total
[2023-03-29T07:32:03.941+0000][5933][gc,age      ] GC(30) - age   2:       7048 bytes,      56920 total
[2023-03-29T07:32:03.941+0000][5933][gc,age      ] GC(30) - age   3:       4704 bytes,      61624 total
[2023-03-29T07:32:03.941+0000][5933][gc,age      ] GC(30) - age   4:       8096 bytes,      69720 total
[2023-03-29T07:32:03.941+0000][5933][gc,age      ] GC(30) - age   5:       2648 bytes,      72368 total
[2023-03-29T07:32:03.941+0000][5933][gc,age      ] GC(30) - age   6:       4312 bytes,      76680 total
[2023-03-29T07:32:03.941+0000][5933][gc,age      ] GC(30) - age   7:       6944 bytes,      83624 total
[2023-03-29T07:32:03.942+0000][5933][gc,age      ] GC(30) - age   8:      62528 bytes,     146152 total
[2023-03-29T07:32:03.942+0000][5933][gc,age      ] GC(30) - age   9:     186152 bytes,     332304 total
[2023-03-29T07:32:03.942+0000][5933][gc,age      ] GC(30) - age  10:    2139152 bytes,    2471456 total
[2023-03-29T07:32:03.942+0000][5933][gc,age      ] GC(30) - age  11:     522064 bytes,    2993520 total
[2023-03-29T07:32:03.942+0000][5933][gc,age      ] GC(30) - age  12:    5724128 bytes,    8717648 total
[2023-03-29T07:32:03.942+0000][5933][gc,age      ] GC(30) - age  13:    4109712 bytes,   12827360 total
[2023-03-29T07:32:03.942+0000][5933][gc,phases   ] GC(30)   Pre Evacuate Collection Set: 0.2ms
[2023-03-29T07:32:03.942+0000][5933][gc,phases   ] GC(30)   Merge Heap Roots: 0.2ms
[2023-03-29T07:32:03.942+0000][5933][gc,phases   ] GC(30)   Evacuate Collection Set: 47.4ms
[2023-03-29T07:32:03.942+0000][5933][gc,phases   ] GC(30)   Post Evacuate Collection Set: 6.1ms
[2023-03-29T07:32:03.942+0000][5933][gc,phases   ] GC(30)   Other: 0.6ms
[2023-03-29T07:32:03.942+0000][5933][gc,heap     ] GC(30) Eden regions: 290->0(290)
[2023-03-29T07:32:03.942+0000][5933][gc,heap     ] GC(30) Survivor regions: 4->4(37)
[2023-03-29T07:32:03.942+0000][5933][gc,heap     ] GC(30) Old regions: 17->17
[2023-03-29T07:32:03.942+0000][5933][gc,heap     ] GC(30) Archive regions: 2->2
[2023-03-29T07:32:03.942+0000][5933][gc,heap     ] GC(30) Humongous regions: 2->2
[2023-03-29T07:32:03.942+0000][5933][gc,metaspace] GC(30) Metaspace: 110948K(112512K)->110948K(112512K) NonClass: 95867K(96768K)->95867K(96768K) Class: 15081K(15744K)->15081K(15744K)
[2023-03-29T07:32:03.942+0000][5933][gc          ] GC(30) Pause Young (Normal) (G1 Evacuation Pause) 1250M->90M(1964M) 54.767ms
[2023-03-29T07:32:03.942+0000][5933][gc,cpu      ] GC(30) User=0.05s Sys=0.00s Real=0.06s
[2023-03-29T07:32:03.942+0000][5933][safepoint   ] Safepoint "G1CollectForAllocation", Time since last: 9994564320 ns, Reaching safepoint: 60977 ns, At safepoint: 54949068 ns, Total: 55010045 ns
[2023-03-29T07:40:17.012+0000][5933][safepoint   ] Safepoint "Cleanup", Time since last: 493069979726 ns, Reaching safepoint: 119990 ns, At safepoint: 9925 ns, Total: 129915 ns
[2023-03-29T07:54:21.132+0000][5933][safepoint   ] Safepoint "Cleanup", Time since last: 844119988413 ns, Reaching safepoint: 189108 ns, At safepoint: 35906 ns, Total: 225014 ns
[2023-03-29T08:04:12.216+0000][5933][safepoint   ] Safepoint "Cleanup", Time since last: 591083204073 ns, Reaching safepoint: 101314 ns, At safepoint: 7484 ns, Total: 108798 ns
[2023-03-29T08:06:13.233+0000][5933][safepoint   ] Safepoint "Cleanup", Time since last: 121017231868 ns, Reaching safepoint: 125662 ns, At safepoint: 13155 ns, Total: 138817 ns
[2023-03-29T08:06:41.237+0000][5933][safepoint   ] Safepoint "Cleanup", Time since last: 28004152967 ns, Reaching safepoint: 73354 ns, At safepoint: 7169 ns, Total: 80523 ns
[2023-03-29T08:20:59.415+0000][5933][gc,start    ] GC(31) Pause Young (Normal) (G1 Evacuation Pause)
[2023-03-29T08:20:59.415+0000][5933][gc,task     ] GC(31) Using 1 workers of 1 for evacuation
[2023-03-29T08:20:59.415+0000][5933][gc,age      ] GC(31) Desired survivor size 77594624 bytes, new threshold 15 (max threshold 15)
[2023-03-29T08:20:59.462+0000][5933][gc,age      ] GC(31) Age table with threshold 15 (max threshold 15)
[2023-03-29T08:20:59.462+0000][5933][gc,age      ] GC(31) - age   1:      52744 bytes,      52744 total
[2023-03-29T08:20:59.462+0000][5933][gc,age      ] GC(31) - age   2:        360 bytes,      53104 total
[2023-03-29T08:20:59.462+0000][5933][gc,age      ] GC(31) - age   3:       6864 bytes,      59968 total
[2023-03-29T08:20:59.462+0000][5933][gc,age      ] GC(31) - age   4:       4704 bytes,      64672 total
[2023-03-29T08:20:59.462+0000][5933][gc,age      ] GC(31) - age   5:       8096 bytes,      72768 total
[2023-03-29T08:20:59.462+0000][5933][gc,age      ] GC(31) - age   6:       2552 bytes,      75320 total
[2023-03-29T08:20:59.462+0000][5933][gc,age      ] GC(31) - age   7:       4312 bytes,      79632 total
[2023-03-29T08:20:59.462+0000][5933][gc,age      ] GC(31) - age   8:       6944 bytes,      86576 total
[2023-03-29T08:20:59.462+0000][5933][gc,age      ] GC(31) - age   9:      62528 bytes,     149104 total
[2023-03-29T08:20:59.462+0000][5933][gc,age      ] GC(31) - age  10:     186152 bytes,     335256 total
[2023-03-29T08:20:59.462+0000][5933][gc,age      ] GC(31) - age  11:    2139152 bytes,    2474408 total
[2023-03-29T08:20:59.462+0000][5933][gc,age      ] GC(31) - age  12:     522064 bytes,    2996472 total
[2023-03-29T08:20:59.462+0000][5933][gc,age      ] GC(31) - age  13:    5724128 bytes,    8720600 total
[2023-03-29T08:20:59.462+0000][5933][gc,age      ] GC(31) - age  14:    4109712 bytes,   12830312 total
[2023-03-29T08:20:59.462+0000][5933][gc,phases   ] GC(31)   Pre Evacuate Collection Set: 0.2ms
[2023-03-29T08:20:59.462+0000][5933][gc,phases   ] GC(31)   Merge Heap Roots: 0.2ms
[2023-03-29T08:20:59.462+0000][5933][gc,phases   ] GC(31)   Evacuate Collection Set: 43.7ms
[2023-03-29T08:20:59.462+0000][5933][gc,phases   ] GC(31)   Post Evacuate Collection Set: 2.6ms
[2023-03-29T08:20:59.462+0000][5933][gc,phases   ] GC(31)   Other: 0.5ms
[2023-03-29T08:20:59.463+0000][5933][gc,heap     ] GC(31) Eden regions: 290->0(290)
[2023-03-29T08:20:59.463+0000][5933][gc,heap     ] GC(31) Survivor regions: 4->4(37)
[2023-03-29T08:20:59.463+0000][5933][gc,heap     ] GC(31) Old regions: 17->17
[2023-03-29T08:20:59.463+0000][5933][gc,heap     ] GC(31) Archive regions: 2->2
[2023-03-29T08:20:59.463+0000][5933][gc,heap     ] GC(31) Humongous regions: 2->2
[2023-03-29T08:20:59.463+0000][5933][gc,metaspace] GC(31) Metaspace: 110960K(112576K)->110960K(112576K) NonClass: 95878K(96832K)->95878K(96832K) Class: 15081K(15744K)->15081K(15744K)
[2023-03-29T08:20:59.463+0000][5933][gc          ] GC(31) Pause Young (Normal) (G1 Evacuation Pause) 1250M->90M(1964M) 47.379ms
[2023-03-29T08:20:59.463+0000][5933][gc,cpu      ] GC(31) User=0.05s Sys=0.00s Real=0.05s
[2023-03-29T08:20:59.463+0000][5933][safepoint   ] Safepoint "G1CollectForAllocation", Time since last: 858177688744 ns, Reaching safepoint: 107944 ns, At safepoint: 47527291 ns, Total: 47635235 ns
[2023-03-29T08:21:40.469+0000][5933][safepoint   ] Safepoint "Cleanup", Time since last: 41005763030 ns, Reaching safepoint: 113967 ns, At safepoint: 35916 ns, Total: 149883 ns
[2023-03-29T08:24:07.489+0000][5933][safepoint   ] Safepoint "Cleanup", Time since last: 147020362883 ns, Reaching safepoint: 91657 ns, At safepoint: 7406 ns, Total: 99063 ns
[2023-03-29T08:24:13.490+0000][5933][safepoint   ] Safepoint "Cleanup", Time since last: 6000870085 ns, Reaching safepoint: 61872 ns, At safepoint: 10127 ns, Total: 71999 ns
[2023-03-29T08:54:40.748+0000][5933][safepoint   ] Safepoint "Cleanup", Time since last: 1827257426945 ns, Reaching safepoint: 184717 ns, At safepoint: 25399 ns, Total: 210116 ns
[2023-03-29T09:02:10.812+0000][5933][safepoint   ] Safepoint "Cleanup", Time since last: 450064413997 ns, Reaching safepoint: 109317 ns, At safepoint: 12896 ns, Total: 122213 ns
[2023-03-29T09:09:57.629+0000][5933][gc,start    ] GC(32) Pause Young (Normal) (G1 Evacuation Pause)
[2023-03-29T09:09:57.629+0000][5933][gc,task     ] GC(32) Using 1 workers of 1 for evacuation
[2023-03-29T09:09:57.629+0000][5933][gc,age      ] GC(32) Desired survivor size 77594624 bytes, new threshold 15 (max threshold 15)
[2023-03-29T09:09:57.672+0000][5933][gc,age      ] GC(32) Age table with threshold 15 (max threshold 15)
[2023-03-29T09:09:57.672+0000][5933][gc,age      ] GC(32) - age   1:      50008 bytes,      50008 total
[2023-03-29T09:09:57.672+0000][5933][gc,age      ] GC(32) - age   2:       2544 bytes,      52552 total
[2023-03-29T09:09:57.672+0000][5933][gc,age      ] GC(32) - age   3:        176 bytes,      52728 total
[2023-03-29T09:09:57.672+0000][5933][gc,age      ] GC(32) - age   4:       6864 bytes,      59592 total
[2023-03-29T09:09:57.672+0000][5933][gc,age      ] GC(32) - age   5:       4704 bytes,      64296 total
[2023-03-29T09:09:57.672+0000][5933][gc,age      ] GC(32) - age   6:       8064 bytes,      72360 total
[2023-03-29T09:09:57.672+0000][5933][gc,age      ] GC(32) - age   7:       2552 bytes,      74912 total
[2023-03-29T09:09:57.672+0000][5933][gc,age      ] GC(32) - age   8:       4312 bytes,      79224 total
[2023-03-29T09:09:57.672+0000][5933][gc,age      ] GC(32) - age   9:       6944 bytes,      86168 total
[2023-03-29T09:09:57.672+0000][5933][gc,age      ] GC(32) - age  10:      62528 bytes,     148696 total
[2023-03-29T09:09:57.672+0000][5933][gc,age      ] GC(32) - age  11:     186152 bytes,     334848 total
[2023-03-29T09:09:57.672+0000][5933][gc,age      ] GC(32) - age  12:    2139152 bytes,    2474000 total
[2023-03-29T09:09:57.672+0000][5933][gc,age      ] GC(32) - age  13:     522064 bytes,    2996064 total
[2023-03-29T09:09:57.672+0000][5933][gc,age      ] GC(32) - age  14:    5724128 bytes,    8720192 total
[2023-03-29T09:09:57.672+0000][5933][gc,age      ] GC(32) - age  15:    4109712 bytes,   12829904 total
[2023-03-29T09:09:57.672+0000][5933][gc,phases   ] GC(32)   Pre Evacuate Collection Set: 0.2ms
[2023-03-29T09:09:57.672+0000][5933][gc,phases   ] GC(32)   Merge Heap Roots: 0.3ms
[2023-03-29T09:09:57.672+0000][5933][gc,phases   ] GC(32)   Evacuate Collection Set: 39.6ms
[2023-03-29T09:09:57.672+0000][5933][gc,phases   ] GC(32)   Post Evacuate Collection Set: 2.3ms
[2023-03-29T09:09:57.672+0000][5933][gc,phases   ] GC(32)   Other: 0.5ms
[2023-03-29T09:09:57.672+0000][5933][gc,heap     ] GC(32) Eden regions: 290->0(290)
[2023-03-29T09:09:57.672+0000][5933][gc,heap     ] GC(32) Survivor regions: 4->4(37)
[2023-03-29T09:09:57.672+0000][5933][gc,heap     ] GC(32) Old regions: 17->17
[2023-03-29T09:09:57.672+0000][5933][gc,heap     ] GC(32) Archive regions: 2->2
[2023-03-29T09:09:57.672+0000][5933][gc,heap     ] GC(32) Humongous regions: 2->2
[2023-03-29T09:09:57.672+0000][5933][gc,metaspace] GC(32) Metaspace: 110965K(112576K)->110965K(112576K) NonClass: 95883K(96832K)->95883K(96832K) Class: 15081K(15744K)->15081K(15744K)
[2023-03-29T09:09:57.672+0000][5933][gc          ] GC(32) Pause Young (Normal) (G1 Evacuation Pause) 1250M->90M(1964M) 43.006ms
[2023-03-29T09:09:57.672+0000][5933][gc,cpu      ] GC(32) User=0.04s Sys=0.00s Real=0.04s
[2023-03-29T09:09:57.672+0000][5933][safepoint   ] Safepoint "G1CollectForAllocation", Time since last: 466816717259 ns, Reaching safepoint: 240030 ns, At safepoint: 43121538 ns, Total: 43361568 ns
[2023-03-29T09:10:40.678+0000][5933][safepoint   ] Safepoint "Cleanup", Time since last: 43006025134 ns, Reaching safepoint: 86280 ns, At safepoint: 13576 ns, Total: 99856 ns
[2023-03-29T09:49:12.016+0000][5933][safepoint   ] Safepoint "Cleanup", Time since last: 2311337678695 ns, Reaching safepoint: 205988 ns, At safepoint: 25654 ns, Total: 231642 ns
[2023-03-29T09:59:02.547+0000][5933][gc,start    ] GC(33) Pause Young (Normal) (G1 Evacuation Pause)
[2023-03-29T09:59:02.547+0000][5933][gc,task     ] GC(33) Using 1 workers of 1 for evacuation
[2023-03-29T09:59:02.548+0000][5933][gc,age      ] GC(33) Desired survivor size 77594624 bytes, new threshold 15 (max threshold 15)
[2023-03-29T09:59:02.618+0000][5933][gc,age      ] GC(33) Age table with threshold 15 (max threshold 15)
[2023-03-29T09:59:02.618+0000][5933][gc,age      ] GC(33) - age   1:      53312 bytes,      53312 total
[2023-03-29T09:59:02.618+0000][5933][gc,age      ] GC(33) - age   2:       1888 bytes,      55200 total
[2023-03-29T09:59:02.618+0000][5933][gc,age      ] GC(33) - age   3:       1992 bytes,      57192 total
[2023-03-29T09:59:02.618+0000][5933][gc,age      ] GC(33) - age   4:        176 bytes,      57368 total
[2023-03-29T09:59:02.618+0000][5933][gc,age      ] GC(33) - age   5:       6696 bytes,      64064 total
[2023-03-29T09:59:02.618+0000][5933][gc,age      ] GC(33) - age   6:       4704 bytes,      68768 total
[2023-03-29T09:59:02.618+0000][5933][gc,age      ] GC(33) - age   7:       8064 bytes,      76832 total
[2023-03-29T09:59:02.618+0000][5933][gc,age      ] GC(33) - age   8:       2552 bytes,      79384 total
[2023-03-29T09:59:02.618+0000][5933][gc,age      ] GC(33) - age   9:       4312 bytes,      83696 total
[2023-03-29T09:59:02.618+0000][5933][gc,age      ] GC(33) - age  10:       6944 bytes,      90640 total
[2023-03-29T09:59:02.618+0000][5933][gc,age      ] GC(33) - age  11:      62528 bytes,     153168 total
[2023-03-29T09:59:02.618+0000][5933][gc,age      ] GC(33) - age  12:     186152 bytes,     339320 total
[2023-03-29T09:59:02.618+0000][5933][gc,age      ] GC(33) - age  13:    2139152 bytes,    2478472 total
[2023-03-29T09:59:02.618+0000][5933][gc,age      ] GC(33) - age  14:     522064 bytes,    3000536 total
[2023-03-29T09:59:02.618+0000][5933][gc,age      ] GC(33) - age  15:    5724128 bytes,    8724664 total
[2023-03-29T09:59:02.618+0000][5933][gc,phases   ] GC(33)   Pre Evacuate Collection Set: 1.5ms
[2023-03-29T09:59:02.618+0000][5933][gc,phases   ] GC(33)   Merge Heap Roots: 0.3ms
[2023-03-29T09:59:02.618+0000][5933][gc,phases   ] GC(33)   Evacuate Collection Set: 66.3ms
[2023-03-29T09:59:02.618+0000][5933][gc,phases   ] GC(33)   Post Evacuate Collection Set: 2.4ms
[2023-03-29T09:59:02.619+0000][5933][gc,phases   ] GC(33)   Other: 0.6ms
[2023-03-29T09:59:02.619+0000][5933][gc,heap     ] GC(33) Eden regions: 290->0(291)
[2023-03-29T09:59:02.619+0000][5933][gc,heap     ] GC(33) Survivor regions: 4->3(37)
[2023-03-29T09:59:02.619+0000][5933][gc,heap     ] GC(33) Old regions: 17->18
[2023-03-29T09:59:02.619+0000][5933][gc,heap     ] GC(33) Archive regions: 2->2
[2023-03-29T09:59:02.619+0000][5933][gc,heap     ] GC(33) Humongous regions: 2->2
[2023-03-29T09:59:02.619+0000][5933][gc,metaspace] GC(33) Metaspace: 110966K(112576K)->110966K(112576K) NonClass: 95884K(96832K)->95884K(96832K) Class: 15081K(15744K)->15081K(15744K)
[2023-03-29T09:59:02.619+0000][5933][gc          ] GC(33) Pause Young (Normal) (G1 Evacuation Pause) 1250M->90M(1964M) 71.212ms
[2023-03-29T09:59:02.619+0000][5933][gc,cpu      ] GC(33) User=0.05s Sys=0.01s Real=0.08s
[2023-03-29T09:59:02.619+0000][5933][safepoint   ] Safepoint "G1CollectForAllocation", Time since last: 590530887232 ns, Reaching safepoint: 149219 ns, At safepoint: 71382594 ns, Total: 71531813 ns
[2023-03-29T10:14:11.747+0000][5933][safepoint   ] Safepoint "Cleanup", Time since last: 909128219388 ns, Reaching safepoint: 208623 ns, At safepoint: 14870 ns, Total: 223493 ns
[2023-03-29T10:17:20.776+0000][5933][safepoint   ] Safepoint "Cleanup", Time since last: 189028467314 ns, Reaching safepoint: 111798 ns, At safepoint: 7603 ns, Total: 119401 ns
[2023-03-29T10:17:43.779+0000][5933][safepoint   ] Safepoint "Cleanup", Time since last: 23003291684 ns, Reaching safepoint: 103886 ns, At safepoint: 22981 ns, Total: 126867 ns
[2023-03-29T10:20:44.068+0000][5933][safepoint   ] Safepoint "Cleanup", Time since last: 180288427203 ns, Reaching safepoint: 121414 ns, At safepoint: 12921 ns, Total: 134335 ns
[2023-03-29T10:34:11.182+0000][5933][safepoint   ] Safepoint "Cleanup", Time since last: 807114047832 ns, Reaching safepoint: 209794 ns, At safepoint: 34911 ns, Total: 244705 ns
[2023-03-29T10:40:41.236+0000][5933][safepoint   ] Safepoint "Cleanup", Time since last: 390054304984 ns, Reaching safepoint: 97360 ns, At safepoint: 13860 ns, Total: 111220 ns
[2023-03-29T10:46:30.291+0000][5933][safepoint   ] Safepoint "Cleanup", Time since last: 349053953552 ns, Reaching safepoint: 135950 ns, At safepoint: 24909 ns, Total: 160859 ns
[2023-03-29T10:48:10.279+0000][5933][gc,start    ] GC(34) Pause Young (Normal) (G1 Evacuation Pause)
[2023-03-29T10:48:10.279+0000][5933][gc,task     ] GC(34) Using 1 workers of 1 for evacuation
[2023-03-29T10:48:10.279+0000][5933][gc,age      ] GC(34) Desired survivor size 77594624 bytes, new threshold 15 (max threshold 15)
[2023-03-29T10:48:10.343+0000][5933][gc,age      ] GC(34) Age table with threshold 15 (max threshold 15)
[2023-03-29T10:48:10.343+0000][5933][gc,age      ] GC(34) - age   1:     128704 bytes,     128704 total
[2023-03-29T10:48:10.343+0000][5933][gc,age      ] GC(34) - age   2:        960 bytes,     129664 total
[2023-03-29T10:48:10.343+0000][5933][gc,age      ] GC(34) - age   3:       1488 bytes,     131152 total
[2023-03-29T10:48:10.343+0000][5933][gc,age      ] GC(34) - age   4:       1992 bytes,     133144 total
[2023-03-29T10:48:10.343+0000][5933][gc,age      ] GC(34) - age   5:        176 bytes,     133320 total
[2023-03-29T10:48:10.343+0000][5933][gc,age      ] GC(34) - age   6:       6696 bytes,     140016 total
[2023-03-29T10:48:10.343+0000][5933][gc,age      ] GC(34) - age   7:       4704 bytes,     144720 total
[2023-03-29T10:48:10.343+0000][5933][gc,age      ] GC(34) - age   8:       8064 bytes,     152784 total
[2023-03-29T10:48:10.343+0000][5933][gc,age      ] GC(34) - age   9:       2552 bytes,     155336 total
[2023-03-29T10:48:10.343+0000][5933][gc,age      ] GC(34) - age  10:       4312 bytes,     159648 total
[2023-03-29T10:48:10.343+0000][5933][gc,age      ] GC(34) - age  11:       6944 bytes,     166592 total
[2023-03-29T10:48:10.343+0000][5933][gc,age      ] GC(34) - age  12:      62528 bytes,     229120 total
[2023-03-29T10:48:10.343+0000][5933][gc,age      ] GC(34) - age  13:     186152 bytes,     415272 total
[2023-03-29T10:48:10.343+0000][5933][gc,age      ] GC(34) - age  14:    2139152 bytes,    2554424 total
[2023-03-29T10:48:10.343+0000][5933][gc,age      ] GC(34) - age  15:     522064 bytes,    3076488 total
[2023-03-29T10:48:10.343+0000][5933][gc,phases   ] GC(34)   Pre Evacuate Collection Set: 0.2ms
[2023-03-29T10:48:10.343+0000][5933][gc,phases   ] GC(34)   Merge Heap Roots: 0.1ms
[2023-03-29T10:48:10.343+0000][5933][gc,phases   ] GC(34)   Evacuate Collection Set: 60.0ms
[2023-03-29T10:48:10.343+0000][5933][gc,phases   ] GC(34)   Post Evacuate Collection Set: 1.9ms
[2023-03-29T10:48:10.343+0000][5933][gc,phases   ] GC(34)   Other: 1.8ms
[2023-03-29T10:48:10.343+0000][5933][gc,heap     ] GC(34) Eden regions: 291->0(293)
[2023-03-29T10:48:10.343+0000][5933][gc,heap     ] GC(34) Survivor regions: 3->1(37)
[2023-03-29T10:48:10.343+0000][5933][gc,heap     ] GC(34) Old regions: 18->19
[2023-03-29T10:48:10.343+0000][5933][gc,heap     ] GC(34) Archive regions: 2->2
[2023-03-29T10:48:10.343+0000][5933][gc,heap     ] GC(34) Humongous regions: 2->2
[2023-03-29T10:48:10.343+0000][5933][gc,metaspace] GC(34) Metaspace: 110989K(112576K)->110989K(112576K) NonClass: 95908K(96832K)->95908K(96832K) Class: 15081K(15744K)->15081K(15744K)
[2023-03-29T10:48:10.343+0000][5933][gc          ] GC(34) Pause Young (Normal) (G1 Evacuation Pause) 1254M->89M(1964M) 64.149ms
[2023-03-29T10:48:10.343+0000][5933][gc,cpu      ] GC(34) User=0.04s Sys=0.01s Real=0.06s
[2023-03-29T10:48:10.343+0000][5933][safepoint   ] Safepoint "G1CollectForAllocation", Time since last: 99988272625 ns, Reaching safepoint: 59314 ns, At safepoint: 64259112 ns, Total: 64318426 ns
[2023-03-29T10:54:40.401+0000][5933][safepoint   ] Safepoint "Cleanup", Time since last: 390057486862 ns, Reaching safepoint: 162548 ns, At safepoint: 24747 ns, Total: 187295 ns
[2023-03-29T11:04:11.793+0000][5933][safepoint   ] Safepoint "Cleanup", Time since last: 571391900743 ns, Reaching safepoint: 154164 ns, At safepoint: 12661 ns, Total: 166825 ns
[2023-03-29T11:04:28.795+0000][5933][safepoint   ] Safepoint "Cleanup", Time since last: 17002313103 ns, Reaching safepoint: 164933 ns, At safepoint: 13647 ns, Total: 178580 ns
[2023-03-29T11:04:40.797+0000][5933][safepoint   ] Safepoint "Cleanup", Time since last: 12001680695 ns, Reaching safepoint: 74007 ns, At safepoint: 12024 ns, Total: 86031 ns
[2023-03-29T11:05:07.801+0000][5933][safepoint   ] Safepoint "Cleanup", Time since last: 27003949378 ns, Reaching safepoint: 112173 ns, At safepoint: 23419 ns, Total: 135592 ns
[2023-03-29T11:05:13.802+0000][5933][safepoint   ] Safepoint "Cleanup", Time since last: 6000892504 ns, Reaching safepoint: 90006 ns, At safepoint: 17585 ns, Total: 107591 ns
[2023-03-29T11:12:40.865+0000][5933][safepoint   ] Safepoint "Cleanup", Time since last: 447062346051 ns, Reaching safepoint: 153569 ns, At safepoint: 24859 ns, Total: 178428 ns
[2023-03-29T11:16:10.895+0000][5933][safepoint   ] Safepoint "Cleanup", Time since last: 210030147439 ns, Reaching safepoint: 125242 ns, At safepoint: 17070 ns, Total: 142312 ns
[2023-03-29T11:17:40.908+0000][5933][safepoint   ] Safepoint "Cleanup", Time since last: 90013119771 ns, Reaching safepoint: 83223 ns, At safepoint: 14025 ns, Total: 97248 ns
[2023-03-29T11:34:12.409+0000][5933][safepoint   ] Safepoint "Cleanup", Time since last: 991500947544 ns, Reaching safepoint: 173430 ns, At safepoint: 27861 ns, Total: 201291 ns
[2023-03-29T11:37:40.301+0000][5933][gc,start    ] GC(35) Pause Young (Normal) (G1 Evacuation Pause)
[2023-03-29T11:37:40.301+0000][5933][gc,task     ] GC(35) Using 1 workers of 1 for evacuation
[2023-03-29T11:37:40.301+0000][5933][gc,age      ] GC(35) Desired survivor size 77594624 bytes, new threshold 15 (max threshold 15)
[2023-03-29T11:37:40.333+0000][5933][gc,age      ] GC(35) Age table with threshold 15 (max threshold 15)
[2023-03-29T11:37:40.333+0000][5933][gc,age      ] GC(35) - age   1:      57288 bytes,      57288 total
[2023-03-29T11:37:40.333+0000][5933][gc,age      ] GC(35) - age   2:        432 bytes,      57720 total
[2023-03-29T11:37:40.333+0000][5933][gc,age      ] GC(35) - age   3:        960 bytes,      58680 total
[2023-03-29T11:37:40.333+0000][5933][gc,age      ] GC(35) - age   4:       1488 bytes,      60168 total
[2023-03-29T11:37:40.333+0000][5933][gc,age      ] GC(35) - age   5:       1992 bytes,      62160 total
[2023-03-29T11:37:40.333+0000][5933][gc,age      ] GC(35) - age   6:        176 bytes,      62336 total
[2023-03-29T11:37:40.333+0000][5933][gc,age      ] GC(35) - age   7:       6696 bytes,      69032 total
[2023-03-29T11:37:40.333+0000][5933][gc,age      ] GC(35) - age   8:       4704 bytes,      73736 total
[2023-03-29T11:37:40.333+0000][5933][gc,age      ] GC(35) - age   9:       8064 bytes,      81800 total
[2023-03-29T11:37:40.333+0000][5933][gc,age      ] GC(35) - age  10:       2552 bytes,      84352 total
[2023-03-29T11:37:40.333+0000][5933][gc,age      ] GC(35) - age  11:       4312 bytes,      88664 total
[2023-03-29T11:37:40.333+0000][5933][gc,age      ] GC(35) - age  12:       6944 bytes,      95608 total
[2023-03-29T11:37:40.333+0000][5933][gc,age      ] GC(35) - age  13:      62528 bytes,     158136 total
[2023-03-29T11:37:40.333+0000][5933][gc,age      ] GC(35) - age  14:     186152 bytes,     344288 total
[2023-03-29T11:37:40.333+0000][5933][gc,age      ] GC(35) - age  15:    2139152 bytes,    2483440 total
[2023-03-29T11:37:40.333+0000][5933][gc,phases   ] GC(35)   Pre Evacuate Collection Set: 0.2ms
[2023-03-29T11:37:40.333+0000][5933][gc,phases   ] GC(35)   Merge Heap Roots: 0.2ms
[2023-03-29T11:37:40.333+0000][5933][gc,phases   ] GC(35)   Evacuate Collection Set: 28.4ms
[2023-03-29T11:37:40.333+0000][5933][gc,phases   ] GC(35)   Post Evacuate Collection Set: 2.6ms
[2023-03-29T11:37:40.334+0000][5933][gc,phases   ] GC(35)   Other: 1.1ms
[2023-03-29T11:37:40.334+0000][5933][gc,heap     ] GC(35) Eden regions: 293->0(293)
[2023-03-29T11:37:40.334+0000][5933][gc,heap     ] GC(35) Survivor regions: 1->1(37)
[2023-03-29T11:37:40.334+0000][5933][gc,heap     ] GC(35) Old regions: 19->19
[2023-03-29T11:37:40.334+0000][5933][gc,heap     ] GC(35) Archive regions: 2->2
[2023-03-29T11:37:40.334+0000][5933][gc,heap     ] GC(35) Humongous regions: 2->2
[2023-03-29T11:37:40.334+0000][5933][gc,metaspace] GC(35) Metaspace: 110991K(112576K)->110991K(112576K) NonClass: 95909K(96832K)->95909K(96832K) Class: 15081K(15744K)->15081K(15744K)
[2023-03-29T11:37:40.334+0000][5933][gc          ] GC(35) Pause Young (Normal) (G1 Evacuation Pause) 1261M->89M(1964M) 33.623ms
[2023-03-29T11:37:40.334+0000][5933][gc,cpu      ] GC(35) User=0.03s Sys=0.00s Real=0.03s
[2023-03-29T11:37:40.334+0000][5933][safepoint   ] Safepoint "G1CollectForAllocation", Time since last: 207891183573 ns, Reaching safepoint: 93652 ns, At safepoint: 33741270 ns, Total: 33834922 ns
[2023-03-29T11:43:10.384+0000][5933][safepoint   ] Safepoint "Cleanup", Time since last: 330049832375 ns, Reaching safepoint: 143647 ns, At safepoint: 26401 ns, Total: 170048 ns
[2023-03-29T11:44:40.398+0000][5933][safepoint   ] Safepoint "Cleanup", Time since last: 90013194693 ns, Reaching safepoint: 118340 ns, At safepoint: 24469 ns, Total: 142809 ns
[2023-03-29T11:51:10.454+0000][5933][safepoint   ] Safepoint "Cleanup", Time since last: 390056085355 ns, Reaching safepoint: 200694 ns, At safepoint: 13457 ns, Total: 214151 ns
[2023-03-29T11:51:40.458+0000][5933][safepoint   ] Safepoint "Cleanup", Time since last: 30004148167 ns, Reaching safepoint: 121800 ns, At safepoint: 24459 ns, Total: 146259 ns
[2023-03-29T12:04:11.569+0000][5933][safepoint   ] Safepoint "Cleanup", Time since last: 751110032559 ns, Reaching safepoint: 183990 ns, At safepoint: 38218 ns, Total: 222208 ns
[2023-03-29T12:05:10.578+0000][5933][safepoint   ] Safepoint "Cleanup", Time since last: 59009348141 ns, Reaching safepoint: 110683 ns, At safepoint: 64654 ns, Total: 175337 ns
[2023-03-29T12:20:10.711+0000][5933][safepoint   ] Safepoint "Cleanup", Time since last: 900133007757 ns, Reaching safepoint: 177998 ns, At safepoint: 35306 ns, Total: 213304 ns
[2023-03-29T12:27:18.183+0000][5933][gc,start    ] GC(36) Pause Young (Normal) (G1 Evacuation Pause)
[2023-03-29T12:27:18.183+0000][5933][gc,task     ] GC(36) Using 1 workers of 1 for evacuation
[2023-03-29T12:27:18.183+0000][5933][gc,age      ] GC(36) Desired survivor size 77594624 bytes, new threshold 15 (max threshold 15)
[2023-03-29T12:27:18.220+0000][5933][gc,age      ] GC(36) Age table with threshold 15 (max threshold 15)
[2023-03-29T12:27:18.220+0000][5933][gc,age      ] GC(36) - age   1:      55504 bytes,      55504 total
[2023-03-29T12:27:18.220+0000][5933][gc,age      ] GC(36) - age   2:       4840 bytes,      60344 total
[2023-03-29T12:27:18.220+0000][5933][gc,age      ] GC(36) - age   3:        216 bytes,      60560 total
[2023-03-29T12:27:18.220+0000][5933][gc,age      ] GC(36) - age   4:        776 bytes,      61336 total
[2023-03-29T12:27:18.220+0000][5933][gc,age      ] GC(36) - age   5:       1488 bytes,      62824 total
[2023-03-29T12:27:18.220+0000][5933][gc,age      ] GC(36) - age   6:       1992 bytes,      64816 total
[2023-03-29T12:27:18.220+0000][5933][gc,age      ] GC(36) - age   7:        176 bytes,      64992 total
[2023-03-29T12:27:18.220+0000][5933][gc,age      ] GC(36) - age   8:        496 bytes,      65488 total
[2023-03-29T12:27:18.220+0000][5933][gc,age      ] GC(36) - age   9:       4704 bytes,      70192 total
[2023-03-29T12:27:18.220+0000][5933][gc,age      ] GC(36) - age  10:       8064 bytes,      78256 total
[2023-03-29T12:27:18.220+0000][5933][gc,age      ] GC(36) - age  11:       2552 bytes,      80808 total
[2023-03-29T12:27:18.220+0000][5933][gc,age      ] GC(36) - age  12:       4312 bytes,      85120 total
[2023-03-29T12:27:18.220+0000][5933][gc,age      ] GC(36) - age  13:       6944 bytes,      92064 total
[2023-03-29T12:27:18.220+0000][5933][gc,age      ] GC(36) - age  14:      62528 bytes,     154592 total
[2023-03-29T12:27:18.220+0000][5933][gc,age      ] GC(36) - age  15:     186152 bytes,     340744 total
[2023-03-29T12:27:18.220+0000][5933][gc,phases   ] GC(36)   Pre Evacuate Collection Set: 0.4ms
[2023-03-29T12:27:18.220+0000][5933][gc,phases   ] GC(36)   Merge Heap Roots: 0.2ms
[2023-03-29T12:27:18.220+0000][5933][gc,phases   ] GC(36)   Evacuate Collection Set: 32.4ms
[2023-03-29T12:27:18.220+0000][5933][gc,phases   ] GC(36)   Post Evacuate Collection Set: 2.6ms
[2023-03-29T12:27:18.220+0000][5933][gc,phases   ] GC(36)   Other: 1.5ms
[2023-03-29T12:27:18.220+0000][5933][gc,heap     ] GC(36) Eden regions: 293->0(293)
[2023-03-29T12:27:18.220+0000][5933][gc,heap     ] GC(36) Survivor regions: 1->1(37)
[2023-03-29T12:27:18.220+0000][5933][gc,heap     ] GC(36) Old regions: 19->20
[2023-03-29T12:27:18.220+0000][5933][gc,heap     ] GC(36) Archive regions: 2->2
[2023-03-29T12:27:18.220+0000][5933][gc,heap     ] GC(36) Humongous regions: 2->2
[2023-03-29T12:27:18.220+0000][5933][gc,metaspace] GC(36) Metaspace: 110997K(112576K)->110997K(112576K) NonClass: 95915K(96832K)->95915K(96832K) Class: 15081K(15744K)->15081K(15744K)
[2023-03-29T12:27:18.220+0000][5933][gc          ] GC(36) Pause Young (Normal) (G1 Evacuation Pause) 1261M->90M(1964M) 37.227ms
[2023-03-29T12:27:18.220+0000][5933][gc,cpu      ] GC(36) User=0.03s Sys=0.01s Real=0.04s
[2023-03-29T12:27:18.220+0000][5933][safepoint   ] Safepoint "G1CollectForAllocation", Time since last: 427471354643 ns, Reaching safepoint: 273751 ns, At safepoint: 37460134 ns, Total: 37733885 ns
[2023-03-29T12:52:40.442+0000][5933][safepoint   ] Safepoint "Cleanup", Time since last: 1522221320231 ns, Reaching safepoint: 82459 ns, At safepoint: 7600 ns, Total: 90059 ns
[2023-03-29T12:55:40.468+0000][5933][safepoint   ] Safepoint "Cleanup", Time since last: 180025757146 ns, Reaching safepoint: 97861 ns, At safepoint: 7610 ns, Total: 105471 ns
[2023-03-29T13:16:53.648+0000][5933][gc,start    ] GC(37) Pause Young (Normal) (G1 Evacuation Pause)
[2023-03-29T13:16:53.648+0000][5933][gc,task     ] GC(37) Using 1 workers of 1 for evacuation
[2023-03-29T13:16:53.649+0000][5933][gc,age      ] GC(37) Desired survivor size 77594624 bytes, new threshold 15 (max threshold 15)
[2023-03-29T13:16:53.661+0000][5933][gc,age      ] GC(37) Age table with threshold 15 (max threshold 15)
[2023-03-29T13:16:53.661+0000][5933][gc,age      ] GC(37) - age   1:      52872 bytes,      52872 total
[2023-03-29T13:16:53.661+0000][5933][gc,age      ] GC(37) - age   2:       6384 bytes,      59256 total
[2023-03-29T13:16:53.661+0000][5933][gc,age      ] GC(37) - age   3:       4656 bytes,      63912 total
[2023-03-29T13:16:53.661+0000][5933][gc,age      ] GC(37) - age   4:        216 bytes,      64128 total
[2023-03-29T13:16:53.662+0000][5933][gc,age      ] GC(37) - age   5:        776 bytes,      64904 total
[2023-03-29T13:16:53.662+0000][5933][gc,age      ] GC(37) - age   6:       1488 bytes,      66392 total
[2023-03-29T13:16:53.662+0000][5933][gc,age      ] GC(37) - age   7:       1992 bytes,      68384 total
[2023-03-29T13:16:53.662+0000][5933][gc,age      ] GC(37) - age   8:        176 bytes,      68560 total
[2023-03-29T13:16:53.662+0000][5933][gc,age      ] GC(37) - age   9:        496 bytes,      69056 total
[2023-03-29T13:16:53.662+0000][5933][gc,age      ] GC(37) - age  10:       4704 bytes,      73760 total
[2023-03-29T13:16:53.662+0000][5933][gc,age      ] GC(37) - age  11:       8064 bytes,      81824 total
[2023-03-29T13:16:53.662+0000][5933][gc,age      ] GC(37) - age  12:       2552 bytes,      84376 total
[2023-03-29T13:16:53.662+0000][5933][gc,age      ] GC(37) - age  13:       4312 bytes,      88688 total
[2023-03-29T13:16:53.662+0000][5933][gc,age      ] GC(37) - age  14:       6944 bytes,      95632 total
[2023-03-29T13:16:53.662+0000][5933][gc,age      ] GC(37) - age  15:      62528 bytes,     158160 total
[2023-03-29T13:16:53.662+0000][5933][gc,phases   ] GC(37)   Pre Evacuate Collection Set: 0.2ms
[2023-03-29T13:16:53.662+0000][5933][gc,phases   ] GC(37)   Merge Heap Roots: 0.2ms
[2023-03-29T13:16:53.662+0000][5933][gc,phases   ] GC(37)   Evacuate Collection Set: 10.4ms
[2023-03-29T13:16:53.662+0000][5933][gc,phases   ] GC(37)   Post Evacuate Collection Set: 1.9ms
[2023-03-29T13:16:53.662+0000][5933][gc,phases   ] GC(37)   Other: 0.9ms
[2023-03-29T13:16:53.662+0000][5933][gc,heap     ] GC(37) Eden regions: 293->0(293)
[2023-03-29T13:16:53.662+0000][5933][gc,heap     ] GC(37) Survivor regions: 1->1(37)
[2023-03-29T13:16:53.662+0000][5933][gc,heap     ] GC(37) Old regions: 20->20
[2023-03-29T13:16:53.662+0000][5933][gc,heap     ] GC(37) Archive regions: 2->2
[2023-03-29T13:16:53.662+0000][5933][gc,heap     ] GC(37) Humongous regions: 2->2
[2023-03-29T13:16:53.662+0000][5933][gc,metaspace] GC(37) Metaspace: 110998K(112576K)->110998K(112576K) NonClass: 95916K(96832K)->95916K(96832K) Class: 15081K(15744K)->15081K(15744K)
[2023-03-29T13:16:53.662+0000][5933][gc          ] GC(37) Pause Young (Normal) (G1 Evacuation Pause) 1262M->90M(1964M) 13.659ms
[2023-03-29T13:16:53.662+0000][5933][gc,cpu      ] GC(37) User=0.02s Sys=0.00s Real=0.02s
[2023-03-29T13:16:53.662+0000][5933][safepoint   ] Safepoint "G1CollectForAllocation", Time since last: 1273180267713 ns, Reaching safepoint: 146439 ns, At safepoint: 13860160 ns, Total: 14006599 ns
[2023-03-29T13:35:40.827+0000][5933][safepoint   ] Safepoint "Cleanup", Time since last: 1127165030326 ns, Reaching safepoint: 199509 ns, At safepoint: 13282 ns, Total: 212791 ns
[2023-03-29T13:38:08.849+0000][5933][safepoint   ] Safepoint "Cleanup", Time since last: 148021360313 ns, Reaching safepoint: 165781 ns, At safepoint: 25361 ns, Total: 191142 ns
[2023-03-29T13:52:10.973+0000][5933][safepoint   ] Safepoint "Cleanup", Time since last: 842123750006 ns, Reaching safepoint: 88456 ns, At safepoint: 7709 ns, Total: 96165 ns
[2023-03-29T13:52:40.977+0000][5933][safepoint   ] Safepoint "Cleanup", Time since last: 30004460030 ns, Reaching safepoint: 126117 ns, At safepoint: 35031 ns, Total: 161148 ns
[2023-03-29T14:06:32.990+0000][5933][gc,start    ] GC(38) Pause Young (Normal) (G1 Evacuation Pause)
[2023-03-29T14:06:32.990+0000][5933][gc,task     ] GC(38) Using 1 workers of 1 for evacuation
[2023-03-29T14:06:32.990+0000][5933][gc,age      ] GC(38) Desired survivor size 77594624 bytes, new threshold 15 (max threshold 15)
[2023-03-29T14:06:32.997+0000][5933][gc,age      ] GC(38) Age table with threshold 15 (max threshold 15)
[2023-03-29T14:06:32.997+0000][5933][gc,age      ] GC(38) - age   1:      51728 bytes,      51728 total
[2023-03-29T14:06:32.997+0000][5933][gc,age      ] GC(38) - age   2:        584 bytes,      52312 total
[2023-03-29T14:06:32.997+0000][5933][gc,age      ] GC(38) - age   3:       6384 bytes,      58696 total
[2023-03-29T14:06:32.997+0000][5933][gc,age      ] GC(38) - age   4:       4472 bytes,      63168 total
[2023-03-29T14:06:32.997+0000][5933][gc,age      ] GC(38) - age   5:        216 bytes,      63384 total
[2023-03-29T14:06:32.997+0000][5933][gc,age      ] GC(38) - age   6:        776 bytes,      64160 total
[2023-03-29T14:06:32.997+0000][5933][gc,age      ] GC(38) - age   7:       1488 bytes,      65648 total
[2023-03-29T14:06:32.997+0000][5933][gc,age      ] GC(38) - age   8:       1904 bytes,      67552 total
[2023-03-29T14:06:32.997+0000][5933][gc,age      ] GC(38) - age   9:        176 bytes,      67728 total
[2023-03-29T14:06:32.997+0000][5933][gc,age      ] GC(38) - age  10:        496 bytes,      68224 total
[2023-03-29T14:06:32.997+0000][5933][gc,age      ] GC(38) - age  11:       4704 bytes,      72928 total
[2023-03-29T14:06:32.997+0000][5933][gc,age      ] GC(38) - age  12:       8064 bytes,      80992 total
[2023-03-29T14:06:32.997+0000][5933][gc,age      ] GC(38) - age  13:       2552 bytes,      83544 total
[2023-03-29T14:06:32.997+0000][5933][gc,age      ] GC(38) - age  14:       4312 bytes,      87856 total
[2023-03-29T14:06:32.997+0000][5933][gc,age      ] GC(38) - age  15:       6944 bytes,      94800 total
[2023-03-29T14:06:32.997+0000][5933][gc,phases   ] GC(38)   Pre Evacuate Collection Set: 0.1ms
[2023-03-29T14:06:32.997+0000][5933][gc,phases   ] GC(38)   Merge Heap Roots: 0.1ms
[2023-03-29T14:06:32.997+0000][5933][gc,phases   ] GC(38)   Evacuate Collection Set: 5.3ms
[2023-03-29T14:06:32.997+0000][5933][gc,phases   ] GC(38)   Post Evacuate Collection Set: 1.4ms
[2023-03-29T14:06:32.997+0000][5933][gc,phases   ] GC(38)   Other: 0.6ms
[2023-03-29T14:06:32.997+0000][5933][gc,heap     ] GC(38) Eden regions: 293->0(293)
[2023-03-29T14:06:32.997+0000][5933][gc,heap     ] GC(38) Survivor regions: 1->1(37)
[2023-03-29T14:06:32.997+0000][5933][gc,heap     ] GC(38) Old regions: 20->20
[2023-03-29T14:06:32.997+0000][5933][gc,heap     ] GC(38) Archive regions: 2->2
[2023-03-29T14:06:32.997+0000][5933][gc,heap     ] GC(38) Humongous regions: 2->2
[2023-03-29T14:06:32.997+0000][5933][gc,metaspace] GC(38) Metaspace: 110999K(112576K)->110999K(112576K) NonClass: 95916K(96832K)->95916K(96832K) Class: 15082K(15744K)->15082K(15744K)
[2023-03-29T14:06:32.997+0000][5933][gc          ] GC(38) Pause Young (Normal) (G1 Evacuation Pause) 1262M->90M(1964M) 7.685ms
[2023-03-29T14:06:32.997+0000][5933][gc,cpu      ] GC(38) User=0.00s Sys=0.00s Real=0.01s
[2023-03-29T14:06:32.997+0000][5933][safepoint   ] Safepoint "G1CollectForAllocation", Time since last: 832012277770 ns, Reaching safepoint: 87174 ns, At safepoint: 7787509 ns, Total: 7874683 ns
[2023-03-29T14:18:41.102+0000][5933][safepoint   ] Safepoint "Cleanup", Time since last: 728104717560 ns, Reaching safepoint: 71233 ns, At safepoint: 12909 ns, Total: 84142 ns
[2023-03-29T14:20:44.120+0000][5933][safepoint   ] Safepoint "Cleanup", Time since last: 123018097375 ns, Reaching safepoint: 163099 ns, At safepoint: 13709 ns, Total: 176808 ns
[2023-03-29T14:22:11.133+0000][5933][safepoint   ] Safepoint "Cleanup", Time since last: 87012586332 ns, Reaching safepoint: 145579 ns, At safepoint: 13447 ns, Total: 159026 ns
[2023-03-29T14:25:37.163+0000][5933][safepoint   ] Safepoint "Cleanup", Time since last: 206029760122 ns, Reaching safepoint: 143984 ns, At safepoint: 24589 ns, Total: 168573 ns
[2023-03-29T14:44:12.335+0000][5933][safepoint   ] Safepoint "Cleanup", Time since last: 1115171664338 ns, Reaching safepoint: 174020 ns, At safepoint: 15197 ns, Total: 189217 ns
[2023-03-29T14:56:04.348+0000][5933][gc,start    ] GC(39) Pause Young (Normal) (G1 Evacuation Pause)
[2023-03-29T14:56:04.348+0000][5933][gc,task     ] GC(39) Using 1 workers of 1 for evacuation
[2023-03-29T14:56:04.348+0000][5933][gc,age      ] GC(39) Desired survivor size 77594624 bytes, new threshold 15 (max threshold 15)
[2023-03-29T14:56:04.358+0000][5933][gc,age      ] GC(39) Age table with threshold 15 (max threshold 15)
[2023-03-29T14:56:04.358+0000][5933][gc,age      ] GC(39) - age   1:      49440 bytes,      49440 total
[2023-03-29T14:56:04.358+0000][5933][gc,age      ] GC(39) - age   2:       1544 bytes,      50984 total
[2023-03-29T14:56:04.358+0000][5933][gc,age      ] GC(39) - age   3:        184 bytes,      51168 total
[2023-03-29T14:56:04.358+0000][5933][gc,age      ] GC(39) - age   4:       6200 bytes,      57368 total
[2023-03-29T14:56:04.358+0000][5933][gc,age      ] GC(39) - age   5:       4472 bytes,      61840 total
[2023-03-29T14:56:04.358+0000][5933][gc,age      ] GC(39) - age   7:        776 bytes,      62616 total
[2023-03-29T14:56:04.358+0000][5933][gc,age      ] GC(39) - age   8:       1488 bytes,      64104 total
[2023-03-29T14:56:04.358+0000][5933][gc,age      ] GC(39) - age   9:       1904 bytes,      66008 total
[2023-03-29T14:56:04.358+0000][5933][gc,age      ] GC(39) - age  10:        176 bytes,      66184 total
[2023-03-29T14:56:04.358+0000][5933][gc,age      ] GC(39) - age  11:        496 bytes,      66680 total
[2023-03-29T14:56:04.358+0000][5933][gc,age      ] GC(39) - age  12:       4704 bytes,      71384 total
[2023-03-29T14:56:04.358+0000][5933][gc,age      ] GC(39) - age  13:       8064 bytes,      79448 total
[2023-03-29T14:56:04.358+0000][5933][gc,age      ] GC(39) - age  14:       2552 bytes,      82000 total
[2023-03-29T14:56:04.358+0000][5933][gc,age      ] GC(39) - age  15:       4312 bytes,      86312 total
[2023-03-29T14:56:04.358+0000][5933][gc,phases   ] GC(39)   Pre Evacuate Collection Set: 0.4ms
[2023-03-29T14:56:04.358+0000][5933][gc,phases   ] GC(39)   Merge Heap Roots: 0.3ms
[2023-03-29T14:56:04.358+0000][5933][gc,phases   ] GC(39)   Evacuate Collection Set: 6.6ms
[2023-03-29T14:56:04.358+0000][5933][gc,phases   ] GC(39)   Post Evacuate Collection Set: 1.8ms
[2023-03-29T14:56:04.358+0000][5933][gc,phases   ] GC(39)   Other: 1.5ms
[2023-03-29T14:56:04.358+0000][5933][gc,heap     ] GC(39) Eden regions: 293->0(293)
[2023-03-29T14:56:04.358+0000][5933][gc,heap     ] GC(39) Survivor regions: 1->1(37)
[2023-03-29T14:56:04.358+0000][5933][gc,heap     ] GC(39) Old regions: 20->20
[2023-03-29T14:56:04.358+0000][5933][gc,heap     ] GC(39) Archive regions: 2->2
[2023-03-29T14:56:04.359+0000][5933][gc,heap     ] GC(39) Humongous regions: 2->2
[2023-03-29T14:56:04.359+0000][5933][gc,metaspace] GC(39) Metaspace: 111014K(112576K)->111014K(112576K) NonClass: 95932K(96832K)->95932K(96832K) Class: 15082K(15744K)->15082K(15744K)
[2023-03-29T14:56:04.359+0000][5933][gc          ] GC(39) Pause Young (Normal) (G1 Evacuation Pause) 1262M->90M(1964M) 10.669ms
[2023-03-29T14:56:04.359+0000][5933][gc,cpu      ] GC(39) User=0.01s Sys=0.00s Real=0.02s
[2023-03-29T14:56:04.359+0000][5933][safepoint   ] Safepoint "G1CollectForAllocation", Time since last: 712012566037 ns, Reaching safepoint: 223666 ns, At safepoint: 10872991 ns, Total: 11096657 ns
[2023-03-29T14:56:40.365+0000][5933][safepoint   ] Safepoint "Cleanup", Time since last: 36006299720 ns, Reaching safepoint: 119035 ns, At safepoint: 12822 ns, Total: 131857 ns
[2023-03-29T14:59:10.388+0000][5933][safepoint   ] Safepoint "Cleanup", Time since last: 150022905500 ns, Reaching safepoint: 124934 ns, At safepoint: 11902 ns, Total: 136836 ns
[2023-03-29T15:04:12.433+0000][5933][safepoint   ] Safepoint "Cleanup", Time since last: 302045121298 ns, Reaching safepoint: 175385 ns, At safepoint: 31803 ns, Total: 207188 ns
[2023-03-29T15:45:40.267+0000][5933][gc,start    ] GC(40) Pause Young (Normal) (G1 Evacuation Pause)
[2023-03-29T15:45:40.267+0000][5933][gc,task     ] GC(40) Using 1 workers of 1 for evacuation
[2023-03-29T15:45:40.267+0000][5933][gc,age      ] GC(40) Desired survivor size 77594624 bytes, new threshold 15 (max threshold 15)
[2023-03-29T15:45:40.274+0000][5933][gc,age      ] GC(40) Age table with threshold 15 (max threshold 15)
[2023-03-29T15:45:40.274+0000][5933][gc,age      ] GC(40) - age   1:     118496 bytes,     118496 total
[2023-03-29T15:45:40.274+0000][5933][gc,age      ] GC(40) - age   2:        936 bytes,     119432 total
[2023-03-29T15:45:40.274+0000][5933][gc,age      ] GC(40) - age   3:        808 bytes,     120240 total
[2023-03-29T15:45:40.274+0000][5933][gc,age      ] GC(40) - age   5:       6200 bytes,     126440 total
[2023-03-29T15:45:40.274+0000][5933][gc,age      ] GC(40) - age   6:       4472 bytes,     130912 total
[2023-03-29T15:45:40.274+0000][5933][gc,age      ] GC(40) - age   8:        776 bytes,     131688 total
[2023-03-29T15:45:40.274+0000][5933][gc,age      ] GC(40) - age   9:       1488 bytes,     133176 total
[2023-03-29T15:45:40.274+0000][5933][gc,age      ] GC(40) - age  10:       1904 bytes,     135080 total
[2023-03-29T15:45:40.274+0000][5933][gc,age      ] GC(40) - age  11:        176 bytes,     135256 total
[2023-03-29T15:45:40.274+0000][5933][gc,age      ] GC(40) - age  12:        496 bytes,     135752 total
[2023-03-29T15:45:40.274+0000][5933][gc,age      ] GC(40) - age  13:       4704 bytes,     140456 total
[2023-03-29T15:45:40.274+0000][5933][gc,age      ] GC(40) - age  14:       8064 bytes,     148520 total
[2023-03-29T15:45:40.274+0000][5933][gc,age      ] GC(40) - age  15:       2552 bytes,     151072 total
[2023-03-29T15:45:40.274+0000][5933][gc,phases   ] GC(40)   Pre Evacuate Collection Set: 0.6ms
[2023-03-29T15:45:40.275+0000][5933][gc,phases   ] GC(40)   Merge Heap Roots: 0.1ms
[2023-03-29T15:45:40.275+0000][5933][gc,phases   ] GC(40)   Evacuate Collection Set: 4.0ms
[2023-03-29T15:45:40.275+0000][5933][gc,phases   ] GC(40)   Post Evacuate Collection Set: 1.5ms
[2023-03-29T15:45:40.275+0000][5933][gc,phases   ] GC(40)   Other: 1.3ms
[2023-03-29T15:45:40.275+0000][5933][gc,heap     ] GC(40) Eden regions: 293->0(293)
[2023-03-29T15:45:40.275+0000][5933][gc,heap     ] GC(40) Survivor regions: 1->1(37)
[2023-03-29T15:45:40.275+0000][5933][gc,heap     ] GC(40) Old regions: 20->20
[2023-03-29T15:45:40.275+0000][5933][gc,heap     ] GC(40) Archive regions: 2->2
[2023-03-29T15:45:40.275+0000][5933][gc,heap     ] GC(40) Humongous regions: 2->2
[2023-03-29T15:45:40.275+0000][5933][gc,metaspace] GC(40) Metaspace: 111015K(112576K)->111015K(112576K) NonClass: 95933K(96832K)->95933K(96832K) Class: 15082K(15744K)->15082K(15744K)
[2023-03-29T15:45:40.275+0000][5933][gc          ] GC(40) Pause Young (Normal) (G1 Evacuation Pause) 1262M->90M(1964M) 7.741ms
[2023-03-29T15:45:40.275+0000][5933][gc,cpu      ] GC(40) User=0.01s Sys=0.00s Real=0.01s
[2023-03-29T15:45:40.275+0000][5933][safepoint   ] Safepoint "G1CollectForAllocation", Time since last: 2487833080153 ns, Reaching safepoint: 378094 ns, At safepoint: 7842314 ns, Total: 8220408 ns
[2023-03-29T16:05:56.451+0000][5933][safepoint   ] Safepoint "Cleanup", Time since last: 1216176053649 ns, Reaching safepoint: 151989 ns, At safepoint: 34845 ns, Total: 186834 ns
[2023-03-29T16:14:12.518+0000][5933][safepoint   ] Safepoint "Cleanup", Time since last: 496066611081 ns, Reaching safepoint: 118849 ns, At safepoint: 14706 ns, Total: 133555 ns
[2023-03-29T16:35:10.266+0000][5933][gc,start    ] GC(41) Pause Young (Normal) (G1 Evacuation Pause)
[2023-03-29T16:35:10.266+0000][5933][gc,task     ] GC(41) Using 1 workers of 1 for evacuation
[2023-03-29T16:35:10.266+0000][5933][gc,age      ] GC(41) Desired survivor size 77594624 bytes, new threshold 15 (max threshold 15)
[2023-03-29T16:35:10.272+0000][5933][gc,age      ] GC(41) Age table with threshold 15 (max threshold 15)
[2023-03-29T16:35:10.272+0000][5933][gc,age      ] GC(41) - age   1:     114648 bytes,     114648 total
[2023-03-29T16:35:10.272+0000][5933][gc,age      ] GC(41) - age   2:       3640 bytes,     118288 total
[2023-03-29T16:35:10.272+0000][5933][gc,age      ] GC(41) - age   3:        752 bytes,     119040 total
[2023-03-29T16:35:10.272+0000][5933][gc,age      ] GC(41) - age   4:        624 bytes,     119664 total
[2023-03-29T16:35:10.272+0000][5933][gc,age      ] GC(41) - age   6:       6200 bytes,     125864 total
[2023-03-29T16:35:10.272+0000][5933][gc,age      ] GC(41) - age   7:       4472 bytes,     130336 total
[2023-03-29T16:35:10.272+0000][5933][gc,age      ] GC(41) - age   9:        776 bytes,     131112 total
[2023-03-29T16:35:10.272+0000][5933][gc,age      ] GC(41) - age  10:       1488 bytes,     132600 total
[2023-03-29T16:35:10.272+0000][5933][gc,age      ] GC(41) - age  11:       1904 bytes,     134504 total
[2023-03-29T16:35:10.272+0000][5933][gc,age      ] GC(41) - age  12:        176 bytes,     134680 total
[2023-03-29T16:35:10.272+0000][5933][gc,age      ] GC(41) - age  13:        496 bytes,     135176 total
[2023-03-29T16:35:10.272+0000][5933][gc,age      ] GC(41) - age  14:       4704 bytes,     139880 total
[2023-03-29T16:35:10.272+0000][5933][gc,age      ] GC(41) - age  15:       8064 bytes,     147944 total
[2023-03-29T16:35:10.272+0000][5933][gc,phases   ] GC(41)   Pre Evacuate Collection Set: 0.5ms
[2023-03-29T16:35:10.272+0000][5933][gc,phases   ] GC(41)   Merge Heap Roots: 0.1ms
[2023-03-29T16:35:10.272+0000][5933][gc,phases   ] GC(41)   Evacuate Collection Set: 3.0ms
[2023-03-29T16:35:10.272+0000][5933][gc,phases   ] GC(41)   Post Evacuate Collection Set: 2.0ms
[2023-03-29T16:35:10.272+0000][5933][gc,phases   ] GC(41)   Other: 0.4ms
[2023-03-29T16:35:10.272+0000][5933][gc,heap     ] GC(41) Eden regions: 293->0(293)
[2023-03-29T16:35:10.272+0000][5933][gc,heap     ] GC(41) Survivor regions: 1->1(37)
[2023-03-29T16:35:10.272+0000][5933][gc,heap     ] GC(41) Old regions: 20->20
[2023-03-29T16:35:10.272+0000][5933][gc,heap     ] GC(41) Archive regions: 2->2
[2023-03-29T16:35:10.272+0000][5933][gc,heap     ] GC(41) Humongous regions: 2->2
[2023-03-29T16:35:10.272+0000][5933][gc,metaspace] GC(41) Metaspace: 111028K(112576K)->111028K(112576K) NonClass: 95946K(96832K)->95946K(96832K) Class: 15082K(15744K)->15082K(15744K)
[2023-03-29T16:35:10.272+0000][5933][gc          ] GC(41) Pause Young (Normal) (G1 Evacuation Pause) 1262M->90M(1964M) 6.144ms
[2023-03-29T16:35:10.272+0000][5933][gc,cpu      ] GC(41) User=0.00s Sys=0.00s Real=0.01s
[2023-03-29T16:35:10.272+0000][5933][safepoint   ] Safepoint "G1CollectForAllocation", Time since last: 1257747683475 ns, Reaching safepoint: 668620 ns, At safepoint: 6252869 ns, Total: 6921489 ns
[2023-03-29T17:24:40.263+0000][5933][gc,start    ] GC(42) Pause Young (Normal) (G1 Evacuation Pause)
[2023-03-29T17:24:40.263+0000][5933][gc,task     ] GC(42) Using 1 workers of 1 for evacuation
[2023-03-29T17:24:40.263+0000][5933][gc,age      ] GC(42) Desired survivor size 77594624 bytes, new threshold 15 (max threshold 15)
[2023-03-29T17:24:40.270+0000][5933][gc,age      ] GC(42) Age table with threshold 15 (max threshold 15)
[2023-03-29T17:24:40.270+0000][5933][gc,age      ] GC(42) - age   1:      58536 bytes,      58536 total
[2023-03-29T17:24:40.270+0000][5933][gc,age      ] GC(42) - age   2:        688 bytes,      59224 total
[2023-03-29T17:24:40.270+0000][5933][gc,age      ] GC(42) - age   3:       3272 bytes,      62496 total
[2023-03-29T17:24:40.270+0000][5933][gc,age      ] GC(42) - age   4:        720 bytes,      63216 total
[2023-03-29T17:24:40.270+0000][5933][gc,age      ] GC(42) - age   5:        624 bytes,      63840 total
[2023-03-29T17:24:40.270+0000][5933][gc,age      ] GC(42) - age   7:       6200 bytes,      70040 total
[2023-03-29T17:24:40.270+0000][5933][gc,age      ] GC(42) - age   8:       4472 bytes,      74512 total
[2023-03-29T17:24:40.270+0000][5933][gc,age      ] GC(42) - age  10:        776 bytes,      75288 total
[2023-03-29T17:24:40.270+0000][5933][gc,age      ] GC(42) - age  11:       1488 bytes,      76776 total
[2023-03-29T17:24:40.270+0000][5933][gc,age      ] GC(42) - age  12:       1904 bytes,      78680 total
[2023-03-29T17:24:40.270+0000][5933][gc,age      ] GC(42) - age  13:        176 bytes,      78856 total
[2023-03-29T17:24:40.270+0000][5933][gc,age      ] GC(42) - age  14:        496 bytes,      79352 total
[2023-03-29T17:24:40.270+0000][5933][gc,age      ] GC(42) - age  15:       1936 bytes,      81288 total
[2023-03-29T17:24:40.270+0000][5933][gc,phases   ] GC(42)   Pre Evacuate Collection Set: 0.7ms
[2023-03-29T17:24:40.270+0000][5933][gc,phases   ] GC(42)   Merge Heap Roots: 0.1ms
[2023-03-29T17:24:40.270+0000][5933][gc,phases   ] GC(42)   Evacuate Collection Set: 4.0ms
[2023-03-29T17:24:40.270+0000][5933][gc,phases   ] GC(42)   Post Evacuate Collection Set: 1.6ms
[2023-03-29T17:24:40.270+0000][5933][gc,phases   ] GC(42)   Other: 0.4ms
[2023-03-29T17:24:40.270+0000][5933][gc,heap     ] GC(42) Eden regions: 293->0(293)
[2023-03-29T17:24:40.270+0000][5933][gc,heap     ] GC(42) Survivor regions: 1->1(37)
[2023-03-29T17:24:40.270+0000][5933][gc,heap     ] GC(42) Old regions: 20->20
[2023-03-29T17:24:40.270+0000][5933][gc,heap     ] GC(42) Archive regions: 2->2
[2023-03-29T17:24:40.270+0000][5933][gc,heap     ] GC(42) Humongous regions: 2->2
[2023-03-29T17:24:40.270+0000][5933][gc,metaspace] GC(42) Metaspace: 111028K(112576K)->111028K(112576K) NonClass: 95946K(96832K)->95946K(96832K) Class: 15082K(15744K)->15082K(15744K)
[2023-03-29T17:24:40.270+0000][5933][gc          ] GC(42) Pause Young (Normal) (G1 Evacuation Pause) 1262M->90M(1964M) 6.958ms
[2023-03-29T17:24:40.270+0000][5933][gc,cpu      ] GC(42) User=0.01s Sys=0.00s Real=0.01s
[2023-03-29T17:24:40.270+0000][5933][safepoint   ] Safepoint "G1CollectForAllocation", Time since last: 2969990585810 ns, Reaching safepoint: 166717 ns, At safepoint: 7059762 ns, Total: 7226479 ns
[2023-03-29T18:04:11.613+0000][5933][safepoint   ] Safepoint "Cleanup", Time since last: 2371342519797 ns, Reaching safepoint: 162020 ns, At safepoint: 13787 ns, Total: 175807 ns
[2023-03-29T18:11:21.679+0000][5933][safepoint   ] Safepoint "Cleanup", Time since last: 430065791842 ns, Reaching safepoint: 179735 ns, At safepoint: 25409 ns, Total: 205144 ns
[2023-03-29T18:14:10.267+0000][5933][gc,start    ] GC(43) Pause Young (Normal) (G1 Evacuation Pause)
[2023-03-29T18:14:10.267+0000][5933][gc,task     ] GC(43) Using 1 workers of 1 for evacuation
[2023-03-29T18:14:10.267+0000][5933][gc,age      ] GC(43) Desired survivor size 77594624 bytes, new threshold 15 (max threshold 15)
[2023-03-29T18:14:10.272+0000][5933][gc,age      ] GC(43) Age table with threshold 15 (max threshold 15)
[2023-03-29T18:14:10.272+0000][5933][gc,age      ] GC(43) - age   1:      99464 bytes,      99464 total
[2023-03-29T18:14:10.272+0000][5933][gc,age      ] GC(43) - age   2:        400 bytes,      99864 total
[2023-03-29T18:14:10.272+0000][5933][gc,age      ] GC(43) - age   3:        320 bytes,     100184 total
[2023-03-29T18:14:10.272+0000][5933][gc,age      ] GC(43) - age   4:       3272 bytes,     103456 total
[2023-03-29T18:14:10.272+0000][5933][gc,age      ] GC(43) - age   5:        552 bytes,     104008 total
[2023-03-29T18:14:10.272+0000][5933][gc,age      ] GC(43) - age   6:        520 bytes,     104528 total
[2023-03-29T18:14:10.272+0000][5933][gc,age      ] GC(43) - age   9:       4472 bytes,     109000 total
[2023-03-29T18:14:10.272+0000][5933][gc,age      ] GC(43) - age  11:        776 bytes,     109776 total
[2023-03-29T18:14:10.272+0000][5933][gc,age      ] GC(43) - age  12:       1488 bytes,     111264 total
[2023-03-29T18:14:10.272+0000][5933][gc,age      ] GC(43) - age  13:       1904 bytes,     113168 total
[2023-03-29T18:14:10.272+0000][5933][gc,age      ] GC(43) - age  14:        176 bytes,     113344 total
[2023-03-29T18:14:10.272+0000][5933][gc,age      ] GC(43) - age  15:        496 bytes,     113840 total
[2023-03-29T18:14:10.272+0000][5933][gc,phases   ] GC(43)   Pre Evacuate Collection Set: 0.1ms
[2023-03-29T18:14:10.272+0000][5933][gc,phases   ] GC(43)   Merge Heap Roots: 0.1ms
[2023-03-29T18:14:10.272+0000][5933][gc,phases   ] GC(43)   Evacuate Collection Set: 3.0ms
[2023-03-29T18:14:10.272+0000][5933][gc,phases   ] GC(43)   Post Evacuate Collection Set: 1.4ms
[2023-03-29T18:14:10.272+0000][5933][gc,phases   ] GC(43)   Other: 0.4ms
[2023-03-29T18:14:10.272+0000][5933][gc,heap     ] GC(43) Eden regions: 293->0(293)
[2023-03-29T18:14:10.273+0000][5933][gc,heap     ] GC(43) Survivor regions: 1->1(37)
[2023-03-29T18:14:10.273+0000][5933][gc,heap     ] GC(43) Old regions: 20->20
[2023-03-29T18:14:10.273+0000][5933][gc,heap     ] GC(43) Archive regions: 2->2
[2023-03-29T18:14:10.273+0000][5933][gc,heap     ] GC(43) Humongous regions: 2->2
[2023-03-29T18:14:10.273+0000][5933][gc,metaspace] GC(43) Metaspace: 111116K(112704K)->111116K(112704K) NonClass: 96033K(96960K)->96033K(96960K) Class: 15082K(15744K)->15082K(15744K)
[2023-03-29T18:14:10.273+0000][5933][gc          ] GC(43) Pause Young (Normal) (G1 Evacuation Pause) 1262M->90M(1964M) 5.291ms
[2023-03-29T18:14:10.273+0000][5933][gc,cpu      ] GC(43) User=0.00s Sys=0.00s Real=0.01s
[2023-03-29T18:14:10.273+0000][5933][safepoint   ] Safepoint "G1CollectForAllocation", Time since last: 168587876232 ns, Reaching safepoint: 516297 ns, At safepoint: 5411040 ns, Total: 5927337 ns
[2023-03-29T19:02:40.690+0000][5933][safepoint   ] Safepoint "Cleanup", Time since last: 2910416832523 ns, Reaching safepoint: 150308 ns, At safepoint: 13105 ns, Total: 163413 ns
[2023-03-29T19:03:15.694+0000][5933][safepoint   ] Safepoint "Cleanup", Time since last: 35004041594 ns, Reaching safepoint: 110118 ns, At safepoint: 16636 ns, Total: 126754 ns
[2023-03-29T19:03:40.270+0000][5933][gc,start    ] GC(44) Pause Young (Normal) (G1 Evacuation Pause)
[2023-03-29T19:03:40.270+0000][5933][gc,task     ] GC(44) Using 1 workers of 1 for evacuation
[2023-03-29T19:03:40.270+0000][5933][gc,age      ] GC(44) Desired survivor size 77594624 bytes, new threshold 15 (max threshold 15)
[2023-03-29T19:03:40.275+0000][5933][gc,age      ] GC(44) Age table with threshold 15 (max threshold 15)
[2023-03-29T19:03:40.275+0000][5933][gc,age      ] GC(44) - age   1:     118368 bytes,     118368 total
[2023-03-29T19:03:40.275+0000][5933][gc,age      ] GC(44) - age   2:      11784 bytes,     130152 total
[2023-03-29T19:03:40.275+0000][5933][gc,age      ] GC(44) - age   3:         32 bytes,     130184 total
[2023-03-29T19:03:40.275+0000][5933][gc,age      ] GC(44) - age   4:        320 bytes,     130504 total
[2023-03-29T19:03:40.275+0000][5933][gc,age      ] GC(44) - age   5:       3272 bytes,     133776 total
[2023-03-29T19:03:40.275+0000][5933][gc,age      ] GC(44) - age   6:        552 bytes,     134328 total
[2023-03-29T19:03:40.275+0000][5933][gc,age      ] GC(44) - age   7:        520 bytes,     134848 total
[2023-03-29T19:03:40.275+0000][5933][gc,age      ] GC(44) - age  10:       4472 bytes,     139320 total
[2023-03-29T19:03:40.275+0000][5933][gc,age      ] GC(44) - age  12:        776 bytes,     140096 total
[2023-03-29T19:03:40.275+0000][5933][gc,age      ] GC(44) - age  13:       1488 bytes,     141584 total
[2023-03-29T19:03:40.275+0000][5933][gc,age      ] GC(44) - age  14:       1904 bytes,     143488 total
[2023-03-29T19:03:40.275+0000][5933][gc,age      ] GC(44) - age  15:        176 bytes,     143664 total
[2023-03-29T19:03:40.275+0000][5933][gc,phases   ] GC(44)   Pre Evacuate Collection Set: 0.1ms
[2023-03-29T19:03:40.275+0000][5933][gc,phases   ] GC(44)   Merge Heap Roots: 0.1ms
[2023-03-29T19:03:40.275+0000][5933][gc,phases   ] GC(44)   Evacuate Collection Set: 2.7ms
[2023-03-29T19:03:40.275+0000][5933][gc,phases   ] GC(44)   Post Evacuate Collection Set: 1.7ms
[2023-03-29T19:03:40.275+0000][5933][gc,phases   ] GC(44)   Other: 0.4ms
[2023-03-29T19:03:40.275+0000][5933][gc,heap     ] GC(44) Eden regions: 293->0(293)
[2023-03-29T19:03:40.275+0000][5933][gc,heap     ] GC(44) Survivor regions: 1->1(37)
[2023-03-29T19:03:40.275+0000][5933][gc,heap     ] GC(44) Old regions: 20->20
[2023-03-29T19:03:40.275+0000][5933][gc,heap     ] GC(44) Archive regions: 2->2
[2023-03-29T19:03:40.275+0000][5933][gc,heap     ] GC(44) Humongous regions: 2->2
[2023-03-29T19:03:40.275+0000][5933][gc,metaspace] GC(44) Metaspace: 111117K(112704K)->111117K(112704K) NonClass: 96034K(96960K)->96034K(96960K) Class: 15082K(15744K)->15082K(15744K)
[2023-03-29T19:03:40.275+0000][5933][gc          ] GC(44) Pause Young (Normal) (G1 Evacuation Pause) 1262M->90M(1964M) 5.238ms
[2023-03-29T19:03:40.275+0000][5933][gc,cpu      ] GC(44) User=0.01s Sys=0.00s Real=0.00s
[2023-03-29T19:03:40.275+0000][5933][safepoint   ] Safepoint "G1CollectForAllocation", Time since last: 24575802720 ns, Reaching safepoint: 138646 ns, At safepoint: 5328434 ns, Total: 5467080 ns
[2023-03-29T19:07:30.305+0000][5933][safepoint   ] Safepoint "Cleanup", Time since last: 230030209245 ns, Reaching safepoint: 127585 ns, At safepoint: 16440 ns, Total: 144025 ns
[2023-03-29T19:34:00.521+0000][5933][safepoint   ] Safepoint "Cleanup", Time since last: 1590215566582 ns, Reaching safepoint: 125906 ns, At safepoint: 15059 ns, Total: 140965 ns
[2023-03-29T19:42:30.592+0000][5933][safepoint   ] Safepoint "Cleanup", Time since last: 510070437972 ns, Reaching safepoint: 98469 ns, At safepoint: 24160 ns, Total: 122629 ns
[2023-03-29T19:53:10.269+0000][5933][gc,start    ] GC(45) Pause Young (Normal) (G1 Evacuation Pause)
[2023-03-29T19:53:10.269+0000][5933][gc,task     ] GC(45) Using 1 workers of 1 for evacuation
[2023-03-29T19:53:10.270+0000][5933][gc,age      ] GC(45) Desired survivor size 77594624 bytes, new threshold 15 (max threshold 15)
[2023-03-29T19:53:10.275+0000][5933][gc,age      ] GC(45) Age table with threshold 15 (max threshold 15)
[2023-03-29T19:53:10.275+0000][5933][gc,age      ] GC(45) - age   1:     102488 bytes,     102488 total
[2023-03-29T19:53:10.275+0000][5933][gc,age      ] GC(45) - age   2:        624 bytes,     103112 total
[2023-03-29T19:53:10.275+0000][5933][gc,age      ] GC(45) - age   3:      11048 bytes,     114160 total
[2023-03-29T19:53:10.275+0000][5933][gc,age      ] GC(45) - age   4:         32 bytes,     114192 total
[2023-03-29T19:53:10.275+0000][5933][gc,age      ] GC(45) - age   5:        320 bytes,     114512 total
[2023-03-29T19:53:10.275+0000][5933][gc,age      ] GC(45) - age   6:       3272 bytes,     117784 total
[2023-03-29T19:53:10.276+0000][5933][gc,age      ] GC(45) - age   7:        552 bytes,     118336 total
[2023-03-29T19:53:10.276+0000][5933][gc,age      ] GC(45) - age   8:        520 bytes,     118856 total
[2023-03-29T19:53:10.276+0000][5933][gc,age      ] GC(45) - age  11:       4472 bytes,     123328 total
[2023-03-29T19:53:10.276+0000][5933][gc,age      ] GC(45) - age  13:        776 bytes,     124104 total
[2023-03-29T19:53:10.276+0000][5933][gc,age      ] GC(45) - age  14:       1488 bytes,     125592 total
[2023-03-29T19:53:10.276+0000][5933][gc,age      ] GC(45) - age  15:       1904 bytes,     127496 total
[2023-03-29T19:53:10.276+0000][5933][gc,phases   ] GC(45)   Pre Evacuate Collection Set: 0.7ms
[2023-03-29T19:53:10.276+0000][5933][gc,phases   ] GC(45)   Merge Heap Roots: 0.1ms
[2023-03-29T19:53:10.276+0000][5933][gc,phases   ] GC(45)   Evacuate Collection Set: 3.2ms
[2023-03-29T19:53:10.276+0000][5933][gc,phases   ] GC(45)   Post Evacuate Collection Set: 1.8ms
[2023-03-29T19:53:10.276+0000][5933][gc,phases   ] GC(45)   Other: 0.5ms
[2023-03-29T19:53:10.276+0000][5933][gc,heap     ] GC(45) Eden regions: 293->0(293)
[2023-03-29T19:53:10.276+0000][5933][gc,heap     ] GC(45) Survivor regions: 1->1(37)
[2023-03-29T19:53:10.276+0000][5933][gc,heap     ] GC(45) Old regions: 20->20
[2023-03-29T19:53:10.276+0000][5933][gc,heap     ] GC(45) Archive regions: 2->2
[2023-03-29T19:53:10.276+0000][5933][gc,heap     ] GC(45) Humongous regions: 2->2
[2023-03-29T19:53:10.276+0000][5933][gc,metaspace] GC(45) Metaspace: 111120K(112704K)->111120K(112704K) NonClass: 96037K(96960K)->96037K(96960K) Class: 15082K(15744K)->15082K(15744K)
[2023-03-29T19:53:10.276+0000][5933][gc          ] GC(45) Pause Young (Normal) (G1 Evacuation Pause) 1262M->90M(1964M) 6.425ms
[2023-03-29T19:53:10.276+0000][5933][gc,cpu      ] GC(45) User=0.01s Sys=0.01s Real=0.00s
[2023-03-29T19:53:10.276+0000][5933][safepoint   ] Safepoint "G1CollectForAllocation", Time since last: 639677045770 ns, Reaching safepoint: 582802 ns, At safepoint: 6553085 ns, Total: 7135887 ns
[2023-03-29T20:02:31.356+0000][5933][safepoint   ] Safepoint "Cleanup", Time since last: 561079606706 ns, Reaching safepoint: 143782 ns, At safepoint: 19885 ns, Total: 163667 ns
[2023-03-29T20:28:30.550+0000][5933][safepoint   ] Safepoint "Cleanup", Time since last: 1559194052496 ns, Reaching safepoint: 106086 ns, At safepoint: 15082 ns, Total: 121168 ns
[2023-03-29T20:31:10.569+0000][5933][safepoint   ] Safepoint "Cleanup", Time since last: 160018943948 ns, Reaching safepoint: 102561 ns, At safepoint: 13346 ns, Total: 115907 ns
[2023-03-29T20:42:40.266+0000][5933][gc,start    ] GC(46) Pause Young (Normal) (G1 Evacuation Pause)
[2023-03-29T20:42:40.266+0000][5933][gc,task     ] GC(46) Using 1 workers of 1 for evacuation
[2023-03-29T20:42:40.267+0000][5933][gc,age      ] GC(46) Desired survivor size 77594624 bytes, new threshold 15 (max threshold 15)
[2023-03-29T20:42:40.275+0000][5933][gc,age      ] GC(46) Age table with threshold 15 (max threshold 15)
[2023-03-29T20:42:40.275+0000][5933][gc,age      ] GC(46) - age   1:      86936 bytes,      86936 total
[2023-03-29T20:42:40.275+0000][5933][gc,age      ] GC(46) - age   2:        368 bytes,      87304 total
[2023-03-29T20:42:40.275+0000][5933][gc,age      ] GC(46) - age   3:         72 bytes,      87376 total
[2023-03-29T20:42:40.275+0000][5933][gc,age      ] GC(46) - age   4:       8280 bytes,      95656 total
[2023-03-29T20:42:40.275+0000][5933][gc,age      ] GC(46) - age   5:         32 bytes,      95688 total
[2023-03-29T20:42:40.275+0000][5933][gc,age      ] GC(46) - age   6:        320 bytes,      96008 total
[2023-03-29T20:42:40.275+0000][5933][gc,age      ] GC(46) - age   7:       3272 bytes,      99280 total
[2023-03-29T20:42:40.275+0000][5933][gc,age      ] GC(46) - age   8:        552 bytes,      99832 total
[2023-03-29T20:42:40.275+0000][5933][gc,age      ] GC(46) - age   9:        520 bytes,     100352 total
[2023-03-29T20:42:40.275+0000][5933][gc,age      ] GC(46) - age  12:       4472 bytes,     104824 total
[2023-03-29T20:42:40.275+0000][5933][gc,age      ] GC(46) - age  14:        776 bytes,     105600 total
[2023-03-29T20:42:40.275+0000][5933][gc,age      ] GC(46) - age  15:       1488 bytes,     107088 total
[2023-03-29T20:42:40.275+0000][5933][gc,phases   ] GC(46)   Pre Evacuate Collection Set: 2.3ms
[2023-03-29T20:42:40.275+0000][5933][gc,phases   ] GC(46)   Merge Heap Roots: 0.2ms
[2023-03-29T20:42:40.275+0000][5933][gc,phases   ] GC(46)   Evacuate Collection Set: 3.0ms
[2023-03-29T20:42:40.275+0000][5933][gc,phases   ] GC(46)   Post Evacuate Collection Set: 2.6ms
[2023-03-29T20:42:40.275+0000][5933][gc,phases   ] GC(46)   Other: 0.4ms
[2023-03-29T20:42:40.275+0000][5933][gc,heap     ] GC(46) Eden regions: 293->0(293)
[2023-03-29T20:42:40.275+0000][5933][gc,heap     ] GC(46) Survivor regions: 1->1(37)
[2023-03-29T20:42:40.275+0000][5933][gc,heap     ] GC(46) Old regions: 20->20
[2023-03-29T20:42:40.275+0000][5933][gc,heap     ] GC(46) Archive regions: 2->2
[2023-03-29T20:42:40.275+0000][5933][gc,heap     ] GC(46) Humongous regions: 2->2
[2023-03-29T20:42:40.275+0000][5933][gc,metaspace] GC(46) Metaspace: 111124K(112704K)->111124K(112704K) NonClass: 96041K(96960K)->96041K(96960K) Class: 15082K(15744K)->15082K(15744K)
[2023-03-29T20:42:40.275+0000][5933][gc          ] GC(46) Pause Young (Normal) (G1 Evacuation Pause) 1262M->90M(1964M) 8.638ms
[2023-03-29T20:42:40.275+0000][5933][gc,cpu      ] GC(46) User=0.01s Sys=0.00s Real=0.01s
[2023-03-29T20:42:40.275+0000][5933][safepoint   ] Safepoint "G1CollectForAllocation", Time since last: 689696978366 ns, Reaching safepoint: 477803 ns, At safepoint: 8755165 ns, Total: 9232968 ns
[2023-03-29T21:04:12.449+0000][5933][safepoint   ] Safepoint "Cleanup", Time since last: 1292173507812 ns, Reaching safepoint: 96760 ns, At safepoint: 7917 ns, Total: 104677 ns
[2023-03-29T21:14:12.527+0000][5933][safepoint   ] Safepoint "Cleanup", Time since last: 600077727236 ns, Reaching safepoint: 102404 ns, At safepoint: 9101 ns, Total: 111505 ns
[2023-03-29T21:23:40.591+0000][5933][safepoint   ] Safepoint "Cleanup", Time since last: 568064625223 ns, Reaching safepoint: 135133 ns, At safepoint: 19937 ns, Total: 155070 ns
[2023-03-29T21:32:10.260+0000][5933][gc,start    ] GC(47) Pause Young (Normal) (G1 Evacuation Pause)
[2023-03-29T21:32:10.260+0000][5933][gc,task     ] GC(47) Using 1 workers of 1 for evacuation
[2023-03-29T21:32:10.260+0000][5933][gc,age      ] GC(47) Desired survivor size 77594624 bytes, new threshold 15 (max threshold 15)
[2023-03-29T21:32:10.268+0000][5933][gc,age      ] GC(47) Age table with threshold 15 (max threshold 15)
[2023-03-29T21:32:10.268+0000][5933][gc,age      ] GC(47) - age   1:     107584 bytes,     107584 total
[2023-03-29T21:32:10.268+0000][5933][gc,age      ] GC(47) - age   2:       1000 bytes,     108584 total
[2023-03-29T21:32:10.268+0000][5933][gc,age      ] GC(47) - age   4:         72 bytes,     108656 total
[2023-03-29T21:32:10.268+0000][5933][gc,age      ] GC(47) - age   5:       8280 bytes,     116936 total
[2023-03-29T21:32:10.268+0000][5933][gc,age      ] GC(47) - age   7:        320 bytes,     117256 total
[2023-03-29T21:32:10.268+0000][5933][gc,age      ] GC(47) - age   8:       3272 bytes,     120528 total
[2023-03-29T21:32:10.268+0000][5933][gc,age      ] GC(47) - age   9:        552 bytes,     121080 total
[2023-03-29T21:32:10.268+0000][5933][gc,age      ] GC(47) - age  10:        520 bytes,     121600 total
[2023-03-29T21:32:10.268+0000][5933][gc,age      ] GC(47) - age  13:       4472 bytes,     126072 total
[2023-03-29T21:32:10.268+0000][5933][gc,age      ] GC(47) - age  15:        776 bytes,     126848 total
[2023-03-29T21:32:10.268+0000][5933][gc,phases   ] GC(47)   Pre Evacuate Collection Set: 0.8ms
[2023-03-29T21:32:10.268+0000][5933][gc,phases   ] GC(47)   Merge Heap Roots: 0.1ms
[2023-03-29T21:32:10.268+0000][5933][gc,phases   ] GC(47)   Evacuate Collection Set: 4.8ms
[2023-03-29T21:32:10.268+0000][5933][gc,phases   ] GC(47)   Post Evacuate Collection Set: 1.7ms
[2023-03-29T21:32:10.268+0000][5933][gc,phases   ] GC(47)   Other: 0.4ms
[2023-03-29T21:32:10.268+0000][5933][gc,heap     ] GC(47) Eden regions: 293->0(293)
[2023-03-29T21:32:10.268+0000][5933][gc,heap     ] GC(47) Survivor regions: 1->1(37)
[2023-03-29T21:32:10.268+0000][5933][gc,heap     ] GC(47) Old regions: 20->20
[2023-03-29T21:32:10.268+0000][5933][gc,heap     ] GC(47) Archive regions: 2->2
[2023-03-29T21:32:10.268+0000][5933][gc,heap     ] GC(47) Humongous regions: 2->2
[2023-03-29T21:32:10.268+0000][5933][gc,metaspace] GC(47) Metaspace: 111148K(112768K)->111148K(112768K) NonClass: 96065K(97024K)->96065K(97024K) Class: 15082K(15744K)->15082K(15744K)
[2023-03-29T21:32:10.268+0000][5933][gc          ] GC(47) Pause Young (Normal) (G1 Evacuation Pause) 1262M->90M(1964M) 7.923ms
[2023-03-29T21:32:10.268+0000][5933][gc,cpu      ] GC(47) User=0.01s Sys=0.00s Real=0.00s
[2023-03-29T21:32:10.268+0000][5933][safepoint   ] Safepoint "G1CollectForAllocation", Time since last: 509668563403 ns, Reaching safepoint: 195855 ns, At safepoint: 8049903 ns, Total: 8245758 ns
[2023-03-29T21:34:12.285+0000][5933][safepoint   ] Safepoint "Cleanup", Time since last: 122016452564 ns, Reaching safepoint: 111775 ns, At safepoint: 8191 ns, Total: 119966 ns
[2023-03-29T22:19:40.668+0000][5933][safepoint   ] Safepoint "Cleanup", Time since last: 2728383175074 ns, Reaching safepoint: 124862 ns, At safepoint: 19793 ns, Total: 144655 ns
[2023-03-29T22:21:15.683+0000][5933][safepoint   ] Safepoint "Cleanup", Time since last: 95014660715 ns, Reaching safepoint: 79540 ns, At safepoint: 25900 ns, Total: 105440 ns
[2023-03-29T22:21:40.271+0000][5933][gc,start    ] GC(48) Pause Young (Normal) (G1 Evacuation Pause)
[2023-03-29T22:21:40.271+0000][5933][gc,task     ] GC(48) Using 1 workers of 1 for evacuation
[2023-03-29T22:21:40.271+0000][5933][gc,age      ] GC(48) Desired survivor size 77594624 bytes, new threshold 15 (max threshold 15)
[2023-03-29T22:21:40.278+0000][5933][gc,age      ] GC(48) Age table with threshold 15 (max threshold 15)
[2023-03-29T22:21:40.278+0000][5933][gc,age      ] GC(48) - age   1:     125976 bytes,     125976 total
[2023-03-29T22:21:40.278+0000][5933][gc,age      ] GC(48) - age   2:       3720 bytes,     129696 total
[2023-03-29T22:21:40.278+0000][5933][gc,age      ] GC(48) - age   3:        632 bytes,     130328 total
[2023-03-29T22:21:40.278+0000][5933][gc,age      ] GC(48) - age   5:         72 bytes,     130400 total
[2023-03-29T22:21:40.278+0000][5933][gc,age      ] GC(48) - age   6:       8280 bytes,     138680 total
[2023-03-29T22:21:40.278+0000][5933][gc,age      ] GC(48) - age   8:        320 bytes,     139000 total
[2023-03-29T22:21:40.278+0000][5933][gc,age      ] GC(48) - age   9:       3272 bytes,     142272 total
[2023-03-29T22:21:40.278+0000][5933][gc,age      ] GC(48) - age  10:        552 bytes,     142824 total
[2023-03-29T22:21:40.278+0000][5933][gc,age      ] GC(48) - age  11:        520 bytes,     143344 total
[2023-03-29T22:21:40.278+0000][5933][gc,age      ] GC(48) - age  14:       4472 bytes,     147816 total
[2023-03-29T22:21:40.278+0000][5933][gc,phases   ] GC(48)   Pre Evacuate Collection Set: 0.2ms
[2023-03-29T22:21:40.278+0000][5933][gc,phases   ] GC(48)   Merge Heap Roots: 0.1ms
[2023-03-29T22:21:40.278+0000][5933][gc,phases   ] GC(48)   Evacuate Collection Set: 3.4ms
[2023-03-29T22:21:40.278+0000][5933][gc,phases   ] GC(48)   Post Evacuate Collection Set: 1.7ms
[2023-03-29T22:21:40.278+0000][5933][gc,phases   ] GC(48)   Other: 1.6ms
[2023-03-29T22:21:40.278+0000][5933][gc,heap     ] GC(48) Eden regions: 293->0(293)
[2023-03-29T22:21:40.278+0000][5933][gc,heap     ] GC(48) Survivor regions: 1->1(37)
[2023-03-29T22:21:40.278+0000][5933][gc,heap     ] GC(48) Old regions: 20->20
[2023-03-29T22:21:40.278+0000][5933][gc,heap     ] GC(48) Archive regions: 2->2
[2023-03-29T22:21:40.278+0000][5933][gc,heap     ] GC(48) Humongous regions: 2->2
[2023-03-29T22:21:40.278+0000][5933][gc,metaspace] GC(48) Metaspace: 111148K(112768K)->111148K(112768K) NonClass: 96066K(97024K)->96066K(97024K) Class: 15082K(15744K)->15082K(15744K)
[2023-03-29T22:21:40.278+0000][5933][gc          ] GC(48) Pause Young (Normal) (G1 Evacuation Pause) 1262M->90M(1964M) 7.155ms
[2023-03-29T22:21:40.278+0000][5933][gc,cpu      ] GC(48) User=0.01s Sys=0.01s Real=0.01s
[2023-03-29T22:21:40.278+0000][5933][safepoint   ] Safepoint "G1CollectForAllocation", Time since last: 24588062938 ns, Reaching safepoint: 140896 ns, At safepoint: 7272311 ns, Total: 7413207 ns
[2023-03-29T22:24:40.304+0000][5933][safepoint   ] Safepoint "Cleanup", Time since last: 180025675916 ns, Reaching safepoint: 172406 ns, At safepoint: 26054 ns, Total: 198460 ns
[2023-03-29T22:25:40.314+0000][5933][safepoint   ] Safepoint "Cleanup", Time since last: 60009260103 ns, Reaching safepoint: 82927 ns, At safepoint: 38168 ns, Total: 121095 ns
[2023-03-29T22:27:40.330+0000][5933][safepoint   ] Safepoint "Cleanup", Time since last: 120016746320 ns, Reaching safepoint: 77410 ns, At safepoint: 15979 ns, Total: 93389 ns
[2023-03-29T22:29:40.349+0000][5933][safepoint   ] Safepoint "Cleanup", Time since last: 120018456621 ns, Reaching safepoint: 128605 ns, At safepoint: 13747 ns, Total: 142352 ns
[2023-03-29T22:30:10.353+0000][5933][safepoint   ] Safepoint "Cleanup", Time since last: 30004056707 ns, Reaching safepoint: 72327 ns, At safepoint: 7269 ns, Total: 79596 ns
[2023-03-29T22:41:10.449+0000][5933][safepoint   ] Safepoint "Cleanup", Time since last: 660095932217 ns, Reaching safepoint: 84468 ns, At safepoint: 8715 ns, Total: 93183 ns
[2023-03-29T22:41:40.453+0000][5933][safepoint   ] Safepoint "Cleanup", Time since last: 30004026020 ns, Reaching safepoint: 127702 ns, At safepoint: 33739 ns, Total: 161441 ns
[2023-03-29T22:47:16.502+0000][5933][safepoint   ] Safepoint "Cleanup", Time since last: 336048144466 ns, Reaching safepoint: 188728 ns, At safepoint: 22075 ns, Total: 210803 ns
[2023-03-29T23:11:10.265+0000][5933][gc,start    ] GC(49) Pause Young (Normal) (G1 Evacuation Pause)
[2023-03-29T23:11:10.265+0000][5933][gc,task     ] GC(49) Using 1 workers of 1 for evacuation
[2023-03-29T23:11:10.265+0000][5933][gc,age      ] GC(49) Desired survivor size 77594624 bytes, new threshold 15 (max threshold 15)
[2023-03-29T23:11:10.271+0000][5933][gc,age      ] GC(49) Age table with threshold 15 (max threshold 15)
[2023-03-29T23:11:10.271+0000][5933][gc,age      ] GC(49) - age   1:     104512 bytes,     104512 total
[2023-03-29T23:11:10.271+0000][5933][gc,age      ] GC(49) - age   2:       4984 bytes,     109496 total
[2023-03-29T23:11:10.271+0000][5933][gc,age      ] GC(49) - age   3:       3536 bytes,     113032 total
[2023-03-29T23:11:10.271+0000][5933][gc,age      ] GC(49) - age   4:        632 bytes,     113664 total
[2023-03-29T23:11:10.271+0000][5933][gc,age      ] GC(49) - age   6:         72 bytes,     113736 total
[2023-03-29T23:11:10.271+0000][5933][gc,age      ] GC(49) - age   7:       8168 bytes,     121904 total
[2023-03-29T23:11:10.271+0000][5933][gc,age      ] GC(49) - age   9:        320 bytes,     122224 total
[2023-03-29T23:11:10.271+0000][5933][gc,age      ] GC(49) - age  10:       3272 bytes,     125496 total
[2023-03-29T23:11:10.271+0000][5933][gc,age      ] GC(49) - age  11:        552 bytes,     126048 total
[2023-03-29T23:11:10.271+0000][5933][gc,age      ] GC(49) - age  12:        520 bytes,     126568 total
[2023-03-29T23:11:10.271+0000][5933][gc,age      ] GC(49) - age  15:       4472 bytes,     131040 total
[2023-03-29T23:11:10.272+0000][5933][gc,phases   ] GC(49)   Pre Evacuate Collection Set: 1.2ms
[2023-03-29T23:11:10.272+0000][5933][gc,phases   ] GC(49)   Merge Heap Roots: 0.1ms
[2023-03-29T23:11:10.272+0000][5933][gc,phases   ] GC(49)   Evacuate Collection Set: 3.3ms
[2023-03-29T23:11:10.272+0000][5933][gc,phases   ] GC(49)   Post Evacuate Collection Set: 1.5ms
[2023-03-29T23:11:10.272+0000][5933][gc,phases   ] GC(49)   Other: 0.6ms
[2023-03-29T23:11:10.272+0000][5933][gc,heap     ] GC(49) Eden regions: 293->0(293)
[2023-03-29T23:11:10.272+0000][5933][gc,heap     ] GC(49) Survivor regions: 1->1(37)
[2023-03-29T23:11:10.272+0000][5933][gc,heap     ] GC(49) Old regions: 20->20
[2023-03-29T23:11:10.272+0000][5933][gc,heap     ] GC(49) Archive regions: 2->2
[2023-03-29T23:11:10.272+0000][5933][gc,heap     ] GC(49) Humongous regions: 2->2
[2023-03-29T23:11:10.272+0000][5933][gc,metaspace] GC(49) Metaspace: 111148K(112768K)->111148K(112768K) NonClass: 96066K(97024K)->96066K(97024K) Class: 15082K(15744K)->15082K(15744K)
[2023-03-29T23:11:10.272+0000][5933][gc          ] GC(49) Pause Young (Normal) (G1 Evacuation Pause) 1262M->90M(1964M) 6.826ms
[2023-03-29T23:11:10.272+0000][5933][gc,cpu      ] GC(49) User=0.01s Sys=0.00s Real=0.01s
[2023-03-29T23:11:10.272+0000][5933][safepoint   ] Safepoint "G1CollectForAllocation", Time since last: 1433762666222 ns, Reaching safepoint: 504105 ns, At safepoint: 6959775 ns, Total: 7463880 ns
[2023-03-29T23:23:40.376+0000][5933][safepoint   ] Safepoint "Cleanup", Time since last: 750104385960 ns, Reaching safepoint: 110066 ns, At safepoint: 13969 ns, Total: 124035 ns
[2023-03-29T23:28:40.420+0000][5933][safepoint   ] Safepoint "Cleanup", Time since last: 300043824931 ns, Reaching safepoint: 102719 ns, At safepoint: 13913 ns, Total: 116632 ns
[2023-03-29T23:30:30.436+0000][5933][safepoint   ] Safepoint "Cleanup", Time since last: 110015330666 ns, Reaching safepoint: 128732 ns, At safepoint: 24516 ns, Total: 153248 ns
[2023-03-30T00:00:40.285+0000][5933][gc,start    ] GC(50) Pause Young (Normal) (G1 Evacuation Pause)
[2023-03-30T00:00:40.285+0000][5933][gc,task     ] GC(50) Using 1 workers of 1 for evacuation
[2023-03-30T00:00:40.285+0000][5933][gc,age      ] GC(50) Desired survivor size 77594624 bytes, new threshold 15 (max threshold 15)
[2023-03-30T00:00:40.311+0000][5933][gc,age      ] GC(50) Age table with threshold 15 (max threshold 15)
[2023-03-30T00:00:40.312+0000][5933][gc,age      ] GC(50) - age   1:     142568 bytes,     142568 total
[2023-03-30T00:00:40.312+0000][5933][gc,age      ] GC(50) - age   2:       4056 bytes,     146624 total
[2023-03-30T00:00:40.312+0000][5933][gc,age      ] GC(50) - age   3:       4800 bytes,     151424 total
[2023-03-30T00:00:40.312+0000][5933][gc,age      ] GC(50) - age   4:       3536 bytes,     154960 total
[2023-03-30T00:00:40.312+0000][5933][gc,age      ] GC(50) - age   5:        632 bytes,     155592 total
[2023-03-30T00:00:40.312+0000][5933][gc,age      ] GC(50) - age   7:         72 bytes,     155664 total
[2023-03-30T00:00:40.312+0000][5933][gc,age      ] GC(50) - age   8:       8168 bytes,     163832 total
[2023-03-30T00:00:40.312+0000][5933][gc,age      ] GC(50) - age  10:        320 bytes,     164152 total
[2023-03-30T00:00:40.312+0000][5933][gc,age      ] GC(50) - age  11:       3272 bytes,     167424 total
[2023-03-30T00:00:40.312+0000][5933][gc,age      ] GC(50) - age  12:        552 bytes,     167976 total
[2023-03-30T00:00:40.312+0000][5933][gc,age      ] GC(50) - age  13:        520 bytes,     168496 total
[2023-03-30T00:00:40.312+0000][5933][gc,phases   ] GC(50)   Pre Evacuate Collection Set: 0.2ms
[2023-03-30T00:00:40.312+0000][5933][gc,phases   ] GC(50)   Merge Heap Roots: 0.1ms
[2023-03-30T00:00:40.312+0000][5933][gc,phases   ] GC(50)   Evacuate Collection Set: 23.6ms
[2023-03-30T00:00:40.312+0000][5933][gc,phases   ] GC(50)   Post Evacuate Collection Set: 2.5ms
[2023-03-30T00:00:40.312+0000][5933][gc,phases   ] GC(50)   Other: 1.4ms
[2023-03-30T00:00:40.312+0000][5933][gc,heap     ] GC(50) Eden regions: 293->0(293)
[2023-03-30T00:00:40.312+0000][5933][gc,heap     ] GC(50) Survivor regions: 1->1(37)
[2023-03-30T00:00:40.312+0000][5933][gc,heap     ] GC(50) Old regions: 20->20
[2023-03-30T00:00:40.312+0000][5933][gc,heap     ] GC(50) Archive regions: 2->2
[2023-03-30T00:00:40.313+0000][5933][gc,heap     ] GC(50) Humongous regions: 2->2
[2023-03-30T00:00:40.313+0000][5933][gc,metaspace] GC(50) Metaspace: 111148K(112768K)->111148K(112768K) NonClass: 96066K(97024K)->96066K(97024K) Class: 15082K(15744K)->15082K(15744K)
[2023-03-30T00:00:40.313+0000][5933][gc          ] GC(50) Pause Young (Normal) (G1 Evacuation Pause) 1262M->90M(1964M) 28.065ms
[2023-03-30T00:00:40.313+0000][5933][gc,cpu      ] GC(50) User=0.01s Sys=0.00s Real=0.03s
[2023-03-30T00:00:40.313+0000][5933][safepoint   ] Safepoint "G1CollectForAllocation", Time since last: 1809848543398 ns, Reaching safepoint: 110554 ns, At safepoint: 28277207 ns, Total: 28387761 ns
[2023-03-30T00:04:59.345+0000][5933][safepoint   ] Safepoint "Cleanup", Time since last: 259031906148 ns, Reaching safepoint: 102488 ns, At safepoint: 13834 ns, Total: 116322 ns
[2023-03-30T00:50:10.281+0000][5933][gc,start    ] GC(51) Pause Young (Normal) (G1 Evacuation Pause)
[2023-03-30T00:50:10.281+0000][5933][gc,task     ] GC(51) Using 1 workers of 1 for evacuation
[2023-03-30T00:50:10.281+0000][5933][gc,age      ] GC(51) Desired survivor size 77594624 bytes, new threshold 15 (max threshold 15)
[2023-03-30T00:50:10.289+0000][5933][gc,age      ] GC(51) Age table with threshold 15 (max threshold 15)
[2023-03-30T00:50:10.289+0000][5933][gc,age      ] GC(51) - age   1:     105744 bytes,     105744 total
[2023-03-30T00:50:10.289+0000][5933][gc,age      ] GC(51) - age   2:        264 bytes,     106008 total
[2023-03-30T00:50:10.289+0000][5933][gc,age      ] GC(51) - age   3:       3504 bytes,     109512 total
[2023-03-30T00:50:10.289+0000][5933][gc,age      ] GC(51) - age   4:       4800 bytes,     114312 total
[2023-03-30T00:50:10.289+0000][5933][gc,age      ] GC(51) - age   5:       3536 bytes,     117848 total
[2023-03-30T00:50:10.289+0000][5933][gc,age      ] GC(51) - age   6:        632 bytes,     118480 total
[2023-03-30T00:50:10.289+0000][5933][gc,age      ] GC(51) - age   8:         72 bytes,     118552 total
[2023-03-30T00:50:10.289+0000][5933][gc,age      ] GC(51) - age   9:       1968 bytes,     120520 total
[2023-03-30T00:50:10.289+0000][5933][gc,age      ] GC(51) - age  11:        320 bytes,     120840 total
[2023-03-30T00:50:10.289+0000][5933][gc,age      ] GC(51) - age  12:       3272 bytes,     124112 total
[2023-03-30T00:50:10.289+0000][5933][gc,age      ] GC(51) - age  13:        552 bytes,     124664 total
[2023-03-30T00:50:10.289+0000][5933][gc,age      ] GC(51) - age  14:        520 bytes,     125184 total
[2023-03-30T00:50:10.289+0000][5933][gc,phases   ] GC(51)   Pre Evacuate Collection Set: 0.2ms
[2023-03-30T00:50:10.289+0000][5933][gc,phases   ] GC(51)   Merge Heap Roots: 0.1ms
[2023-03-30T00:50:10.289+0000][5933][gc,phases   ] GC(51)   Evacuate Collection Set: 3.5ms
[2023-03-30T00:50:10.289+0000][5933][gc,phases   ] GC(51)   Post Evacuate Collection Set: 3.9ms
[2023-03-30T00:50:10.289+0000][5933][gc,phases   ] GC(51)   Other: 0.5ms
[2023-03-30T00:50:10.289+0000][5933][gc,heap     ] GC(51) Eden regions: 293->0(293)
[2023-03-30T00:50:10.289+0000][5933][gc,heap     ] GC(51) Survivor regions: 1->1(37)
[2023-03-30T00:50:10.289+0000][5933][gc,heap     ] GC(51) Old regions: 20->20
[2023-03-30T00:50:10.289+0000][5933][gc,heap     ] GC(51) Archive regions: 2->2
[2023-03-30T00:50:10.289+0000][5933][gc,heap     ] GC(51) Humongous regions: 2->2
[2023-03-30T00:50:10.289+0000][5933][gc,metaspace] GC(51) Metaspace: 111149K(112768K)->111149K(112768K) NonClass: 96066K(97024K)->96066K(97024K) Class: 15082K(15744K)->15082K(15744K)
[2023-03-30T00:50:10.289+0000][5933][gc          ] GC(51) Pause Young (Normal) (G1 Evacuation Pause) 1262M->90M(1964M) 8.415ms
[2023-03-30T00:50:10.289+0000][5933][gc,cpu      ] GC(51) User=0.01s Sys=0.00s Real=0.01s
[2023-03-30T00:50:10.289+0000][5933][safepoint   ] Safepoint "G1CollectForAllocation", Time since last: 2710935916879 ns, Reaching safepoint: 171999 ns, At safepoint: 8547666 ns, Total: 8719665 ns
[2023-03-30T00:52:40.304+0000][5933][safepoint   ] Safepoint "Cleanup", Time since last: 150014934609 ns, Reaching safepoint: 105581 ns, At safepoint: 17933 ns, Total: 123514 ns
[2023-03-30T01:00:00.348+0000][5933][safepoint   ] Safepoint "Cleanup", Time since last: 440043248132 ns, Reaching safepoint: 163773 ns, At safepoint: 28161 ns, Total: 191934 ns
[2023-03-30T01:15:40.442+0000][5933][safepoint   ] Safepoint "Cleanup", Time since last: 940094099219 ns, Reaching safepoint: 145389 ns, At safepoint: 20223 ns, Total: 165612 ns
[2023-03-30T01:22:47.488+0000][5933][safepoint   ] Safepoint "Cleanup", Time since last: 427045532463 ns, Reaching safepoint: 142015 ns, At safepoint: 11109 ns, Total: 153124 ns
[2023-03-30T01:30:00.052+0000][5933][safepoint   ] Safepoint "Cleanup", Time since last: 432563719831 ns, Reaching safepoint: 53505 ns, At safepoint: 7187 ns, Total: 60692 ns
[2023-03-30T01:30:01.052+0000][5933][safepoint   ] Safepoint "Cleanup", Time since last: 1000128100 ns, Reaching safepoint: 55880 ns, At safepoint: 7005 ns, Total: 62885 ns
[2023-03-30T01:34:12.077+0000][5933][safepoint   ] Safepoint "Cleanup", Time since last: 251025218187 ns, Reaching safepoint: 95060 ns, At safepoint: 13634 ns, Total: 108694 ns
[2023-03-30T01:39:40.269+0000][5933][gc,start    ] GC(52) Pause Young (Normal) (G1 Evacuation Pause)
[2023-03-30T01:39:40.270+0000][5933][gc,task     ] GC(52) Using 1 workers of 1 for evacuation
[2023-03-30T01:39:40.270+0000][5933][gc,age      ] GC(52) Desired survivor size 77594624 bytes, new threshold 15 (max threshold 15)
[2023-03-30T01:39:40.276+0000][5933][gc,age      ] GC(52) Age table with threshold 15 (max threshold 15)
[2023-03-30T01:39:40.276+0000][5933][gc,age      ] GC(52) - age   1:     145296 bytes,     145296 total
[2023-03-30T01:39:40.276+0000][5933][gc,age      ] GC(52) - age   2:       6200 bytes,     151496 total
[2023-03-30T01:39:40.276+0000][5933][gc,age      ] GC(52) - age   3:         80 bytes,     151576 total
[2023-03-30T01:39:40.276+0000][5933][gc,age      ] GC(52) - age   4:       3288 bytes,     154864 total
[2023-03-30T01:39:40.276+0000][5933][gc,age      ] GC(52) - age   5:       4800 bytes,     159664 total
[2023-03-30T01:39:40.276+0000][5933][gc,age      ] GC(52) - age   6:       3536 bytes,     163200 total
[2023-03-30T01:39:40.276+0000][5933][gc,age      ] GC(52) - age   7:        632 bytes,     163832 total
[2023-03-30T01:39:40.276+0000][5933][gc,age      ] GC(52) - age   9:         72 bytes,     163904 total
[2023-03-30T01:39:40.277+0000][5933][gc,age      ] GC(52) - age  10:       1968 bytes,     165872 total
[2023-03-30T01:39:40.277+0000][5933][gc,age      ] GC(52) - age  12:        320 bytes,     166192 total
[2023-03-30T01:39:40.277+0000][5933][gc,age      ] GC(52) - age  13:       3272 bytes,     169464 total
[2023-03-30T01:39:40.277+0000][5933][gc,age      ] GC(52) - age  14:        552 bytes,     170016 total
[2023-03-30T01:39:40.277+0000][5933][gc,age      ] GC(52) - age  15:        520 bytes,     170536 total
[2023-03-30T01:39:40.277+0000][5933][gc,phases   ] GC(52)   Pre Evacuate Collection Set: 0.2ms
[2023-03-30T01:39:40.277+0000][5933][gc,phases   ] GC(52)   Merge Heap Roots: 0.2ms
[2023-03-30T01:39:40.277+0000][5933][gc,phases   ] GC(52)   Evacuate Collection Set: 4.1ms
[2023-03-30T01:39:40.277+0000][5933][gc,phases   ] GC(52)   Post Evacuate Collection Set: 1.7ms
[2023-03-30T01:39:40.277+0000][5933][gc,phases   ] GC(52)   Other: 1.1ms
[2023-03-30T01:39:40.277+0000][5933][gc,heap     ] GC(52) Eden regions: 293->0(293)
[2023-03-30T01:39:40.277+0000][5933][gc,heap     ] GC(52) Survivor regions: 1->1(37)
[2023-03-30T01:39:40.277+0000][5933][gc,heap     ] GC(52) Old regions: 20->20
[2023-03-30T01:39:40.277+0000][5933][gc,heap     ] GC(52) Archive regions: 2->2
[2023-03-30T01:39:40.277+0000][5933][gc,heap     ] GC(52) Humongous regions: 2->2
[2023-03-30T01:39:40.277+0000][5933][gc,metaspace] GC(52) Metaspace: 111228K(112832K)->111228K(112832K) NonClass: 96138K(97088K)->96138K(97088K) Class: 15090K(15744K)->15090K(15744K)
[2023-03-30T01:39:40.277+0000][5933][gc          ] GC(52) Pause Young (Normal) (G1 Evacuation Pause) 1262M->90M(1964M) 7.418ms
[2023-03-30T01:39:40.277+0000][5933][gc,cpu      ] GC(52) User=0.00s Sys=0.01s Real=0.00s
[2023-03-30T01:39:40.277+0000][5933][safepoint   ] Safepoint "G1CollectForAllocation", Time since last: 328192180200 ns, Reaching safepoint: 170708 ns, At safepoint: 7541714 ns, Total: 7712422 ns
[2023-03-30T02:07:00.152+0000][5933][safepoint   ] Safepoint "Cleanup", Time since last: 1639874433765 ns, Reaching safepoint: 144451 ns, At safepoint: 10938 ns, Total: 155389 ns
[2023-03-30T02:07:01.152+0000][5933][safepoint   ] Safepoint "Cleanup", Time since last: 1000172005 ns, Reaching safepoint: 111840 ns, At safepoint: 12737 ns, Total: 124577 ns
[2023-03-30T02:07:11.153+0000][5933][safepoint   ] Safepoint "Cleanup", Time since last: 10001312578 ns, Reaching safepoint: 74552 ns, At safepoint: 12952 ns, Total: 87504 ns
[2023-03-30T02:14:12.205+0000][5933][safepoint   ] Safepoint "Cleanup", Time since last: 421051763822 ns, Reaching safepoint: 84618 ns, At safepoint: 7471 ns, Total: 92089 ns
[2023-03-30T02:14:41.209+0000][5933][safepoint   ] Safepoint "Cleanup", Time since last: 29003912565 ns, Reaching safepoint: 76616 ns, At safepoint: 13728 ns, Total: 90344 ns
[2023-03-30T02:29:09.446+0000][5933][gc,start    ] GC(53) Pause Young (Normal) (G1 Evacuation Pause)
[2023-03-30T02:29:09.446+0000][5933][gc,task     ] GC(53) Using 1 workers of 1 for evacuation
[2023-03-30T02:29:09.446+0000][5933][gc,age      ] GC(53) Desired survivor size 77594624 bytes, new threshold 15 (max threshold 15)
[2023-03-30T02:29:09.454+0000][5933][gc,age      ] GC(53) Age table with threshold 15 (max threshold 15)
[2023-03-30T02:29:09.454+0000][5933][gc,age      ] GC(53) - age   1:     275496 bytes,     275496 total
[2023-03-30T02:29:09.454+0000][5933][gc,age      ] GC(53) - age   2:      10456 bytes,     285952 total
[2023-03-30T02:29:09.454+0000][5933][gc,age      ] GC(53) - age   3:       6200 bytes,     292152 total
[2023-03-30T02:29:09.454+0000][5933][gc,age      ] GC(53) - age   4:         80 bytes,     292232 total
[2023-03-30T02:29:09.454+0000][5933][gc,age      ] GC(53) - age   5:       3288 bytes,     295520 total
[2023-03-30T02:29:09.454+0000][5933][gc,age      ] GC(53) - age   6:       4768 bytes,     300288 total
[2023-03-30T02:29:09.454+0000][5933][gc,age      ] GC(53) - age   7:       3536 bytes,     303824 total
[2023-03-30T02:29:09.454+0000][5933][gc,age      ] GC(53) - age   8:        632 bytes,     304456 total
[2023-03-30T02:29:09.454+0000][5933][gc,age      ] GC(53) - age  10:         72 bytes,     304528 total
[2023-03-30T02:29:09.454+0000][5933][gc,age      ] GC(53) - age  11:       1872 bytes,     306400 total
[2023-03-30T02:29:09.454+0000][5933][gc,age      ] GC(53) - age  13:        320 bytes,     306720 total
[2023-03-30T02:29:09.454+0000][5933][gc,age      ] GC(53) - age  14:       3272 bytes,     309992 total
[2023-03-30T02:29:09.455+0000][5933][gc,age      ] GC(53) - age  15:        552 bytes,     310544 total
[2023-03-30T02:29:09.455+0000][5933][gc,phases   ] GC(53)   Pre Evacuate Collection Set: 0.1ms
[2023-03-30T02:29:09.455+0000][5933][gc,phases   ] GC(53)   Merge Heap Roots: 0.1ms
[2023-03-30T02:29:09.455+0000][5933][gc,phases   ] GC(53)   Evacuate Collection Set: 5.6ms
[2023-03-30T02:29:09.455+0000][5933][gc,phases   ] GC(53)   Post Evacuate Collection Set: 2.0ms
[2023-03-30T02:29:09.455+0000][5933][gc,phases   ] GC(53)   Other: 0.6ms
[2023-03-30T02:29:09.455+0000][5933][gc,heap     ] GC(53) Eden regions: 293->0(293)
[2023-03-30T02:29:09.455+0000][5933][gc,heap     ] GC(53) Survivor regions: 1->1(37)
[2023-03-30T02:29:09.455+0000][5933][gc,heap     ] GC(53) Old regions: 20->20
[2023-03-30T02:29:09.455+0000][5933][gc,heap     ] GC(53) Archive regions: 2->2
[2023-03-30T02:29:09.455+0000][5933][gc,heap     ] GC(53) Humongous regions: 2->2
[2023-03-30T02:29:09.455+0000][5933][gc,metaspace] GC(53) Metaspace: 111604K(113152K)->111604K(113152K) NonClass: 96440K(97344K)->96440K(97344K) Class: 15163K(15808K)->15163K(15808K)
[2023-03-30T02:29:09.455+0000][5933][gc          ] GC(53) Pause Young (Normal) (G1 Evacuation Pause) 1262M->90M(1964M) 8.609ms
[2023-03-30T02:29:09.455+0000][5933][gc,cpu      ] GC(53) User=0.00s Sys=0.00s Real=0.01s
[2023-03-30T02:29:09.455+0000][5933][safepoint   ] Safepoint "G1CollectForAllocation", Time since last: 868236955628 ns, Reaching safepoint: 79511 ns, At safepoint: 8785901 ns, Total: 8865412 ns
[2023-03-30T02:37:16.515+0000][5933][safepoint   ] Safepoint "Cleanup", Time since last: 487060008680 ns, Reaching safepoint: 149081 ns, At safepoint: 19308 ns, Total: 168389 ns
[2023-03-30T03:18:40.266+0000][5933][gc,start    ] GC(54) Pause Young (Normal) (G1 Evacuation Pause)
[2023-03-30T03:18:40.266+0000][5933][gc,task     ] GC(54) Using 1 workers of 1 for evacuation
[2023-03-30T03:18:40.266+0000][5933][gc,age      ] GC(54) Desired survivor size 77594624 bytes, new threshold 15 (max threshold 15)
[2023-03-30T03:18:40.274+0000][5933][gc,age      ] GC(54) Age table with threshold 15 (max threshold 15)
[2023-03-30T03:18:40.274+0000][5933][gc,age      ] GC(54) - age   1:     104872 bytes,     104872 total
[2023-03-30T03:18:40.274+0000][5933][gc,age      ] GC(54) - age   2:     203120 bytes,     307992 total
[2023-03-30T03:18:40.274+0000][5933][gc,age      ] GC(54) - age   3:      10272 bytes,     318264 total
[2023-03-30T03:18:40.274+0000][5933][gc,age      ] GC(54) - age   4:       6200 bytes,     324464 total
[2023-03-30T03:18:40.274+0000][5933][gc,age      ] GC(54) - age   5:         80 bytes,     324544 total
[2023-03-30T03:18:40.275+0000][5933][gc,age      ] GC(54) - age   6:       3288 bytes,     327832 total
[2023-03-30T03:18:40.275+0000][5933][gc,age      ] GC(54) - age   7:       4768 bytes,     332600 total
[2023-03-30T03:18:40.275+0000][5933][gc,age      ] GC(54) - age   8:       3536 bytes,     336136 total
[2023-03-30T03:18:40.275+0000][5933][gc,age      ] GC(54) - age   9:        632 bytes,     336768 total
[2023-03-30T03:18:40.275+0000][5933][gc,age      ] GC(54) - age  11:         72 bytes,     336840 total
[2023-03-30T03:18:40.275+0000][5933][gc,age      ] GC(54) - age  12:       1872 bytes,     338712 total
[2023-03-30T03:18:40.275+0000][5933][gc,age      ] GC(54) - age  14:        320 bytes,     339032 total
[2023-03-30T03:18:40.275+0000][5933][gc,age      ] GC(54) - age  15:       3272 bytes,     342304 total
[2023-03-30T03:18:40.275+0000][5933][gc,phases   ] GC(54)   Pre Evacuate Collection Set: 0.2ms
[2023-03-30T03:18:40.275+0000][5933][gc,phases   ] GC(54)   Merge Heap Roots: 0.2ms
[2023-03-30T03:18:40.275+0000][5933][gc,phases   ] GC(54)   Evacuate Collection Set: 5.4ms
[2023-03-30T03:18:40.275+0000][5933][gc,phases   ] GC(54)   Post Evacuate Collection Set: 2.9ms
[2023-03-30T03:18:40.275+0000][5933][gc,phases   ] GC(54)   Other: 0.5ms
[2023-03-30T03:18:40.275+0000][5933][gc,heap     ] GC(54) Eden regions: 293->0(293)
[2023-03-30T03:18:40.275+0000][5933][gc,heap     ] GC(54) Survivor regions: 1->1(37)
[2023-03-30T03:18:40.275+0000][5933][gc,heap     ] GC(54) Old regions: 20->20
[2023-03-30T03:18:40.275+0000][5933][gc,heap     ] GC(54) Archive regions: 2->2
[2023-03-30T03:18:40.275+0000][5933][gc,heap     ] GC(54) Humongous regions: 2->2
[2023-03-30T03:18:40.275+0000][5933][gc,metaspace] GC(54) Metaspace: 111607K(113152K)->111607K(113152K) NonClass: 96443K(97344K)->96443K(97344K) Class: 15163K(15808K)->15163K(15808K)
[2023-03-30T03:18:40.275+0000][5933][gc          ] GC(54) Pause Young (Normal) (G1 Evacuation Pause) 1262M->90M(1964M) 9.389ms
[2023-03-30T03:18:40.275+0000][5933][gc,cpu      ] GC(54) User=0.01s Sys=0.00s Real=0.01s
[2023-03-30T03:18:40.275+0000][5933][safepoint   ] Safepoint "G1CollectForAllocation", Time since last: 2483750149254 ns, Reaching safepoint: 189558 ns, At safepoint: 9545603 ns, Total: 9735161 ns
[2023-03-30T04:08:10.281+0000][5933][gc,start    ] GC(55) Pause Young (Normal) (G1 Evacuation Pause)
[2023-03-30T04:08:10.281+0000][5933][gc,task     ] GC(55) Using 1 workers of 1 for evacuation
[2023-03-30T04:08:10.281+0000][5933][gc,age      ] GC(55) Desired survivor size 77594624 bytes, new threshold 15 (max threshold 15)
[2023-03-30T04:08:10.291+0000][5933][gc,age      ] GC(55) Age table with threshold 15 (max threshold 15)
[2023-03-30T04:08:10.291+0000][5933][gc,age      ] GC(55) - age   1:      79120 bytes,      79120 total
[2023-03-30T04:08:10.291+0000][5933][gc,age      ] GC(55) - age   2:        552 bytes,      79672 total
[2023-03-30T04:08:10.291+0000][5933][gc,age      ] GC(55) - age   3:     202936 bytes,     282608 total
[2023-03-30T04:08:10.291+0000][5933][gc,age      ] GC(55) - age   4:      10272 bytes,     292880 total
[2023-03-30T04:08:10.291+0000][5933][gc,age      ] GC(55) - age   5:       6200 bytes,     299080 total
[2023-03-30T04:08:10.291+0000][5933][gc,age      ] GC(55) - age   6:         80 bytes,     299160 total
[2023-03-30T04:08:10.291+0000][5933][gc,age      ] GC(55) - age   7:       3288 bytes,     302448 total
[2023-03-30T04:08:10.291+0000][5933][gc,age      ] GC(55) - age   8:       4768 bytes,     307216 total
[2023-03-30T04:08:10.291+0000][5933][gc,age      ] GC(55) - age   9:       3536 bytes,     310752 total
[2023-03-30T04:08:10.291+0000][5933][gc,age      ] GC(55) - age  10:        632 bytes,     311384 total
[2023-03-30T04:08:10.291+0000][5933][gc,age      ] GC(55) - age  12:         72 bytes,     311456 total
[2023-03-30T04:08:10.291+0000][5933][gc,age      ] GC(55) - age  13:       1872 bytes,     313328 total
[2023-03-30T04:08:10.291+0000][5933][gc,age      ] GC(55) - age  15:        320 bytes,     313648 total
[2023-03-30T04:08:10.291+0000][5933][gc,phases   ] GC(55)   Pre Evacuate Collection Set: 0.2ms
[2023-03-30T04:08:10.291+0000][5933][gc,phases   ] GC(55)   Merge Heap Roots: 0.1ms
[2023-03-30T04:08:10.291+0000][5933][gc,phases   ] GC(55)   Evacuate Collection Set: 4.9ms
[2023-03-30T04:08:10.291+0000][5933][gc,phases   ] GC(55)   Post Evacuate Collection Set: 2.7ms
[2023-03-30T04:08:10.291+0000][5933][gc,phases   ] GC(55)   Other: 2.5ms
[2023-03-30T04:08:10.291+0000][5933][gc,heap     ] GC(55) Eden regions: 293->0(293)
[2023-03-30T04:08:10.291+0000][5933][gc,heap     ] GC(55) Survivor regions: 1->1(37)
[2023-03-30T04:08:10.291+0000][5933][gc,heap     ] GC(55) Old regions: 20->20
[2023-03-30T04:08:10.291+0000][5933][gc,heap     ] GC(55) Archive regions: 2->2
[2023-03-30T04:08:10.291+0000][5933][gc,heap     ] GC(55) Humongous regions: 2->2
[2023-03-30T04:08:10.291+0000][5933][gc,metaspace] GC(55) Metaspace: 111607K(113152K)->111607K(113152K) NonClass: 96443K(97344K)->96443K(97344K) Class: 15163K(15808K)->15163K(15808K)
[2023-03-30T04:08:10.291+0000][5933][gc          ] GC(55) Pause Young (Normal) (G1 Evacuation Pause) 1262M->90M(1964M) 10.476ms
[2023-03-30T04:08:10.292+0000][5933][gc,cpu      ] GC(55) User=0.00s Sys=0.00s Real=0.01s
[2023-03-30T04:08:10.292+0000][5933][safepoint   ] Safepoint "G1CollectForAllocation", Time since last: 2970005651308 ns, Reaching safepoint: 219097 ns, At safepoint: 10687912 ns, Total: 10907009 ns
[2023-03-30T04:22:40.400+0000][5933][safepoint   ] Safepoint "Cleanup", Time since last: 870108313130 ns, Reaching safepoint: 118087 ns, At safepoint: 13512 ns, Total: 131599 ns
[2023-03-30T04:32:16.474+0000][5933][safepoint   ] Safepoint "Cleanup", Time since last: 576073480339 ns, Reaching safepoint: 152670 ns, At safepoint: 20113 ns, Total: 172783 ns
[2023-03-30T04:42:16.551+0000][5933][safepoint   ] Safepoint "Cleanup", Time since last: 600076788711 ns, Reaching safepoint: 114035 ns, At safepoint: 12512 ns, Total: 126547 ns
[2023-03-30T04:57:46.289+0000][5933][gc,start    ] GC(56) Pause Young (Normal) (G1 Evacuation Pause)
[2023-03-30T04:57:46.289+0000][5933][gc,task     ] GC(56) Using 1 workers of 1 for evacuation
[2023-03-30T04:57:46.289+0000][5933][gc,age      ] GC(56) Desired survivor size 77594624 bytes, new threshold 15 (max threshold 15)
[2023-03-30T04:57:46.297+0000][5933][gc,age      ] GC(56) Age table with threshold 15 (max threshold 15)
[2023-03-30T04:57:46.297+0000][5933][gc,age      ] GC(56) - age   1:      55312 bytes,      55312 total
[2023-03-30T04:57:46.297+0000][5933][gc,age      ] GC(56) - age   2:        552 bytes,      55864 total
[2023-03-30T04:57:46.297+0000][5933][gc,age      ] GC(56) - age   4:     202936 bytes,     258800 total
[2023-03-30T04:57:46.297+0000][5933][gc,age      ] GC(56) - age   5:      10272 bytes,     269072 total
[2023-03-30T04:57:46.297+0000][5933][gc,age      ] GC(56) - age   6:       6200 bytes,     275272 total
[2023-03-30T04:57:46.297+0000][5933][gc,age      ] GC(56) - age   7:         80 bytes,     275352 total
[2023-03-30T04:57:46.297+0000][5933][gc,age      ] GC(56) - age   8:       3288 bytes,     278640 total
[2023-03-30T04:57:46.297+0000][5933][gc,age      ] GC(56) - age   9:       4768 bytes,     283408 total
[2023-03-30T04:57:46.297+0000][5933][gc,age      ] GC(56) - age  10:       3536 bytes,     286944 total
[2023-03-30T04:57:46.297+0000][5933][gc,age      ] GC(56) - age  11:        632 bytes,     287576 total
[2023-03-30T04:57:46.297+0000][5933][gc,age      ] GC(56) - age  13:         72 bytes,     287648 total
[2023-03-30T04:57:46.297+0000][5933][gc,age      ] GC(56) - age  14:       1872 bytes,     289520 total
[2023-03-30T04:57:46.297+0000][5933][gc,phases   ] GC(56)   Pre Evacuate Collection Set: 0.1ms
[2023-03-30T04:57:46.297+0000][5933][gc,phases   ] GC(56)   Merge Heap Roots: 0.1ms
[2023-03-30T04:57:46.297+0000][5933][gc,phases   ] GC(56)   Evacuate Collection Set: 5.2ms
[2023-03-30T04:57:46.297+0000][5933][gc,phases   ] GC(56)   Post Evacuate Collection Set: 2.2ms
[2023-03-30T04:57:46.298+0000][5933][gc,phases   ] GC(56)   Other: 0.5ms
[2023-03-30T04:57:46.298+0000][5933][gc,heap     ] GC(56) Eden regions: 293->0(293)
[2023-03-30T04:57:46.298+0000][5933][gc,heap     ] GC(56) Survivor regions: 1->1(37)
[2023-03-30T04:57:46.298+0000][5933][gc,heap     ] GC(56) Old regions: 20->20
[2023-03-30T04:57:46.298+0000][5933][gc,heap     ] GC(56) Archive regions: 2->2
[2023-03-30T04:57:46.298+0000][5933][gc,heap     ] GC(56) Humongous regions: 2->2
[2023-03-30T04:57:46.298+0000][5933][gc,metaspace] GC(56) Metaspace: 111608K(113152K)->111608K(113152K) NonClass: 96444K(97344K)->96444K(97344K) Class: 15163K(15808K)->15163K(15808K)
[2023-03-30T04:57:46.298+0000][5933][gc          ] GC(56) Pause Young (Normal) (G1 Evacuation Pause) 1262M->90M(1964M) 8.311ms
[2023-03-30T04:57:46.298+0000][5933][gc,cpu      ] GC(56) User=0.01s Sys=0.00s Real=0.01s
[2023-03-30T04:57:46.298+0000][5933][safepoint   ] Safepoint "G1CollectForAllocation", Time since last: 929738537038 ns, Reaching safepoint: 114459 ns, At safepoint: 8476933 ns, Total: 8591392 ns
[2023-03-30T05:19:50.467+0000][5933][safepoint   ] Safepoint "Cleanup", Time since last: 1324169296427 ns, Reaching safepoint: 154572 ns, At safepoint: 14933 ns, Total: 169505 ns
[2023-03-30T05:28:50.533+0000][5933][safepoint   ] Safepoint "Cleanup", Time since last: 540065987409 ns, Reaching safepoint: 179178 ns, At safepoint: 15273 ns, Total: 194451 ns
[2023-03-30T05:47:21.000+0000][5933][gc,start    ] GC(57) Pause Young (Normal) (G1 Evacuation Pause)
[2023-03-30T05:47:21.000+0000][5933][gc,task     ] GC(57) Using 1 workers of 1 for evacuation
[2023-03-30T05:47:21.000+0000][5933][gc,age      ] GC(57) Desired survivor size 77594624 bytes, new threshold 15 (max threshold 15)
[2023-03-30T05:47:21.007+0000][5933][gc,age      ] GC(57) Age table with threshold 15 (max threshold 15)
[2023-03-30T05:47:21.007+0000][5933][gc,age      ] GC(57) - age   1:      52472 bytes,      52472 total
[2023-03-30T05:47:21.007+0000][5933][gc,age      ] GC(57) - age   2:       3528 bytes,      56000 total
[2023-03-30T05:47:21.007+0000][5933][gc,age      ] GC(57) - age   5:     202936 bytes,     258936 total
[2023-03-30T05:47:21.007+0000][5933][gc,age      ] GC(57) - age   6:      10272 bytes,     269208 total
[2023-03-30T05:47:21.007+0000][5933][gc,age      ] GC(57) - age   7:       6200 bytes,     275408 total
[2023-03-30T05:47:21.007+0000][5933][gc,age      ] GC(57) - age   8:         80 bytes,     275488 total
[2023-03-30T05:47:21.007+0000][5933][gc,age      ] GC(57) - age   9:       3288 bytes,     278776 total
[2023-03-30T05:47:21.007+0000][5933][gc,age      ] GC(57) - age  10:       4768 bytes,     283544 total
[2023-03-30T05:47:21.007+0000][5933][gc,age      ] GC(57) - age  11:       3536 bytes,     287080 total
[2023-03-30T05:47:21.007+0000][5933][gc,age      ] GC(57) - age  12:        632 bytes,     287712 total
[2023-03-30T05:47:21.007+0000][5933][gc,age      ] GC(57) - age  14:         72 bytes,     287784 total
[2023-03-30T05:47:21.007+0000][5933][gc,age      ] GC(57) - age  15:       1872 bytes,     289656 total
[2023-03-30T05:47:21.007+0000][5933][gc,phases   ] GC(57)   Pre Evacuate Collection Set: 0.1ms
[2023-03-30T05:47:21.007+0000][5933][gc,phases   ] GC(57)   Merge Heap Roots: 0.1ms
[2023-03-30T05:47:21.007+0000][5933][gc,phases   ] GC(57)   Evacuate Collection Set: 5.6ms
[2023-03-30T05:47:21.007+0000][5933][gc,phases   ] GC(57)   Post Evacuate Collection Set: 1.6ms
[2023-03-30T05:47:21.007+0000][5933][gc,phases   ] GC(57)   Other: 0.4ms
[2023-03-30T05:47:21.007+0000][5933][gc,heap     ] GC(57) Eden regions: 293->0(293)
[2023-03-30T05:47:21.007+0000][5933][gc,heap     ] GC(57) Survivor regions: 1->1(37)
[2023-03-30T05:47:21.007+0000][5933][gc,heap     ] GC(57) Old regions: 20->20
[2023-03-30T05:47:21.007+0000][5933][gc,heap     ] GC(57) Archive regions: 2->2
[2023-03-30T05:47:21.007+0000][5933][gc,heap     ] GC(57) Humongous regions: 2->2
[2023-03-30T05:47:21.007+0000][5933][gc,metaspace] GC(57) Metaspace: 111609K(113152K)->111609K(113152K) NonClass: 96445K(97344K)->96445K(97344K) Class: 15163K(15808K)->15163K(15808K)
[2023-03-30T05:47:21.008+0000][5933][gc          ] GC(57) Pause Young (Normal) (G1 Evacuation Pause) 1262M->90M(1964M) 7.957ms
[2023-03-30T05:47:21.008+0000][5933][gc,cpu      ] GC(57) User=0.01s Sys=0.00s Real=0.00s
[2023-03-30T05:47:21.008+0000][5933][safepoint   ] Safepoint "G1CollectForAllocation", Time since last: 1110466106694 ns, Reaching safepoint: 53821 ns, At safepoint: 8060648 ns, Total: 8114469 ns
[2023-03-30T05:54:12.056+0000][5933][safepoint   ] Safepoint "Cleanup", Time since last: 411048742713 ns, Reaching safepoint: 95785 ns, At safepoint: 7754 ns, Total: 103539 ns
[2023-03-30T06:04:11.137+0000][5933][safepoint   ] Safepoint "Cleanup", Time since last: 599080141849 ns, Reaching safepoint: 127572 ns, At safepoint: 16903 ns, Total: 144475 ns
[2023-03-30T06:04:59.143+0000][5933][safepoint   ] Safepoint "Cleanup", Time since last: 48006325183 ns, Reaching safepoint: 94466 ns, At safepoint: 9012 ns, Total: 103478 ns
[2023-03-30T06:05:25.147+0000][5933][safepoint   ] Safepoint "Cleanup", Time since last: 26003522184 ns, Reaching safepoint: 94418 ns, At safepoint: 13977 ns, Total: 108395 ns
[2023-03-30T06:05:52.150+0000][5933][safepoint   ] Safepoint "Cleanup", Time since last: 27003452151 ns, Reaching safepoint: 60594 ns, At safepoint: 8917 ns, Total: 69511 ns
[2023-03-30T06:36:43.468+0000][5933][gc,start    ] GC(58) Pause Young (Normal) (G1 Evacuation Pause)
[2023-03-30T06:36:43.468+0000][5933][gc,task     ] GC(58) Using 1 workers of 1 for evacuation
[2023-03-30T06:36:43.468+0000][5933][gc,age      ] GC(58) Desired survivor size 77594624 bytes, new threshold 15 (max threshold 15)
[2023-03-30T06:36:43.474+0000][5933][gc,age      ] GC(58) Age table with threshold 15 (max threshold 15)
[2023-03-30T06:36:43.474+0000][5933][gc,age      ] GC(58) - age   1:      57976 bytes,      57976 total
[2023-03-30T06:36:43.474+0000][5933][gc,age      ] GC(58) - age   2:        184 bytes,      58160 total
[2023-03-30T06:36:43.474+0000][5933][gc,age      ] GC(58) - age   3:       3528 bytes,      61688 total
[2023-03-30T06:36:43.474+0000][5933][gc,age      ] GC(58) - age   6:     202936 bytes,     264624 total
[2023-03-30T06:36:43.474+0000][5933][gc,age      ] GC(58) - age   7:      10272 bytes,     274896 total
[2023-03-30T06:36:43.474+0000][5933][gc,age      ] GC(58) - age   9:         80 bytes,     274976 total
[2023-03-30T06:36:43.474+0000][5933][gc,age      ] GC(58) - age  10:       3288 bytes,     278264 total
[2023-03-30T06:36:43.474+0000][5933][gc,age      ] GC(58) - age  11:       4768 bytes,     283032 total
[2023-03-30T06:36:43.474+0000][5933][gc,age      ] GC(58) - age  12:       3536 bytes,     286568 total
[2023-03-30T06:36:43.474+0000][5933][gc,age      ] GC(58) - age  13:        632 bytes,     287200 total
[2023-03-30T06:36:43.474+0000][5933][gc,age      ] GC(58) - age  15:         72 bytes,     287272 total
[2023-03-30T06:36:43.474+0000][5933][gc,phases   ] GC(58)   Pre Evacuate Collection Set: 0.1ms
[2023-03-30T06:36:43.474+0000][5933][gc,phases   ] GC(58)   Merge Heap Roots: 0.1ms
[2023-03-30T06:36:43.474+0000][5933][gc,phases   ] GC(58)   Evacuate Collection Set: 3.9ms
[2023-03-30T06:36:43.474+0000][5933][gc,phases   ] GC(58)   Post Evacuate Collection Set: 1.9ms
[2023-03-30T06:36:43.474+0000][5933][gc,phases   ] GC(58)   Other: 0.4ms
[2023-03-30T06:36:43.474+0000][5933][gc,heap     ] GC(58) Eden regions: 293->0(293)
[2023-03-30T06:36:43.474+0000][5933][gc,heap     ] GC(58) Survivor regions: 1->1(37)
[2023-03-30T06:36:43.474+0000][5933][gc,heap     ] GC(58) Old regions: 20->20
[2023-03-30T06:36:43.474+0000][5933][gc,heap     ] GC(58) Archive regions: 2->2
[2023-03-30T06:36:43.474+0000][5933][gc,heap     ] GC(58) Humongous regions: 2->2
[2023-03-30T06:36:43.474+0000][5933][gc,metaspace] GC(58) Metaspace: 111616K(113152K)->111616K(113152K) NonClass: 96452K(97344K)->96452K(97344K) Class: 15163K(15808K)->15163K(15808K)
[2023-03-30T06:36:43.474+0000][5933][gc          ] GC(58) Pause Young (Normal) (G1 Evacuation Pause) 1262M->90M(1964M) 6.610ms
[2023-03-30T06:36:43.474+0000][5933][gc,cpu      ] GC(58) User=0.01s Sys=0.00s Real=0.01s
[2023-03-30T06:36:43.474+0000][5933][safepoint   ] Safepoint "G1CollectForAllocation", Time since last: 1851317100419 ns, Reaching safepoint: 208932 ns, At safepoint: 6710050 ns, Total: 6918982 ns
[2023-03-30T06:48:52.563+0000][5933][safepoint   ] Safepoint "Cleanup", Time since last: 729088373054 ns, Reaching safepoint: 117769 ns, At safepoint: 10941 ns, Total: 128710 ns
[2023-03-30T06:49:40.569+0000][5933][safepoint   ] Safepoint "Cleanup", Time since last: 48006149108 ns, Reaching safepoint: 93000 ns, At safepoint: 14703 ns, Total: 107703 ns
[2023-03-30T07:20:40.800+0000][5933][safepoint   ] Safepoint "Cleanup", Time since last: 1860230559099 ns, Reaching safepoint: 115777 ns, At safepoint: 15414 ns, Total: 131191 ns
[2023-03-30T07:26:25.653+0000][5933][gc,start    ] GC(59) Pause Young (Normal) (G1 Evacuation Pause)
[2023-03-30T07:26:25.653+0000][5933][gc,task     ] GC(59) Using 1 workers of 1 for evacuation
[2023-03-30T07:26:25.653+0000][5933][gc,age      ] GC(59) Desired survivor size 77594624 bytes, new threshold 15 (max threshold 15)
[2023-03-30T07:26:25.661+0000][5933][gc,age      ] GC(59) Age table with threshold 15 (max threshold 15)
[2023-03-30T07:26:25.661+0000][5933][gc,age      ] GC(59) - age   1:      52744 bytes,      52744 total
[2023-03-30T07:26:25.661+0000][5933][gc,age      ] GC(59) - age   2:       6528 bytes,      59272 total
[2023-03-30T07:26:25.661+0000][5933][gc,age      ] GC(59) - age   4:       3528 bytes,      62800 total
[2023-03-30T07:26:25.661+0000][5933][gc,age      ] GC(59) - age   7:     202904 bytes,     265704 total
[2023-03-30T07:26:25.661+0000][5933][gc,age      ] GC(59) - age   8:      10272 bytes,     275976 total
[2023-03-30T07:26:25.661+0000][5933][gc,age      ] GC(59) - age  10:         80 bytes,     276056 total
[2023-03-30T07:26:25.661+0000][5933][gc,age      ] GC(59) - age  11:       3288 bytes,     279344 total
[2023-03-30T07:26:25.661+0000][5933][gc,age      ] GC(59) - age  12:       4768 bytes,     284112 total
[2023-03-30T07:26:25.661+0000][5933][gc,age      ] GC(59) - age  13:       3536 bytes,     287648 total
[2023-03-30T07:26:25.661+0000][5933][gc,age      ] GC(59) - age  14:        632 bytes,     288280 total
[2023-03-30T07:26:25.661+0000][5933][gc,phases   ] GC(59)   Pre Evacuate Collection Set: 0.7ms
[2023-03-30T07:26:25.661+0000][5933][gc,phases   ] GC(59)   Merge Heap Roots: 0.1ms
[2023-03-30T07:26:25.661+0000][5933][gc,phases   ] GC(59)   Evacuate Collection Set: 4.5ms
[2023-03-30T07:26:25.661+0000][5933][gc,phases   ] GC(59)   Post Evacuate Collection Set: 2.1ms
[2023-03-30T07:26:25.661+0000][5933][gc,phases   ] GC(59)   Other: 0.4ms
[2023-03-30T07:26:25.661+0000][5933][gc,heap     ] GC(59) Eden regions: 293->0(293)
[2023-03-30T07:26:25.661+0000][5933][gc,heap     ] GC(59) Survivor regions: 1->1(37)
[2023-03-30T07:26:25.661+0000][5933][gc,heap     ] GC(59) Old regions: 20->20
[2023-03-30T07:26:25.661+0000][5933][gc,heap     ] GC(59) Archive regions: 2->2
[2023-03-30T07:26:25.661+0000][5933][gc,heap     ] GC(59) Humongous regions: 2->2
[2023-03-30T07:26:25.661+0000][5933][gc,metaspace] GC(59) Metaspace: 111616K(113152K)->111616K(113152K) NonClass: 96452K(97344K)->96452K(97344K) Class: 15163K(15808K)->15163K(15808K)
[2023-03-30T07:26:25.661+0000][5933][gc          ] GC(59) Pause Young (Normal) (G1 Evacuation Pause) 1262M->90M(1964M) 7.928ms
[2023-03-30T07:26:25.661+0000][5933][gc,cpu      ] GC(59) User=0.00s Sys=0.00s Real=0.01s
[2023-03-30T07:26:25.661+0000][5933][safepoint   ] Safepoint "G1CollectForAllocation", Time since last: 344853438547 ns, Reaching safepoint: 95708 ns, At safepoint: 8017522 ns, Total: 8113230 ns
[2023-03-30T08:04:11.953+0000][5933][safepoint   ] Safepoint "Cleanup", Time since last: 2266291870336 ns, Reaching safepoint: 193782 ns, At safepoint: 83653 ns, Total: 277435 ns
[2023-03-30T08:16:04.876+0000][5933][gc,start    ] GC(60) Pause Young (Normal) (G1 Evacuation Pause)
[2023-03-30T08:16:04.876+0000][5933][gc,task     ] GC(60) Using 1 workers of 1 for evacuation
[2023-03-30T08:16:04.876+0000][5933][gc,age      ] GC(60) Desired survivor size 77594624 bytes, new threshold 15 (max threshold 15)
[2023-03-30T08:16:04.884+0000][5933][gc,age      ] GC(60) Age table with threshold 15 (max threshold 15)
[2023-03-30T08:16:04.884+0000][5933][gc,age      ] GC(60) - age   1:      53056 bytes,      53056 total
[2023-03-30T08:16:04.884+0000][5933][gc,age      ] GC(60) - age   2:       1656 bytes,      54712 total
[2023-03-30T08:16:04.884+0000][5933][gc,age      ] GC(60) - age   3:       6344 bytes,      61056 total
[2023-03-30T08:16:04.884+0000][5933][gc,age      ] GC(60) - age   5:       3528 bytes,      64584 total
[2023-03-30T08:16:04.884+0000][5933][gc,age      ] GC(60) - age   8:     202904 bytes,     267488 total
[2023-03-30T08:16:04.884+0000][5933][gc,age      ] GC(60) - age   9:      10104 bytes,     277592 total
[2023-03-30T08:16:04.884+0000][5933][gc,age      ] GC(60) - age  11:         80 bytes,     277672 total
[2023-03-30T08:16:04.884+0000][5933][gc,age      ] GC(60) - age  12:       3288 bytes,     280960 total
[2023-03-30T08:16:04.884+0000][5933][gc,age      ] GC(60) - age  13:       4768 bytes,     285728 total
[2023-03-30T08:16:04.884+0000][5933][gc,age      ] GC(60) - age  14:       3536 bytes,     289264 total
[2023-03-30T08:16:04.884+0000][5933][gc,age      ] GC(60) - age  15:        632 bytes,     289896 total
[2023-03-30T08:16:04.884+0000][5933][gc,phases   ] GC(60)   Pre Evacuate Collection Set: 0.2ms
[2023-03-30T08:16:04.884+0000][5933][gc,phases   ] GC(60)   Merge Heap Roots: 0.1ms
[2023-03-30T08:16:04.884+0000][5933][gc,phases   ] GC(60)   Evacuate Collection Set: 4.2ms
[2023-03-30T08:16:04.884+0000][5933][gc,phases   ] GC(60)   Post Evacuate Collection Set: 2.5ms
[2023-03-30T08:16:04.884+0000][5933][gc,phases   ] GC(60)   Other: 0.5ms
[2023-03-30T08:16:04.884+0000][5933][gc,heap     ] GC(60) Eden regions: 293->0(293)
[2023-03-30T08:16:04.884+0000][5933][gc,heap     ] GC(60) Survivor regions: 1->1(37)
[2023-03-30T08:16:04.884+0000][5933][gc,heap     ] GC(60) Old regions: 20->20
[2023-03-30T08:16:04.884+0000][5933][gc,heap     ] GC(60) Archive regions: 2->2
[2023-03-30T08:16:04.884+0000][5933][gc,heap     ] GC(60) Humongous regions: 2->2
[2023-03-30T08:16:04.884+0000][5933][gc,metaspace] GC(60) Metaspace: 111641K(113216K)->111641K(113216K) NonClass: 96477K(97408K)->96477K(97408K) Class: 15163K(15808K)->15163K(15808K)
[2023-03-30T08:16:04.884+0000][5933][gc          ] GC(60) Pause Young (Normal) (G1 Evacuation Pause) 1262M->90M(1964M) 7.640ms
[2023-03-30T08:16:04.884+0000][5933][gc,cpu      ] GC(60) User=0.01s Sys=0.00s Real=0.01s
[2023-03-30T08:16:04.884+0000][5933][safepoint   ] Safepoint "G1CollectForAllocation", Time since last: 712922701463 ns, Reaching safepoint: 139420 ns, At safepoint: 7758774 ns, Total: 7898194 ns
[2023-03-30T08:22:10.930+0000][5933][safepoint   ] Safepoint "Cleanup", Time since last: 366045706778 ns, Reaching safepoint: 152840 ns, At safepoint: 7957 ns, Total: 160797 ns
[2023-03-30T08:38:41.055+0000][5933][safepoint   ] Safepoint "Cleanup", Time since last: 990125028853 ns, Reaching safepoint: 98456 ns, At safepoint: 13699 ns, Total: 112155 ns
[2023-03-30T08:42:57.086+0000][5933][safepoint   ] Safepoint "Cleanup", Time since last: 256031297622 ns, Reaching safepoint: 92357 ns, At safepoint: 8267 ns, Total: 100624 ns
[2023-03-30T08:42:57.997+0000][5933][gc,heap,exit] Heap
[2023-03-30T08:42:57.997+0000][5933][gc,heap,exit]  garbage-first heap   total 2011136K, used 767237K [0x0000000085400000, 0x0000000100000000)
[2023-03-30T08:42:57.997+0000][5933][gc,heap,exit]   region size 4096K, 166 young (679936K), 1 survivors (4096K)
[2023-03-30T08:42:57.997+0000][5933][gc,heap,exit]  Metaspace       used 111816K, committed 113344K, reserved 1155072K
[2023-03-30T08:42:57.997+0000][5933][gc,heap,exit]   class space    used 15197K, committed 15808K, reserved 1048576K
