[2023-03-29T00:03:27.005+0000][6086][gc] Using G1
[2023-03-29T00:03:27.045+0000][6086][gc,init] Version: 17.0.2+8 (release)
[2023-03-29T00:03:27.045+0000][6086][gc,init] CPUs: 1 total, 1 available
[2023-03-29T00:03:27.045+0000][6086][gc,init] Memory: 3924M
[2023-03-29T00:03:27.045+0000][6086][gc,init] Large Page Support: Disabled
[2023-03-29T00:03:27.045+0000][6086][gc,init] NUMA Support: Disabled
[2023-03-29T00:03:27.045+0000][6086][gc,init] Compressed Oops: Enabled (32-bit)
[2023-03-29T00:03:27.045+0000][6086][gc,init] Heap Region Size: 1M
[2023-03-29T00:03:27.045+0000][6086][gc,init] Heap Min Capacity: 1962M
[2023-03-29T00:03:27.045+0000][6086][gc,init] Heap Initial Capacity: 1962M
[2023-03-29T00:03:27.045+0000][6086][gc,init] Heap Max Capacity: 1962M
[2023-03-29T00:03:27.045+0000][6086][gc,init] Pre-touch: Disabled
[2023-03-29T00:03:27.045+0000][6086][gc,init] Parallel Workers: 1
[2023-03-29T00:03:27.045+0000][6086][gc,init] Concurrent Workers: 1
[2023-03-29T00:03:27.045+0000][6086][gc,init] Concurrent Refinement Workers: 1
[2023-03-29T00:03:27.045+0000][6086][gc,init] Periodic GC: Disabled
[2023-03-29T00:03:27.045+0000][6086][gc,metaspace] CDS archive(s) not mapped
[2023-03-29T00:03:27.045+0000][6086][gc,metaspace] Compressed class space mapped at: 0x0000000100000000-0x0000000140000000, reserved size: 1073741824
[2023-03-29T00:03:27.045+0000][6086][gc,metaspace] Narrow klass base: 0x0000000000000000, Narrow klass shift: 3, Narrow klass range: 0x140000000
[2023-03-29T00:03:27.313+0000][6086][gc,heap,exit] Heap
[2023-03-29T00:03:27.313+0000][6086][gc,heap,exit]  garbage-first heap   total 2009088K, used 1026K [0x0000000085600000, 0x0000000100000000)
[2023-03-29T00:03:27.313+0000][6086][gc,heap,exit]   region size 1024K, 2 young (2048K), 0 survivors (0K)
[2023-03-29T00:03:27.313+0000][6086][gc,heap,exit]  Metaspace       used 3436K, committed 3520K, reserved 1056768K
[2023-03-29T00:03:27.313+0000][6086][gc,heap,exit]   class space    used 270K, committed 320K, reserved 1048576K
